--------- beginning of main
06-11 07:06:36.973  2062  2193 I SurfaceFlinger: id=24027 createSurf, flag=24000, Surface(name=2a57a0a NavigationBar0)/@0xaa9041c - animation-leash of insets_animation#24027
06-11 07:06:36.979  2062  2062 I SurfaceFlinger: [com.worksoc.goaicoach/com.worksoc.goaicoach.MainActivity$_18096#24026] attach to parent LayerHierarchy{RequestedLayerState{5ab3166 com.worksoc.goaicoach/com.worksoc.goaicoach.MainActivity#24025 parentId=23892} 1 children}
06-11 07:06:36.979  2062  2062 I SurfaceFlinger: [Surface(name=2a57a0a NavigationBar0)/@0xaa9041c - animation-leash of insets_animation#24027] attach to parent LayerHierarchy{RequestedLayerState{WindowToken{c01fa75 type=2019 android.os.BinderProxy@63fa980}#90 parentId=34} 2 children}
--------- beginning of system
06-11 07:06:36.979  2745  5044 D WindowManager: makeSurface duration=7 leash=Surface(name=Surface(name=2a57a0a NavigationBar0)/@0xaa9041c - animation-leash of insets_animation)/@0x800c43
06-11 07:06:36.980  2745  5044 D InsetsSourceProvider: updateControlForTarget: control=InsetsSourceControl: {10c70001 mType=navigationBars initiallyVisible mSurfacePosition=Point(0, 2190) mInsetsHint=Insets{left=0, top=0, right=0, bottom=126}}, target=Window{5ab3166 u0 com.worksoc.goaicoach/com.worksoc.goaicoach.MainActivity}, from=com.android.server.wm.InsetsStateController.onControlTargetChanged:83 com.android.server.wm.InsetsPolicy.updateBarControlTarget:225 com.android.server.wm.DisplayPolicy.updateSystemBarAttributes:262 com.android.server.wm.WindowManagerService.updateFocusedWindowLocked:372 com.android.server.wm.WindowManagerService.relayoutWindow:1366 
06-11 07:06:36.981  2745  5044 I WindowManager: Cancelling animation restarting=true, leash=Surface(name=Surface(name=7bf0e4a StatusBar)/@0x7a4d113 - animation-leash of insets_animation)/@0xb182ef
06-11 07:06:36.981  2745  5044 I WindowManager: Reparenting to original parent: Surface(name=WindowToken{36c6c3e type=2000 android.os.BinderProxy@416fc0})/@0x92ff50, destroy=false, surface=Surface(name=7bf0e4a StatusBar)/@0x7a4d113
06-11 07:06:36.981  2745  5044 I WindowManager: Reparenting to leash, surface=Surface(name=7bf0e4a StatusBar)/@0x7a4d113, leashParent=Surface(name=WindowToken{36c6c3e type=2000 android.os.BinderProxy@416fc0})/@0x92ff50
06-11 07:06:36.982  2062  2193 I SurfaceFlinger: id=24028 createSurf, flag=24000, Surface(name=7bf0e4a StatusBar)/@0x7a4d113 - animation-leash of insets_animation#24028
06-11 07:06:36.985  2745  5044 D WindowManager: makeSurface duration=4 leash=Surface(name=Surface(name=7bf0e4a StatusBar)/@0x7a4d113 - animation-leash of insets_animation)/@0x8276bf9
06-11 07:06:36.986  2745  5044 D InsetsSourceProvider: updateControlForTarget: control=InsetsSourceControl: {da4d0000 mType=statusBars initiallyVisible mSurfacePosition=Point(0, 0) mInsetsHint=Insets{left=0, top=75, right=0, bottom=0}}, target=Window{5ab3166 u0 com.worksoc.goaicoach/com.worksoc.goaicoach.MainActivity}, from=com.android.server.wm.InsetsStateController.onControlTargetChanged:83 com.android.server.wm.InsetsPolicy.updateBarControlTarget:212 com.android.server.wm.DisplayPolicy.updateSystemBarAttributes:262 com.android.server.wm.WindowManagerService.updateFocusedWindowLocked:372 com.android.server.wm.WindowManagerService.relayoutWindow:1366 
06-11 07:06:36.986  2745  5044 D WindowManager: updateSystemBarAttributes: displayId=0, focusedCanBeNavColorWin=false, win=Window{5ab3166 u0 com.worksoc.goaicoach/com.worksoc.goaicoach.MainActivity}, navColorWin=Window{3789cb3 u0 Splash Screen com.worksoc.goaicoach}, caller=com.android.server.wm.WindowManagerService.updateFocusedWindowLocked:372 com.android.server.wm.WindowManagerService.relayoutWindow:1366 com.android.server.wm.Session.relayout:27 
06-11 07:06:36.986  2745  5044 D WindowManager: updateSystemBarAttributes, bhv=1, apr=536, statusBarAprRegions=[AppearanceRegion{LIGHT_STATUS_BARS bounds=[0,0][1080,2316]}], requestedVisibilities=-9
06-11 07:06:36.986  2745  5044 V SystemKeyManager: updateFocusedWindow() is called, com.worksoc.goaicoach/com.worksoc.goaicoach.MainActivity
06-11 07:06:36.986  4231  4231 D NavigationBar: onSystemBarAttributesChanged() -  displayId:0, appearance:536, packageName: com.worksoc.goaicoach (APPEARANCE_LIGHT_STATUS_BARS APPEARANCE_LIGHT_NAVIGATION_BARS ), navbarColorManagedByIme:false
06-11 07:06:36.987  2745  5044 I WindowManager: Relayout hash=5ab3166, pid=18096, syncId=-1: mAttrs={(0,0)(fillxfill) sim={adjust=pan forwardNavigation} layoutInDisplayCutoutMode=always ty=BASE_APPLICATION wanim=0x1030317
06-11 07:06:36.987  2745  5044 I WindowManager:   fl=81810100
06-11 07:06:36.987  2745  5044 I WindowManager:   pfl=100088c0
06-11 07:06:36.987  2745  5044 I WindowManager:   vsysui=2000
06-11 07:06:36.987  2745  5044 I WindowManager:   apr=218
06-11 07:06:36.987  2745  5044 I WindowManager:   bhv=1
06-11 07:06:36.987  2745  5044 I WindowManager:   fitSides=0
06-11 07:06:36.987  2745  5044 I WindowManager:   frameRateBoostOnTouch=true
06-11 07:06:36.987  2745  5044 I WindowManager:   dvrrWindowFrameRateHint=true naviIconColor=0
06-11 07:06:36.987  2745  5044 I WindowManager:   sfl=100000}
06-11 07:06:36.989 18096 18096 E rksoc.goaicoach: Unable to open libpenguin.so: dlopen failed: library "libpenguin.so" not found.
06-11 07:06:36.989 18096 18096 W libc    : Access denied finding property "vendor.display.enable_optimal_refresh_rate"
06-11 07:06:36.989 18096 18096 I BufferQueueProducer: [](id:46b000000000,api:0,p:0,c:18096) setDequeueTimeout:2077252342
06-11 07:06:36.989 18096 18096 I BLASTBufferQueue_Java: new BLASTBufferQueue, mName= VRI[MainActivity]@758d426 mNativeObject= 0xb4000071982da410 caller= android.view.ViewRootImpl.updateBlastSurfaceIfNeeded:3585 android.view.ViewRootImpl.relayoutWindow:11685 android.view.ViewRootImpl.performTraversals:4804 android.view.ViewRootImpl.doTraversal:3924 android.view.ViewRootImpl$TraversalRunnable.run:12903 android.view.Choreographer$CallbackRecord.run:1901 android.view.Choreographer$CallbackRecord.run:1910 android.view.Choreographer.doCallbacks:1367 android.view.Choreographer.doFrame:1292 android.view.Choreographer$FrameDisplayEventReceiver.run:1870 
06-11 07:06:36.989 18096 18096 I BLASTBufferQueue_Java: update, w= 1080 h= 2316 mName = VRI[MainActivity]@758d426 mNativeObject= 0xb4000071982da410 sc.mNativeObject= 0xb4000071582b2190 format= -1 caller= android.view.ViewRootImpl.updateBlastSurfaceIfNeeded:3590 android.view.ViewRootImpl.relayoutWindow:11685 android.view.ViewRootImpl.performTraversals:4804 android.view.ViewRootImpl.doTraversal:3924 android.view.ViewRootImpl$TraversalRunnable.run:12903 android.view.Choreographer$CallbackRecord.run:1901 
06-11 07:06:36.990 18096 18096 W libc    : Access denied finding property "vendor.display.enable_optimal_refresh_rate"
06-11 07:06:36.990 18096 18096 I VRI[MainActivity]@758d426: Relayout returned: old=(0,0,1080,2316) new=(0,0,1080,2316) relayoutAsync=false req=(1080,2316)0 dur=20 res=0x3 s={true 0xb4000073582c1690} ch=true seqId=0
06-11 07:06:36.991 18096 18096 I VRI[MainActivity]@758d426: performConfigurationChange setNightDimText nightDimLevel=0
06-11 07:06:36.991 18096 18096 D VRI[MainActivity]@758d426: mThreadedRenderer.initialize() mSurface={isValid=true 0xb4000073582c1690} hwInitialized=true
06-11 07:06:36.992  2062  2062 I SurfaceFlinger: [LayerHierarchy{RequestedLayerState{2a57a0a NavigationBar0#91 parentId=24027} 1 children}] reparent to LayerHierarchy{RequestedLayerState{Surface(name=2a57a0a NavigationBar0)/@0xaa9041c - animation-leash of insets_animation#24027 parentId=90} 1 children}
06-11 07:06:36.992  2062  2062 I SurfaceFlinger: [LayerHierarchy{RequestedLayerState{7bf0e4a StatusBar#95 parentId=24028} 1 children}] reparent to LayerHierarchy{RequestedLayerState{Surface(name=7bf0e4a StatusBar)/@0x7a4d113 - animation-leash of insets_animation#24028 parentId=94} 1 children}
06-11 07:06:36.992  2062  2062 I SurfaceFlinger: [LayerHierarchy{RequestedLayerState{Surface(name=7bf0e4a StatusBar)/@0x7a4d113 - animation-leash of insets_animation#24024} no children}] reparent to OffscreenRoot
06-11 07:06:36.992  2062  2062 I SurfaceFlinger: [LayerHierarchy{RequestedLayerState{Surface(name=7bf0e4a StatusBar)/@0x7a4d113 - animation-leash of insets_animation#24024} no children}] RelativeParent to null
06-11 07:06:36.992  2062  2062 I SurfaceFlinger: [LayerHierarchy{RequestedLayerState{Surface(name=2a57a0a NavigationBar0)/@0xaa9041c - animation-leash of insets_animation#24023} no children}] reparent to OffscreenRoot
06-11 07:06:36.992  2062  2062 I SurfaceFlinger: [LayerHierarchy{RequestedLayerState{Surface(name=2a57a0a NavigationBar0)/@0xaa9041c - animation-leash of insets_animation#24023} no children}] RelativeParent to null
06-11 07:06:36.992  2062  2062 I SurfaceFlinger: [Surface(name=7bf0e4a StatusBar)/@0x7a4d113 - animation-leash of insets_animation#24028] attach to parent LayerHierarchy{RequestedLayerState{WindowToken{36c6c3e type=2000 android.os.BinderProxy@416fc0}#94 parentId=17} 1 children}
06-11 07:06:36.996 18096 18096 D VRI[MainActivity]@758d426: reportNextDraw android.view.ViewRootImpl.performTraversals:5443 android.view.ViewRootImpl.doTraversal:3924 android.view.ViewRootImpl$TraversalRunnable.run:12903 android.view.Choreographer$CallbackRecord.run:1901 android.view.Choreographer$CallbackRecord.run:1910 
06-11 07:06:36.996 18096 18096 D VRI[MainActivity]@758d426: Setup new sync=wmsSync-VRI[MainActivity]@758d426#0
06-11 07:06:36.996 18096 18096 I VRI[MainActivity]@758d426: Creating new active sync group VRI[MainActivity]@758d426#1
06-11 07:06:36.997  2745  2806 I WindowManager: notifyInsetsControlChanged, removed=false, win=Window{3789cb3 u0 Splash Screen com.worksoc.goaicoach}, caller=com.android.server.wm.InsetsStateController$$ExternalSyntheticLambda1.run:137 com.android.server.wm.WindowAnimator$$ExternalSyntheticLambda2.onTransactionCommitted:26 android.view.SurfaceControl$Transaction$$ExternalSyntheticLambda4.run:0 android.os.Handler.handleCallback:995 android.os.Handler.dispatchMessage:103 android.os.Looper.loopOnce:273 
06-11 07:06:36.997 18096 18096 D VRI[MainActivity]@758d426: registerCallbacksForSync syncBuffer=false
06-11 07:06:36.997  4231  4316 I VRI[goaicoach]@3d16635: onActiveControlsChanged, removed=false, mAdded=true, caller=android.view.ViewRootImpl.handleInsetsControlChanged:3002 android.view.ViewRootImpl$ViewRootHandler.handleMessageImpl:8352 android.view.ViewRootImpl$ViewRootHandler.handleMessage:8301 android.os.Handler.dispatchMessage:110 android.os.Looper.loopOnce:273 
06-11 07:06:36.997  2062  2193 I SurfaceFlinger: id=24023 Removed Surface(name=2a57a0a NavigationBar0)/@0xaa9041c - animation-leash of insets_animation#24023 (340)
06-11 07:06:36.998  2062  2193 I SurfaceFlinger: id=24024 Removed Surface(name=7bf0e4a StatusBar)/@0x7a4d113 - animation-leash of insets_animation#24024 (340)
06-11 07:06:36.999  2062  2296 D SurfaceFlinger: [input] setFocusedWindow: 5ab3166 com.worksoc.goaicoach/com.worksoc.goaicoach.MainActivity
06-11 07:06:36.999  2745  3845 D InputDispatcher: Once focus requested (0): 5ab3166 com.worksoc.goaicoach/com.worksoc.goaicoach.MainActivity
06-11 07:06:36.999  2745  3845 D InputDispatcher: Focus request (0): 5ab3166 com.worksoc.goaicoach/com.worksoc.goaicoach.MainActivity but waiting because NOT_VISIBLE
06-11 07:06:37.000 18096 18114 D VRI[MainActivity]@758d426: Received frameDrawingCallback syncResult=0 frameNum=1.
06-11 07:06:37.000 18096 18114 I VRI[MainActivity]@758d426: mWNT: t=0xb4000071882c2250 mBlastBufferQueue=0xb4000071982da410 fn= 1 HdrRenderState mRenderHdrSdrRatio=1.0 caller= android.view.ViewRootImpl$12.onFrameDraw:15441 android.view.ThreadedRenderer$1.onFrameDraw:718 <bottom of call stack> 
06-11 07:06:37.000 18096 18114 I VRI[MainActivity]@758d426: Setting up sync and frameCommitCallback
06-11 07:06:37.004 18096 18111 I BLASTBufferQueue: [VRI[MainActivity]@758d426#0](f:0,a:0,s:0) onFrameAvailable the first frame is available
06-11 07:06:37.004 18096 18111 I SurfaceComposerClient: apply transaction with the first frame. layerId: 24026, bufferData(ID: 77721728188419, frameNumber: 1)
06-11 07:06:37.005 18096 18111 I VRI[MainActivity]@758d426: Received frameCommittedCallback lastAttemptedDrawFrameNum=1 didProduceBuffer=true
06-11 07:06:37.005  2745  2768 I system_server: Background young concurrent mark compact GC freed 32MB AllocSpace bytes, 210(4200KB) LOS objects, 16% free, 186MB/222MB, paused 1.406ms,10.396ms total 176.569ms
06-11 07:06:37.005  2062  2193 I SurfaceFlinger: [com.worksoc.goaicoach/com.worksoc.goaicoach.MainActivity$_18096#24026] setTransactionState with the first frame. bufferData(ID: 77721728188419, frameNumber: 1)
06-11 07:06:37.005 18096 18111 D HWUI    : CFMS:: SetUp Pid : 18096    Tid : 18111
06-11 07:06:37.006 18096 18096 D VRI[MainActivity]@758d426: reportDrawFinished seqId=0
06-11 07:06:37.006  2745  3845 D WindowManager: finishDrawingWindow: Window{5ab3166 u0 com.worksoc.goaicoach/com.worksoc.goaicoach.MainActivity} mDrawState=DRAW_PENDING seqId=0
06-11 07:06:37.006 18096 18111 D HWUI    : HWUI - treat SMPTE_170M as sRGB
06-11 07:06:37.006  2745  2806 D SurfaceComposerClient: setCornerRadius ## 3789cb3 Splash Screen com.worksoc.goaicoach#24020 cornerRadius=0.000000
06-11 07:06:37.006  2745  2806 D SurfaceComposerClient: setCornerRadius ## 5ab3166 com.worksoc.goaicoach/com.worksoc.goaicoach.MainActivity#24025 cornerRadius=0.000000
06-11 07:06:37.007  2745  2806 D SurfaceComposerClient: setCornerRadius ## 3789cb3 Splash Screen com.worksoc.goaicoach#24020 cornerRadius=0.000000
06-11 07:06:37.007  2745  2806 V WindowManager: Finish starting ActivityRecord{147150254 u0 com.worksoc.goaicoach/.MainActivity t42720}: first real window is shown, no animation
06-11 07:06:37.007  2745  2806 V WindowManager: Schedule remove starting ActivityRecord{147150254 u0 com.worksoc.goaicoach/.MainActivity t42720} startingWindow=Window{3789cb3 u0 Splash Screen com.worksoc.goaicoach} animate=true Callers=com.android.server.wm.ActivityRecord.removeStartingWindow:178 com.android.server.wm.WindowState.performShowLocked:155 com.android.server.wm.WindowStateAnimator.commitFinishDrawingLocked:73 com.android.server.wm.DisplayContent$$ExternalSyntheticLambda1.accept$com$android$server$wm$DisplayContent$$ExternalSyntheticLambda37:23 com.android.server.wm.DisplayContent$$ExternalSyntheticLambda1.accept:143 
06-11 07:06:37.007  2745  2806 D TaskOrganizerController: applyStartingWindowAnimation, window=Window{5ab3166 u0 com.worksoc.goaicoach/com.worksoc.goaicoach.MainActivity}, caller=com.android.server.wm.TaskOrganizerController.removeStartingWindow:132 com.android.server.wm.StartingSurfaceController$StartingSurface.remove:23 com.android.server.wm.ActivityRecord.removeStartingWindowAnimation:171 
06-11 07:06:37.007  2745  2806 I WindowManager: Reparenting to leash, surface=Surface(name=5ab3166 com.worksoc.goaicoach/com.worksoc.goaicoach.MainActivity)/@0x745073e, leashParent=Surface(name=ActivityRecord{147150254 u0 com.worksoc.goaicoach/.MainActivity t42720})/@0xe97a8a6
06-11 07:06:37.007  2062  2193 I SurfaceFlinger: id=24029 createSurf, flag=24000, Surface(name=5ab3166 com.worksoc.goaicoach/com.worksoc.goaicoach.MainActivity)/@0x745073e - animation-leash of starting_reveal#24029
06-11 07:06:37.008  2062  2062 I SurfaceFlinger: destroyed Surface(name=7bf0e4a StatusBar)/@0x7a4d113 - animation-leash of insets_animation#24024 form LifecycleManager
06-11 07:06:37.008  2062  2062 I SurfaceFlinger: destroyed Surface(name=2a57a0a NavigationBar0)/@0xaa9041c - animation-leash of insets_animation#24023 form LifecycleManager
06-11 07:06:37.008  2062  2062 I SurfaceFlinger: [Surface(name=5ab3166 com.worksoc.goaicoach/com.worksoc.goaicoach.MainActivity)/@0x745073e - animation-leash of starting_reveal#24029] attach to parent LayerHierarchy{RequestedLayerState{ActivityRecord{147150254 u0 com.worksoc.goaicoach/.MainActivity t42720}#23892 parentId=22521 z=1} 4 children}
06-11 07:06:37.008  2062  2062 I SurfaceFlinger: id=24024 onLayerDestroyed from LayerHierarchyBuilder(RequestedLayerState{Surface(name=7bf0e4a StatusBar)/@0x7a4d113 - animation-leash of insets_animation#24024 !handle})
06-11 07:06:37.008  2062  2062 I SurfaceFlinger: id=24023 onLayerDestroyed from LayerHierarchyBuilder(RequestedLayerState{Surface(name=2a57a0a NavigationBar0)/@0xaa9041c - animation-leash of insets_animation#24023 !handle})
06-11 07:06:37.009  2062  2062 I Layer   : id=24024 Destroyed Surface(name=7bf0e4a StatusBar)/@0x7a4d113 - animation-leash of insets_animation#24024
06-11 07:06:37.009  2062  2062 I Layer   : id=24023 Destroyed Surface(name=2a57a0a NavigationBar0)/@0xaa9041c - animation-leash of insets_animation#24023
06-11 07:06:37.009  2745  2806 D WindowManager: makeSurface duration=2 leash=Surface(name=Surface(name=5ab3166 com.worksoc.goaicoach/com.worksoc.goaicoach.MainActivity)/@0x745073e - animation-leash of starting_reveal)/@0x88d299f
06-11 07:06:37.010  4231  4282 D ShellTaskOrganizer: removeStartingWindow, removalInfo=StartingWindowRemovalInfo{taskId=42720 frame=Rect(0, 0 - 1080, 2316) playRevealAnimation=true roundedCornerRadius=0.0 deferRemoveMode=0 windowlessSurface=false removeImmediately=false}
06-11 07:06:37.011  2745  2806 V WindowManager: performShowLocked: mDrawState=HAS_DRAWN in Window{5ab3166 u0 com.worksoc.goaicoach/com.worksoc.goaicoach.MainActivity}
06-11 07:06:37.011  2745  2806 D SurfaceComposerClient: setCornerRadius ## 5ab3166 com.worksoc.goaicoach/com.worksoc.goaicoach.MainActivity#24025 cornerRadius=0.000000
06-11 07:06:37.012  2745  2806 D SurfaceComposerClient: setCornerRadius ## 3789cb3 Splash Screen com.worksoc.goaicoach#24020 cornerRadius=0.000000
06-11 07:06:37.012  2745  2806 D SurfaceComposerClient: setCornerRadius ## 5ab3166 com.worksoc.goaicoach/com.worksoc.goaicoach.MainActivity#24025 cornerRadius=0.000000
06-11 07:06:37.012  2745  2802 D [secipm]: mSecIpmManager report to nap
06-11 07:06:37.012  2745  2802 I PkgPredictorService-SecIpmManagerServiceImpl: reportToNAP uid:11444 com.worksoc.goaicoach/com.worksoc.goaicoach.MainActivity thisTime:556
06-11 07:06:37.012  2745  2802 D PkgPredictorService-SecIpmManagerServiceImpl: reportToNAP: mHeavyLaunchCounter is false
06-11 07:06:37.012  2745  2806 D SurfaceComposerClient: setCornerRadius ## 3789cb3 Splash Screen com.worksoc.goaicoach#24020 cornerRadius=0.000000
06-11 07:06:37.012  2745  2806 D SurfaceComposerClient: setCornerRadius ## 5ab3166 com.worksoc.goaicoach/com.worksoc.goaicoach.MainActivity#24025 cornerRadius=0.000000
06-11 07:06:37.013 18096 18096 I InsetsSourceConsumer: applyRequestedVisibilityToControl: visible=true, type=navigationBars, host=com.worksoc.goaicoach/com.worksoc.goaicoach.MainActivity
06-11 07:06:37.014 18096 18096 I InsetsSourceConsumer: applyRequestedVisibilityToControl: visible=true, type=statusBars, host=com.worksoc.goaicoach/com.worksoc.goaicoach.MainActivity
06-11 07:06:37.015  2745  2805 D BBA2    : updateWindowVisible for pid : 18096, visible : 1
06-11 07:06:37.016  2745  2802 I ActivityTaskManager: Displayed com.worksoc.goaicoach/.MainActivity for user 0: +556ms
06-11 07:06:37.016  2745  2802 I Pageboost: Launch time gathered : pid 18096 com.worksoc.goaicoach 556
06-11 07:06:37.016  2745  3845 I SemDvfsHyPerManager: acquire hyper - AMS_RESUME_TAIL/2745@24, type = -999
06-11 07:06:37.016  2745  3845 I SemDvfsHyPerManager: acquire hyper - AMS_ACT_LAZY/2745@25, type = -999
06-11 07:06:37.016  2745  2854 D DmaBufLeakDetector: system:           305260 kB
06-11 07:06:37.016  2745  3845 D ActivityManagerPerformance: AMP_acquire() TAIL
06-11 07:06:37.016  2745  3845 D ActivityManagerPerformance: AMP_release() APP_SWITCH
06-11 07:06:37.016  4886  4886 E pageboostd: Received HALT command code 2
06-11 07:06:37.017  2745  2854 I DmaBufLeakDetector: DmaBuf : 305260 KB
06-11 07:06:37.017  2745  4736 D FreecessController: BG freezed, skip OLAF unfreeze for (com.samsung.android.game.gamehome, 10071)
06-11 07:06:37.017  1946  2011 I HYPER-HAL: [RequestManager.cpp]acquire(): Acquired ID : 3835089  [2745 / 24]    HINT : AMS_RESUME_TAIL    list : 
06-11 07:06:37.019  1946  2011 I HYPER-HAL: [RequestManager.cpp]acquire(): Acquired ID : 3837860  [2745 / 25]    HINT : AMS_ACT_LAZY    list : 
06-11 07:06:37.020  2745  2805 I ActivityManager: Changes in 10144 2 to 5, 255 to 184
06-11 07:06:37.022  2327  2564 I CameraService: onUidStateChanged: uid=10247, procState is changed. (3 -> 5)
06-11 07:06:37.022  1946  2011 I HYPER-HAL: [RequestManager.cpp]releaseLocked(): Released ID : 3840632
06-11 07:06:37.024  5757  5800 V OsAgent : broadcastSystemEvent - 7
06-11 07:06:37.024  5757  5800 V OsAgent : broadcastSystemEvent - 7
06-11 07:06:37.024  5757  5800 V OsAgent : broadcastSystemEvent - 7
06-11 07:06:37.024  5757  5800 V OsAgent : broadcastSystemEvent - 7
06-11 07:06:37.024  2062  2062 I SurfaceFlinger: [Display 0 name="기본으로 제공되는 화면"#49] setFrameRateCategory: High
06-11 07:06:37.024  2062  2062 I SurfaceFlinger: RequestedLayer [com.worksoc.goaicoach/com.worksoc.goaicoach.MainActivity$_18096#24026] hidden!! flag  from(1) --> to(0)
06-11 07:06:37.025  2062  2062 I SurfaceFlinger: [LayerHierarchy{RequestedLayerState{5ab3166 com.worksoc.goaicoach/com.worksoc.goaicoach.MainActivity#24025 parentId=24029} 1 children}] reparent to LayerHierarchy{RequestedLayerState{Surface(name=5ab3166 com.worksoc.goaicoach/com.worksoc.goaicoach.MainActivity)/@0x745073e - animation-leash of starting_reveal#24029 parentId=23892} 1 children}
06-11 07:06:37.026  4527  4527 I SearchHoneyPot: onViewCreated: onStop
06-11 07:06:37.026  4527  8003 I HoneySpace.HoneyAppWidgetHost: stopListening, host: @bd7e696, hostId: 1024
06-11 07:06:37.026  4527  4527 I HoneySpace.ContentsAnimator: end call
06-11 07:06:37.026  4527  4527 I HoneySpace.BlurAnimator: end
06-11 07:06:37.026  4527  4527 I HoneySpace.BlurAnimator: reset
06-11 07:06:37.026  2745  5044 I AppWidgetServiceImpl: stopListening callbacks : null
06-11 07:06:37.027  4527  4527 I VRI[LauncherActivity]@f256f1f: stopped(true) old = false
06-11 07:06:37.027  2745  2805 I DisplayDeviceRepository: Display device changed render timings: "기본으로 제공되는 화면", renderFrameRate=60.000004, presentationDeadlineNanos=17666666, appVsyncOffsetNanos=16666666, frameRateOverrides=[{uid=10038 frameRateHz=60.000004}, {uid=10144 frameRateHz=60.000004}, {uid=11444 frameRateHz=60.000004}]
06-11 07:06:37.027  2062  2062 D SurfaceFlinger: Display 4630947232161729154 HWC layers:
06-11 07:06:37.027  2062  2062 D SurfaceFlinger:        DEVICE |           77721728188419 | 00002102 | RGBA_8888    |    0.0    0.0 1080.0 2316.0 |    0    0 1080 2316 | com.worksoc.goaicoach/com.worksoc.goaicoach.MainActivity$_18096#24026 (1)
06-11 07:06:37.027  2062  2062 D SurfaceFlinger:        DEVICE |           18172006688053 | 00002100 | RGBA_8888    |    0.0    0.0 1080.0 2316.0 |    0    0 1080 2316 | Splash Screen com.worksoc.goaicoach$_4231#24021 (1)
06-11 07:06:37.027  2062  2062 D SurfaceFlinger:        DEVICE |           18172006688018 | 00002100 | RGBA_8888    |    0.0    0.0 1080.0   75.0 |    0    0 1080   75 | StatusBar$_4231#109 (39558)
06-11 07:06:37.027  2062  2062 D SurfaceFlinger:        DEVICE |           19443316953506 | 00002100 | RGBA_8888    |    0.0    0.0   67.0  434.0 | 1013  813 1080 1247 | com.sec.android.app.launcher/com.sam[...]l.app.CocktailBarService$_4527#23988 (1)
06-11 07:06:37.027  2062  2062 D SurfaceFlinger:        DEVICE |           18172006688027 | 00002100 | RGBA_8888    |    0.0    0.0 1080.0  126.0 |    0 2190 1080 2316 | NavigationBar0$_4231#107 (27848)
06-11 07:06:37.027  2062  2062 D SurfaceFlinger: 
06-11 07:06:37.028  2745  7669 D InputDispatcher: Focus entered window (0): 5ab3166 com.worksoc.goaicoach/com.worksoc.goaicoach.MainActivity
06-11 07:06:37.029  4527  4527 I HoneySpace.Launcher: !@Boot_EBS_D: Launcher.onStop()
06-11 07:06:37.029  4231  4359 I VRI[goaicoach]@3d16635: mWNT: t=0xb4000071884c3fd0 mBlastBufferQueue=0xb400007198d4ca90 fn= 2 HdrRenderState mRenderHdrSdrRatio=1.0 caller= android.view.SyncRtSurfaceTransactionApplier.applyTransaction:100 android.view.SyncRtSurfaceTransactionApplier.lambda$scheduleApply$0:73 android.view.SyncRtSurfaceTransactionApplier.$r8$lambda$afI4fXg3U3-nBZQEDQMiNy-B06s:0 
06-11 07:06:37.029  4527  7915 I HoneySpace.Memory-Monitor: scheduleTrim delayTime=30000
06-11 07:06:37.029  4231  4359 I VRI[goaicoach]@3d16635: mWNT: t=0xb400007188552d50 mBlastBufferQueue=0xb400007198d4ca90 fn= 2 HdrRenderState mRenderHdrSdrRatio=1.0 caller= android.view.SyncRtSurfaceTransactionApplier.applyTransaction:100 android.view.SyncRtSurfaceTransactionApplier.lambda$scheduleApply$0:73 android.view.SyncRtSurfaceTransactionApplier.$r8$lambda$afI4fXg3U3-nBZQEDQMiNy-B06s:0 
06-11 07:06:37.030  4527  4527 I HoneySpace.OneUiSpace: onSaveInstanceState honeyScreen=q4.W@1331217
06-11 07:06:37.030  2745  2806 D SurfaceComposerClient: setCornerRadius ## 3789cb3 Splash Screen com.worksoc.goaicoach#24020 cornerRadius=0.000000
06-11 07:06:37.030  2745  2806 D SurfaceComposerClient: setCornerRadius ## 5ab3166 com.worksoc.goaicoach/com.worksoc.goaicoach.MainActivity#24025 cornerRadius=0.000000
06-11 07:06:37.030  4231  4231 D DisplayLifecycle: updateDisplay id = 0
06-11 07:06:37.030  4527 17866 I HoneySpace.Memory-Monitor: current state = 2, didTrim = false
06-11 07:06:37.031  4231  4330 D StackScroller: onDisplayChanged for predraw skip to 2
06-11 07:06:37.031 25383 25383 I bynm    : onStop
06-11 07:06:37.032  2745  7669 D WifiDisplayAdapter: isFitToActiveDisplayLocked : false
06-11 07:06:37.035  2745  4736 D FreecessController: restrictJobsByOlaf: restrict=false, uid=-1
06-11 07:06:37.035  2745  4736 I NSLocationMonitor: getGPSUsingApps() called
06-11 07:06:37.036  4710  4768 I NSLocationManager_FLP: getGPSUsingApps, No change
06-11 07:06:37.036  2745  2745 D OlafRestriction:  olaf state update: state=false
06-11 07:06:37.036  2745  2745 D OlafRestriction:  sending trigger onRestrictionStateChanged msg.
06-11 07:06:37.037  2745  4736 W Binder  : Outgoing transactions from this process must be FLAG_ONEWAY
06-11 07:06:37.037  2745  4736 W Binder  : java.lang.Throwable
06-11 07:06:37.037  2745  4736 W Binder  : 	at android.os.BinderProxy.transact(BinderProxy.java:566)
06-11 07:06:37.037  2745  4736 W Binder  : 	at android.bluetooth.IBluetoothGatt$Stub$Proxy.getAdvertisingSetUids(IBluetoothGatt.java:1678)
06-11 07:06:37.037  2745  4736 W Binder  : 	at android.bluetooth.BluetoothAdapter.getAdvertisingSetUids(BluetoothAdapter.java:8476)
06-11 07:06:37.037  2745  4736 W Binder  : 	at android.bluetooth.BluetoothAdapter.getHWUsingApps(BluetoothAdapter.java:1342)
06-11 07:06:37.037  2745  4736 W Binder  : 	at com.android.server.am.mars.filter.filter.BlueToothConnectedFilter.updateBTUsingPackages(qb/109668159 6a21825bf1cf33576f47f064818bfb06cae073423a3c8afee893a28fe1ec42b2:22)
06-11 07:06:37.037  2745  4736 W Binder  : 	at com.android.server.am.FreecessController.freeze(qb/109668159 6a21825bf1cf33576f47f064818bfb06cae073423a3c8afee893a28fe1ec42b2:117)
06-11 07:06:37.037  2745  4736 W Binder  : 	at com.android.server.am.FreecessHandler$MainHandler.handleLcdOnFreeze(qb/109668159 6a21825bf1cf33576f47f064818bfb06cae073423a3c8afee893a28fe1ec42b2:55)
06-11 07:06:37.037  2745  4736 W Binder  : 	at com.android.server.am.FreecessHandler$MainHandler.handleMessage(qb/109668159 6a21825bf1cf33576f47f064818bfb06cae073423a3c8afee893a28fe1ec42b2:793)
06-11 07:06:37.037  2745  4736 W Binder  : 	at android.os.Handler.dispatchMessage(Handler.java:110)
06-11 07:06:37.037  2745  4736 W Binder  : 	at android.os.Looper.loopOnce(Looper.java:273)
06-11 07:06:37.037  2745  4736 W Binder  : 	at android.os.Looper.loop(Looper.java:363)
06-11 07:06:37.037  2745  4736 W Binder  : 	at android.os.HandlerThread.run(HandlerThread.java:85)
06-11 07:06:37.041  2745  4736 W Binder  : Outgoing transactions from this process must be FLAG_ONEWAY
06-11 07:06:37.041  2745  4736 W Binder  : java.lang.Throwable
06-11 07:06:37.041  2745  4736 W Binder  : 	at android.os.BinderProxy.transact(BinderProxy.java:566)
06-11 07:06:37.041  2745  4736 W Binder  : 	at android.bluetooth.IBluetoothScan$Stub$Proxy.getScannerUids(IBluetoothScan.java:666)
06-11 07:06:37.041  2745  4736 W Binder  : 	at android.bluetooth.BluetoothAdapter.getScannerUids(BluetoothAdapter.java:8522)
06-11 07:06:37.041  2745  4736 W Binder  : 	at android.bluetooth.BluetoothAdapter.getHWUsingApps(BluetoothAdapter.java:1349)
06-11 07:06:37.041  2745  4736 W Binder  : 	at com.android.server.am.mars.filter.filter.BlueToothConnectedFilter.updateBTUsingPackages(qb/109668159 6a21825bf1cf33576f47f064818bfb06cae073423a3c8afee893a28fe1ec42b2:22)
06-11 07:06:37.041  2745  4736 W Binder  : 	at com.android.server.am.FreecessController.freeze(qb/109668159 6a21825bf1cf33576f47f064818bfb06cae073423a3c8afee893a28fe1ec42b2:117)
06-11 07:06:37.041  2745  4736 W Binder  : 	at com.android.server.am.FreecessHandler$MainHandler.handleLcdOnFreeze(qb/109668159 6a21825bf1cf33576f47f064818bfb06cae073423a3c8afee893a28fe1ec42b2:55)
06-11 07:06:37.041  2745  4736 W Binder  : 	at com.android.server.am.FreecessHandler$MainHandler.handleMessage(qb/109668159 6a21825bf1cf33576f47f064818bfb06cae073423a3c8afee893a28fe1ec42b2:793)
06-11 07:06:37.041  2745  4736 W Binder  : 	at android.os.Handler.dispatchMessage(Handler.java:110)
06-11 07:06:37.041  2745  4736 W Binder  : 	at android.os.Looper.loopOnce(Looper.java:273)
06-11 07:06:37.041  2745  4736 W Binder  : 	at android.os.Looper.loop(Looper.java:363)
06-11 07:06:37.041  2745  4736 W Binder  : 	at android.os.HandlerThread.run(HandlerThread.java:85)
06-11 07:06:37.042  4231  4360 I VRI[goaicoach]@3d16635: mWNT: t=0xb4000071885212d0 mBlastBufferQueue=0xb400007198d4ca90 fn= 3 HdrRenderState mRenderHdrSdrRatio=1.0 caller= android.view.SyncRtSurfaceTransactionApplier.applyTransaction:100 android.view.SyncRtSurfaceTransactionApplier.lambda$scheduleApply$0:73 android.view.SyncRtSurfaceTransactionApplier.$r8$lambda$afI4fXg3U3-nBZQEDQMiNy-B06s:0 
06-11 07:06:37.045  2745  3845 E WindowManager: win=Window{e16f0c5 u0 com.sec.android.app.launcher/com.sec.android.app.launcher.activities.LauncherActivity} destroySurfaces: appStopped=true cleanupOnResume=false win.mWindowRemovalAllowed=false win.mRemoveOnExit=false win.mViewVisibility=8 caller=com.android.server.wm.ActivityRecord.destroySurfaces:25 com.android.server.wm.ActivityRecord.activityStopped:192 com.android.server.wm.ActivityClientController.activityStopped:97 android.app.IActivityClientController$Stub.onTransact:740 com.android.server.wm.ActivityClientController.onTransact:1 android.os.Binder.execTransactInternal:1462 android.os.Binder.execTransact:1401 
06-11 07:06:37.046  2745  2805 D SGM:FgCheckThread: getForegroundApp(), foregroundPkgName=com.worksoc.goaicoach
06-11 07:06:37.047 10224 23722 I Routine@Core[4.9.07.7]: ActivityWatcherListenerImpl: onStopComponent: componentName - com.sec.android.app.launcher, userId: 0
06-11 07:06:37.047  2745  2803 D SGM:GameManager: identifyForegroundApp. com.worksoc.goaicoach, mCurrentUserId: 0, callerUserId: 0
06-11 07:06:37.047  2745  2803 D SGM:SemGameManager: isForegroundGame(), ret=false
06-11 07:06:37.048 10224 23722 I Routine@Core[4.9.07.7]: Pref: putSharedPrefsData: key=condition_launch_app_data_resume_pkg, data.size=58
06-11 07:06:37.048  2745  2803 D PkgPredictorService-SecIpmManagerServiceImpl: bg information pid:4527 uid:10144 pkgName:com.sec.android.app.launcher
06-11 07:06:37.048  2745  2803 D SGM:GameManager: identifyForegroundApp. com.worksoc.goaicoach, mCurrentUserId: 0, callerUserId: 0
06-11 07:06:37.048  2745  2803 D SGM:SemGameManager: isForegroundGame(), ret=false
06-11 07:06:37.049  2745  2745 I WALLPAPER_SVC:SemWallpaperManagerService: isHomeActivityVisible : false 
06-11 07:06:37.049  2745  2745 D WALLPAPER_SVC:WallpaperData: getWallpaperFile: file = /data/system/users/0/wallpaper_orig 
06-11 07:06:37.049  2745  2745 D WALLPAPER_SVC:WallpaperData: getWallpaperFile: file = /data/system/users/0/wallpaper_orig 
06-11 07:06:37.050  2745  2745 D WALLPAPER_SVC:WallpaperManagerService: dispatchHomeVisibilityChanged: visible = false, connection = com.android.server.wallpaper.WallpaperManagerService$WallpaperConnection@f1f9b86, systemWallpaper = WallpaperData@336fba0, id: 2, which: 5, file mod: 0, info: null, engine(s): Proxy@b0d2aff, type = 0, userId = 0, uri= null, allowBackup= true, wallpaperComponent = ComponentInfo{com.android.systemui/com.android.systemui.wallpapers.ImageWallpaper}, nextWallpaperComponent = ComponentInfo{com.android.systemui/com.android.systemui.wallpapers.ImageWallpaper} 
06-11 07:06:37.050  2745  3480 D BackgroundInstallControlService: Package event received: 0
06-11 07:06:37.050  2745  2805 D SGM:FgCheckThread: pkgName: com.sec.android.app.launcher is not in foreground
06-11 07:06:37.050  2745  2805 D SGM:FgCheckThread: noteStopComponent(), received pkgName: com.sec.android.app.launcher, focusedPkgName: com.worksoc.goaicoach, userId: 0
06-11 07:06:37.051  8154 22641 I SAMSUNGWALLET: [Hint_ProcessStatusChange] fg Change, pid : 4527 , isNotify : true , isForeground : false , fg list : [18096]
06-11 07:06:37.052  2745  4736 D FreecessHandler: freeze com.sec.android.gallery3d(10110) result : 51
06-11 07:06:37.052  2745  4736 D FreecessHandler: stop trying to freeze com.sec.android.gallery3d
06-11 07:06:37.052  2745  4736 I NSLocationMonitor: getGPSUsingApps() called
06-11 07:06:37.053  4710  4768 I NSLocationManager_FLP: getGPSUsingApps, No change
06-11 07:06:37.053  4527 27686 I HoneySpace.LauncherProvider: call - com.samsung.android.spay, get_rotation_state, null
06-11 07:06:37.053  4527 27686 I HoneySpace.ExternalMethodItem: updateRefsItemsByEntryPoints. HoneySpaceInfo(name=OneUI, displayId=0)
06-11 07:06:37.053  8154 10818 I SAMSUNGWALLET: [Hint_PayHintService] mIsLauncherPortraitOnlyMode: true, mIsUserLock: false
06-11 07:06:37.056  8154 10818 I SAMSUNGWALLET: [Hint_SimpleHintProcessMonitor] isHomePackageRunning topPkgName = com.worksoc.goaicoach, topClsName = com.worksoc.goaicoach.MainActivity, return false , se : false
06-11 07:06:37.056  8154  8154 I SAMSUNGWALLET: [Hint_PayHintService] Hint Status - already invisible, skip hide : Home Package Not Running
06-11 07:06:37.058  2062  2062 I SurfaceFlinger: [LayerHierarchy{RequestedLayerState{com.sec.android.app.launcher/com.sec.android.app.launcher.activities.LauncherActivity$_4527#24011} no children}] reparent to OffscreenRoot
06-11 07:06:37.059  2062  2062 I SurfaceFlinger: [LayerHierarchy{RequestedLayerState{com.sec.android.app.launcher/com.sec.android.app.launcher.activities.LauncherActivity$_4527#24011} no children}] RelativeParent to null
06-11 07:06:37.060  2745  4736 D FreecessHandler: freeze com.google.android.gm(10258) result : 51
06-11 07:06:37.060  2745  4736 D FreecessHandler: stop trying to freeze com.google.android.gm
06-11 07:06:37.060  2745  4736 I NSLocationMonitor: getGPSUsingApps() called
06-11 07:06:37.060  4710  4768 I NSLocationManager_FLP: getGPSUsingApps, No change
06-11 07:06:37.061  2062  2062 I SurfaceFlinger: id=24011 Removed com.sec.android.app.launcher/com.sec.android.app.launcher.activities.LauncherActivity$_4527#24011 (339)
06-11 07:06:37.063  4231  4359 I VRI[goaicoach]@3d16635: mWNT: t=0xb4000071885fccd0 mBlastBufferQueue=0xb400007198d4ca90 fn= 4 HdrRenderState mRenderHdrSdrRatio=1.0 caller= android.view.SyncRtSurfaceTransactionApplier.applyTransaction:100 android.view.SyncRtSurfaceTransactionApplier.lambda$scheduleApply$0:73 android.view.SyncRtSurfaceTransactionApplier.$r8$lambda$afI4fXg3U3-nBZQEDQMiNy-B06s:0 
06-11 07:06:37.064  2745  4736 D FreecessHandler: freeze com.kakao.page(10371) result : 51
06-11 07:06:37.064  2745  4736 D FreecessHandler: stop trying to freeze com.kakao.page
06-11 07:06:37.064  2745  4736 I NSLocationMonitor: getGPSUsingApps() called
06-11 07:06:37.064  4710  4768 I NSLocationManager_FLP: getGPSUsingApps, No change
06-11 07:06:37.070  2745  4736 D FreecessController: FZ : kr.co.lylstudio.httpsguard(10470) [17650] reason: Bg [cached:O
06-11 07:06:37.070  2745  4736 D FreecessHandler: freeze kr.co.lylstudio.httpsguard(10470) result : 0
06-11 07:06:37.070  2745  4736 W LocationManagerService: onFreezeStateChanged, uid[10470]=true
06-11 07:06:37.070  2745  4736 I PowerManagerService: [PWL] SetWakeLockEnableDisable uid = 10470 , disable= true
06-11 07:06:37.070  2745  4736 I PowerManagerService: [PWL] can not change uid =  10470
06-11 07:06:37.075  2062  2062 I SurfaceFlinger: destroyed com.sec.android.app.launcher/com.sec.android.app.launcher.activities.LauncherActivity$_4527#24011 form LifecycleManager
06-11 07:06:37.075  2062  2062 I SurfaceFlinger: id=24011 onLayerDestroyed from LayerHierarchyBuilder(RequestedLayerState{com.sec.android.app.launcher/com.sec.android.app.launcher.activities.LauncherActivity$_4527#24011 !handle})
06-11 07:06:37.076  2327  2327 I CameraService: onUidStateChanged: uid=10038, procState is changed. (1 -> 0)
06-11 07:06:37.077  2745  4897 I WindowManager: Relayout Window{3789cb3 u0 Splash Screen com.worksoc.goaicoach}: viewVisibility=8 req=1080x2316 ty=3 d0
06-11 07:06:37.077  2745  4897 D SurfaceComposerClient: setCornerRadius ## 5ab3166 com.worksoc.goaicoach/com.worksoc.goaicoach.MainActivity#24025 cornerRadius=0.000000
06-11 07:06:37.077  2745  4897 D SurfaceComposerClient: setCornerRadius ## 3789cb3 Splash Screen com.worksoc.goaicoach#24020 cornerRadius=0.000000
06-11 07:06:37.077  2745  4897 D SurfaceComposerClient: setCornerRadius ## 5ab3166 com.worksoc.goaicoach/com.worksoc.goaicoach.MainActivity#24025 cornerRadius=0.000000
06-11 07:06:37.078  2745  4897 I WindowManager: Relayout hash=3789cb3, pid=4231, syncId=-1: mAttrs={(0,0)(fillxfill) sim={adjust=pan} layoutInDisplayCutoutMode=always ty=APPLICATION_STARTING fmt=TRANSLUCENT wanim=0x1030317
06-11 07:06:37.078  2745  4897 I WindowManager:   fl=81030118
06-11 07:06:37.078  2745  4897 I WindowManager:   pfl=10000810
06-11 07:06:37.078  2745  4897 I WindowManager:   apr=18
06-11 07:06:37.078  2745  4897 I WindowManager:   bhv=1
06-11 07:06:37.078  2745  4897 I WindowManager:   fitSides=0
06-11 07:06:37.078  2745  4897 I WindowManager:   frameRateBoostOnTouch=true
06-11 07:06:37.078  2745  4897 I WindowManager:   dvrrWindowFrameRateHint=true naviIconColor=0}
06-11 07:06:37.078  2062  2062 I Layer   : id=24011 Destroyed com.sec.android.app.launcher/com.sec.android.app.launcher.activities.LauncherActivity$_4527#24011
06-11 07:06:37.078  4231  4316 I VRI[goaicoach]@3d16635: onActiveControlsChanged, removed=false, mAdded=true, caller=android.view.ViewRootImpl.handleInsetsControlChanged:3002 android.view.ViewRootImpl.relayoutWindow:11629 android.view.ViewRootImpl.performTraversals:4804 android.view.ViewRootImpl.doTraversal:3924 android.view.ViewRootImpl$TraversalRunnable.run:12903 
06-11 07:06:37.079  4231  4316 I VRI[goaicoach]@3d16635: Relayout returned: old=(0,0,1080,2316) new=(0,0,1080,2316) relayoutAsync=false req=(1080,2316)8 dur=3 res=0x2 s={false 0x0} ch=true seqId=0
06-11 07:06:37.079  4231  4316 D VRI[goaicoach]@3d16635: Not drawing due to not visible. Reason=View.GONE
06-11 07:06:37.079  4231  4316 W WindowOnBackDispatcher: sendCancelIfRunning: isInProgress=false callback=android.view.ViewRootImpl$$ExternalSyntheticLambda16@43f30b1
06-11 07:06:37.079  4231  4316 I VRI[goaicoach]@3d16635: dispatchDetachedFromWindow
06-11 07:06:37.079  2745  4897 D CoreBackPreview: Window{3789cb3 u0 Splash Screen com.worksoc.goaicoach}: Setting back callback null
06-11 07:06:37.079  2745  7669 D WindowManager: Starting window removed Window{3789cb3 u0 Splash Screen com.worksoc.goaicoach}
06-11 07:06:37.079  2745  7669 I WindowManager: Cancelling animation restarting=false, leash=Surface(name=Surface(name=5ab3166 com.worksoc.goaicoach/com.worksoc.goaicoach.MainActivity)/@0x745073e - animation-leash of starting_reveal)/@0x88d299f
06-11 07:06:37.079  2745  7669 I WindowManager: Reparenting to original parent: Surface(name=ActivityRecord{147150254 u0 com.worksoc.goaicoach/.MainActivity t42720})/@0xe97a8a6, destroy=false, surface=Surface(name=5ab3166 com.worksoc.goaicoach/com.worksoc.goaicoach.MainActivity)/@0x745073e
06-11 07:06:37.079  2745  7669 D InputTransport: Input channel destroyed: '3789cb3', fd=1287
06-11 07:06:37.079  2745  7669 V WindowManager: Remove Window{3789cb3 u0 Splash Screen com.worksoc.goaicoach}: mSurfaceControl=Surface(name=Splash Screen com.worksoc.goaicoach$_4231)/@0x71e8438 mAnimatingExit=false mRemoveOnExit=false mHasSurface=true surfaceShowing=true animating=false app-animation=false callers=com.android.server.wm.Session.remove:16 android.view.IWindowSession$Stub.onTransact:804 com.android.server.wm.Session.onTransact:1 android.os.Binder.execTransactInternal:1462 android.os.Binder.execTransact:1401 <bottom of call stack> 
06-11 07:06:37.080  2745  7669 D SurfaceComposerClient: setCornerRadius ## 5ab3166 com.worksoc.goaicoach/com.worksoc.goaicoach.MainActivity#24025 cornerRadius=0.000000
06-11 07:06:37.080  2745  7669 D SurfaceComposerClient: setCornerRadius ## 5ab3166 com.worksoc.goaicoach/com.worksoc.goaicoach.MainActivity#24025 cornerRadius=0.000000
06-11 07:06:37.081  4231  4316 D InputTransport: Input channel destroyed: '3789cb3', fd=514
06-11 07:06:37.081  2745  2806 D SurfaceComposerClient: setCornerRadius ## 5ab3166 com.worksoc.goaicoach/com.worksoc.goaicoach.MainActivity#24025 cornerRadius=0.000000
06-11 07:06:37.091  4231  4231 D SystemUIService: SYSUI_RAM_OPTIMIZATION onTrimMemory=20
06-11 07:06:37.092  4231  4231 D CentralSurfaces: SYSUI_RAM_OPTIMIZATION onTrimMemory=20
06-11 07:06:37.092  4231  4364 D HWUI    : CacheManager::trimMemory(20)
06-11 07:06:37.093  2745  2806 D SurfaceComposerClient: setCornerRadius ## 5ab3166 com.worksoc.goaicoach/com.worksoc.goaicoach.MainActivity#24025 cornerRadius=0.000000
06-11 07:06:37.107  4527  4527 I HoneySpace.EdgePanel.EdgeVisibilityRepository: getComputedTrayVisible : keyguardState = 1
06-11 07:06:37.107  4527  4527 I HoneySpace.EdgePanel.EdgeVisibilityRepository: updateTrayVisible: State = 0x1, visible = true, current containerState = 0, specificMode = 0
06-11 07:06:37.107  4527  4527 I HoneySpace.EdgePanel.EdgeVisibilityRepository: Same container state 0
06-11 07:06:37.108  2062  2062 I SurfaceFlinger: [Display 0 name="기본으로 제공되는 화면"#49] setFrameRateCategory: Default
06-11 07:06:37.108  2062  2062 I SurfaceFlinger: [LayerHierarchy{RequestedLayerState{Surface(name=5ab3166 com.worksoc.goaicoach/com.worksoc.goaicoach.MainActivity)/@0x745073e - animation-leash of starting_reveal#24029} 1 children}] reparent to OffscreenRoot
06-11 07:06:37.108  2062  2062 I SurfaceFlinger: [LayerHierarchy{RequestedLayerState{Surface(name=5ab3166 com.worksoc.goaicoach/com.worksoc.goaicoach.MainActivity)/@0x745073e - animation-leash of starting_reveal#24029} 1 children}] RelativeParent to null
06-11 07:06:37.108  2062  2062 I SurfaceFlinger: [LayerHierarchy{RequestedLayerState{5ab3166 com.worksoc.goaicoach/com.worksoc.goaicoach.MainActivity#24025 parentId=23892} 1 children}] reparent to LayerHierarchy{RequestedLayerState{ActivityRecord{147150254 u0 com.worksoc.goaicoach/.MainActivity t42720}#23892 parentId=22521 z=1} 3 children}
06-11 07:06:37.108  2062  2062 I SurfaceFlinger: [LayerHierarchy{RequestedLayerState{3789cb3 Splash Screen com.worksoc.goaicoach#24020 z=2147483647} 1 children}] reparent to OffscreenRoot
06-11 07:06:37.108  2062  2062 I SurfaceFlinger: [LayerHierarchy{RequestedLayerState{3789cb3 Splash Screen com.worksoc.goaicoach#24020 z=2147483647} 1 children}] RelativeParent to null
06-11 07:06:37.108  2062  2062 I SurfaceFlinger: [LayerHierarchy{RequestedLayerState{Splash Screen com.worksoc.goaicoach$_4231#24021} no children}] reparent to OffscreenRoot
06-11 07:06:37.108  2062  2062 I SurfaceFlinger: [LayerHierarchy{RequestedLayerState{Splash Screen com.worksoc.goaicoach$_4231#24021} no children}] RelativeParent to null
06-11 07:06:37.111  2062  2062 I SurfaceFlinger: id=24021 Removed Splash Screen com.worksoc.goaicoach$_4231#24021 (338)
06-11 07:06:37.111  2062  2062 I SurfaceFlinger: id=24020 Removed 3789cb3 Splash Screen com.worksoc.goaicoach#24020 (338)
06-11 07:06:37.112  2745  2805 I DisplayDeviceRepository: Display device changed render timings: "기본으로 제공되는 화면", renderFrameRate=60.000004, presentationDeadlineNanos=17666666, appVsyncOffsetNanos=16666666, frameRateOverrides=[]
06-11 07:06:37.114  2745  2806 D SurfaceComposerClient: setCornerRadius ## 5ab3166 com.worksoc.goaicoach/com.worksoc.goaicoach.MainActivity#24025 cornerRadius=0.000000
06-11 07:06:37.114  4527 17866 I HoneySpace.Memory-Monitor: current state = 2, didTrim = false
06-11 07:06:37.114  4231  4231 D DisplayLifecycle: updateDisplay id = 0
06-11 07:06:37.114  4231  4330 D StackScroller: onDisplayChanged for predraw skip to 2
06-11 07:06:37.115  2745  5241 D WifiDisplayAdapter: isFitToActiveDisplayLocked : false
06-11 07:06:37.115  2062  2062 D SurfaceFlinger: Display 4630947232161729154 HWC layers:
06-11 07:06:37.115  2062  2062 D SurfaceFlinger:        DEVICE |           77721728188419 | 00002102 | RGBA_8888    |    0.0    0.0 1080.0 2316.0 |    0    0 1080 2316 | com.worksoc.goaicoach/com.worksoc.goaicoach.MainActivity$_18096#24026 (1)
06-11 07:06:37.115  2062  2062 D SurfaceFlinger:        DEVICE |           18172006688018 | 00002100 | RGBA_8888    |    0.0    0.0 1080.0   75.0 |    0    0 1080   75 | StatusBar$_4231#109 (39558)
06-11 07:06:37.115  2062  2062 D SurfaceFlinger:        DEVICE |           19443316953506 | 00002100 | RGBA_8888    |    0.0    0.0   67.0  434.0 | 1013  813 1080 1247 | com.sec.android.app.launcher/com.sam[...]l.app.CocktailBarService$_4527#23988 (1)
06-11 07:06:37.115  2062  2062 D SurfaceFlinger:        DEVICE |           18172006688027 | 00002100 | RGBA_8888    |    0.0    0.0 1080.0  126.0 |    0 2190 1080 2316 | NavigationBar0$_4231#107 (27848)
06-11 07:06:37.115  2062  2062 D SurfaceFlinger: 
06-11 07:06:37.125  2062  2062 I SurfaceFlinger: destroyed 3789cb3 Splash Screen com.worksoc.goaicoach#24020 form LifecycleManager
06-11 07:06:37.125  2062  2062 I SurfaceFlinger: destroyed Splash Screen com.worksoc.goaicoach$_4231#24021 form LifecycleManager
06-11 07:06:37.125  2062  2062 I SurfaceFlinger: id=24020 onLayerDestroyed from LayerHierarchyBuilder(RequestedLayerState{3789cb3 Splash Screen com.worksoc.goaicoach#24020 !handle z=2147483647})
06-11 07:06:37.125  2062  2062 I SurfaceFlinger: id=24021 onLayerDestroyed from LayerHierarchyBuilder(RequestedLayerState{Splash Screen com.worksoc.goaicoach$_4231#24021 !handle})
06-11 07:06:37.127  2062  2062 I Layer   : id=24020 Destroyed 3789cb3 Splash Screen com.worksoc.goaicoach#24020
06-11 07:06:37.127  2062  2062 I Layer   : id=24021 Destroyed Splash Screen com.worksoc.goaicoach$_4231#24021
06-11 07:06:37.145 18096 18101 I rksoc.goaicoach: Compiler allocated 5158KB to compile void android.view.ViewRootImpl.performTraversals()
06-11 07:06:37.161  1946 18089 I HYPER-HAL: [RequestManager.cpp]releaseLocked(): Released ID : 3854507
06-11 07:06:37.178  2745  3429 D MdnieScenarioControlService:  packageName : com.worksoc.goaicoach    className : com.worksoc.goaicoach.MainActivity
06-11 07:06:37.179  2745  3429 V MdnieScenarioControlService: setUIMode from UI function(3)
06-11 07:06:37.192 18096 18096 D VRI[MainActivity]@758d426: mThreadedRenderer.initializeIfNeeded()#2 mSurface={isValid=true 0xb4000073582c1690}
06-11 07:06:37.192 18096 18096 D InputMethodManagerUtils: startInputInner - Id : 0
06-11 07:06:37.192 18096 18096 I InputMethodManager: startInputInner - IInputMethodManagerGlobalInvoker.startInputOrWindowGainedFocus
06-11 07:06:37.195  2745  3212 V InputMethodManagerService: startInputOrWindowGainedFocusInternalLocked: reason=WINDOW_FOCUS_GAIN client=android.os.BinderProxy@e5d559a inputContext=null editorInfo=android.view.inputmethod.EditorInfo@65a0176 startInputFlags=VIEW_HAS_FOCUS|INITIAL_CONNECTION softInputMode=STATE_UNSPECIFIED|ADJUST_PAN|IS_FORWARD_NAVIGATION windowFlags=#81810100 unverifiedTargetSdkVersion=35 bindingController=com.android.server.inputmethod.InputMethodBindingController@ba4b9d4 imeDispatcher=android.window.ImeOnBackInvokedDispatcher@808c377 cs=ClientState{c53abe4 mUid=11444 mPid=18096 mSelfReportedDisplayId=0} imeRequestedVisible=false
06-11 07:06:37.195  2745  3212 V InputMethodManagerService: setWindowStateInner, windowToken=android.os.BinderProxy@610c5c1, state=ImeTargetWindowState{ imeToken null imeFocusChanged true hasEditorFocused false requestedImeVisible false imeDisplayId 0 softInputModeState STATE_UNSPECIFIED|ADJUST_PAN|IS_FORWARD_NAVIGATION isStartInputByGainFocus true}
06-11 07:06:37.195  2745  3212 V InputMethodManagerService: Unspecified window will hide input
06-11 07:06:37.195  2745  3212 I ImeTracker: com.worksoc.goaicoach:b8a9e0cd: onRequestHide at ORIGIN_SERVER reason HIDE_UNSPECIFIED_WINDOW fromUser false
06-11 07:06:37.195  2745  3212 V InputMethodManagerService: applyImeVisibility state=6
06-11 07:06:37.196  2745  3212 D SemInputMethodManagerServiceUtil: restorePreviousUsedInputMethod : failed to return the previous ime becuase the stored info is null or do not need restore
06-11 07:06:37.196  2745  3212 V InputMethodManagerService: semComputeImeDisplayIdForTarget: displayToShowIme=0
06-11 07:06:37.196  2745  3212 V InputMethodManagerService: unbindCurrentInputLocked: client=android.os.BinderProxy@35e8d98
06-11 07:06:37.196  2745  3212 V InputMethodManagerService: Creating new session for client ClientState{c53abe4 mUid=11444 mPid=18096 mSelfReportedDisplayId=0}
06-11 07:06:37.196  2745  3212 V InputMethodManagerService: Creating new session for client ClientState{c53abe4 mUid=11444 mPid=18096 mSelfReportedDisplayId=0}
06-11 07:06:37.196  2745  3212 D InputTransport: Input channel constructed: 'ClientS', fd=903
06-11 07:06:37.197  2745  3212 D InputTransport: Input channel constructed: 'ClientS', fd=989
