06-11 07:05:22.305  2745  3416 D InetDiagMessage: Destroyed live tcp sockets for uids={20101} in 12ms
06-11 07:05:22.388  2034  2073 E HeatmapThread: ECT Thread time in milliseconds: 1781129122
06-11 07:05:22.388  2034  2073 D HeatmapThread: !@ batteryplugType : 0
06-11 07:05:22.388  2034  2073 D HeatmapThread: !@ batteryLevel : 0  batteryTemperature : 0 
06-11 07:05:22.388  2034  2073 D HeatmapThread: !@ Heatmap currtime: 29685485
06-11 07:05:22.388  2034  2073 D HeatmapThread: !@ Heatmap prevtime: 29685471
06-11 07:05:22.388  2034  2073 D HeatmapThread: !@ Heatmap plugstarttime: 35791394
06-11 07:05:22.388  2034  2073 D HeatmapThread: !@ Heatmap prevv_dsoh_update_time: 29682402
06-11 07:05:22.389  2034  2073 E HeatmapThread: !@Could not open '/efs/FactoryApp/bsoh', errno = 13
06-11 07:05:22.389  2034  2073 E HeatmapThread: !@ CAM Could not access BSOH EFS
06-11 07:05:22.389  2034  2073 E HeatmapThread: !@ CAM New BSOH: 0
06-11 07:05:22.540  2745  3528 D SemWifiEleStateTracker: Pressure Diff: -0.025146484
06-11 07:05:22.541  2745  3528 D SemWifiEleStateTracker: Barometer value: Prev 1008.538 Current 1008.5129 mSmallBaroDetected : false
06-11 07:05:22.725  7492  8776 I [AirCmd]_BleSpenGenericChargeController: performLongTimeCharge : Battery : 100, Starting additional charge for 100% battery level 
06-11 07:05:22.726  7492  8776 I [AirCmd]_BleSpenGenericChargeController: startCharge : start 90 sec Charging
06-11 07:05:22.726  7492  8776 I [AirCmd]_WacomDriver: stopCharge
06-11 07:05:22.728  7492  8776 I [AirCmd]_WacomDriver: writeBleSpenCommand : 5 (mLastCommand=3)
06-11 07:05:22.728  2745  6506 I SpenGestureManagerService: writeBleSpenCommand : 5
06-11 07:05:22.729  2745  6506 D SemInputDeviceManager: setProperty: SPEN(11) CMD,SPEN_BLE_CHARGING,5
06-11 07:05:22.730  2745  3208 D SemInputDevice:SPEN: SetPropertyTask: CMD,epen_ble_charging_mode,5 [06-11 07:05:22.729]
06-11 07:05:22.730  7492  8776 I [AirCmd]_WacomDriver: startCharge
06-11 07:05:22.733  1993  1993 I sysinput:SPen: writeInformation:137, OK
06-11 07:05:22.733  2745  3208 D SysinputHAL_V1_3(V1_2): runSpenCmdNoRead: epen_ble_charging_mode,5 ret=0
06-11 07:05:23.018  2745  3209 D SemInputMotionEventDispatcher: registerMotionEventListener: already registered: com.samsung.android.hardware.secinputdev.taas.ExternalApi$5@5ba5c6
06-11 07:05:23.086  3749 15478 D IpClient/wlan0: interfaceLinkStateChanged: ifindex 16 up
06-11 07:05:23.130  1938 15428 I sensors-hal: handle_sns_client_event:550, [0][5741] accel_sample [ 0.147, -0.151,  9.951] 185008306373045
06-11 07:05:23.266  2745  2768 I system_server: Background young concurrent mark compact GC freed 29MB AllocSpace bytes, 99(2944KB) LOS objects, 16% free, 185MB/222MB, paused 2.087ms,7.052ms total 183.285ms
06-11 07:05:23.300  4030  4625 W l2c_ble : system/stack/l2cap/l2c_ble.cc:111 l2cble_notify_le_connection: 
06-11 07:05:23.301  4030  5321 W bt_btif_gattc: system/btif/src/btif_gatt_client.cc:224 btif_gattc_upstreams_evt: Event BTA_GATTC_NOTIF_EVT [10]
06-11 07:05:23.306  7492  7302 I [AirCmd]_BleDriver: GattCallback : onCharacteristicChanged : D2.d@689e96c / UUID_CHARGE_STATUS, RAWDATA : [0]
06-11 07:05:23.307  7492  7302 I [AirCmd]_SpenCommonDriver: onCharacteristicChanged : Charge:DISCHARGING
06-11 07:05:23.307  7492  7302 I [AirCmd]_BleSpenGenericChargeController: onChargeStateChanged : spenInstanceId=BUILTIN, chargeState=DISCHARGING
06-11 07:05:23.332  7492  8776 I [AirCmd]_WacomDriver: writeBleSpenCommand : 3 (mLastCommand=5)
06-11 07:05:23.334  2745  6506 I SpenGestureManagerService: writeBleSpenCommand : 3
06-11 07:05:23.334  2745  6506 D SemInputDeviceManager: setProperty: SPEN(11) CMD,SPEN_BLE_CHARGING,3
06-11 07:05:23.335  2745  3208 D SemInputDevice:SPEN: SetPropertyTask: CMD,epen_ble_charging_mode,3 [06-11 07:05:23.334]
06-11 07:05:23.341  7492  8776 I [AirCmd]_PowerWakeLocker: release wake lock AirCmd:SpenCharging
06-11 07:05:23.352  1993  1993 I sysinput:SPen: writeInformation:137, OK
06-11 07:05:23.352  2745  3208 D SysinputHAL_V1_3(V1_2): runSpenCmdNoRead: epen_ble_charging_mode,3 ret=0
06-11 07:05:23.389  2034  2073 E HeatmapThread: ECT Thread time in milliseconds: 1781129123
06-11 07:05:23.389  2034  2073 D HeatmapThread: !@ batteryplugType : 0
06-11 07:05:23.390  2034  2073 D HeatmapThread: !@ batteryLevel : 0  batteryTemperature : 0 
06-11 07:05:23.390  2034  2073 D HeatmapThread: !@ Heatmap currtime: 29685485
06-11 07:05:23.390  2034  2073 D HeatmapThread: !@ Heatmap prevtime: 29685471
06-11 07:05:23.390  2034  2073 D HeatmapThread: !@ Heatmap plugstarttime: 35791394
06-11 07:05:23.390  2034  2073 D HeatmapThread: !@ Heatmap prevv_dsoh_update_time: 29682402
06-11 07:05:23.390  2034  2073 E HeatmapThread: !@Could not open '/efs/FactoryApp/bsoh', errno = 13
06-11 07:05:23.390  2034  2073 E HeatmapThread: !@ CAM Could not access BSOH EFS
06-11 07:05:23.391  2034  2073 E HeatmapThread: !@ CAM New BSOH: 0
06-11 07:05:23.790  1938 15888 I sensors-hal: handle_sns_std_sensor_event:311, [SSC_LIGHT] P: 117(117),m:7,c:12,b:72,c0:5520,l:117,f(r):100,u(bl):100,j:113
06-11 07:05:23.792  4030  4625 W l2c_ble : system/stack/l2cap/l2c_ble.cc:111 l2cble_notify_le_connection: 
06-11 07:05:23.793  4030  4625 W l2c_ble : system/stack/l2cap/l2c_ble.cc:111 l2cble_notify_le_connection: 
06-11 07:05:23.793  4030  5321 W bt_btif_gattc: system/btif/src/btif_gatt_client.cc:224 btif_gattc_upstreams_evt: Event BTA_GATTC_NOTIF_EVT [10]
06-11 07:05:23.794  4030  5321 W bt_btif_gattc: system/btif/src/btif_gatt_client.cc:224 btif_gattc_upstreams_evt: Event BTA_GATTC_NOTIF_EVT [10]
06-11 07:05:23.797  7492  7302 I [AirCmd]_BleDriver: GattCallback : onCharacteristicChanged : D2.d@689e96c / UUID_CHARGE_STATUS, RAWDATA : [1]
06-11 07:05:23.799  7492  7302 I [AirCmd]_SpenCommonDriver: onCharacteristicChanged : Charge:CHARGING
06-11 07:05:23.799  7492  7302 I [AirCmd]_BleSpenGenericChargeController: onChargeStateChanged : spenInstanceId=BUILTIN, chargeState=CHARGING
06-11 07:05:23.800  7492  7302 I [AirCmd]_BleDriver: GattCallback : onCharacteristicChanged : D2.d@689e96c / UUID_BUTTON_EVENT, RAWDATA : [255 4 2]
06-11 07:05:23.801  2745  6506 I SpenGestureManagerService: getBleSpenAddress
06-11 07:05:23.804  7492  7492 W [AirCmd]_PairedSpenManager: getSpenNickName : BT device nickName is null.
06-11 07:05:23.804  7492  7492 I [AirCmd]_DeviceBatteryInfoHandler: setDeviceBatteryInfo : Address = BC:06:2D:AD:0E:B6, BatteryLevel = 100, BatteryStatus = 3
06-11 07:05:23.805  2745  6506 I BatteryStatsService: setDeviceBatteryInfo()
06-11 07:05:23.805  2745  6506 I DeviceBatteryInfoService: setDeviceBatteryInfo()
06-11 07:05:23.807  2745  3549 I DeviceBatteryInfoService: address : BC062D_6
06-11 07:05:23.807  2745  3549 I DeviceBatteryInfoService: semGetBatteryInfo() : BC062D_6
06-11 07:05:23.834  1938 15434 I sensors-hal: handle_sns_client_event:527, [5506] mag_sample_cal: ts=185009061848514 ns; cal = [-7.061205, -41.977390, -60.565559], uncal = [-38.688663, -55.575298, -32.152950], bias = [-31.627459, -13.597909, 28.412607], status=3
06-11 07:05:23.862  1938 15886 I sensors-hal: handle_sns_client_event:185, auto_rotation_debug_2 mode,255, type,1,1 acc,0.148,-0.167,9.964, ar,0, ver,14, pedo,1,e,1,i,3
06-11 07:05:23.940  1938 15436 I sensors-hal: handle_sns_std_sensor_event:138, [2750] Pressure 1008.512, cal 0.000, sw_offset 0.450
06-11 07:05:24.026  3693  3796 D SatelliteController: isInCarrierRoamingNbIotNtn: satellite is disabled
06-11 07:05:24.355  2745  3534 D WifiConnectivityMonitor.NetworkStatsAnalyzer: Backhaul result - RSSI:-38, CE:35, PE:35, TI:44, PTI:44, TW:0, PTW:0, Tx:15, Rx:15, TxS:14, RxS:13, RESULT:true, IC:1, ICT:5, WC:7, WCT:5, R:2, RC:0, IE:0, EC:0
06-11 07:05:24.389  2034  2073 E HeatmapThread: ECT Thread time in milliseconds: 1781129124
06-11 07:05:24.389  2034  2073 D HeatmapThread: !@ batteryplugType : 0
06-11 07:05:24.390  2034  2073 D HeatmapThread: !@ batteryLevel : 0  batteryTemperature : 0 
06-11 07:05:24.390  2034  2073 D HeatmapThread: !@ Heatmap currtime: 29685485
06-11 07:05:24.390  2034  2073 D HeatmapThread: !@ Heatmap prevtime: 29685471
06-11 07:05:24.390  2034  2073 D HeatmapThread: !@ Heatmap plugstarttime: 35791394
06-11 07:05:24.390  2034  2073 D HeatmapThread: !@ Heatmap prevv_dsoh_update_time: 29682402
06-11 07:05:24.390  2034  2073 E HeatmapThread: !@Could not open '/efs/FactoryApp/bsoh', errno = 13
06-11 07:05:24.390  2034  2073 E HeatmapThread: !@ CAM Could not access BSOH EFS
06-11 07:05:24.391  2034  2073 E HeatmapThread: !@ CAM New BSOH: 0
06-11 07:05:24.655  2745  3528 D SemWifiEleStateTracker: Pressure Diff: -0.011474609
06-11 07:05:24.655  2745  3528 D SemWifiEleStateTracker: Barometer value: Prev 1008.5129 Current 1008.5014 mSmallBaroDetected : false
06-11 07:05:24.868  2745  3177 D ActivityManager: freezing 15685 com.samsung.android.lool
06-11 07:05:24.874  2745  3177 D ActivityManager: freezing 15151 com.samsung.android.dqagent
06-11 07:05:24.876  2745  3177 D ActivityManager: freezing 16718 com.samsung.android.sm.provider
06-11 07:05:24.878  2745  3177 D ActivityManager: freezing 15577 com.samsung.sait.sohservice
06-11 07:05:24.886  2745  3177 I UMR     : B|Compact com.samsung.android.sm.provider(16718)
06-11 07:05:24.886  2745  3405 D WifiStaIfaceHidlImpl: getCachedScanData is not implemented by HIDL
06-11 07:05:24.911  2745  5646 D SemWifiUsabilityStatsMonitor: onWifiUsabilityStats - seqNum 9770, isSameBssidAndFreq true
06-11 07:05:24.966  2745  3177 I UMR     : E|Compact d_rss=-3868KB
06-11 07:05:25.033  2745 27110 D PerProcessNandswap$NandswapHandler: nandswap start for activity com.worksoc.goaicoach(pid 16303) action:9 adj:900 type:3
06-11 07:05:25.148  2745  3556 D NetdEventListenerService: DNS Requested by 169, 10875(com.lgt.tmoney), SUCCESS, 1ms
06-11 07:05:25.170  1938 15428 I sensors-hal: handle_sns_client_event:550, [0][5761] accel_sample [ 0.135, -0.162,  9.954] 185010347984399
06-11 07:05:25.388  2034  2073 E HeatmapThread: ECT Thread time in milliseconds: 1781129125
06-11 07:05:25.388  2034  2073 D HeatmapThread: !@ batteryplugType : 0
06-11 07:05:25.388  2034  2073 D HeatmapThread: !@ batteryLevel : 0  batteryTemperature : 0 
06-11 07:05:25.388  2034  2073 D HeatmapThread: !@ Heatmap currtime: 29685485
06-11 07:05:25.388  2034  2073 D HeatmapThread: !@ Heatmap prevtime: 29685471
06-11 07:05:25.388  2034  2073 D HeatmapThread: !@ Heatmap plugstarttime: 35791394
06-11 07:05:25.388  2034  2073 D HeatmapThread: !@ Heatmap prevv_dsoh_update_time: 29682402
06-11 07:05:25.388  2034  2073 E HeatmapThread: !@Could not open '/efs/FactoryApp/bsoh', errno = 13
06-11 07:05:25.388  2034  2073 E HeatmapThread: !@ CAM Could not access BSOH EFS
06-11 07:05:25.388  2034  2073 E HeatmapThread: !@ CAM New BSOH: 0
06-11 07:05:25.412 31133 31158 V CpEventLog(u0): [P] cp_state: [                 contacts = {contacts=407, raw_contacts=808, data=3577, account={secphone(1)=407, google(2)=0, sim(3)=0, agg(4)=0, duo(8)=0, com.daou.go_mobile(24)=0, com.daou.go_mobile(25)=0, google(27)=0, duo(28)=64, telegram(40)=337, com.daou.go_mobile(49)=0, google(51)=0, samsung(54)=0, mobileservice(55)=0, kr.co.rememberapp(60)=0, com.facebook.messenger(63)=0, whatsapp(97)=0, com.kakao.sdk.kakaotalk.sso.account(102)=0, com.nhn.android.naveraccount(108)=0, www.instagram.barcelona(109)=0, www.instagram.com(112)=0, kr.socar.socarapp4(117)=0}, trash=0, trash_acc={}, trash_sync=0, database=contacts2.db} ]
06-11 07:05:25.412 31133 31158 V CpEventLog(u0): [P] cp_state: [               aggregated = {[1,28,40]=2, [1,28]=34, [1,40,28]=25, [1,40]=139, [1]=204, [40,1]=3, [40,28]=3, [40,40]=4, [40]=157} ]
06-11 07:05:25.412 31133 31158 V CpEventLog(u0): [P] cp_state: [                  request = {ALL(0)={avg=26, cnt=6, dur=157, ops={query=5, delete=1}}, com.samsung.android.service.peoplestripe(17791)={avg=26, cnt=6, dur=157, ops={query=5, delete=1}}} ]
06-11 07:05:25.412 31133 31158 V CpEventLog(u0): [P] cp_state: [                    calls = {types={[100]=528, [200]=166, [300]=97, [500]=2, [1000]=1470, [1250]=223, [1300]=14}, database=calllog.db} ]
06-11 07:05:25.412 31133 31158 V CpEventLog(u0): [P] cp_state: [                  profile = {contacts=0, raw_contacts=0, data=0, account={secphone(1)=0, google(2)=0, sim(3)=0, agg(4)=0, duo(8)=0, com.daou.go_mobile(24)=0, com.daou.go_mobile(25)=0, google(27)=0, duo(28)=0, telegram(40)=0, com.daou.go_mobile(49)=0, google(51)=0, samsung(54)=0, mobileservice(55)=0, kr.co.rememberapp(60)=0, com.facebook.messenger(63)=0, whatsapp(97)=0, com.kakao.sdk.kakaotalk.sso.account(102)=0, com.nhn.android.naveraccount(108)=0, www.instagram.barcelona(109)=0, www.instagram.com(112)=0, kr.socar.socarapp4(117)=0}, trash=0, trash_acc={}, trash_sync=0, database=profile.db} ]
06-11 07:05:25.412 31133 31158 V CpEventLog(u0): [P] cp_state: [               sa_profile = {contacts=1, raw_contacts=1, data=3, account={secphone(1)=1, google(2)=0, sim(3)=0, agg(4)=0, duo(8)=0, com.daou.go_mobile(24)=0, com.daou.go_mobile(25)=0, google(27)=0, duo(28)=0, telegram(40)=0, com.daou.go_mobile(49)=0, google(51)=0, samsung(54)=0, mobileservice(55)=0, kr.co.rememberapp(60)=0, com.facebook.messenger(63)=0, whatsapp(97)=0, com.kakao.sdk.kakaotalk.sso.account(102)=0, com.nhn.android.naveraccount(108)=0, www.instagram.barcelona(109)=0, www.instagram.com(112)=0, kr.socar.socarapp4(117)=0}, trash=0, trash_acc={}, trash_sync=0, database=profile_sa.db} ]
06-11 07:05:25.412 31133 31158 V CpEventLog(u0): [P] cp_state: [                      etc = {binders=0, country_iso=KR, version=15.6.30, db_version=2000, db_size=7, db_wal_size=1, csc=SKT/SKT, sec_enabled=false, is_roaming=false} ]
06-11 07:05:25.412 31133 31158 V CpEventLog(u0): [P] cp_state: ------------------------------------------------------------------------------
06-11 07:05:25.608  1153  1153 D io_stats: !@   8,0 r 22655430 411340559 w 5870883 93046664 d 1576810 220339928 f 0 680735 iot 9194032 0 th 0 0 0 pt 0 inp 0 0 120979.142
06-11 07:05:25.608  1153  1153 D io_stats: !@ Write_top(KB): kworker/u16:0(29237) 420
06-11 07:05:25.832  1938 15434 I sensors-hal: handle_sns_client_event:527, [5526] mag_sample_cal: ts=185011061848514 ns; cal = [-6.411520, -41.029903, -61.768799], uncal = [-38.038979, -54.627811, -33.356190], bias = [-31.627459, -13.597909, 28.412607], status=3
06-11 07:05:25.905  2745 27110 D PerProcessNandswap$NandswapHandler: nandswap end for activity com.worksoc.goaicoach(pid 16303) ret:18718720000 adj:900
06-11 07:05:25.938  1938 15436 I sensors-hal: handle_sns_std_sensor_event:138, [2760] Pressure 1008.511, cal 0.000, sw_offset 0.450
06-11 07:05:26.388  2034  2073 E HeatmapThread: ECT Thread time in milliseconds: 1781129126
06-11 07:05:26.388  2034  2073 D HeatmapThread: !@ batteryplugType : 0
06-11 07:05:26.388  2034  2073 D HeatmapThread: !@ batteryLevel : 0  batteryTemperature : 0 
06-11 07:05:26.388  2034  2073 D HeatmapThread: !@ Heatmap currtime: 29685485
06-11 07:05:26.388  2034  2073 D HeatmapThread: !@ Heatmap prevtime: 29685471
06-11 07:05:26.388  2034  2073 D HeatmapThread: !@ Heatmap plugstarttime: 35791394
06-11 07:05:26.388  2034  2073 D HeatmapThread: !@ Heatmap prevv_dsoh_update_time: 29682402
06-11 07:05:26.389  2034  2073 E HeatmapThread: !@Could not open '/efs/FactoryApp/bsoh', errno = 13
06-11 07:05:26.389  2034  2073 E HeatmapThread: !@ CAM Could not access BSOH EFS
06-11 07:05:26.389  2034  2073 E HeatmapThread: !@ CAM New BSOH: 0
06-11 07:05:26.539 31170 31201 V CpEventLog(u150): [P] cp_state: [                 contacts = {contacts=0, raw_contacts=0, data=0, account={secphone(1)=0, google(2)=0, sim(3)=0, agg(4)=0, vnd.sec.contact.phone_personal(5)=0, com.kakao.sdk.kakaotalk.sso.account(6)=0}, trash=0, trash_acc={}, trash_sync=0, database=contacts2.db} ]
06-11 07:05:26.539 31170 31201 V CpEventLog(u150): [P] cp_state: [               aggregated = {} ]
06-11 07:05:26.539 31170 31201 V CpEventLog(u150): [P] cp_state: [                  request = {} ]
06-11 07:05:26.539 31170 31201 V CpEventLog(u150): [P] cp_state: [                    calls = {types={}, database=calllog.db} ]
06-11 07:05:26.539 31170 31201 V CpEventLog(u150): [P] cp_state: [                  profile = {contacts=0, raw_contacts=0, data=0, account={secphone(1)=0, google(2)=0, sim(3)=0, agg(4)=0, vnd.sec.contact.phone_personal(5)=0, com.kakao.sdk.kakaotalk.sso.account(6)=0}, trash=0, trash_acc={}, trash_sync=0, database=profile.db} ]
06-11 07:05:26.539 31170 31201 V CpEventLog(u150): [P] cp_state: [               sa_profile = {contacts=0, raw_contacts=0, data=0, account={secphone(1)=0, google(2)=0, sim(3)=0, agg(4)=0, vnd.sec.contact.phone_personal(5)=0, com.kakao.sdk.kakaotalk.sso.account(6)=0}, trash=0, trash_acc={}, trash_sync=0, database=profile_sa.db} ]
06-11 07:05:26.539 31170 31201 V CpEventLog(u150): [P] cp_state: [                      etc = {binders=0, country_iso=KR, version=15.6.30, db_version=2000, db_size=0, db_wal_size=0, csc=SKT/SKT, sec_enabled=false, is_roaming=false} ]
06-11 07:05:26.539 31170 31201 V CpEventLog(u150): [P] cp_state: ------------------------------------------------------------------------------
06-11 07:05:26.635  2745  4736 I NSLocationMonitor: getGPSUsingApps() called
06-11 07:05:26.636  4710  4768 I NSLocationManager_FLP: getGPSUsingApps, No change
06-11 07:05:26.640  2745  4736 W Binder  : Outgoing transactions from this process must be FLAG_ONEWAY
06-11 07:05:26.640  2745  4736 W Binder  : java.lang.Throwable
06-11 07:05:26.640  2745  4736 W Binder  : 	at android.os.BinderProxy.transact(BinderProxy.java:566)
06-11 07:05:26.640  2745  4736 W Binder  : 	at android.bluetooth.IBluetoothGatt$Stub$Proxy.getAdvertisingSetUids(IBluetoothGatt.java:1678)
06-11 07:05:26.640  2745  4736 W Binder  : 	at android.bluetooth.BluetoothAdapter.getAdvertisingSetUids(BluetoothAdapter.java:8476)
06-11 07:05:26.640  2745  4736 W Binder  : 	at android.bluetooth.BluetoothAdapter.getHWUsingApps(BluetoothAdapter.java:1342)
06-11 07:05:26.640  2745  4736 W Binder  : 	at com.android.server.am.mars.filter.filter.BlueToothConnectedFilter.updateBTUsingPackages(qb/109668159 6a21825bf1cf33576f47f064818bfb06cae073423a3c8afee893a28fe1ec42b2:22)
06-11 07:05:26.640  2745  4736 W Binder  : 	at com.android.server.am.FreecessController.freeze(qb/109668159 6a21825bf1cf33576f47f064818bfb06cae073423a3c8afee893a28fe1ec42b2:117)
06-11 07:05:26.640  2745  4736 W Binder  : 	at com.android.server.am.FreecessHandler$MainHandler.handleLcdOnFreeze(qb/109668159 6a21825bf1cf33576f47f064818bfb06cae073423a3c8afee893a28fe1ec42b2:55)
06-11 07:05:26.640  2745  4736 W Binder  : 	at com.android.server.am.FreecessHandler$MainHandler.handleMessage(qb/109668159 6a21825bf1cf33576f47f064818bfb06cae073423a3c8afee893a28fe1ec42b2:793)
06-11 07:05:26.640  2745  4736 W Binder  : 	at android.os.Handler.dispatchMessage(Handler.java:110)
06-11 07:05:26.640  2745  4736 W Binder  : 	at android.os.Looper.loopOnce(Looper.java:273)
06-11 07:05:26.640  2745  4736 W Binder  : 	at android.os.Looper.loop(Looper.java:363)
06-11 07:05:26.640  2745  4736 W Binder  : 	at android.os.HandlerThread.run(HandlerThread.java:85)
06-11 07:05:26.649  2745  4736 W Binder  : Outgoing transactions from this process must be FLAG_ONEWAY
06-11 07:05:26.649  2745  4736 W Binder  : java.lang.Throwable
06-11 07:05:26.649  2745  4736 W Binder  : 	at android.os.BinderProxy.transact(BinderProxy.java:566)
06-11 07:05:26.649  2745  4736 W Binder  : 	at android.bluetooth.IBluetoothScan$Stub$Proxy.getScannerUids(IBluetoothScan.java:666)
06-11 07:05:26.649  2745  4736 W Binder  : 	at android.bluetooth.BluetoothAdapter.getScannerUids(BluetoothAdapter.java:8522)
06-11 07:05:26.649  2745  4736 W Binder  : 	at android.bluetooth.BluetoothAdapter.getHWUsingApps(BluetoothAdapter.java:1349)
06-11 07:05:26.649  2745  4736 W Binder  : 	at com.android.server.am.mars.filter.filter.BlueToothConnectedFilter.updateBTUsingPackages(qb/109668159 6a21825bf1cf33576f47f064818bfb06cae073423a3c8afee893a28fe1ec42b2:22)
06-11 07:05:26.649  2745  4736 W Binder  : 	at com.android.server.am.FreecessController.freeze(qb/109668159 6a21825bf1cf33576f47f064818bfb06cae073423a3c8afee893a28fe1ec42b2:117)
06-11 07:05:26.649  2745  4736 W Binder  : 	at com.android.server.am.FreecessHandler$MainHandler.handleLcdOnFreeze(qb/109668159 6a21825bf1cf33576f47f064818bfb06cae073423a3c8afee893a28fe1ec42b2:55)
06-11 07:05:26.649  2745  4736 W Binder  : 	at com.android.server.am.FreecessHandler$MainHandler.handleMessage(qb/109668159 6a21825bf1cf33576f47f064818bfb06cae073423a3c8afee893a28fe1ec42b2:793)
06-11 07:05:26.649  2745  4736 W Binder  : 	at android.os.Handler.dispatchMessage(Handler.java:110)
06-11 07:05:26.649  2745  4736 W Binder  : 	at android.os.Looper.loopOnce(Looper.java:273)
06-11 07:05:26.649  2745  4736 W Binder  : 	at android.os.Looper.loop(Looper.java:363)
06-11 07:05:26.649  2745  4736 W Binder  : 	at android.os.HandlerThread.run(HandlerThread.java:85)
06-11 07:05:26.658  2745  4736 D FreecessHandler: freeze com.kakao.page(15010371) result : 2
06-11 07:05:26.808  2745  3528 I SemWifiEleStateTracker: Ele Parameters BD : 13 13 13 13 13 13 MD : -91 -91 -91 -91 -91 -93 WD : -43 -42 -40 -35 -38 -36 GC : false false false false false false SC : false false false false false false SH : false false false false false false TB : false false false false false false
06-11 07:05:26.808  2745  3528 D SemWifiEleStateTracker: Pressure Diff: 0.0073242188
06-11 07:05:26.809  2745  3528 D SemWifiEleStateTracker: Barometer value: Prev 1008.5014 Current 1008.5087 mSmallBaroDetected : false
06-11 07:05:27.217  1938 15428 I sensors-hal: handle_sns_client_event:550, [0][5781] accel_sample [ 0.146, -0.151,  9.958] 185012389595858
06-11 07:05:27.273  2745  3177 D ActivityManager: freezing 6128 com.skms.android.agent:remote
06-11 07:05:27.303  2745  4736 I NSLocationMonitor: getGPSUsingApps() called
06-11 07:05:27.304  4710  4768 I NSLocationManager_FLP: getGPSUsingApps, No change
06-11 07:05:27.310  1938 15888 I sensors-hal: handle_sns_std_sensor_event:311, [SSC_LIGHT] P: 115(115),m:7,c:12,b:72,c0:5392,l:115,f(r):100,u(bl):100,j:105
06-11 07:05:27.324  2745  4736 D FreecessHandler: freeze com.worksoc.goaicoach(11444) result : 2
06-11 07:05:27.390  2034  2073 E HeatmapThread: ECT Thread time in milliseconds: 1781129127
06-11 07:05:27.390  2034  2073 D HeatmapThread: !@ batteryplugType : 0
06-11 07:05:27.390  2034  2073 D HeatmapThread: !@ batteryLevel : 0  batteryTemperature : 0 
06-11 07:05:27.390  2034  2073 D HeatmapThread: !@ Heatmap currtime: 29685485
06-11 07:05:27.390  2034  2073 D HeatmapThread: !@ Heatmap prevtime: 29685471
06-11 07:05:27.390  2034  2073 D HeatmapThread: !@ Heatmap plugstarttime: 35791394
06-11 07:05:27.390  2034  2073 D HeatmapThread: !@ Heatmap prevv_dsoh_update_time: 29682402
06-11 07:05:27.392  2034  2073 E HeatmapThread: !@Could not open '/efs/FactoryApp/bsoh', errno = 13
06-11 07:05:27.392  2034  2073 E HeatmapThread: !@ CAM Could not access BSOH EFS
06-11 07:05:27.392  2034  2073 E HeatmapThread: !@ CAM New BSOH: 0
06-11 07:05:27.610  1153  1153 D io_stats: !@   8,0 r 22655435 411340579 w 5870964 93075596 d 1576810 220339928 f 0 680735 iot 9194136 0 th 0 0 0 pt 0 inp 0 0 120981.145
06-11 07:05:27.831  1938 15434 I sensors-hal: handle_sns_client_event:527, [5546] mag_sample_cal: ts=185013061848514 ns; cal = [-6.425322, -41.037781, -60.994720], uncal = [-38.052780, -54.635689, -32.582115], bias = [-31.627459, -13.597909, 28.412607], status=3
06-11 07:05:27.940  1938 15436 I sensors-hal: handle_sns_std_sensor_event:138, [2770] Pressure 1008.504, cal 0.000, sw_offset 0.450
06-11 07:05:28.035  2745  3405 D WifiStaIfaceHidlImpl: getCachedScanData is not implemented by HIDL
06-11 07:05:28.074  2745  5646 D SemWifiUsabilityStatsMonitor: onWifiUsabilityStats - seqNum 9771, isSameBssidAndFreq true
06-11 07:05:28.391  2034  2073 E HeatmapThread: ECT Thread time in milliseconds: 1781129128
06-11 07:05:28.391  2034  2073 D HeatmapThread: !@ batteryplugType : 0
06-11 07:05:28.391  2034  2073 D HeatmapThread: !@ batteryLevel : 0  batteryTemperature : 0 
06-11 07:05:28.391  2034  2073 D HeatmapThread: !@ Heatmap currtime: 29685485
06-11 07:05:28.391  2034  2073 D HeatmapThread: !@ Heatmap prevtime: 29685471
06-11 07:05:28.392  2034  2073 D HeatmapThread: !@ Heatmap plugstarttime: 35791394
06-11 07:05:28.392  2034  2073 D HeatmapThread: !@ Heatmap prevv_dsoh_update_time: 29682402
06-11 07:05:28.392  2034  2073 E HeatmapThread: !@Could not open '/efs/FactoryApp/bsoh', errno = 13
06-11 07:05:28.392  2034  2073 E HeatmapThread: !@ CAM Could not access BSOH EFS
06-11 07:05:28.392  2034  2073 E HeatmapThread: !@ CAM New BSOH: 0
06-11 07:05:28.541  2745  3556 D NetdEventListenerService: DNS Requested by 169, 10393(org.telegram.messenger), 4(FAIL), isBlocked=true, 0ms
06-11 07:05:28.546  2745  3556 D NetdEventListenerService: DNS Requested by 169, 10393(org.telegram.messenger), 4(FAIL), isBlocked=true, 0ms
06-11 07:05:28.549  2745  3556 D NetdEventListenerService: DNS Requested by 169, 10393(org.telegram.messenger), 4(FAIL), isBlocked=true, 0ms
06-11 07:05:28.808  1946 17740 I HYPER-HAL: [RequestManager.cpp]releaseLocked(): Released ID : 3837860
06-11 07:05:28.896  2745  3528 D SemWifiEleStateTracker: Pressure Diff: 0.0018310547
06-11 07:05:28.896  2745  3528 D SemWifiEleStateTracker: Barometer value: Prev 1008.5087 Current 1008.51056 mSmallBaroDetected : false
06-11 07:05:29.255  1938 15428 I sensors-hal: handle_sns_client_event:550, [0][5801] accel_sample [ 0.147, -0.148,  9.957] 185014431207003
06-11 07:05:29.389  2034  2073 E HeatmapThread: ECT Thread time in milliseconds: 1781129129
06-11 07:05:29.390  2034  2073 D HeatmapThread: !@ batteryplugType : 0
06-11 07:05:29.390  2034  2073 D HeatmapThread: !@ batteryLevel : 0  batteryTemperature : 0 
06-11 07:05:29.390  2034  2073 D HeatmapThread: !@ Heatmap currtime: 29685485
06-11 07:05:29.390  2034  2073 D HeatmapThread: !@ Heatmap prevtime: 29685471
06-11 07:05:29.390  2034  2073 D HeatmapThread: !@ Heatmap plugstarttime: 35791394
06-11 07:05:29.390  2034  2073 D HeatmapThread: !@ Heatmap prevv_dsoh_update_time: 29682402
06-11 07:05:29.390  2034  2073 E HeatmapThread: !@Could not open '/efs/FactoryApp/bsoh', errno = 13
06-11 07:05:29.391  2034  2073 E HeatmapThread: !@ CAM Could not access BSOH EFS
06-11 07:05:29.391  2034  2073 E HeatmapThread: !@ CAM New BSOH: 0
06-11 07:05:29.438  2745  3556 D NetdEventListenerService: DNS Requested by 169, 10875(com.lgt.tmoney), SUCCESS, 1ms
06-11 07:05:29.611  1153  1153 D io_stats: !@   8,0 r 22655435 411340579 w 5871043 93075948 d 1576853 220340448 f 0 680743 iot 9194168 0 th 0 0 0 pt 0 inp 0 0 120983.146
06-11 07:05:29.611  1153  1153 D io_stats: !@ Read_top(KB): loop49(4925) 20
06-11 07:05:29.611  1153  1153 D io_stats: !@ Write_top(KB): loop49(4925) 28928 f2fs_ckpt-254:5(4519) 80 init(1) 28
06-11 07:05:29.831  1938 15434 I sensors-hal: handle_sns_client_event:527, [5566] mag_sample_cal: ts=185015061848514 ns; cal = [-6.326143, -41.163597, -59.608032], uncal = [-37.953602, -54.761505, -31.195423], bias = [-31.627459, -13.597909, 28.412607], status=3
06-11 07:05:29.942  1938 15436 I sensors-hal: handle_sns_std_sensor_event:138, [2780] Pressure 1008.511, cal 0.000, sw_offset 0.450
06-11 07:05:30.353  1938 15888 I sensors-hal: handle_sns_std_sensor_event:311, [SSC_LIGHT] P: 117(117),m:7,c:12,b:72,c0:5488,l:117,f(r):100,u(bl):100,j:108
06-11 07:05:30.389  2034  2073 E HeatmapThread: ECT Thread time in milliseconds: 1781129130
06-11 07:05:30.389  2034  2073 D HeatmapThread: !@ batteryplugType : 0
06-11 07:05:30.389  2034  2073 D HeatmapThread: !@ batteryLevel : 0  batteryTemperature : 0 
06-11 07:05:30.390  2034  2073 D HeatmapThread: !@ Heatmap currtime: 29685485
06-11 07:05:30.390  2034  2073 D HeatmapThread: !@ Heatmap prevtime: 29685471
06-11 07:05:30.390  2034  2073 D HeatmapThread: !@ Heatmap plugstarttime: 35791394
06-11 07:05:30.390  2034  2073 D HeatmapThread: !@ Heatmap prevv_dsoh_update_time: 29682402
06-11 07:05:30.390  2034  2073 E HeatmapThread: !@Could not open '/efs/FactoryApp/bsoh', errno = 13
06-11 07:05:30.390  2034  2073 E HeatmapThread: !@ CAM Could not access BSOH EFS
06-11 07:05:30.390  2034  2073 E HeatmapThread: !@ CAM New BSOH: 0
06-11 07:05:30.979  2745  3528 D SemWifiEleStateTracker: Pressure Diff: -0.010986328
06-11 07:05:30.979  2745  3528 D SemWifiEleStateTracker: Barometer value: Prev 1008.51056 Current 1008.4996 mSmallBaroDetected : false
06-11 07:05:31.175  2745  3405 D WifiStaIfaceHidlImpl: getCachedScanData is not implemented by HIDL
06-11 07:05:31.210  2745  5646 D SemWifiUsabilityStatsMonitor: onWifiUsabilityStats - seqNum 9772, isSameBssidAndFreq true
06-11 07:05:31.300  1938 15428 I sensors-hal: handle_sns_client_event:550, [0][5821] accel_sample [ 0.144, -0.151,  9.952] 185016472817628
06-11 07:05:31.388  2034  2073 E HeatmapThread: ECT Thread time in milliseconds: 1781129131
06-11 07:05:31.388  2034  2073 D HeatmapThread: !@ batteryplugType : 0
06-11 07:05:31.388  2034  2073 D HeatmapThread: !@ batteryLevel : 0  batteryTemperature : 0 
06-11 07:05:31.388  2034  2073 D HeatmapThread: !@ Heatmap currtime: 29685485
06-11 07:05:31.388  2034  2073 D HeatmapThread: !@ Heatmap prevtime: 29685471
06-11 07:05:31.389  2034  2073 D HeatmapThread: !@ Heatmap plugstarttime: 35791394
06-11 07:05:31.389  2034  2073 D HeatmapThread: !@ Heatmap prevv_dsoh_update_time: 29682402
06-11 07:05:31.389  2034  2073 E HeatmapThread: !@Could not open '/efs/FactoryApp/bsoh', errno = 13
06-11 07:05:31.389  2034  2073 E HeatmapThread: !@ CAM Could not access BSOH EFS
06-11 07:05:31.389  2034  2073 E HeatmapThread: !@ CAM New BSOH: 0
06-11 07:05:31.613  1153  1153 D io_stats: !@   8,0 r 22655456 411345955 w 5871045 93075956 d 1576853 220340448 f 0 680743 iot 9194228 0 th 0 0 0 pt 0 inp 0 0 120985.147
06-11 07:05:31.704 16149 17628 I NearbyMediums: No BLE Fast/GATT advertisements found in the latest cycle.
06-11 07:05:31.704 16149 17628 I NearbyMediums: Current Tracked Scanning Clients are : {NearbyConnections.EnvironmentMonitor, NearbyConnections.TxAdvertisement}
06-11 07:05:31.835  1938 15434 I sensors-hal: handle_sns_client_event:527, [5586] mag_sample_cal: ts=185017061848514 ns; cal = [-7.333693, -42.512474, -59.425407], uncal = [-38.961151, -56.110382, -31.012798], bias = [-31.627459, -13.597909, 28.412607], status=3
06-11 07:05:31.942  1938 15436 I sensors-hal: handle_sns_std_sensor_event:138, [2790] Pressure 1008.497, cal 0.000, sw_offset 0.450
06-11 07:05:32.186 15474 15474 I wpa_supplicant: Heartbeat 2371
06-11 07:05:32.388  2034  2073 E HeatmapThread: ECT Thread time in milliseconds: 1781129132
06-11 07:05:32.388  2034  2073 D HeatmapThread: !@ batteryplugType : 0
06-11 07:05:32.388  2034  2073 D HeatmapThread: !@ batteryLevel : 0  batteryTemperature : 0 
06-11 07:05:32.388  2034  2073 D HeatmapThread: !@ Heatmap currtime: 29685485
06-11 07:05:32.389  2034  2073 D HeatmapThread: !@ Heatmap prevtime: 29685471
06-11 07:05:32.389  2034  2073 D HeatmapThread: !@ Heatmap plugstarttime: 35791394
06-11 07:05:32.389  2034  2073 D HeatmapThread: !@ Heatmap prevv_dsoh_update_time: 29682402
06-11 07:05:32.389  2034  2073 E HeatmapThread: !@Could not open '/efs/FactoryApp/bsoh', errno = 13
06-11 07:05:32.389  2034  2073 E HeatmapThread: !@ CAM Could not access BSOH EFS
06-11 07:05:32.389  2034  2073 E HeatmapThread: !@ CAM New BSOH: 0
06-11 07:05:32.638  2745  3556 D NetdEventListenerService: DNS Requested by 169, 10257(com.android.chrome), 4(FAIL), isBlocked=true, 0ms
06-11 07:05:32.640 12835 12865 W chromium: [WARNING:components/sync/engine/syncer_proto_util.cc:430] Error posting from syncer: Response Code (bogus on error): -1 Content-Length (bogus on error): -1 Server Status: CONNECTION_UNAVAILABLE
06-11 07:05:32.641  2745  3556 D NetdEventListenerService: DNS Requested by 169, 10257(com.android.chrome), 4(FAIL), isBlocked=true, 0ms
06-11 07:05:32.642 12835 12865 E chromium: [ERROR:components/sync/engine/get_updates_processor.cc:270] PostClientToServerMessage() failed during GetUpdates with error Network error (ERR_INTERNET_DISCONNECTED)
06-11 07:05:32.661  2745  4736 I NSLocationMonitor: getGPSUsingApps() called
06-11 07:05:32.663  4710  4768 I NSLocationManager_FLP: getGPSUsingApps, No change
06-11 07:05:32.680  2745  4736 D FreecessHandler: freeze com.kakao.page(15010371) result : 2
06-11 07:05:32.910  1938 15888 I sensors-hal: handle_sns_std_sensor_event:311, [SSC_LIGHT] P: 118(118),m:7,c:12,b:72,c0:5568,l:118,f(r):100,u(bl):100,j:111
06-11 07:05:33.044  2745  3528 D SemWifiEleStateTracker: Pressure Diff: 0.0036621094
06-11 07:05:33.044  2745  3528 D SemWifiEleStateTracker: Barometer value: Prev 1008.4996 Current 1008.50323 mSmallBaroDetected : false
06-11 07:05:33.325  2745  4736 I NSLocationMonitor: getGPSUsingApps() called
06-11 07:05:33.327  4710  4768 I NSLocationManager_FLP: getGPSUsingApps, No change
06-11 07:05:33.338  1938 15428 I sensors-hal: handle_sns_client_event:550, [0][5841] accel_sample [ 0.142, -0.152,  9.954] 185018514427420
06-11 07:05:33.343  2745  4736 D FreecessHandler: freeze com.worksoc.goaicoach(11444) result : 2
06-11 07:05:33.389  2034  2073 E HeatmapThread: ECT Thread time in milliseconds: 1781129133
06-11 07:05:33.390  2034  2073 D HeatmapThread: !@ batteryplugType : 0
06-11 07:05:33.390  2034  2073 D HeatmapThread: !@ batteryLevel : 0  batteryTemperature : 0 
06-11 07:05:33.390  2034  2073 D HeatmapThread: !@ Heatmap currtime: 29685485
06-11 07:05:33.390  2034  2073 D HeatmapThread: !@ Heatmap prevtime: 29685471
06-11 07:05:33.390  2034  2073 D HeatmapThread: !@ Heatmap plugstarttime: 35791394
06-11 07:05:33.390  2034  2073 D HeatmapThread: !@ Heatmap prevv_dsoh_update_time: 29682402
06-11 07:05:33.391  2034  2073 E HeatmapThread: !@Could not open '/efs/FactoryApp/bsoh', errno = 13
06-11 07:05:33.391  2034  2073 E HeatmapThread: !@ CAM Could not access BSOH EFS
06-11 07:05:33.391  2034  2073 E HeatmapThread: !@ CAM New BSOH: 0
06-11 07:05:33.392  1938 15888 I sensors-hal: handle_sns_std_sensor_event:311, [SSC_LIGHT] P: 53(53),m:7,c:12,b:72,c0:2464,l:51,f(r):100,u(bl):100,j:45
06-11 07:05:33.583  1938 15886 I sensors-hal: handle_sns_client_event:185, auto_rotation_debug_2 mode,255, type,1,0 acc,0.148,-0.170,9.959, ar,0, ver,14, pedo,1,e,1,i,3
06-11 07:05:33.614  1153  1153 D io_stats: !@ Read_top(KB): loop49(4925) 5376
06-11 07:05:33.614  1153  1153 D io_stats: !@ Write_top(KB): kworker/u16:0(29237) 8
06-11 07:05:33.709  1938 15888 I sensors-hal: handle_sns_std_sensor_event:311, [SSC_LIGHT] P: 104(104),m:7,c:12,b:72,c0:5360,l:114,f(r):100,u(bl):100,j:94
06-11 07:05:33.752  2745  3556 D NetdEventListenerService: DNS Requested by 169, 10875(com.lgt.tmoney), SUCCESS, 1ms
06-11 07:05:33.832  1938 15434 I sensors-hal: handle_sns_client_event:527, [5606] mag_sample_cal: ts=185019061848514 ns; cal = [-5.983664, -41.740211, -60.846565], uncal = [-37.611122, -55.338120, -32.433960], bias = [-31.627459, -13.597909, 28.412607], status=3
06-11 07:05:33.940  1938 15436 I sensors-hal: handle_sns_std_sensor_event:138, [2800] Pressure 1008.511, cal 0.000, sw_offset 0.450
06-11 07:05:34.262  3693  3796 D SatelliteController: isInCarrierRoamingNbIotNtn: satellite is disabled
06-11 07:05:34.275  2745  3405 D WifiStaIfaceHidlImpl: getCachedScanData is not implemented by HIDL
06-11 07:05:34.308  2745  5646 D SemWifiUsabilityStatsMonitor: onWifiUsabilityStats - seqNum 9773, isSameBssidAndFreq true
06-11 07:05:34.361  2745  3534 D WifiConnectivityMonitor.NetworkStatsAnalyzer: Backhaul result - RSSI:-42, CE:35, PE:35, TI:44, PTI:44, TW:0, PTW:0, Tx:15, Rx:16, TxS:16, RxS:16, RESULT:true, IC:1, ICT:5, WC:8, WCT:5, R:3, RC:0, IE:0, EC:0
06-11 07:05:34.390  2034  2073 E HeatmapThread: ECT Thread time in milliseconds: 1781129134
06-11 07:05:34.390  2034  2073 D HeatmapThread: !@ batteryplugType : 0
06-11 07:05:34.391  2034  2073 D HeatmapThread: !@ batteryLevel : 0  batteryTemperature : 0 
06-11 07:05:34.391  2034  2073 D HeatmapThread: !@ Heatmap currtime: 29685485
06-11 07:05:34.391  2034  2073 D HeatmapThread: !@ Heatmap prevtime: 29685471
06-11 07:05:34.391  2034  2073 D HeatmapThread: !@ Heatmap plugstarttime: 35791394
06-11 07:05:34.392  2034  2073 D HeatmapThread: !@ Heatmap prevv_dsoh_update_time: 29682402
06-11 07:05:34.392  2034  2073 E HeatmapThread: !@Could not open '/efs/FactoryApp/bsoh', errno = 13
06-11 07:05:34.393  2034  2073 E HeatmapThread: !@ CAM Could not access BSOH EFS
06-11 07:05:34.393  2034  2073 E HeatmapThread: !@ CAM New BSOH: 0
06-11 07:05:34.859  2745 11711 I AfterimageCompensationService: AfcThread mLuminance : 98 , AfpcPeriodCount : 1651 , rotation : 0 , AOD : false
06-11 07:05:34.860  2745 11711 I SurfaceComposerClient: captureDisplay:Display-4630947232161729154
06-11 07:05:34.862  2062  3190 I SurfaceFlinger: Capture layer list: 	 Wallpaper BBQ wrapper 5_system#106(seamlessTransition:0)
06-11 07:05:34.862  2062  3190 I SurfaceFlinger: Capture layer list: 	 com.sec.android.app.launcher/com.sec.android.app.launcher.activities.LauncherActivity$_4527#24011(seamlessTransition:0)
06-11 07:05:34.862  2062  3190 I SurfaceFlinger: Capture layer list: 	 StatusBar$_4231#109(seamlessTransition:0)
06-11 07:05:34.862  2062  3190 I SurfaceFlinger: Capture layer list: 	 com.sec.android.app.launcher/com.samsung.app.honeyspace.edge.edgepanel.app.CocktailBarService$_4527#23988(seamlessTransition:0)
06-11 07:05:34.862  2062  3190 I SurfaceFlinger: Capture layer list: 	 NavigationBar0$_4231#107(seamlessTransition:0)
06-11 07:05:34.862  2062  3190 I SurfaceFlinger: Capture layer list: 	 com.samsung.android.spay.pay.HintService$_8154#24018(seamlessTransition:0)
06-11 07:05:34.862  2062  3190 I CompositionEngine: [setDisplaySize] size=(1080, 2316)
06-11 07:05:34.863  2062  3190 E HWComposer: getLuts: getLuts failed for display 4630947232161729154: UNSUPPORTED (8)
06-11 07:05:34.864  2062  2201 D RenderEngine: [SEC_SF_EFFECTS] drawLayersInternal,1483, Rendering layer ScreenCaptureFillLayer at index 0
06-11 07:05:34.864  2062  2201 D RenderEngine: [SEC_SF_EFFECTS] drawLayersInternal,1483, Rendering layer Wallpaper BBQ wrapper 5_system#106 at index 1
06-11 07:05:34.864  2062  2201 D RenderEngine: [SEC_SF_EFFECTS] drawLayersInternal,1483, Rendering layer com.sec.android.app.launcher/com.sec.android.app.launcher.activities.LauncherActivity$_4527#24011 at index 2
06-11 07:05:34.865  2062  2201 D RenderEngine: [SEC_SF_EFFECTS] drawLayersInternal,1483, Rendering layer StatusBar$_4231#109 at index 3
06-11 07:05:34.865  2062  2201 D RenderEngine: [SEC_SF_EFFECTS] drawLayersInternal,1483, Rendering layer com.sec.android.app.launcher/com.samsung.app.honeyspace.edge.edgepanel.app.CocktailBarService$_4527#23988 at index 4
06-11 07:05:34.865  2062  2201 D RenderEngine: [SEC_SF_EFFECTS] drawLayersInternal,1483, Rendering layer NavigationBar0$_4231#107 at index 5
06-11 07:05:34.865  2062  2201 D RenderEngine: [SEC_SF_EFFECTS] drawLayersInternal,1483, Rendering layer com.samsung.android.spay.pay.HintService$_8154#24018 at index 6
06-11 07:05:34.874  2745 11711 D system_server: mAFPC_Read - w = 1080, h = 2316, s = 8, f = 4, s_size = 10079232, luminance = 98, count = 1651, captureOrientation = 0
06-11 07:05:35.095  2745  3528 D SemWifiEleStateTracker: Pressure Diff: -0.008422852
06-11 07:05:35.095  2745  3528 D SemWifiEleStateTracker: Barometer value: Prev 1008.50323 Current 1008.4948 mSmallBaroDetected : false
06-11 07:05:35.380  1938 15428 I sensors-hal: handle_sns_client_event:550, [0][5861] accel_sample [ 0.140, -0.152,  9.959] 185020556036408
06-11 07:05:35.388  2034  2073 E HeatmapThread: ECT Thread time in milliseconds: 1781129135
06-11 07:05:35.388  2034  2073 D HeatmapThread: !@ batteryplugType : 0
06-11 07:05:35.388  2034  2073 D HeatmapThread: !@ batteryLevel : 0  batteryTemperature : 0 
06-11 07:05:35.388  2034  2073 D HeatmapThread: !@ Heatmap currtime: 29685485
06-11 07:05:35.388  2034  2073 D HeatmapThread: !@ Heatmap prevtime: 29685471
06-11 07:05:35.388  2034  2073 D HeatmapThread: !@ Heatmap plugstarttime: 35791394
06-11 07:05:35.388  2034  2073 D HeatmapThread: !@ Heatmap prevv_dsoh_update_time: 29682402
06-11 07:05:35.389  2034  2073 E HeatmapThread: !@Could not open '/efs/FactoryApp/bsoh', errno = 13
06-11 07:05:35.389  2034  2073 E HeatmapThread: !@ CAM Could not access BSOH EFS
06-11 07:05:35.389  2034  2073 E HeatmapThread: !@ CAM New BSOH: 0
06-11 07:05:35.616  1153  1153 D io_stats: !@   8,0 r 22655456 411345955 w 5871062 93076356 d 1576853 220340448 f 0 680743 iot 9194240 0 th 0 0 0 pt 0 inp 0 0 120989.151
06-11 07:05:35.833  1938 15434 I sensors-hal: handle_sns_client_event:527, [5626] mag_sample_cal: ts=185021061848648 ns; cal = [-5.576891, -39.822086, -62.079666], uncal = [-37.204350, -53.419994, -33.667061], bias = [-31.627459, -13.597909, 28.412607], status=3
06-11 07:05:35.941  1938 15436 I sensors-hal: handle_sns_std_sensor_event:138, [2810] Pressure 1008.501, cal 0.000, sw_offset 0.450
06-11 07:05:35.953  1938 15888 I sensors-hal: handle_sns_std_sensor_event:311, [SSC_LIGHT] P: 127(127),m:7,c:12,b:72,c0:5984,l:127,f(r):100,u(bl):100,j:120
06-11 07:05:36.390  2034  2073 E HeatmapThread: ECT Thread time in milliseconds: 1781129136
06-11 07:05:36.390  2034  2073 D HeatmapThread: !@ batteryplugType : 0
06-11 07:05:36.390  2034  2073 D HeatmapThread: !@ batteryLevel : 0  batteryTemperature : 0 
06-11 07:05:36.390  2034  2073 D HeatmapThread: !@ Heatmap currtime: 29685485
06-11 07:05:36.390  2034  2073 D HeatmapThread: !@ Heatmap prevtime: 29685471
06-11 07:05:36.390  2034  2073 D HeatmapThread: !@ Heatmap plugstarttime: 35791394
06-11 07:05:36.390  2034  2073 D HeatmapThread: !@ Heatmap prevv_dsoh_update_time: 29682402
06-11 07:05:36.391  2034  2073 E HeatmapThread: !@Could not open '/efs/FactoryApp/bsoh', errno = 13
06-11 07:05:36.391  2034  2073 E HeatmapThread: !@ CAM Could not access BSOH EFS
06-11 07:05:36.391  2034  2073 E HeatmapThread: !@ CAM New BSOH: 0
06-11 07:05:37.159  2745  3528 D SemWifiEleStateTracker: Pressure Diff: 0.011474609
06-11 07:05:37.159  2745  3528 D SemWifiEleStateTracker: Barometer value: Prev 1008.4948 Current 1008.5063 mSmallBaroDetected : false
06-11 07:05:37.364  2745  3405 D WifiStaIfaceHidlImpl: getCachedScanData is not implemented by HIDL
06-11 07:05:37.388  2034  2073 E HeatmapThread: ECT Thread time in milliseconds: 1781129137
06-11 07:05:37.388  2034  2073 D HeatmapThread: !@ batteryplugType : 0
06-11 07:05:37.388  2034  2073 D HeatmapThread: !@ batteryLevel : 0  batteryTemperature : 0 
06-11 07:05:37.388  2034  2073 D HeatmapThread: !@ Heatmap currtime: 29685485
06-11 07:05:37.388  2034  2073 D HeatmapThread: !@ Heatmap prevtime: 29685471
06-11 07:05:37.388  2034  2073 D HeatmapThread: !@ Heatmap plugstarttime: 35791394
06-11 07:05:37.388  2034  2073 D HeatmapThread: !@ Heatmap prevv_dsoh_update_time: 29682402
06-11 07:05:37.389  2034  2073 E HeatmapThread: !@Could not open '/efs/FactoryApp/bsoh', errno = 13
06-11 07:05:37.389  2034  2073 E HeatmapThread: !@ CAM Could not access BSOH EFS
06-11 07:05:37.389  2034  2073 E HeatmapThread: !@ CAM New BSOH: 0
06-11 07:05:37.400  2745  5646 D SemWifiUsabilityStatsMonitor: onWifiUsabilityStats - seqNum 9774, isSameBssidAndFreq true
06-11 07:05:37.421  1938 15428 I sensors-hal: handle_sns_client_event:550, [0][5881] accel_sample [ 0.143, -0.153,  9.951] 185022597644065
06-11 07:05:37.619  1153  1153 D io_stats: !@   8,0 r 22655482 411348647 w 5871062 93076356 d 1576853 220340448 f 0 680743 iot 9194280 0 th 0 0 0 pt 0 inp 0 0 120991.153
06-11 07:05:37.619  1153  1153 D io_stats: !@ Read_top(KB): loop49(4925) 2560 .gms.persistent(16149) 132
06-11 07:05:37.619  1153  1153 D io_stats: !@ Write_top(KB): kworker/u16:13(31454) 400
06-11 07:05:37.655  2745  2810 E Watchdog: !@Sync: 4029 heap(MB): 193 / 222 FD: 1584 [2026-06-11 07:05:37.655]
06-11 07:05:37.831  1938 15434 I sensors-hal: handle_sns_client_event:527, [5646] mag_sample_cal: ts=185023061848648 ns; cal = [-7.116793, -41.264698, -57.202782], uncal = [-38.744251, -54.862606, -28.790176], bias = [-31.627459, -13.597909, 28.412607], status=3
06-11 07:05:37.944  1938 15436 I sensors-hal: handle_sns_std_sensor_event:138, [2820] Pressure 1008.497, cal 0.000, sw_offset 0.450
06-11 07:05:38.072  2745  3556 D NetdEventListenerService: DNS Requested by 169, 10875(com.lgt.tmoney), SUCCESS, 1ms
06-11 07:05:38.389  2034  2073 E HeatmapThread: ECT Thread time in milliseconds: 1781129138
06-11 07:05:38.389  2034  2073 D HeatmapThread: !@ batteryplugType : 0
06-11 07:05:38.389  2034  2073 D HeatmapThread: !@ batteryLevel : 0  batteryTemperature : 0 
06-11 07:05:38.389  2034  2073 D HeatmapThread: !@ Heatmap currtime: 29685485
06-11 07:05:38.390  2034  2073 D HeatmapThread: !@ Heatmap prevtime: 29685471
06-11 07:05:38.390  2034  2073 D HeatmapThread: !@ Heatmap plugstarttime: 35791394
06-11 07:05:38.390  2034  2073 D HeatmapThread: !@ Heatmap prevv_dsoh_update_time: 29682402
06-11 07:05:38.390  2034  2073 E HeatmapThread: !@Could not open '/efs/FactoryApp/bsoh', errno = 13
06-11 07:05:38.390  2034  2073 E HeatmapThread: !@ CAM Could not access BSOH EFS
06-11 07:05:38.390  2034  2073 E HeatmapThread: !@ CAM New BSOH: 0
06-11 07:05:38.537  1930  1930 I android.hardware.health@2.1-service-samsung: updateLrpSysfs: write: 348
06-11 07:05:38.661  1930  1958 E BatteryDump: !@new_battery_dump : 3832,-204,100,100,56,350,343,368,351,0,348,463,0,Discharging,NO_CHARGING,None,Good,NONE,0,Normal,0,0,8700,0x40000000,0x10000,0x0,0,0,0000,0000,00000000,0,0,0,0,705,3848,5574,990,0,
06-11 07:05:38.685  2745  4736 I NSLocationMonitor: getGPSUsingApps() called
06-11 07:05:38.687  4710  4768 I NSLocationManager_FLP: getGPSUsingApps, No change
06-11 07:05:38.707  2745  4736 D FreecessHandler: freeze com.kakao.page(15010371) result : 2
06-11 07:05:38.898  4231  4330 D TileLifecycleManager: Unbinding service Intent { act=android.service.quicksettings.action.QS_TILE xflg=0x4 cmp=com.samsung.android.nfc/.quicktile.NfcTile (has extras) } UserHandle{0}
06-11 07:05:38.904  4231  4330 D TileLifecycleManager: Unbinding service Intent { act=android.service.quicksettings.action.QS_TILE xflg=0x4 cmp=kr.co.lylstudio.httpsguard/.UnicornTileService (has extras) } UserHandle{0}
06-11 07:05:38.905  4445  4445 D [NFC_SE]NfcTile: onUnBind()
06-11 07:05:38.909  2745  6506 I ActivityManager: Changes in 10470 5 to 10, 184 to 0
06-11 07:05:38.930  2062  2266 I VSyncReactor: Current= 60, Period= 60, Distance= 0
06-11 07:05:38.947  2062  2266 I VSyncReactor: Current= 60, Period= 60, Distance= 60
06-11 07:05:39.244  2745  3528 I SemWifiEleStateTracker: Ele Parameters BD : 13 13 13 13 13 13 MD : -93 -93 -93 -93 -94 -94 WD : -38 -39 -39 -39 -41 -38 GC : false false false false false false SC : false false false false false false SH : false false false false false false TB : false false false false false false
06-11 07:05:39.244  2745  3528 D SemWifiEleStateTracker: Pressure Diff: -0.004272461
06-11 07:05:39.244  2745  3528 D SemWifiEleStateTracker: Barometer value: Prev 1008.5063 Current 1008.502 mSmallBaroDetected : false
06-11 07:05:39.345  2745  4736 I NSLocationMonitor: getGPSUsingApps() called
06-11 07:05:39.347  4710  4768 I NSLocationManager_FLP: getGPSUsingApps, No change
06-11 07:05:39.364  2745  4736 D FreecessHandler: freeze com.worksoc.goaicoach(11444) result : 2
06-11 07:05:39.389  2034  2073 E HeatmapThread: ECT Thread time in milliseconds: 1781129139
06-11 07:05:39.389  2034  2073 D HeatmapThread: !@ batteryplugType : 0
06-11 07:05:39.389  2034  2073 D HeatmapThread: !@ batteryLevel : 0  batteryTemperature : 0 
06-11 07:05:39.389  2034  2073 D HeatmapThread: !@ Heatmap currtime: 29685485
06-11 07:05:39.389  2034  2073 D HeatmapThread: !@ Heatmap prevtime: 29685471
06-11 07:05:39.390  2034  2073 D HeatmapThread: !@ Heatmap plugstarttime: 35791394
06-11 07:05:39.390  2034  2073 D HeatmapThread: !@ Heatmap prevv_dsoh_update_time: 29682402
06-11 07:05:39.390  2034  2073 E HeatmapThread: !@Could not open '/efs/FactoryApp/bsoh', errno = 13
06-11 07:05:39.390  2034  2073 E HeatmapThread: !@ CAM Could not access BSOH EFS
06-11 07:05:39.390  2034  2073 E HeatmapThread: !@ CAM New BSOH: 0
06-11 07:05:39.466  1938 15428 I sensors-hal: handle_sns_client_event:550, [0][5901] accel_sample [ 0.146, -0.154,  9.955] 185024639250471
06-11 07:05:39.614 31133 31133 I ContactsProvider: [P] onTrimMemory-success
06-11 07:05:39.620  1153  1153 D io_stats: !@   8,0 r 22655482 411348647 w 5871115 93076572 d 1576882 220340736 f 0 680749 iot 9194308 0 th 0 0 0 pt 0 inp 0 0 120993.155
06-11 07:05:39.686 31133 31138 W d.process.acore: Reducing the number of considered missed Gc histogram windows from 110 to 100
06-11 07:05:39.835  1938 15434 I sensors-hal: handle_sns_client_event:527, [5666] mag_sample_cal: ts=185025061848648 ns; cal = [-6.397123, -41.428902, -58.504406], uncal = [-38.024582, -55.026810, -30.091799], bias = [-31.627459, -13.597909, 28.412607], status=3
06-11 07:05:39.940  1938 15436 I sensors-hal: handle_sns_std_sensor_event:138, [2830] Pressure 1008.519, cal 0.000, sw_offset 0.450
06-11 07:05:40.112  1938 15888 I sensors-hal: handle_sns_std_sensor_event:311, [SSC_LIGHT] P: 128(128),m:7,c:12,b:72,c0:6000,l:128,f(r):100,u(bl):100,j:118
06-11 07:05:40.390  2034  2073 E HeatmapThread: ECT Thread time in milliseconds: 1781129140
06-11 07:05:40.390  2034  2073 D HeatmapThread: !@ batteryplugType : 0
06-11 07:05:40.390  2034  2073 D HeatmapThread: !@ batteryLevel : 0  batteryTemperature : 0 
06-11 07:05:40.390  2034  2073 D HeatmapThread: !@ Heatmap currtime: 29685485
06-11 07:05:40.390  2034  2073 D HeatmapThread: !@ Heatmap prevtime: 29685471
06-11 07:05:40.390  2034  2073 D HeatmapThread: !@ Heatmap plugstarttime: 35791394
06-11 07:05:40.390  2034  2073 D HeatmapThread: !@ Heatmap prevv_dsoh_update_time: 29682402
06-11 07:05:40.391  2034  2073 E HeatmapThread: !@Could not open '/efs/FactoryApp/bsoh', errno = 13
06-11 07:05:40.391  2034  2073 E HeatmapThread: !@ CAM Could not access BSOH EFS
