--------- beginning of main
06-11 07:05:18.979  2062  2062 I SurfaceFlinger: [LayerHierarchy{RequestedLayerState{WallpaperWindowToken{398d736 showWhenLocked=false}#87 parentId=8 z=1} 1 children}] reparent to LayerHierarchy{RequestedLayerState{Leaf:1:1#8 parentId=7} 2 children}
06-11 07:05:18.979  2062  2062 I SurfaceFlinger: [LayerHierarchy{RequestedLayerState{Task=42699#20532 parentId=10 z=43} 2 children}] reparent to LayerHierarchy{RequestedLayerState{DefaultTaskDisplayArea_d0#10 parentId=9} 47 children}
06-11 07:05:18.979  2062  2062 I SurfaceFlinger: [LayerHierarchy{RequestedLayerState{Transition Root: Task=1#24014} 2 children}] reparent to OffscreenRoot
06-11 07:05:18.979  2062  2062 I SurfaceFlinger: [LayerHierarchy{RequestedLayerState{Transition Root: Task=1#24014} 2 children}] RelativeParent to null
06-11 07:05:18.979  2062  2062 I SurfaceFlinger: [LayerHierarchy{RequestedLayerState{TaskFragment{f1453e7 mode=fullscreen}#23989 parentId=20532 z=1} 2 children}] reparent to LayerHierarchy{RequestedLayerState{Task=42699#20532 parentId=10 z=43} 2 children}
06-11 07:05:18.979  4231  4231 D SystemUIService: SYSUI_RAM_OPTIMIZATION onTrimMemory=20
06-11 07:05:18.979  4231  4231 D CentralSurfaces: SYSUI_RAM_OPTIMIZATION onTrimMemory=20
06-11 07:05:18.980  4231  4364 D HWUI    : CacheManager::trimMemory(20)
06-11 07:05:18.981  4527  4527 I HoneySpace.AppTransitionAnimationAwait: proceed 1
06-11 07:05:18.981  2062  2062 I SurfaceFlinger: id=24014 Removed Transition Root: Task=1#24014 (341)
06-11 07:05:18.982  3322  3348 D HWUI    : CacheManager::trimMemory(20)
--------- beginning of system
06-11 07:05:18.984  2745  2805 I DisplayDeviceRepository: Display device changed render timings: "기본으로 제공되는 화면", renderFrameRate=60.000004, presentationDeadlineNanos=17666666, appVsyncOffsetNanos=16666666, frameRateOverrides=[]
06-11 07:05:18.984  2062  3191 I SurfaceFlinger: id=24016 Removed Surface(name=Task=42699)/@0xc9f0dc_transition-leash#24016 (341)
06-11 07:05:18.984  2062  3191 I SurfaceFlinger: id=24015 Removed Surface(name=Task=1)/@0xd5ecfae_transition-leash#24015 (341)
06-11 07:05:18.985  2745  2806 D SurfaceComposerClient: setCornerRadius ## e16f0c5 com.sec.android.app.launcher/com.sec.android.app.launcher.activities.LauncherActivity#187 cornerRadius=0.000000
06-11 07:05:18.985  4527  3903 I HoneySpace.Memory-Monitor: current state = 2, didTrim = false
06-11 07:05:18.986  4231  4231 D DisplayLifecycle: updateDisplay id = 0
06-11 07:05:18.986  2745  3095 I WindowManager: Relayout Window{3f54b8 u0 com.android.settings/com.android.settings.SubSettings}: viewVisibility=8 req=1080x2316 ty=1 d0
06-11 07:05:18.986  4231  4330 D StackScroller: onDisplayChanged for predraw skip to 2
06-11 07:05:18.986  2745  3095 D SurfaceComposerClient: setCornerRadius ## e16f0c5 com.sec.android.app.launcher/com.sec.android.app.launcher.activities.LauncherActivity#187 cornerRadius=0.000000
06-11 07:05:18.986  2745  6507 D WifiDisplayAdapter: isFitToActiveDisplayLocked : false
06-11 07:05:18.986  2745  3095 D SurfaceComposerClient: setCornerRadius ## e16f0c5 com.sec.android.app.launcher/com.sec.android.app.launcher.activities.LauncherActivity#187 cornerRadius=0.000000
06-11 07:05:18.987  2745  3095 I WindowManager: Relayout hash=3f54b8, pid=3322, syncId=-1: mAttrs={(0,0)(fillxfill) sim={adjust=resize forwardNavigation} layoutInDisplayCutoutMode=always ty=BASE_APPLICATION wanim=0x1030306
06-11 07:05:18.987  2745  3095 I WindowManager:   fl=81810100
06-11 07:05:18.987  2745  3095 I WindowManager:   pfl=100888c0
06-11 07:05:18.987  2745  3095 I WindowManager:   vsysui=2010
06-11 07:05:18.987  2745  3095 I WindowManager:   apr=18
06-11 07:05:18.987  2745  3095 I WindowManager:   bhv=1
06-11 07:05:18.987  2745  3095 I WindowManager:   fitSides=0
06-11 07:05:18.987  2745  3095 I WindowManager:   frameRateBoostOnTouch=true
06-11 07:05:18.987  2745  3095 I WindowManager:   dvrrWindowFrameRateHint=true naviIconColor=0
06-11 07:05:18.987  2745  3095 I WindowManager:   sfl=1}
06-11 07:05:18.990  3322  3322 I VRI[SubSettings]@ad59f4d: Relayout returned: old=(0,0,1080,2316) new=(0,0,1080,2316) relayoutAsync=false req=(1080,2316)8 dur=4 res=0x2 s={false 0x0} ch=true seqId=0
06-11 07:05:18.990  3322  3322 D VRI[SubSettings]@ad59f4d: Not drawing due to not visible. Reason=!mAppVisible && !mForceDecorViewVisibility
06-11 07:05:18.992  3322  3348 D HWUI    : CacheManager::trimMemory(20)
06-11 07:05:18.995  3322  3322 I VRI[SubSettings]@ad59f4d: stopped(true) old = false
06-11 07:05:18.995  3322  3322 D VRI[SubSettings]@ad59f4d: WindowStopped on com.android.settings/com.android.settings.SubSettings set to true
06-11 07:05:18.995  3322  3348 D HWUI    : CacheManager::trimMemory(20)
06-11 07:05:18.995  2062  2062 I SurfaceFlinger: RequestedLayer [com.android.settings/com.android.settings.SubSettings$_3322#24004] hidden!! flag  from(0) --> to(1)
06-11 07:05:18.995  2062  2062 I SurfaceFlinger: RequestedLayer [ActivityRecord{65616830 u0 com.android.settings/.SubSettings t42699}#24002] hidden!! flag  from(0) --> to(1)
06-11 07:05:18.995  2062  2062 I SurfaceFlinger: destroyed Transition Root: Task=1#24014 form LifecycleManager
06-11 07:05:18.995  2062  2062 I SurfaceFlinger: destroyed Surface(name=Task=1)/@0xd5ecfae_transition-leash#24015 form LifecycleManager
06-11 07:05:18.995  2062  2062 I SurfaceFlinger: destroyed Surface(name=Task=42699)/@0xc9f0dc_transition-leash#24016 form LifecycleManager
06-11 07:05:18.995  2062  2062 I SurfaceFlinger: id=24014 onLayerDestroyed from LayerHierarchyBuilder(RequestedLayerState{Transition Root: Task=1#24014 !handle})
06-11 07:05:18.995  2062  2062 I SurfaceFlinger: id=24015 onLayerDestroyed from LayerHierarchyBuilder(RequestedLayerState{Surface(name=Task=1)/@0xd5ecfae_transition-leash#24015 !handle z=6})
06-11 07:05:18.995  2062  2062 I SurfaceFlinger: id=24016 onLayerDestroyed from LayerHierarchyBuilder(RequestedLayerState{Surface(name=Task=42699)/@0xc9f0dc_transition-leash#24016 !handle z=7})
06-11 07:05:18.996  2062  2062 I Layer   : id=24014 Destroyed Transition Root: Task=1#24014
06-11 07:05:18.996  2062  2062 I Layer   : id=24015 Destroyed Surface(name=Task=1)/@0xd5ecfae_transition-leash#24015
06-11 07:05:18.997  2062  2062 I Layer   : id=24016 Destroyed Surface(name=Task=42699)/@0xc9f0dc_transition-leash#24016
06-11 07:05:19.000  3322  3322 D ActivityEmbeddingUtils: isEmbeddingActivityEnabled = true
06-11 07:05:19.001  2745  3095 I WindowManager: Relayout Window{3f54b8 u0 com.android.settings/com.android.settings.SubSettings}: viewVisibility=8 req=1080x2316 ty=1 d0
06-11 07:05:19.001  2745  3095 D SurfaceComposerClient: setCornerRadius ## e16f0c5 com.sec.android.app.launcher/com.sec.android.app.launcher.activities.LauncherActivity#187 cornerRadius=0.000000
06-11 07:05:19.002  2745  3095 D SurfaceComposerClient: setCornerRadius ## e16f0c5 com.sec.android.app.launcher/com.sec.android.app.launcher.activities.LauncherActivity#187 cornerRadius=0.000000
06-11 07:05:19.003  2745  3095 I WindowManager: Relayout hash=3f54b8, pid=3322, syncId=-1: mAttrs={(0,0)(fillxfill) sim={adjust=pan} layoutInDisplayCutoutMode=always ty=BASE_APPLICATION wanim=0x1030306
06-11 07:05:19.003  2745  3095 I WindowManager:   fl=81810100
06-11 07:05:19.003  2745  3095 I WindowManager:   pfl=10008840
06-11 07:05:19.003  2745  3095 I WindowManager:   vsysui=2010
06-11 07:05:19.003  2745  3095 I WindowManager:   apr=18
06-11 07:05:19.003  2745  3095 I WindowManager:   bhv=1
06-11 07:05:19.003  2745  3095 I WindowManager:   fitSides=0
06-11 07:05:19.003  2745  3095 I WindowManager:   frameRateBoostOnTouch=true
06-11 07:05:19.003  2745  3095 I WindowManager:   dvrrWindowFrameRateHint=true naviIconColor=0
06-11 07:05:19.003  2745  3095 I WindowManager:   sfl=1}
06-11 07:05:19.004  3322  3322 I VRI[SubSettings]@ad59f4d: Relayout returned: old=(0,0,1080,2316) new=(0,0,1080,2316) relayoutAsync=false req=(1080,2316)8 dur=2 res=0x2 s={false 0x0} ch=false seqId=0
06-11 07:05:19.005  2745  3095 E WindowManager: win=Window{3f54b8 u0 com.android.settings/com.android.settings.SubSettings} destroySurfaces: appStopped=true cleanupOnResume=false win.mWindowRemovalAllowed=false win.mRemoveOnExit=false win.mViewVisibility=8 caller=com.android.server.wm.ActivityRecord.destroySurfaces:25 com.android.server.wm.ActivityRecord.activityStopped:192 com.android.server.wm.ActivityClientController.activityStopped:97 android.app.IActivityClientController$Stub.onTransact:740 com.android.server.wm.ActivityClientController.onTransact:1 android.os.Binder.execTransactInternal:1462 android.os.Binder.execTransact:1401 
06-11 07:05:19.005  2745  2805 D SGM:FgCheckThread: getForegroundApp(), foregroundPkgName=com.sec.android.app.launcher
06-11 07:05:19.005  2745  3480 D BackgroundInstallControlService: Package event received: 0
06-11 07:05:19.005 10224 13340 I Routine@Core[4.9.07.7]: ActivityWatcherListenerImpl: onStopComponent: componentName - com.android.settings, userId: 0
06-11 07:05:19.006  2745  2805 D SGM:FgCheckThread: pkgName: com.android.settings is not in foreground
06-11 07:05:19.006  2745  2805 D SGM:FgCheckThread: noteStopComponent(), received pkgName: com.android.settings, focusedPkgName: com.sec.android.app.launcher, userId: 0
06-11 07:05:19.006 10224 13340 I Routine@Core[4.9.07.7]: Pref: putSharedPrefsData: key=condition_launch_app_data_resume_pkg, data.size=68
06-11 07:05:19.007  2745  2803 D SGM:GameManager: identifyForegroundApp. com.sec.android.app.launcher, mCurrentUserId: 0, callerUserId: 0
06-11 07:05:19.007  2745  2803 D SGM:SemGameManager: isForegroundGame(), ret=false
06-11 07:05:19.007 16303 16325 D Choreographer: BBA2 receive callback when in bg : 4
06-11 07:05:19.009  2745 27111 D PerProcessNandswap$NandswapMsgHandler: startNandswapProcess to-delay Cached-ppn com.worksoc.goaicoach
06-11 07:05:19.011  2368  2368 W wificond: Failed to get NL80211_ATTR_MAX_NUM_AKM_SUITES
06-11 07:05:19.011  2745  2745 I WALLPAPER_SVC:SemWallpaperManagerService: isHomeActivityVisible : true 
06-11 07:05:19.011  2745  2745 D WALLPAPER_SVC:WallpaperData: getWallpaperFile: file = /data/system/users/0/wallpaper_orig 
06-11 07:05:19.011  2745  2745 D WALLPAPER_SVC:WallpaperData: getWallpaperFile: file = /data/system/users/0/wallpaper_orig 
06-11 07:05:19.011  2368  2368 W wificond: Failed to get NL80211_ATTR_MAX_NUM_AKM_SUITES
06-11 07:05:19.011  8154 22641 I SAMSUNGWALLET: [Hint_ProcessStatusChange] fg Change, pid : 3322 , isNotify : true , isForeground : false , fg list : [4527]
06-11 07:05:19.012  2745  2745 D WALLPAPER_SVC:WallpaperManagerService: dispatchHomeVisibilityChanged: visible = true, connection = com.android.server.wallpaper.WallpaperManagerService$WallpaperConnection@f1f9b86, systemWallpaper = WallpaperData@336fba0, id: 2, which: 5, file mod: 0, info: null, engine(s): Proxy@b0d2aff, type = 0, userId = 0, uri= null, allowBackup= true, wallpaperComponent = ComponentInfo{com.android.systemui/com.android.systemui.wallpapers.ImageWallpaper}, nextWallpaperComponent = ComponentInfo{com.android.systemui/com.android.systemui.wallpapers.ImageWallpaper} 
06-11 07:05:19.012  2062  2062 I SurfaceFlinger: [LayerHierarchy{RequestedLayerState{com.android.settings/com.android.settings.SubSettings$_3322#24004} no children}] reparent to OffscreenRoot
06-11 07:05:19.012  2062  2062 I SurfaceFlinger: [LayerHierarchy{RequestedLayerState{com.android.settings/com.android.settings.SubSettings$_3322#24004} no children}] RelativeParent to null
06-11 07:05:19.012  4527  4527 I HoneySpace.WallpaperAnimator: destroyWallpaperSurface Surface(name=Surface(name=RemoteWallpaperAnim:1:1)/@0x36bc693 - animation-leash of remote_wallpaper)/@0x45999b1
06-11 07:05:19.012  2368  2368 W wificond: Failed to get NL80211_ATTR_MAX_NUM_AKM_SUITES
06-11 07:05:19.012  4527  4527 I HoneySpace.WallpaperAnimator: wallpaper animation end [115379862]
06-11 07:05:19.013 16303 16330 D HWUI    : CacheManager::trimMemory(40)
06-11 07:05:19.014  2368  2368 W wificond: Failed to get NL80211_ATTR_MAX_NUM_AKM_SUITES
06-11 07:05:19.014  2745  2803 D PkgPredictorService-SecIpmManagerServiceImpl: bg information pid:3322 uid:1000 pkgName:com.android.settings
06-11 07:05:19.015  2745  2803 D SGM:GameManager: identifyForegroundApp. com.sec.android.app.launcher, mCurrentUserId: 0, callerUserId: 0
06-11 07:05:19.015  4527 27686 I HoneySpace.LauncherProvider: call - com.samsung.android.spay, get_rotation_state, null
06-11 07:05:19.015  4527 27686 I HoneySpace.ExternalMethodItem: updateRefsItemsByEntryPoints. HoneySpaceInfo(name=OneUI, displayId=0)
06-11 07:05:19.015  2745  2803 D SGM:SemGameManager: isForegroundGame(), ret=false
06-11 07:05:19.017  8154 10818 I SAMSUNGWALLET: [Hint_PayHintService] mIsLauncherPortraitOnlyMode: true, mIsUserLock: false
06-11 07:05:19.019  8154 10818 I SAMSUNGWALLET: [Hint_SimpleHintProcessMonitor] isHomePackageRunning topPkgName = com.sec.android.app.launcher, topClsName = com.sec.android.app.launcher.Launcher, return true , se : true
06-11 07:05:19.020  8154  8154 I SAMSUNGWALLET: [Hint_PayHintService] Hint Status - already visible, skip show
06-11 07:05:19.021  2745  6506 I WindowManager: Cancelling animation restarting=false, leash=Surface(name=Surface(name=RemoteWallpaperAnim:1:1)/@0x36bc693 - animation-leash of remote_wallpaper)/@0xebc6b76
06-11 07:05:19.021  2745  6506 I WindowManager: Reparenting to original parent: Surface(name=OneHanded:0:14)/@0x41686d0, destroy=false, surface=Surface(name=RemoteWallpaperAnim:1:1)/@0x36bc693
06-11 07:05:19.021  2745  6506 D WindowManager: mRunner#onAnimationCancelled, leash=Surface(name=Surface(name=RemoteWallpaperAnim:1:1)/@0x36bc693 - animation-leash of remote_wallpaper)/@0xebc6b76, caller=com.android.server.wm.SurfaceAnimator.cancelAnimation:14 com.android.server.wm.SurfaceAnimator.cancelAnimation:1 com.android.server.wm.WindowContainer.cancelAnimation:3 com.android.server.wm.WindowManagerService.finishRemoteWallpaperAnimation:81 android.view.IWindowManager$Stub.onTransact:4336 
06-11 07:05:19.022  2745  6506 D WindowManager: finishRemoteWallpaperAnimation, success=true
06-11 07:05:19.022  4527 27686 I HoneySpace.WallpaperAnimator: onAnimationCancelled
06-11 07:05:19.029  2062  2062 I SurfaceFlinger: id=24004 Removed com.android.settings/com.android.settings.SubSettings$_3322#24004 (338)
06-11 07:05:19.034 17791 17791 I PeopleStripeManager: [PS] requestCloseCircleViews()
06-11 07:05:19.034 17791 17791 I PeopleStripeWindow: [PS] updateWindowParam : minimize=true,mLastMinimized=true,color0 blur true
06-11 07:05:19.035 17791 17791 I PeopleStripeVisibilityController: [PS] setEmoHistory enable=false
06-11 07:05:19.035 17791 17791 I PeopleStripeVisibilityController: [PS] isVisibleByAlwaysOn : mState = 1
06-11 07:05:19.036 17791 17791 W System.err: android.app.ActivityManager No method java.lang.NoSuchMethodException: android.app.ActivityManager.getRecentTasksForUser [int, int, int]
06-11 07:05:19.036 17791 17791 I android.app.ActivityManager: [PS] Cannot invoke there's no method reflection : getRecentTasksForUser
06-11 07:05:19.036 17791 17791 I PeopleStripeProcessManager: [PS] isPeopleStripeTask packageName = null 0
06-11 07:05:19.039 17791 17791 I com.samsung.android.multiwindow.MultiWindowStyle: [PS] Cannot invoke there's no method reflection : isCascade
06-11 07:05:19.039 17791 17791 I com.samsung.android.multiwindow.MultiWindowStyle: [PS] Cannot invoke there's no method reflection : isCascade
06-11 07:05:19.039 17791 17791 I com.samsung.android.multiwindow.MultiWindowStyle: [PS] Cannot invoke there's no method reflection : isCascade
06-11 07:05:19.039 17791 17791 I com.samsung.android.multiwindow.MultiWindowStyle: [PS] Cannot invoke there's no method reflection : isCascade
06-11 07:05:19.039 17791 17791 I com.samsung.android.multiwindow.MultiWindowStyle: [PS] Cannot invoke there's no method reflection : isCascade
06-11 07:05:19.039 17791 17791 I com.samsung.android.multiwindow.MultiWindowStyle: [PS] Cannot invoke there's no method reflection : isCascade
06-11 07:05:19.039 17791 17791 I com.samsung.android.multiwindow.MultiWindowStyle: [PS] Cannot invoke there's no method reflection : isCascade
06-11 07:05:19.039 17791 17791 I com.samsung.android.multiwindow.MultiWindowStyle: [PS] Cannot invoke there's no method reflection : isCascade
06-11 07:05:19.039 17791 17791 I com.samsung.android.multiwindow.MultiWindowStyle: [PS] Cannot invoke there's no method reflection : isCascade
06-11 07:05:19.039 17791 17791 I com.samsung.android.multiwindow.MultiWindowStyle: [PS] Cannot invoke there's no method reflection : isCascade
06-11 07:05:19.039 17791 17791 I PeopleStripeVisibilityController: [PS] updateStripeVisible : State 1 visible = 1
06-11 07:05:19.040 17791 17791 I PeopleHandlerManager: [PS] isExistVisibleHandler false
06-11 07:05:19.040 17791 17791 I PeopleStripeManager: [PS] showStripe Not exist noti handler.
06-11 07:05:19.040 17791 17791 I PeopleStripeWindow: [PS] updateWindowParam : minimize=true,mLastMinimized=true,color0 blur true
06-11 07:05:19.040 17791 17791 I PeopleStripeVisibilityController: [PS] setEmoHistory enable=false
06-11 07:05:19.040 17791 17791 I PeopleStripeVisibilityController: [PS] isVisibleByAlwaysOn : mState = 1
06-11 07:05:19.041 17791 17791 W System.err: android.app.ActivityManager No method java.lang.NoSuchMethodException: android.app.ActivityManager.getRecentTasksForUser [int, int, int]
06-11 07:05:19.041 17791 17791 I android.app.ActivityManager: [PS] Cannot invoke there's no method reflection : getRecentTasksForUser
06-11 07:05:19.041 17791 17791 I PeopleStripeProcessManager: [PS] isPeopleStripeTask packageName = null 0
06-11 07:05:19.045  1938 15428 I sensors-hal: handle_sns_client_event:550, [0][5701] accel_sample [-0.080, -1.925,  9.774] 185004223152316
06-11 07:05:19.045 17791 17791 I com.samsung.android.multiwindow.MultiWindowStyle: [PS] Cannot invoke there's no method reflection : isCascade
06-11 07:05:19.045 17791 17791 I com.samsung.android.multiwindow.MultiWindowStyle: [PS] Cannot invoke there's no method reflection : isCascade
06-11 07:05:19.045 17791 17791 I com.samsung.android.multiwindow.MultiWindowStyle: [PS] Cannot invoke there's no method reflection : isCascade
06-11 07:05:19.045 17791 17791 I com.samsung.android.multiwindow.MultiWindowStyle: [PS] Cannot invoke there's no method reflection : isCascade
06-11 07:05:19.045 17791 17791 I com.samsung.android.multiwindow.MultiWindowStyle: [PS] Cannot invoke there's no method reflection : isCascade
06-11 07:05:19.045  2062  2062 I SurfaceFlinger: destroyed com.android.settings/com.android.settings.SubSettings$_3322#24004 form LifecycleManager
06-11 07:05:19.045 17791 17791 I com.samsung.android.multiwindow.MultiWindowStyle: [PS] Cannot invoke there's no method reflection : isCascade
06-11 07:05:19.045 17791 17791 I com.samsung.android.multiwindow.MultiWindowStyle: [PS] Cannot invoke there's no method reflection : isCascade
06-11 07:05:19.045 17791 17791 I com.samsung.android.multiwindow.MultiWindowStyle: [PS] Cannot invoke there's no method reflection : isCascade
06-11 07:05:19.045  2062  2062 I SurfaceFlinger: [LayerHierarchy{RequestedLayerState{RemoteWallpaperAnim:1:1#7 parentId=4 z=1} 1 children}] reparent to LayerHierarchy{RequestedLayerState{OneHanded:0:14#4 parentId=3} 4 children}
06-11 07:05:19.045 17791 17791 I com.samsung.android.multiwindow.MultiWindowStyle: [PS] Cannot invoke there's no method reflection : isCascade
06-11 07:05:19.045 17791 17791 I com.samsung.android.multiwindow.MultiWindowStyle: [PS] Cannot invoke there's no method reflection : isCascade
06-11 07:05:19.045  2062  2062 I SurfaceFlinger: [LayerHierarchy{RequestedLayerState{Surface(name=RemoteWallpaperAnim:1:1)/@0x36bc693 - animation-leash of remote_wallpaper#24017 z=1} no children}] reparent to OffscreenRoot
06-11 07:05:19.045  2062  2062 I SurfaceFlinger: [LayerHierarchy{RequestedLayerState{Surface(name=RemoteWallpaperAnim:1:1)/@0x36bc693 - animation-leash of remote_wallpaper#24017 z=1} no children}] RelativeParent to null
06-11 07:05:19.045  2062  2062 I SurfaceFlinger: id=24004 onLayerDestroyed from LayerHierarchyBuilder(RequestedLayerState{com.android.settings/com.android.settings.SubSettings$_3322#24004 !handle})
06-11 07:05:19.045 17791 17791 I PeopleStripeVisibilityController: [PS] updateStripeVisible : State 1 visible = 1
06-11 07:05:19.045 17791 17791 I PeopleHandlerManager: [PS] isExistVisibleHandler false
06-11 07:05:19.045 17791 17791 I PeopleStripeManager: [PS] showStripe Not exist noti handler.
06-11 07:05:19.046 17791 17791 I AbstractProxyReflection: [PS] Equals method 
06-11 07:05:19.046  2062  2062 I Layer   : id=24004 Destroyed com.android.settings/com.android.settings.SubSettings$_3322#24004
06-11 07:05:19.047  2745  6506 W CocktailBarStatePolicyController: updateWindowType: current window type is requested window type(1)
06-11 07:05:19.047  2062  2062 I SurfaceFlinger: id=24017 Removed Surface(name=RemoteWallpaperAnim:1:1)/@0x36bc693 - animation-leash of remote_wallpaper#24017 (337)
06-11 07:05:19.047  2745  6506 I WindowManager: Relayout Window{83005ae u0 com.samsung.android.service.peoplestripe/android.view.WindowManager$LayoutParams}: viewVisibility=8 req=39x2190 ty=2226 d0
06-11 07:05:19.048  2745  6506 D SurfaceComposerClient: setCornerRadius ## e16f0c5 com.sec.android.app.launcher/com.sec.android.app.launcher.activities.LauncherActivity#187 cornerRadius=0.000000
06-11 07:05:19.049  2745  6506 D SurfaceComposerClient: setCornerRadius ## e16f0c5 com.sec.android.app.launcher/com.sec.android.app.launcher.activities.LauncherActivity#187 cornerRadius=0.000000
06-11 07:05:19.050  2745  6506 I WindowManager: Relayout hash=83005ae, pid=17791, syncId=-1: mAttrs={(0,0)(39xfill) gr=END CENTER_HORIZONTAL sim={adjust=pan forwardNavigation} ty=2226 fmt=TRANSLUCENT
06-11 07:05:19.050  2745  6506 I WindowManager:   fl=1800328
06-11 07:05:19.050  2745  6506 I WindowManager:   vsysui=2010
06-11 07:05:19.050  2745  6506 I WindowManager:   apr=18
06-11 07:05:19.050  2745  6506 I WindowManager:   bhv=1
06-11 07:05:19.050  2745  6506 I WindowManager:   fitTypes=206
06-11 07:05:19.050  2745  6506 I WindowManager:   frameRateBoostOnTouch=true
06-11 07:05:19.050  2745  6506 I WindowManager:   dvrrWindowFrameRateHint=true
06-11 07:05:19.050  2745  6506 I WindowManager:  dimAmount=0.0 naviIconColor=0}
06-11 07:05:19.051 17791 17791 I VRI[WindowManager$LayoutParams]@81bd120: Relayout returned: old=(1041,0,1080,2190) new=(1041,0,1080,2190) relayoutAsync=false req=(39,2190)8 dur=4 res=0x0 s={false 0x0} ch=false seqId=0
06-11 07:05:19.052 17791 17791 I AbstractProxyReflection: [PS] Equals method 
06-11 07:05:19.053  2745  6506 W CocktailBarStatePolicyController: updateWindowType: current window type is requested window type(1)
06-11 07:05:19.062  2062  2062 I SurfaceFlinger: destroyed Surface(name=RemoteWallpaperAnim:1:1)/@0x36bc693 - animation-leash of remote_wallpaper#24017 form LifecycleManager
06-11 07:05:19.062  2062  2062 I SurfaceFlinger: id=24017 onLayerDestroyed from LayerHierarchyBuilder(RequestedLayerState{Surface(name=RemoteWallpaperAnim:1:1)/@0x36bc693 - animation-leash of remote_wallpaper#24017 !handle z=1})
06-11 07:05:19.063  2745  6506 I WindowManager: Relayout Window{83005ae u0 com.samsung.android.service.peoplestripe/android.view.WindowManager$LayoutParams}: viewVisibility=8 req=39x2190 ty=2226 d0
06-11 07:05:19.063  2745  6506 D SurfaceComposerClient: setCornerRadius ## e16f0c5 com.sec.android.app.launcher/com.sec.android.app.launcher.activities.LauncherActivity#187 cornerRadius=0.000000
06-11 07:05:19.063  2062  2062 I Layer   : id=24017 Destroyed Surface(name=RemoteWallpaperAnim:1:1)/@0x36bc693 - animation-leash of remote_wallpaper#24017
06-11 07:05:19.063  2745  6506 D SurfaceComposerClient: setCornerRadius ## e16f0c5 com.sec.android.app.launcher/com.sec.android.app.launcher.activities.LauncherActivity#187 cornerRadius=0.000000
06-11 07:05:19.064  2745  6506 I WindowManager: Relayout hash=83005ae, pid=17791, syncId=-1: mAttrs={(0,0)(39xfill) gr=END CENTER_HORIZONTAL sim={adjust=pan forwardNavigation} ty=2226 fmt=TRANSLUCENT
06-11 07:05:19.064  2745  6506 I WindowManager:   fl=1800328
06-11 07:05:19.064  2745  6506 I WindowManager:   vsysui=2010
06-11 07:05:19.064  2745  6506 I WindowManager:   apr=18
06-11 07:05:19.064  2745  6506 I WindowManager:   bhv=1
06-11 07:05:19.064  2745  6506 I WindowManager:   fitTypes=206
06-11 07:05:19.064  2745  6506 I WindowManager:   frameRateBoostOnTouch=true
06-11 07:05:19.064  2745  6506 I WindowManager:   dvrrWindowFrameRateHint=true
06-11 07:05:19.064  2745  6506 I WindowManager:  dimAmount=0.0 naviIconColor=0}
06-11 07:05:19.065 17791 17791 I VRI[WindowManager$LayoutParams]@81bd120: Relayout returned: old=(1041,0,1080,2190) new=(1041,0,1080,2190) relayoutAsync=false req=(39,2190)8 dur=3 res=0x0 s={false 0x0} ch=false seqId=0
06-11 07:05:19.122  7599  9044 I SDHMS:x : SIOP:: AP:401 BAT:351 USB:343 CHG:379 PA:390 WIFI:385 CF:361 BLK:0 SUBBAT:0 SKIN:351 SKINF:351 SKINB:349 LRP:351 LRP2:351 LRF2:351 LRB2:349 AP2:351 CHG2:348 WIFI2:349 UANT2:348 RCV2:346 SPK2:333 FCAM:342 UPSPK:365 DNSPK:341 AMB:280 AVGCUR:-438 POWER:-1684
06-11 07:05:19.139  2745  3429 D MdnieScenarioControlService:  packageName : com.sec.android.app.launcher    className : com.sec.android.app.launcher.Launcher
06-11 07:05:19.140  2745  3429 V MdnieScenarioControlService: setUIMode from UI function(3)
06-11 07:05:19.194  8779  8779 I InputMethodService: removeImeSurface
06-11 07:05:19.194  8779  8779 I InputMethodService: cancelImeSurfaceRemoval: removeCallbacks
06-11 07:05:19.243  2745  3429 V MdnieScenarioControlService: mAclOffEnabled : false
06-11 07:05:19.311  1946 17858 I HYPER-HAL: [RequestManager.cpp]releaseLocked(): Released ID : 3826782
06-11 07:05:19.314  3048  3652 I LOWI-9.0.1.67: [LOWI-Scan] lowi_close_record:Scan done in 184945886ms, 1 APs in scan results
06-11 07:05:19.315  2745  6506 D WifiNl80211Manager: Scan result ready event
06-11 07:05:19.318  2745  6506 D WifiNative: Scan result ready event
06-11 07:05:19.322  2745  3409 D WificondScannerImpl: Filtering out 1 scan results.
06-11 07:05:19.323  2745  3488 V SemWifiScanPool: updateScanResult, partial scan:0 configKeys: 15 pool_bssid:141 pool_configKeys:22
06-11 07:05:19.326  2745  4409 D SLocation: LocationProviderStatus - try to update provider status (GPS/NLP)
06-11 07:05:19.326  2745  4409 D SLocation: LocationProviderStatus - set isGpsOn : true, isNlpOn : true
06-11 07:05:19.327  2745  4409 D SLocation: LocationProviderStatus - gps & nlp status not changed
06-11 07:05:19.328  2745  4409 D SLocation: GeofenceCoreManager - geofence core command pending size : 2
06-11 07:05:19.328  2745  4409 D SLocation: GeofenceCoreRecovery - removeGeofenceInfo id = 15000
06-11 07:05:19.328  2745  4409 D SLocation: SLocationCoreSem - send to coreSem, packet length : 3 / [17, 58, 152]
06-11 07:05:19.328  2745  4409 D SemContextLocationCoreAttribute: setAttribute() mode : 0 action : 23
06-11 07:05:19.328  2745  4409 D SemContextService: lock : changeParameters
06-11 07:05:19.328  2745  4409 D SemContext.CaeProvider.LocationCoreImpl: setAttribute() mode : 0 action : 23
06-11 07:05:19.329  2745  4409 W CAE     : setCAProperty(ContextAwareService.java:509) - [setProperty 01] Mutex is locked for SLOCATION_RUNNER
06-11 07:05:19.329  2745  4409 I CAE     : setPropertyValue(SLocationRunner.java:116) - SLocationRunner setProperty header : 17, len : 3
06-11 07:05:19.330  2745  3392 D SensorService: setSContextDataLocked ints length 3 , byte length 6
06-11 07:05:19.330  2745  3392 D SensorService: setSContextDataLocked 113717c1
06-11 07:05:19.331  1938  1938 I sensors-hal: inject_sensor_data:555, handle 1501 send inject
06-11 07:05:19.331  1938  1938 I sensors-hal: sendContextData:285, sensor hal 6, (0xc1, 0x17, 0x37, 0x11)
06-11 07:05:19.331  1938  1938 E sensors-hal: sendContextData:131, slocationcore h 193 m 23 s 55
06-11 07:05:19.331  1938  1938 I sensors-hal: sendUserData:117, slocationcore sendUserData
06-11 07:05:19.331  1938  1938 E sensors-hal: create_send_context_data:62, slocationcore create_send_context_data
06-11 07:05:19.331  1938  1938 I sensors-hal: send_context_data:618, slocationcore, 4986366670857974562, 1320970896291267344, msgid:700
06-11 07:05:19.333  2745  4409 W CAE     : setCAProperty(ContextAwareService.java:515) - [setProperty 02] Mutex is unlocked for SLOCATION_RUNNER
06-11 07:05:19.333  2745  4409 D SemContextService: unlock : changeParameters
06-11 07:05:19.333  2745  4409 D SemContextManager:   .changeParameters : listener = Z.i@2e06d4c, service=SLocation Core
06-11 07:05:19.333  2745  4409 D SLocation: GeofenceCoreManager - geofence core command pending size : 1
06-11 07:05:19.333  2745  4409 D SLocation: GeofenceCoreRecovery - storeGeofenceInfo 1 id = 15000, radius = 7869
06-11 07:05:19.334  2745  4409 D SLocation: SLocationCoreSem - send to coreSem, packet length : 16 / [16, 58, 152, 22, 98, 230, 54, 75, 165, 20, 98, 0, 0, 30, 189, 1]
06-11 07:05:19.334  2745  4409 D SemContextLocationCoreAttribute: setAttribute() mode : 0 action : 23
06-11 07:05:19.334  2745  4409 D SemContextService: lock : changeParameters
06-11 07:05:19.334  2745  4409 D SemContext.CaeProvider.LocationCoreImpl: setAttribute() mode : 0 action : 23
06-11 07:05:19.334  2745  4409 W CAE     : setCAProperty(ContextAwareService.java:509) - [setProperty 01] Mutex is locked for SLOCATION_RUNNER
06-11 07:05:19.335  2745  4409 I CAE     : setPropertyValue(SLocationRunner.java:116) - SLocationRunner setProperty header : 16, len : 16
06-11 07:05:19.336  2745  3392 D SensorService: setSContextDataLocked ints length 6 , byte length 19
06-11 07:05:19.336  2745  3392 D SensorService: setSContextDataLocked 103717c1
06-11 07:05:19.336  1938 15177 I sensors-hal: ssc_conn_resp_cb:833, resp_value = 0
06-11 07:05:19.336  1938  1938 I sensors-hal: inject_sensor_data:555, handle 1501 send inject
06-11 07:05:19.336  1938  1938 I sensors-hal: sendContextData:285, sensor hal 19, (0xc1, 0x17, 0x37, 0x10)
06-11 07:05:19.336  1938  1938 E sensors-hal: sendContextData:131, slocationcore h 193 m 23 s 55
06-11 07:05:19.337  1938  1938 I sensors-hal: sendUserData:117, slocationcore sendUserData
06-11 07:05:19.337  1938  1938 E sensors-hal: create_send_context_data:62, slocationcore create_send_context_data
06-11 07:05:19.337  1938  1938 I sensors-hal: send_context_data:618, slocationcore, 4986366670857974562, 1320970896291267344, msgid:700
06-11 07:05:19.337  1938 15177 E sensors-hal: handle_sns_client_event:76, slocationcore_event: msgid:1025
06-11 07:05:19.338  2745  4409 W CAE     : setCAProperty(ContextAwareService.java:515) - [setProperty 02] Mutex is unlocked for SLOCATION_RUNNER
06-11 07:05:19.338  2745  4409 D SemContextService: unlock : changeParameters
06-11 07:05:19.338  2745  4409 D SemContextManager:   .changeParameters : listener = Z.i@2e06d4c, service=SLocation Core
06-11 07:05:19.340  1938 15177 E sensors-hal: handle_sns_client_event:76, slocationcore_event: msgid:1025
06-11 07:05:19.341 17791 17791 I PeopleHandlerManager: [PS] isExistVisibleHandler false
06-11 07:05:19.341  1938 15177 I sensors-hal: ssc_conn_resp_cb:833, resp_value = 0
06-11 07:05:19.341 17791 17791 I PeopleStripeManager: [PS] hidePeopleUI
06-11 07:05:19.341  1938 15177 E sensors-hal: handle_sns_client_event:76, slocationcore_event: msgid:1025
06-11 07:05:19.342  2745  3386 D CAE     : onGetSensorHubData(SensorHubParserProvider.java:92) - onGetSensorHubData Event [event buffer len :36], AP_WAKEUP
06-11 07:05:19.342  2745  3386 I CAE     : parse(SensorHubParserProvider.java:188) - buffer size = 36
06-11 07:05:19.342  2745  3386 I CAE     : parse(SensorHubParserProvider.java:199) - 1, 1, 55, 0, 31, 5, 7, 2, 0, 0, 0, 0, 4, -67, 38, 104, 5, 1, 0, 0, 0, 100, 4, -67, 38, 104, 7, 2, 0, 0, 0, 10, 4, -67, 77, 120,
06-11 07:05:19.343  2745  3386 I CAE     : parse(SLocationRunner.java:88) - SLocationRunner parse start : 3
06-11 07:05:19.343  2745  3386 D CAE     : display(ContextProvider.java:375) - ================= SLOCATION_RUNNER =================
06-11 07:05:19.343  2745  3386 I CAE     : display(ContextProvider.java:391) - ExtraDataArray=[1, 1, 55, 0, 31, 5, 7, 2, 0, 0, 0, 0, 4, -67, 38, 104, 5, 1, 0, 0, 0, 100, 4, -67, 38, 104, 7, 2, 0, 0, 0, 10, 4, -67, 77, 120]
06-11 07:05:19.343  2745  3386 I CAE     : parse(SLocationRunner.java:96) - SLocationRunner parse end:36
06-11 07:05:19.343  2745  3386 D CAE     : onGetSensorHubData(SensorHubParserProvider.java:92) - onGetSensorHubData Event [event buffer len :10], AP_WAKEUP
06-11 07:05:19.344  2745  3386 I CAE     : parse(SensorHubParserProvider.java:188) - buffer size = 10
06-11 07:05:19.344  2745  3386 I CAE     : parse(SensorHubParserProvider.java:199) - 1, 1, 55, 0, 5, 2, 17, 0, 58, -104,
06-11 07:05:19.344  2745  3386 I CAE     : parse(SLocationRunner.java:88) - SLocationRunner parse start : 3
06-11 07:05:19.344  2745  3386 D CAE     : display(ContextProvider.java:375) - ================= SLOCATION_RUNNER =================
06-11 07:05:19.344  2745  3386 I CAE     : display(ContextProvider.java:391) - ExtraDataArray=[1, 1, 55, 0, 5, 2, 17, 0, 58, -104]
06-11 07:05:19.344  2745  3386 I CAE     : parse(SLocationRunner.java:96) - SLocationRunner parse end:10
06-11 07:05:19.345  2745  3383 D SemContextService: Service.updateContext() : service = SLocation Core
06-11 07:05:19.345  2745  3386 D CAE     : onGetSensorHubData(SensorHubParserProvider.java:92) - onGetSensorHubData Event [event buffer len :10], AP_WAKEUP
06-11 07:05:19.345  2745  3386 I CAE     : parse(SensorHubParserProvider.java:188) - buffer size = 10
06-11 07:05:19.345  2745  3386 I CAE     : parse(SensorHubParserProvider.java:199) - 1, 1, 55, 0, 5, 2, 16, 0, 58, -104,
06-11 07:05:19.345  2745  3386 I CAE     : parse(SLocationRunner.java:88) - SLocationRunner parse start : 3
06-11 07:05:19.345  2745  3386 D CAE     : display(ContextProvider.java:375) - ================= SLOCATION_RUNNER =================
06-11 07:05:19.345  2745  3386 I CAE     : display(ContextProvider.java:391) - ExtraDataArray=[1, 1, 55, 0, 5, 2, 16, 0, 58, -104]
06-11 07:05:19.346  2745  3383 D SemContextService: Service.updateContext() : service = SLocation Core
06-11 07:05:19.346  2745  3386 I CAE     : parse(SLocationRunner.java:96) - SLocationRunner parse end:10
06-11 07:05:19.346  2745  2745 D SemContextManager: onSemContextChanged() : event = SLocation Core
06-11 07:05:19.346  2745  2745 D SLocation: SensorHubWrapper - SemContextChanged type = 47, packet received
06-11 07:05:19.346  2745  3383 D SemContextService: Service.updateContext() : service = SLocation Core
06-11 07:05:19.346  2745  2745 D SemContextManager: onSemContextChanged() : event = SLocation Core
06-11 07:05:19.346  2745  2745 D SLocation: SensorHubWrapper - SemContextChanged type = 47, packet received
06-11 07:05:19.346 17791 17791 I PeopleHandlerManager: [PS] isExistVisibleHandler false
06-11 07:05:19.347 17791 17791 I PeopleStripeManager: [PS] hidePeopleUI
06-11 07:05:19.347  2745  2745 D SemContextManager: onSemContextChanged() : event = SLocation Core
06-11 07:05:19.347  2745  2745 D SLocation: SensorHubWrapper - SemContextChanged type = 47, packet received
06-11 07:05:19.347  2745  4409 D SLocation: GeofenceCoreManager - received Extra Data from core, len : 31
06-11 07:05:19.348  2745  4409 D SLocation: CommonCoreManager - received Extra Data from core, len : 31
06-11 07:05:19.349  2745  4409 D SLocation: GeofenceCoreManager - received Extra Data from core, len : 5
06-11 07:05:19.349  2745  4409 D SLocation: GeofenceCoreManager - handleCommandCallback - GEOFENCE_REMOVE SUCCESS
06-11 07:05:19.349  2745  4409 I SLocation: SHardwareManager - handleRemoveCallback : GEOFENCE_SUCCESS, id = 15000
06-11 07:05:19.350  2745  4409 D SLocation: CommonCoreManager - received Extra Data from core, len : 5
06-11 07:05:19.350  2745  4409 D SLocation: GeofenceCoreManager - received Extra Data from core, len : 5
06-11 07:05:19.350  2745  4409 D SLocation: GeofenceCoreManager - handleCommandCallback - GEOFENCE_ADD SUCCESS
06-11 07:05:19.350  2745  4409 I SLocation: SHardwareManager - handleAddCallback : GEOFENCE_SUCCESS id = 15000
06-11 07:05:19.350  2745  4409 D SLocation: CommonCoreManager - received Extra Data from core, len : 5
06-11 07:05:19.364  2745  3405 D WifiStaIfaceHidlImpl: getCachedScanData is not implemented by HIDL
06-11 07:05:19.375  1942  1942 D WifiHAL : Start debug command
06-11 07:05:19.375  1942  1942 D WifiHAL : In DebugCommand::handleResponse, mType:4
06-11 07:05:19.375  1942  1942 D WifiHAL : len = 4, expected len = 4
06-11 07:05:19.380  2745  3405 I HalDevMgr: bestIfaceCreationProposal is null, requestIface=STA, existingIface=[name=wlan0 type=STA]
06-11 07:05:19.388  2034  2073 E HeatmapThread: ECT Thread time in milliseconds: 1781129119
06-11 07:05:19.388  2034  2073 D HeatmapThread: !@ batteryplugType : 0
06-11 07:05:19.388  2034  2073 D HeatmapThread: !@ batteryLevel : 0  batteryTemperature : 0 
06-11 07:05:19.388  2034  2073 D HeatmapThread: !@ Heatmap currtime: 29685485
06-11 07:05:19.388  2034  2073 D HeatmapThread: !@ Heatmap prevtime: 29685471
06-11 07:05:19.388  2034  2073 D HeatmapThread: !@ Heatmap plugstarttime: 35791394
06-11 07:05:19.389  2034  2073 D HeatmapThread: !@ Heatmap prevv_dsoh_update_time: 29682402
06-11 07:05:19.389  2034  2073 E HeatmapThread: !@Could not open '/efs/FactoryApp/bsoh', errno = 13
06-11 07:05:19.389  2034  2073 E HeatmapThread: !@ CAM Could not access BSOH EFS
06-11 07:05:19.389  2034  2073 E HeatmapThread: !@ CAM New BSOH: 0
06-11 07:05:19.601  1153  1153 D io_stats: !@   8,0 r 22655428 411340539 w 5870864 93046204 d 1576810 220339928 f 0 680735 iot 9194008 0 th 0 0 0 pt 0 inp 0 0 120973.136
06-11 07:05:19.625  4030  4625 W l2c_ble : system/stack/l2cap/l2c_ble.cc:111 l2cble_notify_le_connection: 
06-11 07:05:19.626  4030  4625 W l2c_ble : system/stack/l2cap/l2c_ble.cc:111 l2cble_notify_le_connection: 
06-11 07:05:19.626  4030  5321 W bt_btif_gattc: system/btif/src/btif_gatt_client.cc:224 btif_gattc_upstreams_evt: Event BTA_GATTC_NOTIF_EVT [10]
06-11 07:05:19.627  4030  5321 W bt_btif_gattc: system/btif/src/btif_gatt_client.cc:224 btif_gattc_upstreams_evt: Event BTA_GATTC_NOTIF_EVT [10]
06-11 07:05:19.630  7492  7302 I [AirCmd]_BleDriver: GattCallback : onCharacteristicChanged : D2.d@689e96c / UUID_CHARGE_STATUS, RAWDATA : [0]
06-11 07:05:19.631  7492  7302 I [AirCmd]_SpenCommonDriver: onCharacteristicChanged : Charge:DISCHARGING
06-11 07:05:19.631  7492  7302 I [AirCmd]_BleSpenGenericChargeController: onChargeStateChanged : spenInstanceId=BUILTIN, chargeState=DISCHARGING
06-11 07:05:19.632  7492  7302 I [AirCmd]_BleDriver: GattCallback : onCharacteristicChanged : D2.d@689e96c / UUID_BATTERY_LEVEL, RAWDATA : [100 0]
06-11 07:05:19.633  7492  7302 I [AirCmd]_SpenCommonDriver: onCharacteristicChanged : Battery:100
06-11 07:05:19.633  7492  7302 I [AirCmd]_BleSpenGenericChargeController: onBatteryLevelChanged : 100->100
06-11 07:05:19.634  7492  7302 I [AirCmd]_BleSpenGenericChargeController: reserveLongTimeCharge : WakeLock acquire 60secs
06-11 07:05:19.643  7492  7302 I [AirCmd]_PowerWakeLocker: acquire wake lock 60000, tag=AirCmd:SpenCharging
06-11 07:05:19.874  2745  2814 I ActivityManager: Changes in 10103 7 to 15, 128 to 0
06-11 07:05:19.903  1938 15434 I sensors-hal: handle_sns_client_event:527, [5466] mag_sample_cal: ts=185005091320858 ns; cal = [-6.536325, -41.230480, -60.138138], uncal = [-38.163784, -54.828388, -31.725529], bias = [-31.627459, -13.597909, 28.412607], status=3
06-11 07:05:19.942  1938 15436 I sensors-hal: handle_sns_std_sensor_event:138, [2730] Pressure 1008.457, cal 0.000, sw_offset 0.450
06-11 07:05:20.012  1946 17861 I HYPER-HAL: [RequestManager.cpp]releaseLocked(): Released ID : 29013171
06-11 07:05:20.383  2745  3528 D SemWifiEleStateTracker: Pressure Diff: 0.013671875
06-11 07:05:20.383  2745  3528 D SemWifiEleStateTracker: Barometer value: Prev 1008.52435 Current 1008.538 mSmallBaroDetected : false
06-11 07:05:20.388  2034  2073 E HeatmapThread: ECT Thread time in milliseconds: 1781129120
06-11 07:05:20.388  2034  2073 D HeatmapThread: !@ batteryplugType : 0
06-11 07:05:20.388  2034  2073 D HeatmapThread: !@ batteryLevel : 0  batteryTemperature : 0 
06-11 07:05:20.388  2034  2073 D HeatmapThread: !@ Heatmap currtime: 29685485
06-11 07:05:20.388  2034  2073 D HeatmapThread: !@ Heatmap prevtime: 29685471
06-11 07:05:20.388  2034  2073 D HeatmapThread: !@ Heatmap plugstarttime: 35791394
06-11 07:05:20.388  2034  2073 D HeatmapThread: !@ Heatmap prevv_dsoh_update_time: 29682402
06-11 07:05:20.389  2034  2073 E HeatmapThread: !@Could not open '/efs/FactoryApp/bsoh', errno = 13
06-11 07:05:20.389  2034  2073 E HeatmapThread: !@ CAM Could not access BSOH EFS
06-11 07:05:20.389  2034  2073 E HeatmapThread: !@ CAM New BSOH: 0
06-11 07:05:20.614  2745  4736 I NSLocationMonitor: getGPSUsingApps() called
06-11 07:05:20.615  4710  4768 I NSLocationManager_FLP: getGPSUsingApps, No change
06-11 07:05:20.626  2745  4736 D FreecessHandler: freeze com.kakao.page(15010371) result : 2
06-11 07:05:20.633  2745  6506 I SpenGestureManagerService: getBleSpenAddress
06-11 07:05:20.638  7492  7492 W [AirCmd]_PairedSpenManager: getSpenNickName : BT device nickName is null.
06-11 07:05:20.639  7492  7492 I [AirCmd]_DeviceBatteryInfoHandler: setDeviceBatteryInfo : Address = BC:06:2D:AD:0E:B6, BatteryLevel = 100, BatteryStatus = 3
06-11 07:05:20.640  2745  6506 I BatteryStatsService: setDeviceBatteryInfo()
06-11 07:05:20.640  2745  6506 I DeviceBatteryInfoService: setDeviceBatteryInfo()
06-11 07:05:20.642  2745  3549 I DeviceBatteryInfoService: address : BC062D_6
06-11 07:05:20.642  2745  3549 I DeviceBatteryInfoService: semGetBatteryInfo() : BC062D_6
06-11 07:05:20.647  7492  8776 I [AirCmd]_BleSpenGenericChargeController: performLongTimeCharge : Battery : 100, Starting additional charge for 100% battery level 
06-11 07:05:20.648  7492  8776 I [AirCmd]_BleSpenGenericChargeController: startCharge : start 90 sec Charging
06-11 07:05:20.648  7492  8776 I [AirCmd]_WacomDriver: stopCharge
06-11 07:05:20.650  7492  8776 I [AirCmd]_WacomDriver: writeBleSpenCommand : 5 (mLastCommand=3)
06-11 07:05:20.650  2745  6506 I SpenGestureManagerService: writeBleSpenCommand : 5
06-11 07:05:20.650  2745  6506 D SemInputDeviceManager: setProperty: SPEN(11) CMD,SPEN_BLE_CHARGING,5
06-11 07:05:20.652  2745  3208 D SemInputDevice:SPEN: SetPropertyTask: CMD,epen_ble_charging_mode,5 [06-11 07:05:20.651]
06-11 07:05:20.652  7492  8776 I [AirCmd]_WacomDriver: startCharge
06-11 07:05:20.670  1993  1993 I sysinput:SPen: writeInformation:137, OK
06-11 07:05:20.671  2745  3208 D SysinputHAL_V1_3(V1_2): runSpenCmdNoRead: epen_ble_charging_mode,5 ret=0
06-11 07:05:20.858  2745  3556 D NetdEventListenerService: DNS Requested by 169, 10875(com.lgt.tmoney), SUCCESS, 1ms
06-11 07:05:20.880  4710  4840 I RequestManager_FLP: onOpChanged, op=0 / packageName=com.osp.app.signin
06-11 07:05:20.888 16149 16149 D BoundBrokerSvc: onUnbind: Intent { act=com.google.android.gms.auth.aang.events.services.START dat=chimera-action:/... xflg=0x4 cmp=com.google.android.gms/.chimera.PersistentApiService }
06-11 07:05:21.069  1938 15888 I sensors-hal: handle_sns_std_sensor_event:311, [SSC_LIGHT] P: 115(115),m:7,c:12,b:72,c0:5392,l:115,f(r):100,u(bl):100,j:105
06-11 07:05:21.088  1938 15428 I sensors-hal: handle_sns_client_event:550, [0][5721] accel_sample [ 0.145, -0.152,  9.951] 185006264762316
06-11 07:05:21.258  7492  8776 I [AirCmd]_WacomDriver: writeBleSpenCommand : 3 (mLastCommand=5)
06-11 07:05:21.260  2745  6506 I SpenGestureManagerService: writeBleSpenCommand : 3
06-11 07:05:21.261  2745  6506 D SemInputDeviceManager: setProperty: SPEN(11) CMD,SPEN_BLE_CHARGING,3
06-11 07:05:21.262  2745  3208 D SemInputDevice:SPEN: SetPropertyTask: CMD,epen_ble_charging_mode,3 [06-11 07:05:21.261]
06-11 07:05:21.278  1993  1993 I sysinput:SPen: writeInformation:137, OK
06-11 07:05:21.279  2745  3208 D SysinputHAL_V1_3(V1_2): runSpenCmdNoRead: epen_ble_charging_mode,3 ret=0
06-11 07:05:21.290  2745  4736 I NSLocationMonitor: getGPSUsingApps() called
06-11 07:05:21.291  4710  4768 I NSLocationManager_FLP: getGPSUsingApps, No change
06-11 07:05:21.301  2745  4736 D FreecessHandler: freeze com.worksoc.goaicoach(11444) result : 2
06-11 07:05:21.390  2034  2073 E HeatmapThread: ECT Thread time in milliseconds: 1781129121
06-11 07:05:21.390  2034  2073 D HeatmapThread: !@ batteryplugType : 0
06-11 07:05:21.390  2034  2073 D HeatmapThread: !@ batteryLevel : 0  batteryTemperature : 0 
06-11 07:05:21.390  2034  2073 D HeatmapThread: !@ Heatmap currtime: 29685485
06-11 07:05:21.390  2034  2073 D HeatmapThread: !@ Heatmap prevtime: 29685471
06-11 07:05:21.390  2034  2073 D HeatmapThread: !@ Heatmap plugstarttime: 35791394
06-11 07:05:21.390  2034  2073 D HeatmapThread: !@ Heatmap prevv_dsoh_update_time: 29682402
06-11 07:05:21.391  2034  2073 E HeatmapThread: !@Could not open '/efs/FactoryApp/bsoh', errno = 13
06-11 07:05:21.391  2034  2073 E HeatmapThread: !@ CAM Could not access BSOH EFS
06-11 07:05:21.392  2034  2073 E HeatmapThread: !@ CAM New BSOH: 0
06-11 07:05:21.394  2745  2865 D PowerManagerService: UserActivityStateListenerState: 0
06-11 07:05:21.492  4231  4231 I VRI[NavigationBar0]@87c3bde: call setFrameRateCategory for touch hint category=no preference, reason=boost timeout, vri=VRI[NavigationBar0]@87c3bde
06-11 07:05:21.497  2062  2062 I SurfaceFlinger: [NavigationBar0$_4231#107] setFrameRateCategory: NoPreference
06-11 07:05:21.603  1153  1153 D io_stats: !@   8,0 r 22655430 411340559 w 5870870 93046244 d 1576810 220339928 f 0 680735 iot 9194024 0 th 0 0 0 pt 0 inp 0 0 120975.137
06-11 07:05:21.604  1153  1153 D io_stats: !@ Read_top(KB): id.app.launcher(4527) 1556 system_server(2745) 540 ng.android.spay(8154) 352
06-11 07:05:21.604  1153  1153 D io_stats: !@ Write_top(KB): f2fs_ckpt-254:5(4519) 172 roid.honeyboard(8779) 80 martsuggestions(7469) 40
06-11 07:05:21.709  4030  4625 W l2c_ble : system/stack/l2cap/l2c_ble.cc:111 l2cble_notify_le_connection: 
06-11 07:05:21.710  4030  5321 W bt_btif_gattc: system/btif/src/btif_gatt_client.cc:224 btif_gattc_upstreams_evt: Event BTA_GATTC_NOTIF_EVT [10]
06-11 07:05:21.710  4030  4625 W l2c_ble : system/stack/l2cap/l2c_ble.cc:111 l2cble_notify_le_connection: 
06-11 07:05:21.711  4030  4625 W l2c_ble : system/stack/l2cap/l2c_ble.cc:111 l2cble_notify_le_connection: 
06-11 07:05:21.711  4030  5321 W bt_btif_gattc: system/btif/src/btif_gatt_client.cc:224 btif_gattc_upstreams_evt: Event BTA_GATTC_NOTIF_EVT [10]
06-11 07:05:21.711  4030  5321 W bt_btif_gattc: system/btif/src/btif_gatt_client.cc:224 btif_gattc_upstreams_evt: Event BTA_GATTC_NOTIF_EVT [10]
06-11 07:05:21.715  7492  7302 I [AirCmd]_BleDriver: GattCallback : onCharacteristicChanged : D2.d@689e96c / UUID_CHARGE_STATUS, RAWDATA : [1]
06-11 07:05:21.716  7492  7302 I [AirCmd]_SpenCommonDriver: onCharacteristicChanged : Charge:CHARGING
06-11 07:05:21.716  7492  7302 I [AirCmd]_BleSpenGenericChargeController: onChargeStateChanged : spenInstanceId=BUILTIN, chargeState=CHARGING
06-11 07:05:21.717  7492  7302 I [AirCmd]_BleDriver: GattCallback : onCharacteristicChanged : D2.d@689e96c / UUID_BATTERY_LEVEL, RAWDATA : [100 0]
06-11 07:05:21.717  2745  6506 I SpenGestureManagerService: getBleSpenAddress
06-11 07:05:21.718  7492  7302 I [AirCmd]_SpenCommonDriver: onCharacteristicChanged : Battery:100
06-11 07:05:21.718  7492  7302 I [AirCmd]_BleSpenGenericChargeController: onBatteryLevelChanged : 100->100
06-11 07:05:21.719  7492  7302 I [AirCmd]_BleSpenGenericChargeController: reserveLongTimeCharge : WakeLock acquire 60secs
06-11 07:05:21.720  7492  7302 I [AirCmd]_BleDriver: GattCallback : onCharacteristicChanged : D2.d@689e96c / UUID_BUTTON_EVENT, RAWDATA : [255 4 2]
06-11 07:05:21.721  7492  7492 W [AirCmd]_PairedSpenManager: getSpenNickName : BT device nickName is null.
06-11 07:05:21.721  7492  7492 I [AirCmd]_DeviceBatteryInfoHandler: setDeviceBatteryInfo : Address = BC:06:2D:AD:0E:B6, BatteryLevel = 100, BatteryStatus = 3
06-11 07:05:21.722  2745  6506 I BatteryStatsService: setDeviceBatteryInfo()
06-11 07:05:21.722  2745  6506 I DeviceBatteryInfoService: setDeviceBatteryInfo()
06-11 07:05:21.723  2745  3549 I DeviceBatteryInfoService: address : BC062D_6
06-11 07:05:21.723  2745  3549 I DeviceBatteryInfoService: semGetBatteryInfo() : BC062D_6
06-11 07:05:21.792  2745  3405 D WifiStaIfaceHidlImpl: getCachedScanData is not implemented by HIDL
06-11 07:05:21.832  1938 15434 I sensors-hal: handle_sns_client_event:527, [5486] mag_sample_cal: ts=185007061848514 ns; cal = [-6.091120, -42.883156, -59.380199], uncal = [-37.718578, -56.481064, -30.967592], bias = [-31.627459, -13.597909, 28.412607], status=3
06-11 07:05:21.833  2745  5646 D SemWifiUsabilityStatsMonitor: onWifiUsabilityStats - seqNum 9769, isSameBssidAndFreq true
06-11 07:05:21.857 16149 16149 D BoundBrokerSvc: onUnbind: Intent { act=com.google.android.gms.libs.gmscorelogger.service.START dat=chimera-action:/... xflg=0x4 cmp=com.google.android.gms/.chimera.PersistentDirectBootAwareApiService }
06-11 07:05:21.942  1938 15436 I sensors-hal: handle_sns_std_sensor_event:138, [2740] Pressure 1008.518, cal 0.000, sw_offset 0.450
06-11 07:05:22.185 15474 15474 I wpa_supplicant: Heartbeat 2370
06-11 07:05:22.285  2745  3416 D InetDiagMessage: Destroyed 0 sockets, proto=IPPROTO_TCP, family=AF_INET, states=14
06-11 07:05:22.292  2745  3416 D InetDiagMessage: Destroyed 0 sockets, proto=IPPROTO_TCP, family=AF_INET6, states=14
06-11 07:05:22.292  2745  3416 D InetDiagMessage: Destroyed live tcp sockets for uids={10101} in 14ms
06-11 07:05:22.299  2745  3416 D InetDiagMessage: Destroyed 0 sockets, proto=IPPROTO_TCP, family=AF_INET, states=14
06-11 07:05:22.305  2745  3416 D InetDiagMessage: Destroyed 0 sockets, proto=IPPROTO_TCP, family=AF_INET6, states=14
