06-11 07:06:37.197 18096 18096 I InputMethodManager: handleMessage: setImeVisibility visible=false
06-11 07:06:37.197 18096 18096 D InsetsController: hide(ime(), fromIme=false)
06-11 07:06:37.197 18096 18096 I ImeTracker: com.worksoc.goaicoach:b8a9e0cd: onCancelled at PHASE_CLIENT_ALREADY_HIDDEN
06-11 07:06:37.198  2745  3212 D InputTransport: Input channel destroyed: 'ClientS', fd=989
06-11 07:06:37.198  2745  3212 V InputMethodManagerService: Creating new accessibility sessions for client ClientState{c53abe4 mUid=11444 mPid=18096 mSelfReportedDisplayId=0}
06-11 07:06:37.199  2745  4897 D InputMethodManagerService: isImeSwitcherDisabledPackage : false
06-11 07:06:37.199  2745  4897 D InputMethodManagerService: shouldShowImeSwitcherLocked : checking vis : 3
06-11 07:06:37.199  2745  4897 V InputMethodManagerService: Disabling: SessionState{uid=10144 pid=4527 method=ea4f01e session=29790ff channel=ClientState{1f341c3 mUid=10144 mPid=4527 mSelfReportedDisplayId=0} userId=0}
06-11 07:06:37.199  2745  4897 V InputMethodManagerService: Enabling: SessionState{uid=11444 pid=18096 method=ea4f01e session=ebc2013 channel=ClientState{c53abe4 mUid=11444 mPid=18096 mSelfReportedDisplayId=0} userId=0}
06-11 07:06:37.200  2745  4897 D InputMethodManagerService: checkDisplayOfStartInputAndUpdateKeyboard: displayId=0, mFocusedDisplayId=0
06-11 07:06:37.200  2745  4897 D InputTransport: Input channel constructed: 'ClientS', fd=989
06-11 07:06:37.200  2745  4897 D InputTransport: Input channel destroyed: 'ClientS', fd=989
06-11 07:06:37.200 18096 18132 D InputTransport: Input channel constructed: 'ClientS', fd=144
06-11 07:06:37.200  2745  5241 D RestrictionPolicy: isScreenCaptureEnabled : ret=true userId=0
06-11 07:06:37.200  8779  8779 I HBD     : HoneyBoardService onFinishInput 
06-11 07:06:37.200  2745  5241 I WindowManager: Cancelling animation restarting=true, leash=Surface(name=Surface(name=5924009 InputMethod)/@0x115d3c5 - animation-leash of insets_animation)/@0x4740c6f
06-11 07:06:37.200  2745  5241 I WindowManager: Reparenting to original parent: Surface(name=WindowToken{19083b1 type=2011 android.os.Binder@7033f3b})/@0xd585ff2, destroy=false, surface=Surface(name=5924009 InputMethod)/@0x115d3c5
06-11 07:06:37.200  2745  5241 I WindowManager: Reparenting to leash, surface=Surface(name=5924009 InputMethod)/@0x115d3c5, leashParent=Surface(name=WindowToken{19083b1 type=2011 android.os.Binder@7033f3b})/@0xd585ff2
06-11 07:06:37.201  8779  8779 I HBD     : a IC have been unbinding,  RemoteInputConnection{idHash=#a47e7b}
06-11 07:06:37.201  8779  8779 I HBD     : HoneyBoardService [PF_CL][onFinishInput]  1 ms 
06-11 07:06:37.201  2062  2193 I SurfaceFlinger: id=24030 createSurf, flag=24004, Surface(name=5924009 InputMethod)/@0x115d3c5 - animation-leash of insets_animation#24030
06-11 07:06:37.201  8779  8779 I HBD     : HoneyBoardService [IMI] onStartInput - caller pid : 18096 , caller uid : 11444 
06-11 07:06:37.201  8779  8779 I HBD     : r updateConfigs 
06-11 07:06:37.201  8779  8779 I HBD     : r isEnabledNightMode : false 
06-11 07:06:37.201  8779  8779 I HBD     : a IC have been binding, RemoteInputConnection{idHash=#34e3cae} 
06-11 07:06:37.201  8779  8779 I HBD     : h [EditorInputType]setPrivateImeOptionsToTable privateImeOptions ( null )
06-11 07:06:37.201  8779  8779 I HBD     : b incognitoMode : false 
06-11 07:06:37.201  8779  8779 I HBD     : f needOff = true , isForceOff = false, isNullInputClass : true 
06-11 07:06:37.201  8779  8779 I HBD     : h getDefaultInputRange : UNKNOWN 
06-11 07:06:37.201  8779  8779 I HBD     : h getDefaultInputRange : UNKNOWN 
06-11 07:06:37.201  8779  8779 I HBD     : h getDefaultInputRange : UNKNOWN 
06-11 07:06:37.201  8779  8779 I HBD     : i [AiWriter] isChildBlockCase:
06-11 07:06:37.201  2745  5241 D WindowManager: makeSurface duration=1 leash=Surface(name=Surface(name=5924009 InputMethod)/@0x115d3c5 - animation-leash of insets_animation)/@0xc56ac49
06-11 07:06:37.202  2745  5241 D InsetsSourceProvider: updateControlForTarget: control=InsetsSourceControl: {3 mType=ime mSurfacePosition=Point(0, 75) mInsetsHint=Insets{left=0, top=0, right=0, bottom=876}}, target=Window{5ab3166 u0 com.worksoc.goaicoach/com.worksoc.goaicoach.MainActivity}, from=com.android.server.wm.ImeInsetsSourceProvider.updateControlForTarget:17 com.android.server.wm.InsetsStateController.onControlTargetChanged:83 com.android.server.wm.DisplayContent.updateImeControlTarget:21 com.android.server.wm.DisplayContent.updateImeInputAndControlTarget:156 com.android.server.wm.WindowManagerService$LocalService.updateInputMethodTargetWindow:64 
06-11 07:06:37.202  2745  5241 I ImeTracker: system_server:17c1be25: onRequestHide at ORIGIN_SERVER reason IME_REQUESTED_CHANGED_LISTENER fromUser false
06-11 07:06:37.202  2745  2805 V InputMethodManagerService: Client requesting input be hidden
06-11 07:06:37.202  2745  2805 V InputMethodManagerService: setWindowStateInner, windowToken=android.os.BinderProxy@610c5c1, state=ImeTargetWindowState{ imeToken android.os.Binder@f3eaa6f imeFocusChanged true hasEditorFocused false requestedImeVisible false imeDisplayId 0 softInputModeState STATE_UNSPECIFIED|ADJUST_PAN|IS_FORWARD_NAVIGATION isStartInputByGainFocus true}
06-11 07:06:37.202  2745  2805 I ImeTracker: system_server:17c1be25: onCancelled at PHASE_SERVER_SHOULD_HIDE
06-11 07:06:37.202  2745  2805 V InputMethodManagerService: hideCurrentInputLocked : canceled, shouldHideSoftInput=false, mInputShown=false, mImeWindowVis=0
06-11 07:06:37.202  2745  4897 I ActivityManager: Changes in 10103 19 to 7, 0 to 128
06-11 07:06:37.203  2745  2806 D SurfaceComposerClient: setCornerRadius ## 5ab3166 com.worksoc.goaicoach/com.worksoc.goaicoach.MainActivity#24025 cornerRadius=0.000000
06-11 07:06:37.204 18233 15093 I SamsungAccount: [AccountManagerProvider] isChildAccount
06-11 07:06:37.204 18233 15093 I SamsungAccount: [AccountManagerProvider] Calling package : android.honeyboard.
06-11 07:06:37.204  4710  4840 I RequestManager_FLP: onOpChanged, op=0 / packageName=com.osp.app.signin
06-11 07:06:37.208  2062  2062 I SurfaceFlinger: [Surface(name=5924009 InputMethod)/@0x115d3c5 - animation-leash of insets_animation#24030] attach to parent LayerHierarchy{RequestedLayerState{WindowToken{19083b1 type=2011 android.os.Binder@7033f3b}#134 parentId=15} 2 children}
06-11 07:06:37.211 18233 15093 I SamsungAccount: [SignatureInfoDbHelper] searchOnUser(fromDb) - [10/lfgff][android.honeyboard.][64/3291d] => matched
06-11 07:06:37.212 18233 15093 I SamsungAccount: [AccountManagerProvider] This is the access of the allowed application
06-11 07:06:37.212 18233 15093 I SamsungAccount: [AccountManagerUtil] isSamsungAccountSignedIn : true
06-11 07:06:37.214 18233 15093 I SamsungAccount: [TPMU]  SIMState     :SIM_STATE_READY
06-11 07:06:37.214 18233 15093 I SamsungAccount: [CountryCodeUtil] isChinaCountryCode : false
06-11 07:06:37.216 18233 15093 I SamsungAccount: [TPMU] getMccFromUsim
06-11 07:06:37.216 18233 15093 I SamsungAccount: [MccManager] saveMccToPreference Start
06-11 07:06:37.216 18233 15093 I SamsungAccount: [MccManager] saveMccToPreference, mcc is same with previous mcc
06-11 07:06:37.216 18233 15093 I SamsungAccount: [ChildAccountSupportedListManager] getSupportedListFromLocal from cache
06-11 07:06:37.217 18233 15093 I SamsungAccount: [TPMU]  SIMState     :SIM_STATE_READY
06-11 07:06:37.217 18233 15093 I SamsungAccount: [CountryCodeUtil] isChinaCountryCode : false
06-11 07:06:37.218 18233 15093 I SamsungAccount: [TPMU] getMccFromUsim
06-11 07:06:37.218 18233 15093 I SamsungAccount: [MccManager] saveMccToPreference Start
06-11 07:06:37.218 18233 15093 I SamsungAccount: [MccManager] saveMccToPreference, mcc is same with previous mcc
06-11 07:06:37.218 18233 15093 I SamsungAccount: [FamilyGroupUtil] meetKoreaCountryCondition(beforeSignUp=false): true
06-11 07:06:37.218 18233 15093 I SamsungAccount: [TPMU]  SIMState     :SIM_STATE_READY
06-11 07:06:37.218 18233 15093 I SamsungAccount: [CountryCodeUtil] isChinaCountryCode : false
06-11 07:06:37.219 18233 15093 I SamsungAccount: [TPMU] getMccFromUsim
06-11 07:06:37.219 18233 15093 I SamsungAccount: [MccManager] saveMccToPreference Start
06-11 07:06:37.219 18233 15093 I SamsungAccount: [MccManager] saveMccToPreference, mcc is same with previous mcc
06-11 07:06:37.219 18233 15093 I SamsungAccount: [FamilyGroupUtil] meetKoreaOneUiCondition: true
06-11 07:06:37.219 18233 15093 I SamsungAccount: [FamilyGroupUtil] isSupportFamilyService: true
06-11 07:06:37.219 18233 15093 I SamsungAccount: [AccountManagerUtil] isSamsungAccountSignedIn : true
06-11 07:06:37.219 18233 15093 I SamsungAccount: [ChildAccount] isChildAccount : false
06-11 07:06:37.219 18233 15093 I SamsungAccount: [AccountManagerProvider] makeResultBundle - resultCode : 0
06-11 07:06:37.219  8779  8779 I HBD     : i [AiWriter] isChildAccount:false
06-11 07:06:37.220  8779  8779 I HBD     : f needOff = true , isForceOff = false, isNullInputClass : true 
06-11 07:06:37.220  8779  8779 I HBD     : f update cached prediction status : false 
06-11 07:06:37.220  8779  8779 I HBD     : h getDefaultInputRange : UNKNOWN 
06-11 07:06:37.220  8779  8779 I HBD     : h getDefaultInputRange : UNKNOWN 
06-11 07:06:37.220  8779  8779 I HBD     : a currentState : 0 
06-11 07:06:37.220  8779  8779 I HBD     : a [UpdatePolicy] [post] a: 0 cl: 65537 kit: [0/0] vt: 0 ir: 1 
06-11 07:06:37.221  8779  8779 I HBD     : a [NRIC] resetNoResponseState 
06-11 07:06:37.221  8779  8779 I HBD     : f needOff = true , isForceOff = false, isNullInputClass : true 
06-11 07:06:37.221  8779  8779 I HBD     : f update cached prediction status : false 
06-11 07:06:37.221  8779  8779 I HBD     : b [AiWriter] setContact : com.worksoc.goaicoach
06-11 07:06:37.221  8779  8779 I HBD     : a [AiWriter] setContact : com.worksoc.goaicoach
06-11 07:06:37.222  8779  8779 I HBD     : F EBD si S 0 
06-11 07:06:37.222  8779  8779 I HBD     : m updateContactDBLanguage : 0 
06-11 07:06:37.222  8779  8779 I HBD     : a [UpdatePolicy] [post] a: 31 cl: 65537 kit: [0/0] vt: 0 ir: 1 
06-11 07:06:37.222  8779  8779 I HBD     : HoneyBoardService [PF_OP][onStartInput]  21 ms 
06-11 07:06:37.223  8779  8779 I HBD     : [DirectWriting] DirectWriting emitInputConnection : RemoteInputConnection{idHash=#34e3cae} 
06-11 07:06:37.225  2062  2062 I SurfaceFlinger: RequestedLayer [Surface(name=5924009 InputMethod)/@0[...]tion-leash of insets_animation#24030] hidden!! flag  from(1) --> to(0)
06-11 07:06:37.225  2062  2062 E SurfaceFlinger: alpha changed 1.000 -> 0.000 - Surface(name=5924009 InputMethod)/@0x115d3c5 - animation-leash of insets_animation#24030
06-11 07:06:37.225  2062  2062 I SurfaceFlinger: [LayerHierarchy{RequestedLayerState{ImeContainer#15 parentId=23892 relativeParentId=24025 z=1} 1 children}] reparent to LayerHierarchy{RequestedLayerState{ActivityRecord{147150254 u0 com.worksoc.goaicoach/.MainActivity t42720}#23892 parentId=22521 z=1} 3 children}
06-11 07:06:37.225  2062  2062 I SurfaceFlinger: [LayerHierarchy{RequestedLayerState{ImeContainer#15 parentId=23892 relativeParentId=24025 z=1} 1 children}] RelativeParent to LayerHierarchy{RequestedLayerState{5ab3166 com.worksoc.goaicoach/com.worksoc.goaicoach.MainActivity#24025 parentId=23892} 2 children}
06-11 07:06:37.225  2062  2062 I SurfaceFlinger: [LayerHierarchy{RequestedLayerState{5924009 InputMethod#202 parentId=24030} no children}] reparent to LayerHierarchy{RequestedLayerState{Surface(name=5924009 InputMethod)/@0x115d3c5 - animation-leash of insets_animation#24030 parentId=134} 1 children}
06-11 07:06:37.225  2062  2062 I SurfaceFlinger: [LayerHierarchy{RequestedLayerState{Surface(name=5924009 InputMethod)/@0x115d3c5 - animation-leash of insets_animation#24019} no children}] reparent to OffscreenRoot
06-11 07:06:37.225  2062  2062 I SurfaceFlinger: [LayerHierarchy{RequestedLayerState{Surface(name=5924009 InputMethod)/@0x115d3c5 - animation-leash of insets_animation#24019} no children}] RelativeParent to null
06-11 07:06:37.228  2062  2193 I SurfaceFlinger: id=24019 Removed Surface(name=5924009 InputMethod)/@0x115d3c5 - animation-leash of insets_animation#24019 (337)
06-11 07:06:37.230  8779  8779 I InputMethodService: scheduleImeSurfaceRemoval: removeImeSurface is posted.
06-11 07:06:37.237  8779 22070 I HBD     : j [SKE_SPECIFIC] specific model[com.worksoc.goaicoach] loaded, 13769479 ns
06-11 07:06:37.241  2062  2062 I SurfaceFlinger: destroyed Surface(name=5924009 InputMethod)/@0x115d3c5 - animation-leash of insets_animation#24019 form LifecycleManager
06-11 07:06:37.241  2062  2062 I SurfaceFlinger: id=24019 onLayerDestroyed from LayerHierarchyBuilder(RequestedLayerState{Surface(name=5924009 InputMethod)/@0x115d3c5 - animation-leash of insets_animation#24019 !handle})
06-11 07:06:37.243  2062  2062 I Layer   : id=24019 Destroyed Surface(name=5924009 InputMethod)/@0x115d3c5 - animation-leash of insets_animation#24019
06-11 07:06:37.276  2745  3526 D SemWifiSwitchForIndividualAppsService: isPackageException - result:3, com.worksoc.goaicoach
06-11 07:06:37.280  2745  3429 V MdnieScenarioControlService: mAclOffEnabled : false
06-11 07:06:37.320  1946 18124 I HYPER-HAL: [RequestManager.cpp]releaseLocked(): Released ID : 3835089
06-11 07:06:37.335  5757  5800 V OsAgent : broadcastSystemEvent - 7
06-11 07:06:37.335  5757  5800 V OsAgent : broadcastSystemEvent - 7
06-11 07:06:37.337 16149 16158 I FontLog : (REDACTED) Received query %s, URI %s
06-11 07:06:37.337 16149 16158 I FontLog : (REDACTED) Query [%s] resolved to %s
06-11 07:06:37.338 16149 16158 I FontLog : (REDACTED) Fetch %s end status %s
06-11 07:06:37.340 16149 16158 I FontLog : (REDACTED) Pulling font file for id = %d, cache size = %d
06-11 07:06:37.342 16149 16158 I FontLog : (REDACTED) Pulling font file for id = %d, cache size = %d
06-11 07:06:37.388  2034  2073 E HeatmapThread: ECT Thread time in milliseconds: 1781129197
06-11 07:06:37.388  2034  2073 D HeatmapThread: !@ batteryplugType : 0
06-11 07:06:37.388  2034  2073 D HeatmapThread: !@ batteryLevel : 0  batteryTemperature : 0 
06-11 07:06:37.388  2034  2073 D HeatmapThread: !@ Heatmap currtime: 29685486
06-11 07:06:37.388  2034  2073 D HeatmapThread: !@ Heatmap prevtime: 29685471
06-11 07:06:37.388  2034  2073 D HeatmapThread: !@ Heatmap plugstarttime: 35791394
06-11 07:06:37.388  2034  2073 D HeatmapThread: !@ Heatmap prevv_dsoh_update_time: 29682402
06-11 07:06:37.388  2034  2073 E HeatmapThread: !@Could not open '/efs/FactoryApp/bsoh', errno = 13
06-11 07:06:37.388  2034  2073 E HeatmapThread: !@ CAM Could not access BSOH EFS
06-11 07:06:37.388  2034  2073 E HeatmapThread: !@ CAM New BSOH: 0
06-11 07:06:37.478  1946 18092 I HYPER-HAL: [RequestManager.cpp]releaseLocked(): Released ID : 3824015
06-11 07:06:37.673  2745  2810 E Watchdog: !@Sync: 4031 heap(MB): 192 / 222 FD: 1575 [2026-06-11 07:06:37.673]
06-11 07:06:37.674  1153  1153 D io_stats: !@   8,0 r 22656974 411383247 w 5871334 93077740 d 1576960 220341460 f 0 680775 iot 9195684 0 th 0 0 0 pt 0 inp 0 0 121051.208
06-11 07:06:37.674  1153  1153 D io_stats: !@ Read_top(KB): system_server(2745) 108 martsuggestions(7469) 72 libkatago.so(18128) 56
06-11 07:06:37.674  1153  1153 D io_stats: !@ Write_top(KB): kworker/u16:0(29237) 36 rksoc.goaicoach(18096) 8 .gms.persistent(16149) 8
06-11 07:06:37.703  2745  2805 D SGM:GameManager: identifyForegroundApp. com.worksoc.goaicoach, mCurrentUserId: 0, callerUserId: 0
06-11 07:06:37.703  2745  2805 D SGM:SemGameManager: isForegroundGame(), ret=false
06-11 07:06:37.705  2745 18135 D SemInputDeviceManager: setProperty: (0) CMD,GRIP_DATA,1,60,10,20,926,20,3088
06-11 07:06:37.705  2745 18135 D TspStateManager: wrote command: cmd=1,60,10,20,926,20,3088, type=1
06-11 07:06:37.705  2745  3208 D SemInputDevice:TSP: SetPropertyTask: CMD,set_grip_data,1,60,10,20,926,20,3088 [06-11 07:06:37.705]
06-11 07:06:37.707  1993  1993 I sysinput:Touch: writeInformation:249, OK
06-11 07:06:37.708  2745  3208 D SysinputHAL_V1_3(V1_2): runTspCmdNoRead(TSP(1)): set_grip_data,1,60,10,20,926,20,3088 ret=0
06-11 07:06:37.732  8779  8779 I InputMethodService: removeImeSurface
06-11 07:06:37.732  8779  8779 I InputMethodService: cancelImeSurfaceRemoval: removeCallbacks
06-11 07:06:37.825  2745  5241 W system_server: Large reply transaction of 371036 bytes, interface descriptor android.app.IActivityTaskManager, code 26
06-11 07:06:37.852  2745  5241 W system_server: Large reply transaction of 371036 bytes, interface descriptor android.app.IActivityTaskManager, code 26
06-11 07:06:37.867  1938 15888 I sensors-hal: handle_sns_std_sensor_event:311, [SSC_LIGHT] P: 72(72),m:7,c:265,b:72,c0:5280,l:63,f(r):100,u(bl):100,j:70
06-11 07:06:37.868  2745  5241 W system_server: Large reply transaction of 371036 bytes, interface descriptor android.app.IActivityTaskManager, code 26
06-11 07:06:37.877  2745  5241 W system_server: Large reply transaction of 371036 bytes, interface descriptor android.app.IActivityTaskManager, code 26
06-11 07:06:37.971  1946 18090 I HYPER-HAL: [RequestManager.cpp]releaseLocked(): Released ID : 29005553
06-11 07:06:38.284  2745  3556 D NetdEventListenerService: DNS Requested by 169, 10875(com.lgt.tmoney), SUCCESS, 0ms
06-11 07:06:38.388  2034  2073 E HeatmapThread: ECT Thread time in milliseconds: 1781129198
06-11 07:06:38.388  2034  2073 D HeatmapThread: !@ batteryplugType : 0
06-11 07:06:38.388  2034  2073 D HeatmapThread: !@ batteryLevel : 0  batteryTemperature : 0 
06-11 07:06:38.388  2034  2073 D HeatmapThread: !@ Heatmap currtime: 29685486
06-11 07:06:38.388  2034  2073 D HeatmapThread: !@ Heatmap prevtime: 29685471
06-11 07:06:38.388  2034  2073 D HeatmapThread: !@ Heatmap plugstarttime: 35791394
06-11 07:06:38.388  2034  2073 D HeatmapThread: !@ Heatmap prevv_dsoh_update_time: 29682402
06-11 07:06:38.388  2034  2073 E HeatmapThread: !@Could not open '/efs/FactoryApp/bsoh', errno = 13
06-11 07:06:38.388  2034  2073 E HeatmapThread: !@ CAM Could not access BSOH EFS
06-11 07:06:38.388  2034  2073 E HeatmapThread: !@ CAM New BSOH: 0
06-11 07:06:38.904  1930  1930 I android.hardware.health@2.1-service-samsung: updateLrpSysfs: write: 342
06-11 07:06:38.945  2745  4736 I NSLocationMonitor: getGPSUsingApps() called
06-11 07:06:38.945  4710  4768 I NSLocationManager_FLP: getGPSUsingApps, No change
06-11 07:06:38.949  2745  4736 D FreecessHandler: freeze com.kakao.page(15010371) result : 2
06-11 07:06:39.013  1930  1958 E BatteryDump: !@new_battery_dump : 3798,-1207,100,100,56,347,342,368,347,0,344,463,0,Discharging,NO_CHARGING,None,Good,NONE,0,Normal,0,0,8700,0x40000000,0x10000,0x0,0,0,0000,0000,00000000,0,0,0,0,705,3848,5563,990,0,
06-11 07:06:39.351  2745  3500 I SemWifiServiceDetector: Service det. resumed: T / T / 15562
06-11 07:06:39.388  2034  2073 E HeatmapThread: ECT Thread time in milliseconds: 1781129199
06-11 07:06:39.388  2034  2073 D HeatmapThread: !@ batteryplugType : 0
06-11 07:06:39.388  2034  2073 D HeatmapThread: !@ batteryLevel : 0  batteryTemperature : 0 
06-11 07:06:39.388  2034  2073 D HeatmapThread: !@ Heatmap currtime: 29685486
06-11 07:06:39.388  2034  2073 D HeatmapThread: !@ Heatmap prevtime: 29685471
06-11 07:06:39.388  2034  2073 D HeatmapThread: !@ Heatmap plugstarttime: 35791394
06-11 07:06:39.388  2034  2073 D HeatmapThread: !@ Heatmap prevv_dsoh_update_time: 29682402
06-11 07:06:39.389  2034  2073 E HeatmapThread: !@Could not open '/efs/FactoryApp/bsoh', errno = 13
06-11 07:06:39.389  2034  2073 E HeatmapThread: !@ CAM Could not access BSOH EFS
06-11 07:06:39.389  2034  2073 E HeatmapThread: !@ CAM New BSOH: 0
06-11 07:06:39.472  2745  7629 E TaskPersister: File error accessing recents directory (directory doesn't exist?).
06-11 07:06:39.472  2745  7629 E TaskPersister: File error accessing recents directory (directory doesn't exist?).
06-11 07:06:39.477  2745  3694 I Pageboost: Launcher App Execution
06-11 07:06:39.543  2062  2286 I RefreshRateSelector: Can't find idle refresh rate by policy with the same mode group as the current mode {id=9, hwcId=10, resolution=1080x2316, vsyncRate=60.00 Hz, dpi=375.78x377.09, group=1080, vrrConfig=N/A, supportedHdrTypes=INVALID} (idle : 24 fps)
06-11 07:06:39.675  1153  1153 D io_stats: !@   8,0 r 22656974 411383247 w 5871389 93077988 d 1576994 220341664 f 0 680780 iot 9195708 0 th 0 0 0 pt 0 inp 0 0 121053.209
06-11 07:06:39.682  2745  3405 D WifiStaIfaceHidlImpl: getCachedScanData is not implemented by HIDL
06-11 07:06:39.710  2745  5646 D SemWifiUsabilityStatsMonitor: onWifiUsabilityStats - seqNum 9794, isSameBssidAndFreq true
06-11 07:06:39.712  2745  3502 I SemWifiLinkQualityMonitor: Link stat: 1064 / 66 / 1.17 (14) / 526 / -48.0 || 100.0 : 526.00 / 0.5 : 0.86 / 0.55 : 0.06 / G (G) || 4f731b0d5785: 0.092 / 86.984 / N || N N / 0 0 / N 2.0 / N X 0 / 121053245 0 || 2026-06-11 07:06:37  / 0: 0 0 0 0 0 0 / 0: 0 0 0 0 0 0 / 0: 0 0 0 0 0 0
06-11 07:06:39.790  1938 15888 I sensors-hal: handle_sns_std_sensor_event:311, [SSC_LIGHT] P: 45(45),m:7,c:265,b:72,c0:4336,l:42,f(r):100,u(bl):100,j:38
06-11 07:06:40.019  2745  3694 I Pageboost: Launcher App Execution
06-11 07:06:40.064  2745  5241 D SGM:GameManager: identifyGamePackage. com.worksoc.goaicoach, mCurrentUserId: 0, callingMethodInfo: com.samsung.android.game.IGameManagerService$Stub.onTransact(IGameManagerService.java:247)
06-11 07:06:40.214  4695  4695 I adbd    : adbd service requested 'exec:screencap '-p''
06-11 07:06:40.322 18151 18151 W screencap: Thread Pool max thread count is 0. Cannot cache binder as linkToDeath cannot be implemented. serviceName: SurfaceFlingerAIDL
06-11 07:06:40.322 18151 18151 W BpBinder: Linking to death on android.gui.ISurfaceComposer but there are no threads (yet?) listening to incoming transactions. See ProcessState::startThreadPool and ProcessState::setThreadPoolMaxThreadCount. Generally you should setup the binder threadpool before other initialization steps.
06-11 07:06:40.322 18151 18151 W screencap: Thread Pool max thread count is 0. Cannot cache binder as linkToDeath cannot be implemented. serviceName: edmnativehelper
06-11 07:06:40.322  2745  5241 I EDMNativeHelperService: isScreenCaptureEnabled
06-11 07:06:40.322  2745  5241 D RestrictionPolicy: isScreenCaptureEnabled : ret=true userId=0
06-11 07:06:40.323 18151 18151 W ProcessState: Extra binder thread started, but 0 threads requested. Do not use *startThreadPool when zero threads are requested.
06-11 07:06:40.323 18151 18151 I SurfaceComposerClient: captureDisplay:Display-4630947232161729154
06-11 07:06:40.324  2062  2193 I SurfaceFlinger: Capture layer list: 	 com.worksoc.goaicoach/com.worksoc.goaicoach.MainActivity$_18096#24026(seamlessTransition:0)
06-11 07:06:40.324  2062  2193 I SurfaceFlinger: Capture layer list: 	 StatusBar$_4231#109(seamlessTransition:0)
06-11 07:06:40.324  2062  2193 I SurfaceFlinger: Capture layer list: 	 com.sec.android.app.launcher/com.samsung.app.honeyspace.edge.edgepanel.app.CocktailBarService$_4527#23988(seamlessTransition:0)
06-11 07:06:40.324  2062  2193 I SurfaceFlinger: Capture layer list: 	 NavigationBar0$_4231#107(seamlessTransition:0)
06-11 07:06:40.324  2062  2193 I CompositionEngine: [setDisplaySize] size=(1080, 2316)
06-11 07:06:40.325  2062  2193 E HWComposer: getLuts: getLuts failed for display 4630947232161729154: UNSUPPORTED (8)
06-11 07:06:40.325  2062  2201 D RenderEngine: [SEC_SF_EFFECTS] drawLayersInternal,1483, Rendering layer ScreenCaptureFillLayer at index 0
06-11 07:06:40.326  2062  2201 D RenderEngine: [SEC_SF_EFFECTS] drawLayersInternal,1483, Rendering layer com.worksoc.goaicoach/com.worksoc.goaicoach.MainActivity$_18096#24026 at index 1
06-11 07:06:40.326  2062  2201 D RenderEngine: [SEC_SF_EFFECTS] drawLayersInternal,1483, Rendering layer StatusBar$_4231#109 at index 2
06-11 07:06:40.326  2062  2201 D RenderEngine: [SEC_SF_EFFECTS] drawLayersInternal,1483, Rendering layer com.sec.android.app.launcher/com.samsung.app.honeyspace.edge.edgepanel.app.CocktailBarService$_4527#23988 at index 3
06-11 07:06:40.326  2062  2201 D RenderEngine: [SEC_SF_EFFECTS] drawLayersInternal,1483, Rendering layer NavigationBar0$_4231#107 at index 4
06-11 07:06:40.388  2034  2073 E HeatmapThread: ECT Thread time in milliseconds: 1781129200
06-11 07:06:40.388  2034  2073 D HeatmapThread: !@ batteryplugType : 0
06-11 07:06:40.388  2034  2073 D HeatmapThread: !@ batteryLevel : 0  batteryTemperature : 0 
06-11 07:06:40.388  2034  2073 D HeatmapThread: !@ Heatmap currtime: 29685486
06-11 07:06:40.388  2034  2073 D HeatmapThread: !@ Heatmap prevtime: 29685471
06-11 07:06:40.388  2034  2073 D HeatmapThread: !@ Heatmap plugstarttime: 35791394
06-11 07:06:40.388  2034  2073 D HeatmapThread: !@ Heatmap prevv_dsoh_update_time: 29682402
06-11 07:06:40.389  2034  2073 E HeatmapThread: !@Could not open '/efs/FactoryApp/bsoh', errno = 13
06-11 07:06:40.389  2034  2073 E HeatmapThread: !@ CAM Could not access BSOH EFS
06-11 07:06:40.389  2034  2073 E HeatmapThread: !@ CAM New BSOH: 0
06-11 07:06:40.477  1946 18093 I HYPER-HAL: [RequestManager.cpp]releaseLocked(): Released ID : 29020790
06-11 07:06:40.848 18096 18096 I Dialog  : mIsDeviceDefault = false, mIsSamsungBasicInteraction = false, isMetaDataInActivity = false
06-11 07:06:40.854 18096 18096 I DecorView: setWindowBackground: isPopOver=false color=0 d=android.graphics.drawable.ColorDrawable@7ae85b7
06-11 07:06:40.886 18096 18096 W WindowOnBackDispatcher: OnBackInvokedCallback is not enabled for the application.
06-11 07:06:40.886 18096 18096 W WindowOnBackDispatcher: Set 'android:enableOnBackInvokedCallback="true"' in the application manifest.
06-11 07:06:40.886 18096 18096 I WindowManager: WindowManagerGlobal#addView, ty=2, view=com.android.internal.policy.DecorView{7c493f2 V.E...... R.....I. 0,0-0,0}[MainActivity], caller=android.view.WindowManagerImpl.addView:158 android.app.Dialog.show:540 androidx.compose.ui.window.AndroidDialog_androidKt$Dialog$1$1.invoke:199 
06-11 07:06:40.887 18096 18096 D ViewRootImpl: desktopMode is false
06-11 07:06:40.887 18096 18096 I ViewRootImpl: dVRR is disabled
06-11 07:06:40.888 18096 18111 D NativeCustomFrequencyManager: [NativeCFMS] BpCustomFrequencyManager::BpCustomFrequencyManager()
06-11 07:06:40.892  2745  4897 D InputTransport: Input channel constructed: '967207b', fd=989
06-11 07:06:40.892  2745  4897 D InputTransport: Input channel constructed: '967207b', fd=1040
06-11 07:06:40.893  2745  4897 D InputTransport: Input channel constructed: '967207b', fd=1053
06-11 07:06:40.893  2745  4897 D InputTransport: Input channel destroyed: '967207b', fd=1040
06-11 07:06:40.894  2062  2193 I SurfaceFlinger: id=24031 createSurf, flag=84004, 967207b com.worksoc.goaicoach/com.worksoc.goaicoach.MainActivity#24031
06-11 07:06:40.896  2745  4897 D RestrictionPolicy: isScreenCaptureEnabled : ret=true userId=0
06-11 07:06:40.898  2745  4897 D WindowManager: Changing focus from Window{5ab3166 u0 com.worksoc.goaicoach/com.worksoc.goaicoach.MainActivity} to Window{967207b u0 com.worksoc.goaicoach/com.worksoc.goaicoach.MainActivity} displayId=0 Callers=com.android.server.wm.WindowManagerService.addWindowInner:565 com.android.server.wm.WindowManagerService.addWindow:1842 com.android.server.wm.Session.addToDisplayAsUser:24 android.view.IWindowSession$Stub.onTransact:757 
06-11 07:06:40.898  2745  4897 I WindowManager: Cancelling animation restarting=true, leash=Surface(name=Surface(name=2a57a0a NavigationBar0)/@0xaa9041c - animation-leash of insets_animation)/@0x800c43
06-11 07:06:40.898  2745  4897 I WindowManager: Reparenting to original parent: Surface(name=WindowToken{c01fa75 type=2019 android.os.BinderProxy@63fa980})/@0x2df7825, destroy=false, surface=Surface(name=2a57a0a NavigationBar0)/@0xaa9041c
06-11 07:06:40.899  2745  4897 I WindowManager: Reparenting to leash, surface=Surface(name=2a57a0a NavigationBar0)/@0xaa9041c, leashParent=Surface(name=WindowToken{c01fa75 type=2019 android.os.BinderProxy@63fa980})/@0x2df7825
06-11 07:06:40.899  2062  2193 I SurfaceFlinger: id=24032 createSurf, flag=24000, Surface(name=2a57a0a NavigationBar0)/@0xaa9041c - animation-leash of insets_animation#24032
06-11 07:06:40.900  2745  4897 D WindowManager: makeSurface duration=2 leash=Surface(name=Surface(name=2a57a0a NavigationBar0)/@0xaa9041c - animation-leash of insets_animation)/@0x4d772d6
06-11 07:06:40.901  2745  4897 D InsetsSourceProvider: updateControlForTarget: control=InsetsSourceControl: {10c70001 mType=navigationBars initiallyVisible mSurfacePosition=Point(0, 2190) mInsetsHint=Insets{left=0, top=0, right=0, bottom=126}}, target=Window{967207b u0 com.worksoc.goaicoach/com.worksoc.goaicoach.MainActivity}, from=com.android.server.wm.InsetsStateController.onControlTargetChanged:83 com.android.server.wm.InsetsPolicy.updateBarControlTarget:225 com.android.server.wm.DisplayPolicy.updateSystemBarAttributes:262 com.android.server.wm.WindowManagerService.updateFocusedWindowLocked:372 com.android.server.wm.WindowManagerService.addWindowInner:565 
06-11 07:06:40.901  2745  4897 I WindowManager: Cancelling animation restarting=true, leash=Surface(name=Surface(name=7bf0e4a StatusBar)/@0x7a4d113 - animation-leash of insets_animation)/@0x8276bf9
06-11 07:06:40.901  2745  4897 I WindowManager: Reparenting to original parent: Surface(name=WindowToken{36c6c3e type=2000 android.os.BinderProxy@416fc0})/@0x92ff50, destroy=false, surface=Surface(name=7bf0e4a StatusBar)/@0x7a4d113
06-11 07:06:40.901  2745  4897 I WindowManager: Reparenting to leash, surface=Surface(name=7bf0e4a StatusBar)/@0x7a4d113, leashParent=Surface(name=WindowToken{36c6c3e type=2000 android.os.BinderProxy@416fc0})/@0x92ff50
06-11 07:06:40.902  2062  2193 I SurfaceFlinger: id=24033 createSurf, flag=24000, Surface(name=7bf0e4a StatusBar)/@0x7a4d113 - animation-leash of insets_animation#24033
06-11 07:06:40.903  2745  4897 D WindowManager: makeSurface duration=1 leash=Surface(name=Surface(name=7bf0e4a StatusBar)/@0x7a4d113 - animation-leash of insets_animation)/@0x2baec44
06-11 07:06:40.903  2745  4897 D InsetsSourceProvider: updateControlForTarget: control=InsetsSourceControl: {da4d0000 mType=statusBars initiallyVisible mSurfacePosition=Point(0, 0) mInsetsHint=Insets{left=0, top=75, right=0, bottom=0}}, target=Window{967207b u0 com.worksoc.goaicoach/com.worksoc.goaicoach.MainActivity}, from=com.android.server.wm.InsetsStateController.onControlTargetChanged:83 com.android.server.wm.InsetsPolicy.updateBarControlTarget:212 com.android.server.wm.DisplayPolicy.updateSystemBarAttributes:262 com.android.server.wm.WindowManagerService.updateFocusedWindowLocked:372 com.android.server.wm.WindowManagerService.addWindowInner:565 
06-11 07:06:40.904  2745  4897 D WindowManager: updateSystemBarAttributes: displayId=0, focusedCanBeNavColorWin=false, win=Window{967207b u0 com.worksoc.goaicoach/com.worksoc.goaicoach.MainActivity}, navColorWin=Window{5ab3166 u0 com.worksoc.goaicoach/com.worksoc.goaicoach.MainActivity}, caller=com.android.server.wm.WindowManagerService.updateFocusedWindowLocked:372 com.android.server.wm.WindowManagerService.addWindowInner:565 com.android.server.wm.WindowManagerService.addWindow:1842 
06-11 07:06:40.905  2745  4897 D WindowManager: updateSystemBarAttributes, bhv=1, apr=24, statusBarAprRegions=[AppearanceRegion{LIGHT_STATUS_BARS bounds=[0,0][1080,2316]}], requestedVisibilities=-9
06-11 07:06:40.905  2745  4897 V SystemKeyManager: updateFocusedWindow() is called, com.worksoc.goaicoach/com.worksoc.goaicoach.MainActivity
06-11 07:06:40.906  2745  4897 D InputTransport: Input channel destroyed: '967207b', fd=1053
06-11 07:06:40.906  4231  4231 D NavigationBar: onSystemBarAttributesChanged() -  displayId:0, appearance:24, packageName: com.worksoc.goaicoach (APPEARANCE_LIGHT_STATUS_BARS APPEARANCE_LIGHT_NAVIGATION_BARS ), navbarColorManagedByIme:false
06-11 07:06:40.907 18096 18096 D InputTransport: Input channel constructed: '967207b', fd=139
06-11 07:06:40.908 18096 18096 I InsetsController: onStateChanged: host=com.worksoc.goaicoach/com.worksoc.goaicoach.MainActivity, from=android.view.ViewRootImpl.onInsetsStateChanged:3026, state=InsetsState: {mDisplayFrame=Rect(0, 0 - 1080, 2316), mDisplayCutout=DisplayCutout{insets=Rect(0, 75 - 0, 0) waterfall=Insets{left=0, top=0, right=0, bottom=0} boundingRect={Bounds=[Rect(0, 0 - 0, 0), Rect(512, 0 - 568, 75), Rect(0, 0 - 0, 0), Rect(0, 0 - 0, 0)]} cutoutPathParserInfo={CutoutPathParserInfo{displayWidth=1080 displayHeight=2316 physicalDisplayWidth=1080 physicalDisplayHeight=2316 density={2.8125} cutoutSpec={M 0,0 H -10 V 26.66666666666667 H 10 V 0 H 0 Z @dp} rotation={0} scale={1.0} physicalPixelDisplaySizeRatio={1.0}}} sideOverrides={}}, mRoundedCorners=RoundedCorners{[RoundedCorner{position=TopLeft, radius=11, center=Point(11, 11)}, RoundedCorner{position=TopRight, radius=11, center=Point(1069, 11)}, RoundedCorner{position=BottomRight, radius=11, center=Point(1069, 2305)}, RoundedCorner{position=BottomLeft, radius=11, center=Point(11, 2305)}]}  mRoundedCornerFrame=Rect(0, 0 - 1080, 2316), mPrivacyIndicatorBounds=PrivacyIndicatorBounds {static bounds=Rect(964, 0 - 1080, 75) rotation=0}, mDisplayShape=DisplayShape{ spec=-311912193 displayWidth=1080 displayHeight=2316 physicalPixelDisplaySizeRatio=0.75 rotation=0 offsetX=0 offsetY=0 scale=1.0}, mSources= { InsetsSource: {da4d0000 mType=statusBars mFrame=[0,0][1080,75] mVisible=true mFlags= mSideHint=TOP mBoundingRects=null}, InsetsSource: {da4d0005 mType=mandatorySystemGestures mFrame=[0,0][1080,107] mVisible=true mFlags= mSideHint=TOP mBoundingRects=null}, InsetsSource: {da4d0006 mType=tappableElement mFrame=[0,0][1080,75] mVisible=true mFlags= mSideHint=TOP mBoundingRects=null}, InsetsSource: {3 mType=ime mFrame=[0,0][0,0] mVisible=false mFlags= mSideHint=NONE mBoundingRects=null}, InsetsSource: {27 mType=displayCutout mFrame=[0,0][1080,75] mVisible=true mFlags= mSideHint=TOP mBoundingRects=null}, InsetsSource: {10c70001 mType=navigationBars mFrame=[0,2190][1080,2316] mVisible=true mFlags= mSideHint=BOTTOM mBoundingRects=null}, InsetsSource: {10c70004 mType=systemGestures mFrame=[0,0][0,0] mVisible=true mFlags= mSideHint=NONE mBoundingRects=null}, InsetsSource: {10c70005 mType=mandatorySystemGestures mFrame=[0,2190][1080,2316] mVisible=true mFlags= mSideHint=BOTTOM mBoundingRects=null}, InsetsSource: {10c70006 mType=tappableElement mFrame=[0,2190][1080,2316] mVisible=true mFlags= mSideHint=BOTTOM mBoundingRects=null}, InsetsSource: {10c70024 mType=systemGestures mFrame=[0,0][0,0] mVisible=true mFlags= mSideHint=NONE mBoundingRects=null} }
06-11 07:06:40.908 18096 18096 I VRI[MainActivity]@2f2ea43: synced displayState. AttachInfo displayState=2
06-11 07:06:40.908 18096 18096 I VRI[MainActivity]@2f2ea43: setView = com.android.internal.policy.DecorView@7c493f2 IsHRR=false mFlingFrameRateChange=0 TM=true
06-11 07:06:40.927  2062  2062 I SurfaceFlinger: RequestedLayer [967207b com.worksoc.goaicoach/com.worksoc.goaicoach.MainActivity#24031] hidden!! flag  from(1) --> to(0)
06-11 07:06:40.928  2062  2062 I SurfaceFlinger: [LayerHierarchy{RequestedLayerState{ImeContainer#15 parentId=23892 relativeParentId=24031 z=1} 1 children}] RelativeParent to LayerHierarchy{RequestedLayerState{967207b com.worksoc.goaicoach/com.worksoc.goaicoach.MainActivity#24031 parentId=23892 z=1} 1 children}
06-11 07:06:40.928  2062  2062 I SurfaceFlinger: [LayerHierarchy{RequestedLayerState{2a57a0a NavigationBar0#91 parentId=24032} 1 children}] reparent to LayerHierarchy{RequestedLayerState{Surface(name=2a57a0a NavigationBar0)/@0xaa9041c - animation-leash of insets_animation#24032 parentId=90} 1 children}
06-11 07:06:40.928  2062  2062 I SurfaceFlinger: [LayerHierarchy{RequestedLayerState{7bf0e4a StatusBar#95 parentId=24033} 1 children}] reparent to LayerHierarchy{RequestedLayerState{Surface(name=7bf0e4a StatusBar)/@0x7a4d113 - animation-leash of insets_animation#24033 parentId=94} 1 children}
06-11 07:06:40.928  2062  2062 I SurfaceFlinger: [LayerHierarchy{RequestedLayerState{Surface(name=7bf0e4a StatusBar)/@0x7a4d113 - animation-leash of insets_animation#24028} no children}] reparent to OffscreenRoot
06-11 07:06:40.928  2062  2062 I SurfaceFlinger: [LayerHierarchy{RequestedLayerState{Surface(name=7bf0e4a StatusBar)/@0x7a4d113 - animation-leash of insets_animation#24028} no children}] RelativeParent to null
06-11 07:06:40.928  2062  2062 I SurfaceFlinger: [LayerHierarchy{RequestedLayerState{Surface(name=2a57a0a NavigationBar0)/@0xaa9041c - animation-leash of insets_animation#24027} no children}] reparent to OffscreenRoot
06-11 07:06:40.928  2062  2062 I SurfaceFlinger: [LayerHierarchy{RequestedLayerState{Surface(name=2a57a0a NavigationBar0)/@0xaa9041c - animation-leash of insets_animation#24027} no children}] RelativeParent to null
06-11 07:06:40.928  2062  2062 I SurfaceFlinger: [967207b com.worksoc.goaicoach/com.worksoc.goaicoach.MainActivity#24031] attach to parent LayerHierarchy{RequestedLayerState{ActivityRecord{147150254 u0 com.worksoc.goaicoach/.MainActivity t42720}#23892 parentId=22521 z=1} 4 children}
06-11 07:06:40.928  2062  2062 I SurfaceFlinger: [Surface(name=2a57a0a NavigationBar0)/@0xaa9041c - animation-leash of insets_animation#24032] attach to parent LayerHierarchy{RequestedLayerState{WindowToken{c01fa75 type=2019 android.os.BinderProxy@63fa980}#90 parentId=34} 1 children}
06-11 07:06:40.928  2062  2062 I SurfaceFlinger: [Surface(name=7bf0e4a StatusBar)/@0x7a4d113 - animation-leash of insets_animation#24033] attach to parent LayerHierarchy{RequestedLayerState{WindowToken{36c6c3e type=2000 android.os.BinderProxy@416fc0}#94 parentId=17} 1 children}
06-11 07:06:40.947  2062  2062 I RefreshRateSelector: Can't find idle refresh rate by policy with the same mode group as the current mode {id=9, hwcId=10, resolution=1080x2316, vsyncRate=60.00 Hz, dpi=375.78x377.09, group=1080, vrrConfig=N/A, supportedHdrTypes=INVALID} (idle : 24 fps)
06-11 07:06:40.968  2745  4897 D CoreBackPreview: Window{967207b u0 com.worksoc.goaicoach/com.worksoc.goaicoach.MainActivity}: Setting back callback OnBackInvokedCallbackInfo{mCallback=android.window.IOnBackInvokedCallback$Stub$Proxy@e2b812d, mPriority=0, mIsAnimationCallback=false, mOverrideBehavior=0}
06-11 07:06:40.973  2745  4897 I WindowManager: Relayout Window{967207b u0 com.worksoc.goaicoach/com.worksoc.goaicoach.MainActivity}: viewVisibility=0 req=840x876 ty=2 d0
06-11 07:06:40.974  2062  2193 I SurfaceFlinger: id=24034 createSurf, flag=44004, com.worksoc.goaicoach/com.worksoc.goaicoach.MainActivity$_18096#24034
06-11 07:06:40.976  2745  4897 D WindowManager: makeSurface duration=2 name=com.worksoc.goaicoach/com.worksoc.goaicoach.MainActivity$_18096
06-11 07:06:40.976  2745  4897 D SurfaceComposerClient: setCornerRadius ## 5ab3166 com.worksoc.goaicoach/com.worksoc.goaicoach.MainActivity#24025 cornerRadius=0.000000
06-11 07:06:40.978  2745  4897 D SurfaceComposerClient: setCornerRadius ## 5ab3166 com.worksoc.goaicoach/com.worksoc.goaicoach.MainActivity#24025 cornerRadius=0.000000
06-11 07:06:40.980  2745  4897 I WindowManager: Relayout hash=967207b, pid=18096, syncId=-1: mAttrs={(0,0)(wrapxwrap) gr=CENTER sim={adjust=pan} ty=APPLICATION fmt=TRANSPARENT wanim=0x1030318 surfaceInsets=Rect(84, 84 - 84, 84)
06-11 07:06:40.980  2745  4897 I WindowManager:   fl=1800002
06-11 07:06:40.980  2745  4897 I WindowManager:   pfl=40000800
06-11 07:06:40.980  2745  4897 I WindowManager:   vsysui=2000
06-11 07:06:40.980  2745  4897 I WindowManager:   apr=18
06-11 07:06:40.980  2745  4897 I WindowManager:   bhv=1
06-11 07:06:40.980  2745  4897 I WindowManager:   fitTypes=207
06-11 07:06:40.980  2745  4897 I WindowManager:   frameRateBoostOnTouch=true
06-11 07:06:40.980  2745  4897 I WindowManager:   dvrrWindowFrameRateHint=true
06-11 07:06:40.980  2745  4897 I WindowManager:  dimAmount=0.6 naviIconColor=0
06-11 07:06:40.980  2745  4897 I WindowManager:   sfl=100000}
06-11 07:06:40.982 18096 18096 I InsetsSourceConsumer: applyRequestedVisibilityToControl: visible=true, type=navigationBars, host=com.worksoc.goaicoach/com.worksoc.goaicoach.MainActivity
06-11 07:06:40.982 18096 18096 I InsetsSourceConsumer: applyRequestedVisibilityToControl: visible=true, type=statusBars, host=com.worksoc.goaicoach/com.worksoc.goaicoach.MainActivity
06-11 07:06:40.983 18096 18096 W libc    : Access denied finding property "vendor.display.enable_optimal_refresh_rate"
06-11 07:06:40.983 18096 18096 I BufferQueueProducer: [](id:46b000000001,api:0,p:0,c:18096) setDequeueTimeout:2077252342
06-11 07:06:40.983 18096 18096 I BLASTBufferQueue_Java: new BLASTBufferQueue, mName= VRI[MainActivity]@2f2ea43 mNativeObject= 0xb400007198359c00 caller= android.view.ViewRootImpl.updateBlastSurfaceIfNeeded:3585 android.view.ViewRootImpl.relayoutWindow:11685 android.view.ViewRootImpl.performTraversals:4804 android.view.ViewRootImpl.doTraversal:3924 android.view.ViewRootImpl$TraversalRunnable.run:12903 android.view.Choreographer$CallbackRecord.run:1901 android.view.Choreographer$CallbackRecord.run:1910 android.view.Choreographer.doCallbacks:1367 android.view.Choreographer.doFrame:1292 android.view.Choreographer$FrameDisplayEventReceiver.run:1870 
06-11 07:06:40.984 18096 18096 I BLASTBufferQueue_Java: update, w= 1008 h= 1044 mName = VRI[MainActivity]@2f2ea43 mNativeObject= 0xb400007198359c00 sc.mNativeObject= 0xb4000071582b9e10 format= -2 caller= android.view.ViewRootImpl.updateBlastSurfaceIfNeeded:3590 android.view.ViewRootImpl.relayoutWindow:11685 android.view.ViewRootImpl.performTraversals:4804 android.view.ViewRootImpl.doTraversal:3924 android.view.ViewRootImpl$TraversalRunnable.run:12903 android.view.Choreographer$CallbackRecord.run:1901 
06-11 07:06:40.984 18096 18096 W libc    : Access denied finding property "vendor.display.enable_optimal_refresh_rate"
06-11 07:06:40.984 18096 18096 I VRI[MainActivity]@2f2ea43: Relayout returned: old=(0,75,1080,2190) new=(120,694,960,1570) relayoutAsync=false req=(840,876)0 dur=10 res=0x3 s={true 0xb4000073582e2000} ch=true seqId=0
06-11 07:06:40.984 18096 18096 I VRI[MainActivity]@2f2ea43: performConfigurationChange setNightDimText nightDimLevel=0
06-11 07:06:40.985 18096 18096 D VRI[MainActivity]@2f2ea43: mThreadedRenderer.initialize() mSurface={isValid=true 0xb4000073582e2000} hwInitialized=true
06-11 07:06:40.990 18096 18096 D VRI[MainActivity]@2f2ea43: reportNextDraw android.view.ViewRootImpl.performTraversals:5443 android.view.ViewRootImpl.doTraversal:3924 android.view.ViewRootImpl$TraversalRunnable.run:12903 android.view.Choreographer$CallbackRecord.run:1901 android.view.Choreographer$CallbackRecord.run:1910 
06-11 07:06:40.991 18096 18096 D VRI[MainActivity]@2f2ea43: Setup new sync=wmsSync-VRI[MainActivity]@2f2ea43#2
06-11 07:06:40.991 18096 18096 I VRI[MainActivity]@2f2ea43: Creating new active sync group VRI[MainActivity]@2f2ea43#3
06-11 07:06:40.991 18096 18096 D VRI[MainActivity]@2f2ea43: registerCallbacksForSync syncBuffer=false
06-11 07:06:40.994 18096 18115 D VRI[MainActivity]@2f2ea43: Received frameDrawingCallback syncResult=0 frameNum=1.
06-11 07:06:40.994 18096 18115 I VRI[MainActivity]@2f2ea43: mWNT: t=0xb4000071882cd4d0 mBlastBufferQueue=0xb400007198359c00 fn= 1 HdrRenderState mRenderHdrSdrRatio=1.0 caller= android.view.ViewRootImpl$12.onFrameDraw:15441 android.view.ThreadedRenderer$1.onFrameDraw:718 <bottom of call stack> 
06-11 07:06:40.994 18096 18115 I VRI[MainActivity]@2f2ea43: Setting up sync and frameCommitCallback
06-11 07:06:40.994  2062  2062 I SurfaceFlinger: [com.worksoc.goaicoach/com.worksoc.goaicoach.MainActivity$_18096#24034] attach to parent LayerHierarchy{RequestedLayerState{967207b com.worksoc.goaicoach/com.worksoc.goaicoach.MainActivity#24031 parentId=23892 z=1} 2 children}
06-11 07:06:40.998 18096 18111 I BLASTBufferQueue: [VRI[MainActivity]@2f2ea43#1](f:0,a:0,s:0) onFrameAvailable the first frame is available
06-11 07:06:40.998 18096 18111 I SurfaceComposerClient: apply transaction with the first frame. layerId: 24034, bufferData(ID: 77721728188423, frameNumber: 1)
06-11 07:06:40.999 18096 18111 I VRI[MainActivity]@2f2ea43: Received frameCommittedCallback lastAttemptedDrawFrameNum=1 didProduceBuffer=true
06-11 07:06:40.999  2062  3190 I SurfaceFlinger: [com.worksoc.goaicoach/com.worksoc.goaicoach.MainActivity$_18096#24034] setTransactionState with the first frame. bufferData(ID: 77721728188423, frameNumber: 1)
06-11 07:06:41.000 18096 18111 D HWUI    : CFMS:: SetUp Pid : 18096    Tid : 18111
06-11 07:06:41.001 18096 18096 D VRI[MainActivity]@2f2ea43: reportDrawFinished seqId=0
06-11 07:06:41.001  2745  4897 D WindowManager: finishDrawingWindow: Window{967207b u0 com.worksoc.goaicoach/com.worksoc.goaicoach.MainActivity} mDrawState=DRAW_PENDING seqId=0
06-11 07:06:41.002  2745  2806 D SurfaceComposerClient: setCornerRadius ## 5ab3166 com.worksoc.goaicoach/com.worksoc.goaicoach.MainActivity#24025 cornerRadius=0.000000
06-11 07:06:41.003 18096 18111 D HWUI    : HWUI - treat SMPTE_170M as sRGB
06-11 07:06:41.005  2745  2806 I WindowManager: Reparenting to leash, surface=Surface(name=967207b com.worksoc.goaicoach/com.worksoc.goaicoach.MainActivity)/@0xfafe662, leashParent=Surface(name=ActivityRecord{147150254 u0 com.worksoc.goaicoach/.MainActivity t42720})/@0xe97a8a6
06-11 07:06:41.006  2062  3190 I SurfaceFlinger: id=24035 createSurf, flag=24004, Surface(name=967207b com.worksoc.goaicoach/com.worksoc.goaicoach.MainActivity)/@0xfafe662 - animation-leash of window_animation#24035
06-11 07:06:41.010  2745  2806 D WindowManager: makeSurface duration=4 leash=Surface(name=Surface(name=967207b com.worksoc.goaicoach/com.worksoc.goaicoach.MainActivity)/@0xfafe662 - animation-leash of window_animation)/@0x7e323f3
06-11 07:06:41.010 18096 18096 I BLASTBufferQueue_Java: update, w= 1008 h= 1044 mName = VRI[MainActivity]@2f2ea43 mNativeObject= 0xb400007198359c00 sc.mNativeObject= 0xb4000071582b9e10 format= -2 caller= android.view.ViewRootImpl.updateBlastSurfaceIfNeeded:3574 android.view.ViewRootImpl.relayoutWindow:11685 android.view.ViewRootImpl.performTraversals:4804 android.view.ViewRootImpl.doTraversal:3924 android.view.ViewRootImpl$TraversalRunnable.run:12903 android.view.Choreographer$CallbackRecord.run:1901 
06-11 07:06:41.010 18096 18096 I VRI[MainActivity]@2f2ea43: Relayout returned: old=(120,694,960,1570) new=(120,694,960,1570) relayoutAsync=true req=(840,876)0 dur=3 res=0x0 s={true 0xb4000073582e2000} ch=false seqId=0
06-11 07:06:41.011  2745  2806 V WindowManager: performShowLocked: mDrawState=HAS_DRAWN in Window{967207b u0 com.worksoc.goaicoach/com.worksoc.goaicoach.MainActivity}
06-11 07:06:41.011  2745  2806 D SurfaceComposerClient: setCornerRadius ## 5ab3166 com.worksoc.goaicoach/com.worksoc.goaicoach.MainActivity#24025 cornerRadius=0.000000
06-11 07:06:41.011  2062  2062 I SurfaceFlinger: [Surface(name=967207b com.worksoc.goaicoach/com.worksoc.goaicoach.MainActivity)/@0xfafe662 - animation-leash of window_animation#24035] attach to parent LayerHierarchy{RequestedLayerState{ActivityRecord{147150254 u0 com.worksoc.goaicoach/.MainActivity t42720}#23892 parentId=22521 z=1} 5 children}
06-11 07:06:41.012  2745  2806 D SurfaceComposerClient: setCornerRadius ## 5ab3166 com.worksoc.goaicoach/com.worksoc.goaicoach.MainActivity#24025 cornerRadius=0.000000
06-11 07:06:41.014  2745  2806 D SurfaceComposerClient: setCornerRadius ## 5ab3166 com.worksoc.goaicoach/com.worksoc.goaicoach.MainActivity#24025 cornerRadius=0.000000
06-11 07:06:41.015  2745  4897 I WindowManager: Relayout Window{967207b u0 com.worksoc.goaicoach/com.worksoc.goaicoach.MainActivity}: viewVisibility=0 req=840x876 ty=2 d0
06-11 07:06:41.015  2745  4897 D SurfaceComposerClient: setCornerRadius ## 5ab3166 com.worksoc.goaicoach/com.worksoc.goaicoach.MainActivity#24025 cornerRadius=0.000000
06-11 07:06:41.015 18096 18096 I VRI[MainActivity]@2f2ea43: registerCallbackForPendingTransactions
06-11 07:06:41.016 18096 18114 I VRI[MainActivity]@2f2ea43: mWNT: t=0xb4000071882d0250 mBlastBufferQueue=0xb400007198359c00 fn= 2 HdrRenderState mRenderHdrSdrRatio=1.0 caller= android.view.ViewRootImpl$10.onFrameDraw:6536 android.view.ViewRootImpl$4.onFrameDraw:2489 android.view.ThreadedRenderer$1.onFrameDraw:718 
06-11 07:06:41.016  2745  4897 D SurfaceComposerClient: setCornerRadius ## 5ab3166 com.worksoc.goaicoach/com.worksoc.goaicoach.MainActivity#24025 cornerRadius=0.000000
06-11 07:06:41.016  2062  3190 I SurfaceFlinger: id=24027 Removed Surface(name=2a57a0a NavigationBar0)/@0xaa9041c - animation-leash of insets_animation#24027 (341)
06-11 07:06:41.017  2062  2193 I SurfaceFlinger: id=24028 Removed Surface(name=7bf0e4a StatusBar)/@0x7a4d113 - animation-leash of insets_animation#24028 (341)
06-11 07:06:41.018  2062  2193 I SurfaceFlinger: id=24036 createSurf, flag=20004, Dim Layer for - Task=42720#24036
06-11 07:06:41.019  2745  4897 I WindowManager: Relayout hash=967207b, pid=0, syncId=-1: mAttrs={(0,0)(wrapxwrap) gr=CENTER sim={adjust=pan} ty=APPLICATION fmt=TRANSPARENT wanim=0x1030318 surfaceInsets=Rect(84, 84 - 84, 84)
06-11 07:06:41.019  2745  4897 I WindowManager:   fl=1800002
06-11 07:06:41.019  2745  4897 I WindowManager:   pfl=40000800
06-11 07:06:41.019  2745  4897 I WindowManager:   vsysui=2000
06-11 07:06:41.019  2745  4897 I WindowManager:   apr=18
06-11 07:06:41.019  2745  4897 I WindowManager:   bhv=1
06-11 07:06:41.019  2745  4897 I WindowManager:   fitTypes=207
06-11 07:06:41.019  2745  4897 I WindowManager:   frameRateBoostOnTouch=true
06-11 07:06:41.019  2745  4897 I WindowManager:   dvrrWindowFrameRateHint=true
06-11 07:06:41.019  2745  4897 I WindowManager:  dimAmount=0.6 naviIconColor=0
06-11 07:06:41.019  2745  4897 I WindowManager:   sfl=100000}
06-11 07:06:41.022  2062  2296 D SurfaceFlinger: [input] setFocusedWindow: 967207b com.worksoc.goaicoach/com.worksoc.goaicoach.MainActivity
06-11 07:06:41.022  2745  5241 D InputDispatcher: Once focus requested (0): 967207b com.worksoc.goaicoach/com.worksoc.goaicoach.MainActivity
