06-11 07:06:41.110 18233 15093 I SamsungAccount: [TPMU]  SIMState     :SIM_STATE_READY
06-11 07:06:41.110 18233 15093 I SamsungAccount: [CountryCodeUtil] isChinaCountryCode : false
06-11 07:06:41.111  2745  2807 D SurfaceComposerClient: [SEC_SF_EFFECTS] setBackgroundBlurRadius ## Dim Layer for - Task=42720#24036 backgroundBlurRadius=0
06-11 07:06:41.111  2062  2062 I SurfaceFlinger: RequestedLayer [Surface(name=5924009 InputMethod)/@0[...]tion-leash of insets_animation#24037] hidden!! flag  from(1) --> to(0)
06-11 07:06:41.111 18233 15093 I SamsungAccount: [TPMU] getMccFromUsim
06-11 07:06:41.111 18233 15093 I SamsungAccount: [MccManager] saveMccToPreference Start
06-11 07:06:41.111  2062  2062 E SurfaceFlinger: alpha changed 1.000 -> 0.000 - Surface(name=5924009 InputMethod)/@0x115d3c5 - animation-leash of insets_animation#24037
06-11 07:06:41.111 18233 15093 I SamsungAccount: [MccManager] saveMccToPreference, mcc is same with previous mcc
06-11 07:06:41.111 18233 15093 I SamsungAccount: [FamilyGroupUtil] meetKoreaOneUiCondition: true
06-11 07:06:41.111 18233 15093 I SamsungAccount: [FamilyGroupUtil] isSupportFamilyService: true
06-11 07:06:41.111 18233 15093 I SamsungAccount: [AccountManagerUtil] isSamsungAccountSignedIn : true
06-11 07:06:41.111 18233 15093 I SamsungAccount: [ChildAccount] isChildAccount : false
06-11 07:06:41.111  2062  2062 I SurfaceFlinger: [LayerHierarchy{RequestedLayerState{ImeContainer#15 parentId=23892 relativeParentId=24031 z=1} 1 children}] RelativeParent to LayerHierarchy{RequestedLayerState{967207b com.worksoc.goaicoach/com.worksoc.goaicoach.MainActivity#24031 parentId=24035 z=1} 3 children}
06-11 07:06:41.111 18233 15093 I SamsungAccount: [AccountManagerProvider] makeResultBundle - resultCode : 0
06-11 07:06:41.111  2062  2062 I SurfaceFlinger: [LayerHierarchy{RequestedLayerState{5924009 InputMethod#202 parentId=24037} no children}] reparent to LayerHierarchy{RequestedLayerState{Surface(name=5924009 InputMethod)/@0x115d3c5 - animation-leash of insets_animation#24037 parentId=134} 1 children}
06-11 07:06:41.111  2062  2062 I SurfaceFlinger: [LayerHierarchy{RequestedLayerState{Surface(name=5924009 InputMethod)/@0x115d3c5 - animation-leash of insets_animation#24030} no children}] reparent to OffscreenRoot
06-11 07:06:41.111  2062  2062 I SurfaceFlinger: [LayerHierarchy{RequestedLayerState{Surface(name=5924009 InputMethod)/@0x115d3c5 - animation-leash of insets_animation#24030} no children}] RelativeParent to null
06-11 07:06:41.112  8779  8779 I HBD     : i [AiWriter] isChildAccount:false
06-11 07:06:41.112  8779  8779 I HBD     : f needOff = true , isForceOff = false, isNullInputClass : true 
06-11 07:06:41.113  8779  8779 I HBD     : f update cached prediction status : false 
06-11 07:06:41.113  8779  8779 I HBD     : h getDefaultInputRange : UNKNOWN 
06-11 07:06:41.113  8779  8779 I HBD     : h getDefaultInputRange : UNKNOWN 
06-11 07:06:41.113  8779  8779 I HBD     : a currentState : 0 
06-11 07:06:41.113  8779  8779 I HBD     : a [UpdatePolicy] [post] a: 0 cl: 65537 kit: [0/0] vt: 0 ir: 1 
06-11 07:06:41.114  8779  8779 I HBD     : a [NRIC] resetNoResponseState 
06-11 07:06:41.114  8779  8779 I HBD     : f needOff = true , isForceOff = false, isNullInputClass : true 
06-11 07:06:41.114  8779  8779 I HBD     : f update cached prediction status : false 
06-11 07:06:41.114  8779  8779 I HBD     : b [AiWriter] setContact : com.worksoc.goaicoach
06-11 07:06:41.115  8779  8779 I HBD     : HoneyBoardService [PF_OP][onStartInput]  25 ms 
06-11 07:06:41.115  8779  8779 I HBD     : [DirectWriting] DirectWriting emitInputConnection : RemoteInputConnection{idHash=#34e3cae} 
06-11 07:06:41.117  2062  3191 I SurfaceFlinger: id=24030 Removed Surface(name=5924009 InputMethod)/@0x115d3c5 - animation-leash of insets_animation#24030 (341)
06-11 07:06:41.120  8779  8779 I InputMethodService: scheduleImeSurfaceRemoval: removeImeSurface is posted.
06-11 07:06:41.127  2745  2807 D SurfaceComposerClient: [SEC_SF_EFFECTS] setBackgroundBlurRadius ## Dim Layer for - Task=42720#24036 backgroundBlurRadius=0
06-11 07:06:41.128  2062  2062 I SurfaceFlinger: destroyed Surface(name=5924009 InputMethod)/@0x115d3c5 - animation-leash of insets_animation#24030 form LifecycleManager
06-11 07:06:41.128  2062  2062 I SurfaceFlinger: id=24030 onLayerDestroyed from LayerHierarchyBuilder(RequestedLayerState{Surface(name=5924009 InputMethod)/@0x115d3c5 - animation-leash of insets_animation#24030 !handle})
06-11 07:06:41.132  2062  2062 I Layer   : id=24030 Destroyed Surface(name=5924009 InputMethod)/@0x115d3c5 - animation-leash of insets_animation#24030
06-11 07:06:41.144  2745  2807 D SurfaceComposerClient: [SEC_SF_EFFECTS] setBackgroundBlurRadius ## Dim Layer for - Task=42720#24036 backgroundBlurRadius=0
06-11 07:06:41.161  2745  2807 D SurfaceComposerClient: [SEC_SF_EFFECTS] setBackgroundBlurRadius ## Dim Layer for - Task=42720#24036 backgroundBlurRadius=0
06-11 07:06:41.162  4231  4231 D QSClock : onDarkChanged tint=WHITE
06-11 07:06:41.178  2745  2807 D SurfaceComposerClient: [SEC_SF_EFFECTS] setBackgroundBlurRadius ## Dim Layer for - Task=42720#24036 backgroundBlurRadius=0
06-11 07:06:41.194  2745  2807 D SurfaceComposerClient: [SEC_SF_EFFECTS] setBackgroundBlurRadius ## Dim Layer for - Task=42720#24036 backgroundBlurRadius=0
06-11 07:06:41.212  2745  2807 D SurfaceComposerClient: [SEC_SF_EFFECTS] setBackgroundBlurRadius ## Dim Layer for - Task=42720#24036 backgroundBlurRadius=0
06-11 07:06:41.215 16149 16149 D BoundBrokerSvc: onUnbind: Intent { act=com.google.android.gms.libs.gmscorelogger.service.START dat=chimera-action:/... xflg=0x4 cmp=com.google.android.gms/.chimera.PersistentDirectBootAwareApiService }
06-11 07:06:41.228  2745  2807 D SurfaceComposerClient: [SEC_SF_EFFECTS] setBackgroundBlurRadius ## Dim Layer for - Task=42720#24036 backgroundBlurRadius=0
06-11 07:06:41.244  2745  2807 D SurfaceComposerClient: [SEC_SF_EFFECTS] setBackgroundBlurRadius ## Dim Layer for - Task=42720#24036 backgroundBlurRadius=0
06-11 07:06:41.261  2745  2807 D SurfaceComposerClient: [SEC_SF_EFFECTS] setBackgroundBlurRadius ## Dim Layer for - Task=42720#24036 backgroundBlurRadius=0
06-11 07:06:41.262  2745  2806 I WindowManager: Reparenting to original parent: Surface(name=ActivityRecord{147150254 u0 com.worksoc.goaicoach/.MainActivity t42720})/@0xe97a8a6, destroy=true, surface=Surface(name=967207b com.worksoc.goaicoach/com.worksoc.goaicoach.MainActivity)/@0xfafe662
06-11 07:06:41.263  2745  2806 D SurfaceComposerClient: [SEC_SF_EFFECTS] setBackgroundBlurRadius ## Dim Layer for - Task=42720#24036 backgroundBlurRadius=0
06-11 07:06:41.266  2745  2806 D SurfaceComposerClient: setCornerRadius ## 5ab3166 com.worksoc.goaicoach/com.worksoc.goaicoach.MainActivity#24025 cornerRadius=0.000000
06-11 07:06:41.282  2745  2806 D SurfaceComposerClient: setCornerRadius ## 5ab3166 com.worksoc.goaicoach/com.worksoc.goaicoach.MainActivity#24025 cornerRadius=0.000000
06-11 07:06:41.294  2062  2062 I SurfaceFlinger: [Display 0 name="기본으로 제공되는 화면"#49] setFrameRateCategory: Default
06-11 07:06:41.294  2062  2062 I SurfaceFlinger: [LayerHierarchy{RequestedLayerState{Surface(name=967207b com.worksoc.goaicoach/com.worksoc.goaicoach.MainActivity)/@0xfafe662 - animation-leash of window_animation#24035 z=1} 1 children}] reparent to OffscreenRoot
06-11 07:06:41.294  2062  2062 I SurfaceFlinger: [LayerHierarchy{RequestedLayerState{Surface(name=967207b com.worksoc.goaicoach/com.worksoc.goaicoach.MainActivity)/@0xfafe662 - animation-leash of window_animation#24035 z=1} 1 children}] RelativeParent to null
06-11 07:06:41.294  2062  2062 I SurfaceFlinger: [LayerHierarchy{RequestedLayerState{967207b com.worksoc.goaicoach/com.worksoc.goaicoach.MainActivity#24031 parentId=23892 z=1} 3 children}] reparent to LayerHierarchy{RequestedLayerState{ActivityRecord{147150254 u0 com.worksoc.goaicoach/.MainActivity t42720}#23892 parentId=22521 z=1} 4 children}
06-11 07:06:41.299  2062  2062 I SurfaceFlinger: id=24035 Removed Surface(name=967207b com.worksoc.goaicoach/com.worksoc.goaicoach.MainActivity)/@0xfafe662 - animation-leash of window_animation#24035 (340)
06-11 07:06:41.302  2745  2805 I DisplayDeviceRepository: Display device changed render timings: "기본으로 제공되는 화면", renderFrameRate=60.000004, presentationDeadlineNanos=17666666, appVsyncOffsetNanos=16666666, frameRateOverrides=[]
06-11 07:06:41.303  2745  2745 D SGM:GameManager: onDisplayChanged. displyId: 0, state: 2
06-11 07:06:41.304  2745  5478 D LiftUpHandler: [LTW] Stopped already.
06-11 07:06:41.305  2745  2745 D SGM:GameManager: dpi: 420, longPixel: 2316, shortPixel: 1080
06-11 07:06:41.305  2030  6729 D AudioFlinger: setParameters: filtered dev setParameters keyvalue screen_state=on
06-11 07:06:41.306  1918  6828 D AHAL: AudioDevice: SetParameters: 1634: enter
06-11 07:06:41.306  1918  6828 D AHAL: AudioVoice: VoiceSetParameters: 168: Enter
06-11 07:06:41.306  1918  6828 D AHAL: AudioVoice: VoiceSetParameters: 412: Exit ret: 0
06-11 07:06:41.306  1918  6828 D AHAL: SecAudioDevice: SecSetParameters: 281: Enter
06-11 07:06:41.306  1918  6828 E AHAL: AudioDevice: SetParameters: 1645: Error in SecSetParameters -2
06-11 07:06:41.306  1918  6828 D AHAL: factory: FactorySetParameters: 58: Enter
06-11 07:06:41.306  1918  6828 D AHAL: Effect: EffectSetParameters: 245: Enter
06-11 07:06:41.306  1918  6828 D AHAL: Effect: EffectSetParameters: 285: Exit
06-11 07:06:41.306  1918  6828 D AHAL: AudioDevice: SetParameters: 1692:  - screen = on
06-11 07:06:41.306  1918  6828 I PAL: ResourceManager: setParameter: 8093: Screen State:1
06-11 07:06:41.306  1918  6828 D AHAL: AudioDevice: SetParameters: 2332: exit: screen_state=on
06-11 07:06:41.307  2745  3219 D SGM:FgCheckThread: onLooperPrepared(), msg: MSG_LCD_ON
06-11 07:06:41.307  1918  6828 I Audio_a2dpsink_hw: adev_set_parameters: kevpairs=[screen_state=on]
06-11 07:06:41.308  4231  4330 D StackScroller: onDisplayChanged for predraw skip to 2
06-11 07:06:41.309  2745  3441 D AS.DesktopModeHelper: onDisplayChanged: #Id=0
06-11 07:06:41.309  4527  3903 I HoneySpace.Memory-Monitor: current state = 2, didTrim = false
06-11 07:06:41.309  4231  4231 D DisplayLifecycle: updateDisplay id = 0
06-11 07:06:41.309  2745  3845 D WifiDisplayAdapter: isFitToActiveDisplayLocked : false
06-11 07:06:41.310  2745  2745 D AODManagerService: requestReCalToTSP IsSingleTouchMode = falserequestedReCalToTSP = false / previousDisplayState = ON
06-11 07:06:41.311  2745  2806 D SurfaceComposerClient: setCornerRadius ## 5ab3166 com.worksoc.goaicoach/com.worksoc.goaicoach.MainActivity#24025 cornerRadius=0.000000
06-11 07:06:41.311  2062  2062 I SurfaceFlinger: destroyed Surface(name=967207b com.worksoc.goaicoach/com.worksoc.goaicoach.MainActivity)/@0xfafe662 - animation-leash of window_animation#24035 form LifecycleManager
06-11 07:06:41.311  2062  2062 I SurfaceFlinger: id=24035 onLayerDestroyed from LayerHierarchyBuilder(RequestedLayerState{Surface(name=967207b com.worksoc.goaicoach/com.worksoc.goaicoach.MainActivity)/@0xfafe662 - animation-leash of window_animation#24035 !handle z=1})
06-11 07:06:41.315  2062  2062 I Layer   : id=24035 Destroyed Surface(name=967207b com.worksoc.goaicoach/com.worksoc.goaicoach.MainActivity)/@0xfafe662 - animation-leash of window_animation#24035
06-11 07:06:41.388  2034  2073 E HeatmapThread: ECT Thread time in milliseconds: 1781129201
06-11 07:06:41.388  2034  2073 D HeatmapThread: !@ batteryplugType : 0
06-11 07:06:41.388  2034  2073 D HeatmapThread: !@ batteryLevel : 0  batteryTemperature : 0 
06-11 07:06:41.388  2034  2073 D HeatmapThread: !@ Heatmap currtime: 29685486
06-11 07:06:41.388  2034  2073 D HeatmapThread: !@ Heatmap prevtime: 29685471
06-11 07:06:41.388  2034  2073 D HeatmapThread: !@ Heatmap plugstarttime: 35791394
06-11 07:06:41.388  2034  2073 D HeatmapThread: !@ Heatmap prevv_dsoh_update_time: 29682402
06-11 07:06:41.389  2034  2073 E HeatmapThread: !@Could not open '/efs/FactoryApp/bsoh', errno = 13
06-11 07:06:41.389  2034  2073 E HeatmapThread: !@ CAM Could not access BSOH EFS
06-11 07:06:41.389  2034  2073 E HeatmapThread: !@ CAM New BSOH: 0
06-11 07:06:41.500  3693  3715 D PhoneInterfaceManager: setDataEnabledForReason() Reason=1 Pid=2745 App=system
06-11 07:06:41.508  3693  3815 D PhoneInterfaceManager: setDataEnabledForReason() Reason=1 Pid=2745 App=system
06-11 07:06:41.572  2745  3500 I SemWifiServiceDetector: NSD results: [0, 1, 2, 0, 0, 0, 2, 0, 0] Traff. type 1 Thr 0
06-11 07:06:41.592  2745  2805 D SGM:GameManager: identifyForegroundApp. com.worksoc.goaicoach, mCurrentUserId: 0, callerUserId: 0
06-11 07:06:41.592  2745  2805 D SGM:SemGameManager: isForegroundGame(), ret=false
06-11 07:06:41.622  8779  8779 I InputMethodService: removeImeSurface
06-11 07:06:41.622  8779  8779 I InputMethodService: cancelImeSurfaceRemoval: removeCallbacks
06-11 07:06:41.635  1938 15886 I sensors-hal: handle_sns_client_event:185, auto_rotation_debug_2 mode,255, type,1,0 acc,0.165,-0.156,9.952, ar,0, ver,14, pedo,1,e,1,i,3
06-11 07:06:41.677  1153  1153 D io_stats: !@   8,0 r 22657015 411383863 w 5871395 93078052 d 1576994 220341664 f 0 680782 iot 9195756 0 th 0 0 0 pt 0 inp 0 0 121055.212
06-11 07:06:41.678  1153  1153 D io_stats: !@ Read_top(KB): m.android.phone(3693) 608 system_server(2745) 8
06-11 07:06:41.678  1153  1153 D io_stats: !@ Write_top(KB): system_server(2745) 72 f2fs_ckpt-254:5(4519) 48 init(1) 28
06-11 07:06:42.229 15474 15474 I wpa_supplicant: Heartbeat 2378
06-11 07:06:42.255 18096 18157 D ProfileInstaller: Installing profile for com.worksoc.goaicoach
06-11 07:06:42.389  2034  2073 E HeatmapThread: ECT Thread time in milliseconds: 1781129202
06-11 07:06:42.389  2034  2073 D HeatmapThread: !@ batteryplugType : 0
06-11 07:06:42.390  2034  2073 D HeatmapThread: !@ batteryLevel : 0  batteryTemperature : 0 
06-11 07:06:42.390  2034  2073 D HeatmapThread: !@ Heatmap currtime: 29685486
06-11 07:06:42.390  2034  2073 D HeatmapThread: !@ Heatmap prevtime: 29685471
06-11 07:06:42.390  2034  2073 D HeatmapThread: !@ Heatmap plugstarttime: 35791394
06-11 07:06:42.390  2034  2073 D HeatmapThread: !@ Heatmap prevv_dsoh_update_time: 29682402
06-11 07:06:42.390  2034  2073 E HeatmapThread: !@Could not open '/efs/FactoryApp/bsoh', errno = 13
06-11 07:06:42.390  2034  2073 E HeatmapThread: !@ CAM Could not access BSOH EFS
06-11 07:06:42.391  2034  2073 E HeatmapThread: !@ CAM New BSOH: 0
06-11 07:06:42.522  2745  3556 D NetdEventListenerService: DNS Requested by 169, 10875(com.lgt.tmoney), SUCCESS, 1ms
06-11 07:06:42.757  2745  3405 D WifiStaIfaceHidlImpl: getCachedScanData is not implemented by HIDL
06-11 07:06:42.784  2745  5646 D SemWifiUsabilityStatsMonitor: onWifiUsabilityStats - seqNum 9795, isSameBssidAndFreq true
06-11 07:06:42.786  2745  3502 E SemWifiLinkQualityMonitor: Too old or invalid TMI: currentTime=1781129202786 lastDateWindow=1781129197000
06-11 07:06:42.788  2745  3502 I SemWifiLinkQualityMonitor: Link stat: 986 / 59 / 1.24 (178) / 526 / -46.0 || 100.0 : 526.00 / 0.5 : 0.80 / 0.55 : 0.06 / G (G) || 4f731b0d5785: 0.092 / 87.154 / N || N N / 0 0 / N 2.0 / N X 0 / 121056319 0 || 2026-06-11 07:06:37  / 0: 0 0 0 0 0 0 / 0: 0 0 0 0 0 0 / 0: 0 0 0 0 0 0
06-11 07:06:43.153  1938 15888 I sensors-hal: handle_sns_std_sensor_event:311, [SSC_LIGHT] P: 67(67),m:7,c:38,b:72,c0:3376,l:67,f(r):100,u(bl):100,j:63
06-11 07:06:43.228  2745  2814 I ActivityManager: Changes in 10103 7 to 15, 128 to 0
06-11 07:06:43.356  5757  5800 V OsAgent : broadcastSystemEvent - 7
06-11 07:06:43.357  5757  5800 V OsAgent : broadcastSystemEvent - 7
06-11 07:06:43.380  3693  3796 D SatelliteController: isInCarrierRoamingNbIotNtn: satellite is disabled
06-11 07:06:43.388  2034  2073 E HeatmapThread: ECT Thread time in milliseconds: 1781129203
06-11 07:06:43.388  2034  2073 D HeatmapThread: !@ batteryplugType : 0
06-11 07:06:43.388  2034  2073 D HeatmapThread: !@ batteryLevel : 0  batteryTemperature : 0 
06-11 07:06:43.388  2034  2073 D HeatmapThread: !@ Heatmap currtime: 29685486
06-11 07:06:43.388  2034  2073 D HeatmapThread: !@ Heatmap prevtime: 29685471
06-11 07:06:43.388  2034  2073 D HeatmapThread: !@ Heatmap plugstarttime: 35791394
06-11 07:06:43.388  2034  2073 D HeatmapThread: !@ Heatmap prevv_dsoh_update_time: 29682402
06-11 07:06:43.389  2034  2073 E HeatmapThread: !@Could not open '/efs/FactoryApp/bsoh', errno = 13
06-11 07:06:43.389  2034  2073 E HeatmapThread: !@ CAM Could not access BSOH EFS
06-11 07:06:43.389  2034  2073 E HeatmapThread: !@ CAM New BSOH: 0
06-11 07:06:43.679  1153  1153 D io_stats: !@   8,0 r 22657015 411383863 w 5871403 93078180 d 1576994 220341664 f 0 680782 iot 9195764 0 th 0 0 0 pt 0 inp 0 0 121057.214
06-11 07:06:44.239  4710  4840 I RequestManager_FLP: onOpChanged, op=0 / packageName=com.osp.app.signin
06-11 07:06:44.391  2034  2073 E HeatmapThread: ECT Thread time in milliseconds: 1781129204
06-11 07:06:44.391  2034  2073 D HeatmapThread: !@ batteryplugType : 0
06-11 07:06:44.391  2034  2073 D HeatmapThread: !@ batteryLevel : 0  batteryTemperature : 0 
06-11 07:06:44.391  2034  2073 D HeatmapThread: !@ Heatmap currtime: 29685486
06-11 07:06:44.391  2034  2073 D HeatmapThread: !@ Heatmap prevtime: 29685471
06-11 07:06:44.392  2034  2073 D HeatmapThread: !@ Heatmap plugstarttime: 35791394
06-11 07:06:44.392  2034  2073 D HeatmapThread: !@ Heatmap prevv_dsoh_update_time: 29682402
06-11 07:06:44.392  2034  2073 E HeatmapThread: !@Could not open '/efs/FactoryApp/bsoh', errno = 13
06-11 07:06:44.392  2034  2073 E HeatmapThread: !@ CAM Could not access BSOH EFS
06-11 07:06:44.392  2034  2073 E HeatmapThread: !@ CAM New BSOH: 0
06-11 07:06:44.414  2745  3534 D WifiConnectivityMonitor.NetworkStatsAnalyzer: Backhaul result - RSSI:-46, CE:35, PE:35, TI:44, PTI:44, TW:0, PTW:0, Tx:170, Rx:71, TxS:171, RxS:71, RESULT:true, IC:1, ICT:5, WC:15, WCT:5, R:2, RC:0, IE:0, EC:0
06-11 07:06:44.958  2745  4736 I NSLocationMonitor: getGPSUsingApps() called
06-11 07:06:44.959  4710  4768 I NSLocationManager_FLP: getGPSUsingApps, No change
06-11 07:06:44.972  2745  4736 D FreecessHandler: freeze com.kakao.page(15010371) result : 2
06-11 07:06:45.374  2745  3500 I SemWifiServiceDetector: Service det. suspended: T / T / 15562
06-11 07:06:45.388  2034  2073 E HeatmapThread: ECT Thread time in milliseconds: 1781129205
06-11 07:06:45.388  2034  2073 D HeatmapThread: !@ batteryplugType : 0
06-11 07:06:45.388  2034  2073 D HeatmapThread: !@ batteryLevel : 0  batteryTemperature : 0 
06-11 07:06:45.388  2034  2073 D HeatmapThread: !@ Heatmap currtime: 29685486
06-11 07:06:45.388  2034  2073 D HeatmapThread: !@ Heatmap prevtime: 29685471
06-11 07:06:45.388  2034  2073 D HeatmapThread: !@ Heatmap plugstarttime: 35791394
06-11 07:06:45.388  2034  2073 D HeatmapThread: !@ Heatmap prevv_dsoh_update_time: 29682402
06-11 07:06:45.389  2034  2073 E HeatmapThread: !@Could not open '/efs/FactoryApp/bsoh', errno = 13
06-11 07:06:45.389  2034  2073 E HeatmapThread: !@ CAM Could not access BSOH EFS
06-11 07:06:45.389  2034  2073 E HeatmapThread: !@ CAM New BSOH: 0
06-11 07:06:45.681  1153  1153 D io_stats: !@ Write_top(KB): kworker/u16:7(9037) 128
06-11 07:06:45.872  1938 15888 I sensors-hal: handle_sns_std_sensor_event:311, [SSC_LIGHT] P: 66(66),m:7,c:38,b:72,c0:3312,l:65,f(r):100,u(bl):100,j:57
06-11 07:06:45.908  2745  3405 D WifiStaIfaceHidlImpl: getCachedScanData is not implemented by HIDL
06-11 07:06:45.944  2745  5646 D SemWifiUsabilityStatsMonitor: onWifiUsabilityStats - seqNum 9796, isSameBssidAndFreq true
06-11 07:06:45.947  2745  3502 E SemWifiLinkQualityMonitor: Too old or invalid TMI: currentTime=1781129205947 lastDateWindow=1781129197000
06-11 07:06:46.388  2034  2073 E HeatmapThread: ECT Thread time in milliseconds: 1781129206
06-11 07:06:46.388  2034  2073 D HeatmapThread: !@ batteryplugType : 0
06-11 07:06:46.388  2034  2073 D HeatmapThread: !@ batteryLevel : 0  batteryTemperature : 0 
06-11 07:06:46.388  2034  2073 D HeatmapThread: !@ Heatmap currtime: 29685486
06-11 07:06:46.388  2034  2073 D HeatmapThread: !@ Heatmap prevtime: 29685471
06-11 07:06:46.389  2034  2073 D HeatmapThread: !@ Heatmap plugstarttime: 35791394
06-11 07:06:46.389  2034  2073 D HeatmapThread: !@ Heatmap prevv_dsoh_update_time: 29682402
06-11 07:06:46.389  2034  2073 E HeatmapThread: !@Could not open '/efs/FactoryApp/bsoh', errno = 13
06-11 07:06:46.389  2034  2073 E HeatmapThread: !@ CAM Could not access BSOH EFS
06-11 07:06:46.389  2034  2073 E HeatmapThread: !@ CAM New BSOH: 0
06-11 07:06:46.722 16149 17628 I NearbyMediums: No BLE Fast/GATT advertisements found in the latest cycle.
06-11 07:06:46.722 16149 17628 I NearbyMediums: Current Tracked Scanning Clients are : {NearbyConnections.EnvironmentMonitor, NearbyConnections.TxAdvertisement}
06-11 07:06:46.826  2745  3556 D NetdEventListenerService: DNS Requested by 169, 10875(com.lgt.tmoney), SUCCESS, 1ms
06-11 07:06:47.146  7599  7599 I SDHMS:LOAD: type: LoadsFreqs, value: 47:37:0:1483008:2995200:0:894336:2496000:0:246:285:0
06-11 07:06:47.388  2034  2073 E HeatmapThread: ECT Thread time in milliseconds: 1781129207
06-11 07:06:47.388  2034  2073 D HeatmapThread: !@ batteryplugType : 0
06-11 07:06:47.388  2034  2073 D HeatmapThread: !@ batteryLevel : 0  batteryTemperature : 0 
06-11 07:06:47.388  2034  2073 D HeatmapThread: !@ Heatmap currtime: 29685486
06-11 07:06:47.388  2034  2073 D HeatmapThread: !@ Heatmap prevtime: 29685471
06-11 07:06:47.388  2034  2073 D HeatmapThread: !@ Heatmap plugstarttime: 35791394
06-11 07:06:47.389  2034  2073 D HeatmapThread: !@ Heatmap prevv_dsoh_update_time: 29682402
06-11 07:06:47.389  2034  2073 E HeatmapThread: !@Could not open '/efs/FactoryApp/bsoh', errno = 13
06-11 07:06:47.389  2034  2073 E HeatmapThread: !@ CAM Could not access BSOH EFS
06-11 07:06:47.389  2034  2073 E HeatmapThread: !@ CAM New BSOH: 0
06-11 07:06:47.683  1153  1153 D io_stats: !@   8,0 r 22657015 411383863 w 5871407 93078196 d 1576994 220341664 f 0 680782 iot 9195776 0 th 0 0 0 pt 0 inp 0 0 121061.218
06-11 07:06:48.267  2745 18177 D WifiConnectivityMonitor.DnsThread:  [|217] []
06-11 07:06:48.272  2745  3534 D WifiConnectivityMonitor.NetworkStatsAnalyzer: DNS resultType : 0, responseTime : 217
06-11 07:06:48.272  2745  3528 D OpenNetworkQos[4.00]: updateBssidLatestDnsResultType - result: 0
06-11 07:06:48.272  2745  3528 D OpenNetworkQos[4.00]: updateBssidNoInternet: mBssidNoInternet = false
06-11 07:06:48.272  2745  3528 D OpenNetworkQos[4.00]: getOpenNetworkQosNoInternetStatus: false
06-11 07:06:48.273  2745  3528 D OpenNetworkQos[4.00]: getOpenNetworkQosScores: 30 30 0 
06-11 07:06:48.274  2745  3528 D KNOX_MDM_SettingsProvider: isChangeAllowed() : name = wifi_wcm_qos_sharing_score_summary
06-11 07:06:48.274  2745  3528 I WifiProfileShare: network QoS data was changed (internet), updateQoSData networkType: true, qosData: false
06-11 07:06:48.276  2745  4871 D WifiProfileShare: nearby scanning settings stop
06-11 07:06:48.276  2745  4871 V WifiProfileShare.Caster: checkAndGetShareData - nearby scanning
06-11 07:06:48.388  2034  2073 E HeatmapThread: ECT Thread time in milliseconds: 1781129208
06-11 07:06:48.388  2034  2073 D HeatmapThread: !@ batteryplugType : 0
06-11 07:06:48.388  2034  2073 D HeatmapThread: !@ batteryLevel : 0  batteryTemperature : 0 
06-11 07:06:48.388  2034  2073 D HeatmapThread: !@ Heatmap currtime: 29685486
06-11 07:06:48.388  2034  2073 D HeatmapThread: !@ Heatmap prevtime: 29685471
06-11 07:06:48.388  2034  2073 D HeatmapThread: !@ Heatmap plugstarttime: 35791394
06-11 07:06:48.389  2034  2073 D HeatmapThread: !@ Heatmap prevv_dsoh_update_time: 29682402
06-11 07:06:48.389  2034  2073 E HeatmapThread: !@Could not open '/efs/FactoryApp/bsoh', errno = 13
06-11 07:06:48.389  2034  2073 E HeatmapThread: !@ CAM Could not access BSOH EFS
06-11 07:06:48.389  2034  2073 E HeatmapThread: !@ CAM New BSOH: 0
06-11 07:06:48.672  2745  3197 D InputReader: Btn_touch(4): value=1 when=121062.206907
06-11 07:06:48.673  2745  3197 I InputReader: Touch event's action is 0x0 (id=7, t=0) [pCnt=1, s=0.6770 ] when=121062.206907
06-11 07:06:48.678  2745  3196 I InputDispatcher: Delivering touch to (4231): action: 0x4, f=0x0, d=0, '2a57a0a', t=1 
06-11 07:06:48.678  2745  3196 I InputDispatcher: Delivering touch to (18096): action: 0x0, f=0x0, d=0, '967207b', t=1 +(-120,-694)
06-11 07:06:48.679  2745  3196 D PowerManagerService: [api] userActivityFromNative : touch displayId=0 eventTime=121062206
06-11 07:06:48.680  2745  3196 D PowerManagerService: UserActivityStateListenerState: 1
06-11 07:06:48.681  2062  2266 I VSyncReactor: Current= 60, Period= 60, Distance= 0
06-11 07:06:48.683  2745  2803 I GestureDetector: obtain mCurrentDownEvent. id: 93628045 caller: com.android.server.wm.SystemGesturesPointerEventListener.onPointerEvent:17 com.android.server.wm.PointerEventDispatcher.onInputEvent:51 android.view.InputEventReceiver.dispatchInputEvent:392 
06-11 07:06:48.683  2745  2803 I GestureDetector: obtain mCurrentDownEvent. id: 93628045 caller: com.android.server.wm.SystemPerformancePointerEventListener.onPointerEvent:13 com.android.server.wm.PointerEventDispatcher.onInputEvent:51 android.view.InputEventReceiver.dispatchInputEvent:392 
06-11 07:06:48.686  2745  2803 I GestureDetector: obtain mCurrentMotionEventRaw. action: 2 id: 671009571
06-11 07:06:48.686 18096 18096 I VRI[MainActivity]@2f2ea43: ViewPostIme pointer 0
06-11 07:06:48.686  2745  2803 I GestureDetector: obtain mCurrentMotionEventRaw. action: 2 id: 671009571
06-11 07:06:48.697  2062  2266 I VSyncReactor: Current= 60, Period= 60, Distance= 60
06-11 07:06:48.703 18096 18096 I VRI[MainActivity]@2f2ea43: call setFrameRateCategory for touch hint category=high hint, reason=touch, vri=VRI[MainActivity]@2f2ea43
06-11 07:06:48.715  2062  2062 I SurfaceFlinger: [com.worksoc.goaicoach/com.worksoc.goaicoach.MainActivity$_18096#24034] setFrameRateCategory: HighHint
06-11 07:06:48.744 18096 18103 D InputTransport: Input channel destroyed: 'ClientS', fd=176
06-11 07:06:48.750  2745  3197 D InputReader: Btn_touch(4): value=0 when=121062.285033
06-11 07:06:48.750  2745  3197 I InputReader: Touch event's action is 0x1 (id=7, t=0) [pCnt=1, s=] when=121062.285033
06-11 07:06:48.751  2745  3196 I InputDispatcher: Delivering touch to (18096): action: 0x1, f=0x0, d=0, '967207b', t=1 +(-120,-694)
06-11 07:06:48.753 18096 18096 I VRI[MainActivity]@2f2ea43: ViewPostIme pointer 1
06-11 07:06:48.778 18096 18096 I WindowManager: WindowManagerGlobal#removeView, ty=2, view=com.android.internal.policy.DecorView{7c493f2 V.E...... R......D 0,0-840,876 aid=1073741837}[MainActivity], caller=android.view.WindowManagerGlobal.removeView:654 android.view.WindowManagerImpl.removeViewImmediate:216 android.app.Dialog.dismissDialog:850 
06-11 07:06:48.780 18096 18096 W WindowOnBackDispatcher: sendCancelIfRunning: isInProgress=false callback=android.view.ViewRootImpl$$ExternalSyntheticLambda16@af5f97c
06-11 07:06:48.780  2745  3845 D CoreBackPreview: Window{967207b u0 com.worksoc.goaicoach/com.worksoc.goaicoach.MainActivity}: Setting back callback null
06-11 07:06:48.789 18096 18111 D HWUI    : endAllActiveAnimators on 0xb4000073582e73b0 (UnprojectedRipple) with handle 0xb4000072582e9060
06-11 07:06:48.790 18096 18096 I VRI[MainActivity]@2f2ea43: dispatchDetachedFromWindow
06-11 07:06:48.791  2745  3845 D InputTransport: Input channel destroyed: '967207b', fd=989
06-11 07:06:48.791  2745  3845 V WindowManager: Remove Window{967207b u0 com.worksoc.goaicoach/com.worksoc.goaicoach.MainActivity}: mSurfaceControl=Surface(name=com.worksoc.goaicoach/com.worksoc.goaicoach.MainActivity$_18096)/@0xeefb6d4 mAnimatingExit=false mRemoveOnExit=false mHasSurface=true surfaceShowing=true animating=false app-animation=false callers=com.android.server.wm.Session.remove:16 android.view.IWindowSession$Stub.onTransact:804 com.android.server.wm.Session.onTransact:1 android.os.Binder.execTransactInternal:1457 android.os.Binder.execTransact:1401 <bottom of call stack> 
06-11 07:06:48.791  2745  3845 I WindowManager: Reparenting to leash, surface=Surface(name=967207b com.worksoc.goaicoach/com.worksoc.goaicoach.MainActivity)/@0xfafe662, leashParent=Surface(name=ActivityRecord{147150254 u0 com.worksoc.goaicoach/.MainActivity t42720})/@0xe97a8a6
06-11 07:06:48.792  2062  2193 I SurfaceFlinger: id=24038 createSurf, flag=24000, Surface(name=967207b com.worksoc.goaicoach/com.worksoc.goaicoach.MainActivity)/@0xfafe662 - animation-leash of window_animation#24038
06-11 07:06:48.795  2745  3845 D WindowManager: makeSurface duration=3 leash=Surface(name=Surface(name=967207b com.worksoc.goaicoach/com.worksoc.goaicoach.MainActivity)/@0xfafe662 - animation-leash of window_animation)/@0x1bda07d
06-11 07:06:48.796  2745  3845 D WindowManager: Changing focus from Window{967207b u0 com.worksoc.goaicoach/com.worksoc.goaicoach.MainActivity EXITING} to Window{5ab3166 u0 com.worksoc.goaicoach/com.worksoc.goaicoach.MainActivity} displayId=0 Callers=com.android.server.wm.WindowState.removeIfPossible:602 com.android.server.wm.Session.remove:16 android.view.IWindowSession$Stub.onTransact:804 com.android.server.wm.Session.onTransact:1 
06-11 07:06:48.796  2745  3845 I WindowManager: Cancelling animation restarting=true, leash=Surface(name=Surface(name=2a57a0a NavigationBar0)/@0xaa9041c - animation-leash of insets_animation)/@0x4d772d6
06-11 07:06:48.796  2745  3845 I WindowManager: Reparenting to original parent: Surface(name=WindowToken{c01fa75 type=2019 android.os.BinderProxy@63fa980})/@0x2df7825, destroy=false, surface=Surface(name=2a57a0a NavigationBar0)/@0xaa9041c
06-11 07:06:48.796  2745  3845 I WindowManager: Reparenting to leash, surface=Surface(name=2a57a0a NavigationBar0)/@0xaa9041c, leashParent=Surface(name=WindowToken{c01fa75 type=2019 android.os.BinderProxy@63fa980})/@0x2df7825
06-11 07:06:48.797  2062  3191 I SurfaceFlinger: id=24039 createSurf, flag=24000, Surface(name=2a57a0a NavigationBar0)/@0xaa9041c - animation-leash of insets_animation#24039
06-11 07:06:48.798  2745  3845 D WindowManager: makeSurface duration=2 leash=Surface(name=Surface(name=2a57a0a NavigationBar0)/@0xaa9041c - animation-leash of insets_animation)/@0x6481bc3
06-11 07:06:48.798  2745  3845 D InsetsSourceProvider: updateControlForTarget: control=InsetsSourceControl: {10c70001 mType=navigationBars initiallyVisible mSurfacePosition=Point(0, 2190) mInsetsHint=Insets{left=0, top=0, right=0, bottom=126}}, target=Window{5ab3166 u0 com.worksoc.goaicoach/com.worksoc.goaicoach.MainActivity}, from=com.android.server.wm.InsetsStateController.onControlTargetChanged:83 com.android.server.wm.InsetsPolicy.updateBarControlTarget:225 com.android.server.wm.DisplayPolicy.updateSystemBarAttributes:262 com.android.server.wm.WindowManagerService.updateFocusedWindowLocked:372 com.android.server.wm.WindowState.removeIfPossible:602 
06-11 07:06:48.798  2062  2062 I SurfaceFlinger: [Surface(name=967207b com.worksoc.goaicoach/com.worksoc.goaicoach.MainActivity)/@0xfafe662 - animation-leash of window_animation#24038] attach to parent LayerHierarchy{RequestedLayerState{ActivityRecord{147150254 u0 com.worksoc.goaicoach/.MainActivity t42720}#23892 parentId=22521 z=1} 5 children}
06-11 07:06:48.798  2745  3845 I WindowManager: Cancelling animation restarting=true, leash=Surface(name=Surface(name=7bf0e4a StatusBar)/@0x7a4d113 - animation-leash of insets_animation)/@0x2baec44
06-11 07:06:48.798  2062  2062 I SurfaceFlinger: [Surface(name=2a57a0a NavigationBar0)/@0xaa9041c - animation-leash of insets_animation#24039] attach to parent LayerHierarchy{RequestedLayerState{WindowToken{c01fa75 type=2019 android.os.BinderProxy@63fa980}#90 parentId=34} 2 children}
06-11 07:06:48.798  2745  3845 I WindowManager: Reparenting to original parent: Surface(name=WindowToken{36c6c3e type=2000 android.os.BinderProxy@416fc0})/@0x92ff50, destroy=false, surface=Surface(name=7bf0e4a StatusBar)/@0x7a4d113
06-11 07:06:48.798  2745  3845 I WindowManager: Reparenting to leash, surface=Surface(name=7bf0e4a StatusBar)/@0x7a4d113, leashParent=Surface(name=WindowToken{36c6c3e type=2000 android.os.BinderProxy@416fc0})/@0x92ff50
06-11 07:06:48.799  2062  3191 I SurfaceFlinger: id=24040 createSurf, flag=24000, Surface(name=7bf0e4a StatusBar)/@0x7a4d113 - animation-leash of insets_animation#24040
06-11 07:06:48.799  2745  2807 D PowerManagerService: [api] setPowerBoost(L) boost:0, durationMs:0, caller (uid: 1000 pid: 2745) <- m() in com.android.server.display.DisplayManagerService$BinderService$$ExternalSyntheticOutline0:1
06-11 07:06:48.799  2745  3845 D WindowManager: makeSurface duration=1 leash=Surface(name=Surface(name=7bf0e4a StatusBar)/@0x7a4d113 - animation-leash of insets_animation)/@0xf88c779
06-11 07:06:48.799  2745  3845 D InsetsSourceProvider: updateControlForTarget: control=InsetsSourceControl: {da4d0000 mType=statusBars initiallyVisible mSurfacePosition=Point(0, 0) mInsetsHint=Insets{left=0, top=75, right=0, bottom=0}}, target=Window{5ab3166 u0 com.worksoc.goaicoach/com.worksoc.goaicoach.MainActivity}, from=com.android.server.wm.InsetsStateController.onControlTargetChanged:83 com.android.server.wm.InsetsPolicy.updateBarControlTarget:212 com.android.server.wm.DisplayPolicy.updateSystemBarAttributes:262 com.android.server.wm.WindowManagerService.updateFocusedWindowLocked:372 com.android.server.wm.WindowState.removeIfPossible:602 
06-11 07:06:48.800  2745  3845 D WindowManager: updateSystemBarAttributes: displayId=0, focusedCanBeNavColorWin=false, win=Window{5ab3166 u0 com.worksoc.goaicoach/com.worksoc.goaicoach.MainActivity}, navColorWin=Window{967207b u0 com.worksoc.goaicoach/com.worksoc.goaicoach.MainActivity EXITING}, caller=com.android.server.wm.WindowManagerService.updateFocusedWindowLocked:372 com.android.server.wm.WindowState.removeIfPossible:602 com.android.server.wm.Session.remove:16 
06-11 07:06:48.800  2745  3845 D WindowManager: updateSystemBarAttributes, bhv=1, apr=520, statusBarAprRegions=[AppearanceRegion{ bounds=[0,0][1080,2316]}], requestedVisibilities=-9
06-11 07:06:48.800  2745  3845 V SystemKeyManager: updateFocusedWindow() is called, com.worksoc.goaicoach/com.worksoc.goaicoach.MainActivity
06-11 07:06:48.800  2745  3845 D SurfaceComposerClient: setCornerRadius ## 5ab3166 com.worksoc.goaicoach/com.worksoc.goaicoach.MainActivity#24025 cornerRadius=0.000000
06-11 07:06:48.800  4231  4231 D NavigationBar: onSystemBarAttributesChanged() -  displayId:0, appearance:520, packageName: com.worksoc.goaicoach (APPEARANCE_LIGHT_STATUS_BARS ), navbarColorManagedByIme:false
06-11 07:06:48.801  2745  3845 D WindowManager: updateSystemBarAttributes: displayId=0, focusedCanBeNavColorWin=false, win=Window{5ab3166 u0 com.worksoc.goaicoach/com.worksoc.goaicoach.MainActivity}, navColorWin=Window{5ab3166 u0 com.worksoc.goaicoach/com.worksoc.goaicoach.MainActivity}, caller=com.android.server.wm.DisplayPolicy.finishPostLayoutPolicyLw:17 com.android.server.wm.RootWindowContainer.applySurfaceChangesTransaction$1:195 com.android.server.wm.RootWindowContainer.performSurfacePlacementNoTrace:59 
06-11 07:06:48.801  4231  4231 D NavigationBar: onSystemBarAttributesChanged() -  displayId:0, appearance:536, packageName: com.worksoc.goaicoach (APPEARANCE_LIGHT_STATUS_BARS APPEARANCE_LIGHT_NAVIGATION_BARS ), navbarColorManagedByIme:false
06-11 07:06:48.801  2745  3845 D WindowManager: updateSystemBarAttributes, bhv=1, apr=536, statusBarAprRegions=[AppearanceRegion{ bounds=[0,0][1080,2316]}], requestedVisibilities=-9
06-11 07:06:48.801  2745  3845 D SurfaceComposerClient: setCornerRadius ## 5ab3166 com.worksoc.goaicoach/com.worksoc.goaicoach.MainActivity#24025 cornerRadius=0.000000
06-11 07:06:48.802  4231  4231 D SamsungLightBarControlHelper: updateNavigationBar (BLACK button) isLightOpaque:false, hasLightNavigationBarFlag:true, packageName:com.worksoc.goaicoach, DirectReplying:false, NavBarColorMangedByIme:false, ForceDarkForScrim:false, ForceLightForScrim:false, QsCustomizing:false, QsExpanded:false
06-11 07:06:48.802 18096 18096 D InputTransport: Input channel destroyed: '967207b', fd=139
06-11 07:06:48.802  2745  2806 D SurfaceComposerClient: setCornerRadius ## 5ab3166 com.worksoc.goaicoach/com.worksoc.goaicoach.MainActivity#24025 cornerRadius=0.000000
06-11 07:06:48.810  2745  3845 D InputDispatcher: Focus left window (0): 967207b com.worksoc.goaicoach/com.worksoc.goaicoach.MainActivity
06-11 07:06:48.811  2745  2805 V WindowManager: Unknown focus tokens, dropping reportFocusChanged
06-11 07:06:48.815  2062  2062 I SurfaceFlinger: [Display 0 name="기본으로 제공되는 화면"#49] setFrameRateCategory: High
06-11 07:06:48.815  2062  2062 I SurfaceFlinger: [LayerHierarchy{RequestedLayerState{ImeContainer#15 parentId=23892 relativeParentId=24025 z=1} 1 children}] RelativeParent to LayerHierarchy{RequestedLayerState{5ab3166 com.worksoc.goaicoach/com.worksoc.goaicoach.MainActivity#24025 parentId=23892} 2 children}
06-11 07:06:48.815  2745  2807 D SurfaceComposerClient: [SEC_SF_EFFECTS] setBackgroundBlurRadius ## Dim Layer for - Task=42720#24036 backgroundBlurRadius=0
06-11 07:06:48.815  2062  2062 I SurfaceFlinger: [LayerHierarchy{RequestedLayerState{2a57a0a NavigationBar0#91 parentId=24039} 1 children}] reparent to LayerHierarchy{RequestedLayerState{Surface(name=2a57a0a NavigationBar0)/@0xaa9041c - animation-leash of insets_animation#24039 parentId=90} 1 children}
06-11 07:06:48.815  2062  2062 I SurfaceFlinger: [LayerHierarchy{RequestedLayerState{7bf0e4a StatusBar#95 parentId=24040} 1 children}] reparent to LayerHierarchy{RequestedLayerState{Surface(name=7bf0e4a StatusBar)/@0x7a4d113 - animation-leash of insets_animation#24040 parentId=94} 1 children}
06-11 07:06:48.815  2745  2807 D SurfaceComposerClient: [SEC_SF_EFFECTS] setBackgroundBlurRadius ## Dim Layer for - Task=42720#24036 backgroundBlurRadius=0
06-11 07:06:48.815  2062  2062 I SurfaceFlinger: [LayerHierarchy{RequestedLayerState{967207b com.worksoc.goaicoach/com.worksoc.goaicoach.MainActivity#24031 parentId=24038 z=1} 2 children}] reparent to LayerHierarchy{RequestedLayerState{Surface(name=967207b com.worksoc.goaicoach/com.worksoc.goaicoach.MainActivity)/@0xfafe662 - animation-leash of window_animation#24038 parentId=23892 z=1} 1 children}
06-11 07:06:48.815  2062  2062 I SurfaceFlinger: [LayerHierarchy{RequestedLayerState{Surface(name=2a57a0a NavigationBar0)/@0xaa9041c - animation-leash of insets_animation#24032} no children}] reparent to OffscreenRoot
06-11 07:06:48.815  2062  2062 I SurfaceFlinger: [LayerHierarchy{RequestedLayerState{Surface(name=2a57a0a NavigationBar0)/@0xaa9041c - animation-leash of insets_animation#24032} no children}] RelativeParent to null
06-11 07:06:48.815  2062  2062 I SurfaceFlinger: [LayerHierarchy{RequestedLayerState{Surface(name=7bf0e4a StatusBar)/@0x7a4d113 - animation-leash of insets_animation#24033} no children}] reparent to OffscreenRoot
06-11 07:06:48.815  2062  2062 I SurfaceFlinger: [LayerHierarchy{RequestedLayerState{Surface(name=7bf0e4a StatusBar)/@0x7a4d113 - animation-leash of insets_animation#24033} no children}] RelativeParent to null
06-11 07:06:48.815  2062  2062 I SurfaceFlinger: [Surface(name=7bf0e4a StatusBar)/@0x7a4d113 - animation-leash of insets_animation#24040] attach to parent LayerHierarchy{RequestedLayerState{WindowToken{36c6c3e type=2000 android.os.BinderProxy@416fc0}#94 parentId=17} 1 children}
06-11 07:06:48.821  2062  3191 I SurfaceFlinger: id=24032 Removed Surface(name=2a57a0a NavigationBar0)/@0xaa9041c - animation-leash of insets_animation#24032 (342)
06-11 07:06:48.821  2062  3191 I SurfaceFlinger: id=24033 Removed Surface(name=7bf0e4a StatusBar)/@0x7a4d113 - animation-leash of insets_animation#24033 (342)
06-11 07:06:48.822  2745  2805 I DisplayDeviceRepository: Display device changed render timings: "기본으로 제공되는 화면", renderFrameRate=60.000004, presentationDeadlineNanos=17666666, appVsyncOffsetNanos=16666666, frameRateOverrides=[{uid=1000 frameRateHz=60.000004}, {uid=10038 frameRateHz=60.000004}, {uid=10144 frameRateHz=60.000004}, {uid=11444 frameRateHz=60.000004}]
06-11 07:06:48.823  2745  2745 D SGM:GameManager: onDisplayChanged. displyId: 0, state: 2
06-11 07:06:48.823  2745  2745 D SGM:GameManager: dpi: 420, longPixel: 2316, shortPixel: 1080
06-11 07:06:48.823  2745  3219 D SGM:FgCheckThread: onLooperPrepared(), msg: MSG_LCD_ON
06-11 07:06:48.824  2745  2745 D AODManagerService: requestReCalToTSP IsSingleTouchMode = falserequestedReCalToTSP = false / previousDisplayState = ON
06-11 07:06:48.825  2745  5478 D LiftUpHandler: [LTW] Stopped already.
06-11 07:06:48.825  2030  6729 D AudioFlinger: setParameters: filtered dev setParameters keyvalue screen_state=on
06-11 07:06:48.825  1918  6828 D AHAL: AudioDevice: SetParameters: 1634: enter
06-11 07:06:48.825  1918  6828 D AHAL: AudioVoice: VoiceSetParameters: 168: Enter
06-11 07:06:48.825  1918  6828 D AHAL: AudioVoice: VoiceSetParameters: 412: Exit ret: 0
06-11 07:06:48.825  1918  6828 D AHAL: SecAudioDevice: SecSetParameters: 281: Enter
06-11 07:06:48.825  1918  6828 E AHAL: AudioDevice: SetParameters: 1645: Error in SecSetParameters -2
06-11 07:06:48.825  1918  6828 D AHAL: factory: FactorySetParameters: 58: Enter
06-11 07:06:48.825  1918  6828 D AHAL: Effect: EffectSetParameters: 245: Enter
06-11 07:06:48.825  1918  6828 D AHAL: Effect: EffectSetParameters: 285: Exit
06-11 07:06:48.825  1918  6828 D AHAL: AudioDevice: SetParameters: 1692:  - screen = on
06-11 07:06:48.825  1918  6828 I PAL: ResourceManager: setParameter: 8093: Screen State:1
06-11 07:06:48.825  1918  6828 D AHAL: AudioDevice: SetParameters: 2332: exit: screen_state=on
06-11 07:06:48.826  1918  6828 I Audio_a2dpsink_hw: adev_set_parameters: kevpairs=[screen_state=on]
06-11 07:06:48.826  4527  5730 I HoneySpace.Memory-Monitor: current state = 2, didTrim = false
06-11 07:06:48.826  4231  4231 D DisplayLifecycle: updateDisplay id = 0
06-11 07:06:48.827  4231  4330 D StackScroller: onDisplayChanged for predraw skip to 2
06-11 07:06:48.827  2745  5241 D WifiDisplayAdapter: isFitToActiveDisplayLocked : false
06-11 07:06:48.828  2745  2806 D SurfaceComposerClient: setCornerRadius ## 5ab3166 com.worksoc.goaicoach/com.worksoc.goaicoach.MainActivity#24025 cornerRadius=0.000000
06-11 07:06:48.828  2745  3441 D AS.DesktopModeHelper: onDisplayChanged: #Id=0
06-11 07:06:48.831  2062  2062 I SurfaceFlinger: destroyed Surface(name=2a57a0a NavigationBar0)/@0xaa9041c - animation-leash of insets_animation#24032 form LifecycleManager
06-11 07:06:48.831  2745  2807 D SurfaceComposerClient: [SEC_SF_EFFECTS] setBackgroundBlurRadius ## Dim Layer for - Task=42720#24036 backgroundBlurRadius=0
06-11 07:06:48.831  2062  2062 I SurfaceFlinger: destroyed Surface(name=7bf0e4a StatusBar)/@0x7a4d113 - animation-leash of insets_animation#24033 form LifecycleManager
06-11 07:06:48.831  2062  2062 I SurfaceFlinger: id=24032 onLayerDestroyed from LayerHierarchyBuilder(RequestedLayerState{Surface(name=2a57a0a NavigationBar0)/@0xaa9041c - animation-leash of insets_animation#24032 !handle})
06-11 07:06:48.831  2062  2062 I SurfaceFlinger: id=24033 onLayerDestroyed from LayerHierarchyBuilder(RequestedLayerState{Surface(name=7bf0e4a StatusBar)/@0x7a4d113 - animation-leash of insets_animation#24033 !handle})
06-11 07:06:48.834  2062  2062 I Layer   : id=24032 Destroyed Surface(name=2a57a0a NavigationBar0)/@0xaa9041c - animation-leash of insets_animation#24032
06-11 07:06:48.835  2062  2062 I Layer   : id=24033 Destroyed Surface(name=7bf0e4a StatusBar)/@0x7a4d113 - animation-leash of insets_animation#24033
06-11 07:06:48.839 18096 18096 I InsetsController: onStateChanged: host=com.worksoc.goaicoach/com.worksoc.goaicoach.MainActivity, from=android.view.ViewRootImpl.onInsetsStateChanged:3026, state=InsetsState: {mDisplayFrame=Rect(0, 0 - 1080, 2316), mDisplayCutout=DisplayCutout{insets=Rect(0, 75 - 0, 0) waterfall=Insets{left=0, top=0, right=0, bottom=0} boundingRect={Bounds=[Rect(0, 0 - 0, 0), Rect(512, 0 - 568, 75), Rect(0, 0 - 0, 0), Rect(0, 0 - 0, 0)]} cutoutPathParserInfo={CutoutPathParserInfo{displayWidth=1080 displayHeight=2316 physicalDisplayWidth=1080 physicalDisplayHeight=2316 density={2.8125} cutoutSpec={M 0,0 H -10 V 26.66666666666667 H 10 V 0 H 0 Z @dp} rotation={0} scale={1.0} physicalPixelDisplaySizeRatio={1.0}}} sideOverrides={}}, mRoundedCorners=RoundedCorners{[RoundedCorner{position=TopLeft, radius=11, center=Point(11, 11)}, RoundedCorner{position=TopRight, radius=11, center=Point(1069, 11)}, RoundedCorner{position=BottomRight, radius=11, center=Point(1069, 2305)}, RoundedCorner{position=BottomLeft, radius=11, center=Point(11, 2305)}]}  mRoundedCornerFrame=Rect(0, 0 - 1080, 2316), mPrivacyIndicatorBounds=PrivacyIndicatorBounds {static bounds=Rect(964, 0 - 1080, 75) rotation=0}, mDisplayShape=DisplayShape{ spec=-311912193 displayWidth=1080 displayHeight=2316 physicalPixelDisplaySizeRatio=0.75 rotation=0 offsetX=0 offsetY=0 scale=1.0}, mSources= { InsetsSource: {da4d0000 mType=statusBars mFrame=[0,0][1080,75] mVisible=true mFlags= mSideHint=TOP mBoundingRects=null}, InsetsSource: {da4d0005 mType=mandatorySystemGestures mFrame=[0,0][1080,107] mVisible=true mFlags= mSideHint=TOP mBoundingRects=null}, InsetsSource: {da4d0006 mType=tappableElement mFrame=[0,0][1080,75] mVisible=true mFlags= mSideHint=TOP mBoundingRects=null}, InsetsSource: {27 mType=displayCutout mFrame=[0,0][1080,75] mVisible=true mFlags= mSideHint=TOP mBoundingRects=null}, InsetsSource: {10c70001 mType=navigationBars mFrame=[0,2190][1080,2316] mVisible=true mFlags= mSideHint=BOTTOM mBoundingRects=null}, InsetsSource: {10c70004 mType=systemGestures mFrame=[0,0][0,0] mVisible=true mFlags= mSideHint=NONE mBoundingRects=null}, InsetsSource: {10c70005 mType=mandatorySystemGestures mFrame=[0,2190][1080,2316] mVisible=true mFlags= mSideHint=BOTTOM mBoundingRects=null}, InsetsSource: {10c70006 mType=tappableElement mFrame=[0,2190][1080,2316] mVisible=true mFlags= mSideHint=BOTTOM mBoundingRects=null}, InsetsSource: {10c70024 mType=systemGestures mFrame=[0,0][0,0] mVisible=true mFlags= mSideHint=NONE mBoundingRects=null} }
06-11 07:06:48.839 18096 18096 I InsetsSourceConsumer: applyRequestedVisibilityToControl: visible=true, type=navigationBars, host=com.worksoc.goaicoach/com.worksoc.goaicoach.MainActivity
06-11 07:06:48.839  2062  2296 D SurfaceFlinger: [input] setFocusedWindow: 5ab3166 com.worksoc.goaicoach/com.worksoc.goaicoach.MainActivity
06-11 07:06:48.839  2745  5241 D InputDispatcher: Once focus requested (0): 5ab3166 com.worksoc.goaicoach/com.worksoc.goaicoach.MainActivity
06-11 07:06:48.839 18096 18096 I InsetsSourceConsumer: applyRequestedVisibilityToControl: visible=true, type=statusBars, host=com.worksoc.goaicoach/com.worksoc.goaicoach.MainActivity
06-11 07:06:48.839  2745  5241 D InputDispatcher: Focus entered window (0): 5ab3166 com.worksoc.goaicoach/com.worksoc.goaicoach.MainActivity
06-11 07:06:48.840 18096 18096 D VRI[MainActivity]@758d426: mThreadedRenderer.initializeIfNeeded()#2 mSurface={isValid=true 0xb4000073582c1690}
06-11 07:06:48.841 18096 18096 D InputMethodManagerUtils: startInputInner - Id : 0
06-11 07:06:48.841 18096 18096 I InputMethodManager: startInputInner - IInputMethodManagerGlobalInvoker.startInputOrWindowGainedFocus
06-11 07:06:48.842  2745  3212 V InputMethodManagerService: startInputOrWindowGainedFocusInternalLocked: reason=WINDOW_FOCUS_GAIN client=android.os.BinderProxy@e5d559a inputContext=null editorInfo=android.view.inputmethod.EditorInfo@b4b0c6c startInputFlags=VIEW_HAS_FOCUS|INITIAL_CONNECTION softInputMode=STATE_UNSPECIFIED|ADJUST_PAN windowFlags=#81810100 unverifiedTargetSdkVersion=35 bindingController=com.android.server.inputmethod.InputMethodBindingController@ba4b9d4 imeDispatcher=android.window.ImeOnBackInvokedDispatcher@4456235 cs=ClientState{c53abe4 mUid=11444 mPid=18096 mSelfReportedDisplayId=0} imeRequestedVisible=false
06-11 07:06:48.842  2745  3212 V InputMethodManagerService: setWindowStateInner, windowToken=android.os.BinderProxy@610c5c1, state=ImeTargetWindowState{ imeToken null imeFocusChanged true hasEditorFocused false requestedImeVisible false imeDisplayId 0 softInputModeState STATE_UNSPECIFIED|ADJUST_PAN isStartInputByGainFocus true}
06-11 07:06:48.842  2745  3212 V InputMethodManagerService: Unspecified window will hide input
06-11 07:06:48.843  2745  3212 I ImeTracker: com.worksoc.goaicoach:ace5f39: onRequestHide at ORIGIN_SERVER reason HIDE_UNSPECIFIED_WINDOW fromUser false
06-11 07:06:48.843  2745  3212 V InputMethodManagerService: applyImeVisibility state=6
06-11 07:06:48.843  2745  3212 D SemInputMethodManagerServiceUtil: restorePreviousUsedInputMethod : failed to return the previous ime becuase the stored info is null or do not need restore
06-11 07:06:48.843  2745  3212 V InputMethodManagerService: semComputeImeDisplayIdForTarget: displayToShowIme=0
06-11 07:06:48.843  2745  3212 V InputMethodManagerService: Creating new accessibility sessions for client ClientState{c53abe4 mUid=11444 mPid=18096 mSelfReportedDisplayId=0}
06-11 07:06:48.843 18096 18096 I InputMethodManager: handleMessage: setImeVisibility visible=false
06-11 07:06:48.843 18096 18096 D InsetsController: hide(ime(), fromIme=false)
06-11 07:06:48.843 18096 18096 I ImeTracker: com.worksoc.goaicoach:ace5f39: onCancelled at PHASE_CLIENT_ALREADY_HIDDEN
06-11 07:06:48.844  2745  3212 D InputMethodManagerService: isImeSwitcherDisabledPackage : false
06-11 07:06:48.844  2745  3212 D InputMethodManagerService: shouldShowImeSwitcherLocked : checking vis : 3
06-11 07:06:48.844  2745  3212 D InputMethodManagerService: checkDisplayOfStartInputAndUpdateKeyboard: displayId=0, mFocusedDisplayId=0
06-11 07:06:48.844  2745  3212 D InputTransport: Input channel constructed: 'ClientS', fd=989
06-11 07:06:48.845  2745  3212 D InputTransport: Input channel destroyed: 'ClientS', fd=989
06-11 07:06:48.845 18096 18132 D InputTransport: Input channel constructed: 'ClientS', fd=143
06-11 07:06:48.845  2745  3845 D RestrictionPolicy: isScreenCaptureEnabled : ret=true userId=0
