06-11 07:08:13.260  2745  3839 D BiometricService/PreAuthInfo: create: false, true, false, f, 0
06-11 07:08:13.260  2745  3839 D BiometricService/PreAuthInfo: Package: com.android.vending Sensor ID: 1 Modality: 8 User id: 0 Status: 4
06-11 07:08:13.260  2745  3839 D BiometricService/PreAuthInfo: Package: com.android.vending Sensor ID: 0 Modality: 2 User id: 0 Status: 1
06-11 07:08:13.261  2745  3839 D BiometricService/PreAuthInfo: getCanAuthenticateInternal Modality: 2 AuthenticatorStatus: 1
06-11 07:08:13.261  2745  3839 D AuthService: canAuthenticate, userId: 0, callingUserId: 0, authenticators: 15, result: 0
06-11 07:08:13.271  1201  1201 W keymint_tee: [WRN]begin req PARAMS: A32, BM2, PD64, 
06-11 07:08:13.275  1201  1201 D keymint_swd: keymint_swd keymint [WRN] (km_verify_user_begin:266) authentication will be performed during update & finish
06-11 07:08:13.275  1201  1201 D keymint_swd: keymint_swd keymint [WRN] (km_add_tag:528) skip: non repetable tag already exists with different value: 268435458
06-11 07:08:13.275  1201  1201 D keymint_swd: keymint_swd keymint [WRN] (swd_run_cb:267) swd_begin() returns 0
06-11 07:08:13.276  1201  1201 D android.hardware.security.keymint-service: begin: ret 0
06-11 07:08:13.276  1192  4133 I keystore2: system/security/keystore2/src/enforcements.rs:203 - In add_receiver counter limit un-reached -3106359815693871382
06-11 07:08:13.276  1192  4133 I keystore2: system/security/keystore2/src/security_level.rs:466 - In create_operation. Success to create IKeystoreOperation. 10246, Some(OperationChallenge { challenge: -3106359815693871382 })
06-11 07:08:13.283  2745  3839 I FaceService: hasEnrolledFaces called from pid=2745[0][1] , size = 1
06-11 07:08:13.283  2745  3839 D BiometricService: Sensor ID(1), oemStrength: 255, updatedStrength: 255, modality 8, state: 0, cookie: 0, sensorId 1, hasEnrollments: true cannot participate in Keystore operations
06-11 07:08:13.290   990   990 I lmkd    : cached 6, sandbox(not0) 0
06-11 07:08:13.291   990   990 I lmkd    : Reclaim 'com.samsung.android.scs' (13544), uid 10105, oom_score_adj 935, state 19 to free 81544kB rss, 38568kB swap; reason: low watermark is breached or filecache is low (3885220kB).
06-11 07:08:13.294   990  1003 E lowmemorykiller: process_mrelease 13544 failed: No such process
06-11 07:08:13.299  2745  4897 D BiometricService: canAuthenticate: User=0, Caller=0, Authenticators=15
06-11 07:08:13.299  2745  4897 D BiometricService/PreAuthInfo: create: false, true, false, f, 0
06-11 07:08:13.299  2745  4897 D BiometricService/PreAuthInfo: Package: com.android.vending Sensor ID: 1 Modality: 8 User id: 0 Status: 4
06-11 07:08:13.300  2745  4897 D BiometricService/PreAuthInfo: Package: com.android.vending Sensor ID: 0 Modality: 2 User id: 0 Status: 1
06-11 07:08:13.300  2745  4897 D BiometricService/PreAuthInfo: getCanAuthenticateInternal Modality: 2 AuthenticatorStatus: 1
06-11 07:08:13.300  2745  4897 D AuthService: canAuthenticate, userId: 0, callingUserId: 0, authenticators: 15, result: 0
06-11 07:08:13.322 18422 18494 I Finsky  : [228] Skipping a request to /bulkAcquire since cache has all the records.
06-11 07:08:13.336  1866  1866 I Zygote  : Process 13544 exited due to signal 9 (Killed)
06-11 07:08:13.336  2745  2817 I libprocessgroup: Removed cgroup /sys/fs/cgroup/apps/uid_10105/pid_13544
06-11 07:08:13.336  2745  3839 I ActivityManager: Process com.samsung.android.scs (pid 13544) has died: cch+35 CEM (890,4247)
06-11 07:08:13.350  5757  5800 V OsAgent : broadcastSystemEvent - 7
06-11 07:08:13.388  2034  2073 E HeatmapThread: ECT Thread time in milliseconds: 1781129293
06-11 07:08:13.388  2034  2073 D HeatmapThread: !@ batteryplugType : 0
06-11 07:08:13.388  2034  2073 D HeatmapThread: !@ batteryLevel : 0  batteryTemperature : 0 
06-11 07:08:13.388  2034  2073 D HeatmapThread: !@ Heatmap currtime: 29685488
06-11 07:08:13.388  2034  2073 D HeatmapThread: !@ Heatmap prevtime: 29685471
06-11 07:08:13.388  2034  2073 D HeatmapThread: !@ Heatmap plugstarttime: 35791394
06-11 07:08:13.388  2034  2073 D HeatmapThread: !@ Heatmap prevv_dsoh_update_time: 29682402
06-11 07:08:13.388  2034  2073 E HeatmapThread: !@Could not open '/efs/FactoryApp/bsoh', errno = 13
06-11 07:08:13.389  2034  2073 E HeatmapThread: !@ CAM Could not access BSOH EFS
06-11 07:08:13.389  2034  2073 E HeatmapThread: !@ CAM New BSOH: 0
06-11 07:08:13.439   990   990 I lmkd    : 1(delay), 0(swap), 0(freelimit), 0(reentrymode) memory pressure events were skipped after a kill!
06-11 07:08:13.640   990   990 I lmkd    : 1(delay), 0(swap), 0(freelimit), 0(reentrymode) memory pressure events were skipped after a kill!
06-11 07:08:13.744  1153  1153 D io_stats: !@   8,0 r 22709913 411614095 w 5872136 93081680 d 1577138 220343480 f 0 680881 iot 9213556 0 th 0 0 0 pt 0 inp 0 1 121147.278
06-11 07:08:13.744  1153  1153 D io_stats: !@ Read_top(KB): com.kakao.talk(31289) 45696 android.vending(18422) 5344 id.app.taskedge(18502) 2520
06-11 07:08:13.744  1153  1153 D io_stats: !@ Write_top(KB): android.vending(18422) 104 f2fs_ckpt-254:5(4519) 96 .gms.persistent(16149) 28
06-11 07:08:13.857   990   990 I lmkd    : 1(delay), 0(swap), 0(freelimit), 0(reentrymode) memory pressure events were skipped after a kill!
06-11 07:08:13.858   990   990 I lmkd    : cached 6, sandbox(not0) 0
06-11 07:08:13.859   990   990 I lmkd    : Reclaim 'com.lgt.tmoney' (17239), uid 10875, oom_score_adj 935, state 19 to free 149036kB rss, 27104kB swap; reason: low watermark is breached or filecache is low (3892480kB).
06-11 07:08:13.865   990  1004 E lowmemorykiller: process_mrelease 17239 failed: No such process
06-11 07:08:13.891  2745  2817 I ActivityManager: Process PhantomProcessRecord {467694b 17251:17239:com.lgt.tmoney/u0a875} died
06-11 07:08:13.898  2745  3839 I ActivityManager: Process com.lgt.tmoney (pid 17239) has died: cch+35 CEM (926,4253)
06-11 07:08:13.899  1866  1866 I Zygote  : Process 17239 exited due to signal 9 (Killed)
06-11 07:08:13.900  2745  2817 I libprocessgroup: Removed cgroup /sys/fs/cgroup/apps/uid_10875/pid_17239
06-11 07:08:13.910  5757  5800 V OsAgent : broadcastSystemEvent - 7
06-11 07:08:14.388  2034  2073 E HeatmapThread: ECT Thread time in milliseconds: 1781129294
06-11 07:08:14.388  2034  2073 D HeatmapThread: !@ batteryplugType : 0
06-11 07:08:14.388  2034  2073 D HeatmapThread: !@ batteryLevel : 0  batteryTemperature : 0 
06-11 07:08:14.388  2034  2073 D HeatmapThread: !@ Heatmap currtime: 29685488
06-11 07:08:14.388  2034  2073 D HeatmapThread: !@ Heatmap prevtime: 29685471
06-11 07:08:14.388  2034  2073 D HeatmapThread: !@ Heatmap plugstarttime: 35791394
06-11 07:08:14.388  2034  2073 D HeatmapThread: !@ Heatmap prevv_dsoh_update_time: 29682402
06-11 07:08:14.389  2034  2073 E HeatmapThread: !@Could not open '/efs/FactoryApp/bsoh', errno = 13
06-11 07:08:14.389  2034  2073 E HeatmapThread: !@ CAM Could not access BSOH EFS
06-11 07:08:14.389  2034  2073 E HeatmapThread: !@ CAM New BSOH: 0
06-11 07:08:14.470  2745  3534 D WifiConnectivityMonitor.NetworkStatsAnalyzer: Backhaul result - RSSI:-37, CE:25, PE:27, TI:34, PTI:36, TW:0, PTW:0, Tx:17, Rx:14, TxS:16, RxS:13, RESULT:true, IC:2, ICT:5, WC:24, WCT:5, R:4, RC:0, IE:0, EC:0
06-11 07:08:14.582   990   990 I lmkd    : 1(delay), 0(swap), 5(freelimit), 0(reentrymode) memory pressure events were skipped after a kill!
06-11 07:08:14.783   990   990 I lmkd    : 1(delay), 0(swap), 0(freelimit), 0(reentrymode) memory pressure events were skipped after a kill!
06-11 07:08:15.349  2745  4736 I NSLocationMonitor: getGPSUsingApps() called
06-11 07:08:15.350  4710  4768 I NSLocationManager_FLP: getGPSUsingApps, No change
06-11 07:08:15.365  2745  4736 D FreecessHandler: freeze com.kakao.page(15010371) result : 2
06-11 07:08:15.388  2034  2073 E HeatmapThread: ECT Thread time in milliseconds: 1781129295
06-11 07:08:15.388  2034  2073 D HeatmapThread: !@ batteryplugType : 0
06-11 07:08:15.388  2034  2073 D HeatmapThread: !@ batteryLevel : 0  batteryTemperature : 0 
06-11 07:08:15.388  2034  2073 D HeatmapThread: !@ Heatmap currtime: 29685488
06-11 07:08:15.388  2034  2073 D HeatmapThread: !@ Heatmap prevtime: 29685471
06-11 07:08:15.388  2034  2073 D HeatmapThread: !@ Heatmap plugstarttime: 35791394
06-11 07:08:15.388  2034  2073 D HeatmapThread: !@ Heatmap prevv_dsoh_update_time: 29682402
06-11 07:08:15.388  2034  2073 E HeatmapThread: !@Could not open '/efs/FactoryApp/bsoh', errno = 13
06-11 07:08:15.388  2034  2073 E HeatmapThread: !@ CAM Could not access BSOH EFS
06-11 07:08:15.388  2034  2073 E HeatmapThread: !@ CAM New BSOH: 0
06-11 07:08:15.699  2745  3556 D NetdEventListenerService: DNS Requested by 169, 10358(com.kakao.talk), SUCCESS, 22ms
06-11 07:08:15.745  1153  1153 D io_stats: !@   8,0 r 22715870 411638023 w 5872137 93081712 d 1577138 220343480 f 0 680881 iot 9215556 0 th 0 0 0 pt 0 inp 0 0 121149.279
06-11 07:08:15.783  2745  3143 I ActivityManager: Changes in 99248 10 to 8, 0 to 128
06-11 07:08:15.785  2745  3143 I ActivityManager: Changes in 10358 10 to 8, 0 to 128
06-11 07:08:15.786  2327  2564 I CameraService: onUidStateChanged: uid=10358, procState is changed. (10 -> 8)
06-11 07:08:15.791  1938 15888 I sensors-hal: handle_sns_std_sensor_event:311, [SSC_LIGHT] P: 89(89),m:7,c:267,b:72,c0:6080,l:79,f(r):100,u(bl):100,j:89
06-11 07:08:15.792 17439 17464 I elpq    : (REDACTED) HDM. appOpsListener %s %s
06-11 07:08:15.792 17439 17464 I elpq    : (REDACTED) HDM. Ignoring irrelevant audio permission changes for package %s
06-11 07:08:15.794  4710  4840 I RequestManager_FLP: onOpChanged, op=0 / packageName=com.kakao.talk
06-11 07:08:15.824   990   990 I lmkd    : cached 6, sandbox(not0) 0
06-11 07:08:15.825   990   990 I lmkd    : Reclaim 'com.google.android.gms' (9204), uid 15010245, oom_score_adj 935, state 19 to free 140580kB rss, 35416kB swap; reason: low watermark is breached or filecache is low (3916468kB).
06-11 07:08:15.833   990  1003 E lowmemorykiller: process_mrelease 9204 failed: No such process
06-11 07:08:15.902  1866  1866 I Zygote  : Process 9204 exited due to signal 9 (Killed)
06-11 07:08:15.902  2745  3416 D ConnectivityService:  Removing from current network [169 WIFI], leaving 256 requests.
06-11 07:08:15.903  2745  3416 D ConnectivityService:  Removing from current network [169 WIFI], leaving 255 requests.
06-11 07:08:15.903  2745  7667 I ActivityManager: Process com.google.android.gms (pid 9204) has died: cch+35 CEM (894,4277)
06-11 07:08:15.904  2745  2817 I libprocessgroup: Removed cgroup /sys/fs/cgroup/apps/uid_15010245/pid_9204
06-11 07:08:15.927   990   990 I lmkd    : 2(delay), 0(swap), 0(freelimit), 0(reentrymode) memory pressure events were skipped after a kill!
06-11 07:08:16.039  4695  4695 I adbd    : adbd service requested 'shell,v2,TERM=dumb,raw:input tap 957 235'
06-11 07:08:16.043   990   990 I lmkd    : cached 6, sandbox(not0) 0
06-11 07:08:16.044   990   990 I lmkd    : Reclaim 'com.android.vending:background' (17080), uid 15010246, oom_score_adj 925, state 19 to free 145720kB rss, 27144kB swap; reason: low watermark is breached or filecache is low (3919256kB).
06-11 07:08:16.053   990  1004 E lowmemorykiller: process_mrelease 17080 failed: No such process
06-11 07:08:16.080  1866  1866 I Zygote  : Process 17080 exited due to signal 9 (Killed)
06-11 07:08:16.081  2745  3416 D ConnectivityService: releasing NetworkRequest [ REQUEST id=12689, [ Capabilities: INTERNET&NOT_RESTRICTED&TRUSTED&NOT_VCN_MANAGED&NOT_BANDWIDTH_CONSTRAINED Uid: 15010246 RequestorUid: 15010246 RequestorPkg: com.android.vending UnderlyingNetworks: Null] ] (release request)
06-11 07:08:16.082  2745  3416 D ConnectivityService:  Removing from current network [169 WIFI], leaving 253 requests.
06-11 07:08:16.082  2745  3416 D ConnectivityService: releasing NetworkRequest [ REQUEST id=12687, [ Capabilities: INTERNET&NOT_RESTRICTED&TRUSTED&NOT_VCN_MANAGED&NOT_BANDWIDTH_CONSTRAINED Uid: 15010246 RequestorUid: 15010246 RequestorPkg: com.android.vending UnderlyingNetworks: Null] ] (release request)
06-11 07:08:16.083  2745  7667 D InputDispatcher: Inject motion (18544/2000): action=0x0, time=121149618000000, f=0x0, d=0 dsdx=1.000000 dtdx=0.000000
06-11 07:08:16.084  2745  6498 I ActivityManager: Process com.android.vending:background (pid 17080) has died: cch+25 CEM (906,4279)
06-11 07:08:16.084  2745  3196 I InputDispatcher: Delivering touch to (4231): action: 0x4, f=0x0, d=0, '2a57a0a', t=1 
06-11 07:08:16.084  2745  3196 I InputDispatcher: Delivering touch to (18096): action: 0x0, f=0x0, d=0, '5ab3166', t=1 
06-11 07:08:16.085  2745  3196 D PowerManagerService: [api] userActivityFromNative : touch displayId=0 eventTime=121149618
06-11 07:08:16.085  2745  3416 D ConnectivityService:  Removing from current network [169 WIFI], leaving 252 requests.
06-11 07:08:16.085 18096 18096 I VRI[MainActivity]@758d426: ViewPostIme pointer 0
06-11 07:08:16.086  2745  3196 D PowerManagerService: UserActivityStateListenerState: 1
06-11 07:08:16.089 18096 18096 I VRI[MainActivity]@758d426: call setFrameRateCategory for touch hint category=high hint, reason=touch, vri=VRI[MainActivity]@758d426
06-11 07:08:16.090  2745  7667 D InputDispatcher: Inject motion (18544/2000): action=0x1, time=121149618000000, f=0x0, d=0 dsdx=1.000000 dtdx=0.000000
06-11 07:08:16.090  2745  3196 I InputDispatcher: Delivering touch to (18096): action: 0x1, f=0x0, d=0, '5ab3166', t=1 
06-11 07:08:16.090 18096 18096 I VRI[MainActivity]@758d426: ViewPostIme pointer 1
06-11 07:08:16.091  2745  2803 I GestureDetector: obtain mCurrentDownEvent. id: -561132136 caller: com.android.server.wm.SystemGesturesPointerEventListener.onPointerEvent:17 com.android.server.wm.PointerEventDispatcher.onInputEvent:51 android.view.InputEventReceiver.dispatchInputEvent:392 
06-11 07:08:16.092  2745  2803 I GestureDetector: obtain mCurrentDownEvent. id: -561132136 caller: com.android.server.wm.SystemPerformancePointerEventListener.onPointerEvent:13 com.android.server.wm.PointerEventDispatcher.onInputEvent:51 android.view.InputEventReceiver.dispatchInputEvent:392 
06-11 07:08:16.092  2745  2803 I GestureDetector: obtain mCurrentMotionEventRaw. action: 1 id: -767135114
06-11 07:08:16.093  2745  2803 I GestureDetector: obtain mCurrentMotionEventRaw. action: 1 id: -767135114
06-11 07:08:16.093  2745  3416 D ConnectivityService: releasing NetworkRequest [ REQUEST id=12692, [ Capabilities: INTERNET&NOT_RESTRICTED&TRUSTED&NOT_VCN_MANAGED&NOT_BANDWIDTH_CONSTRAINED Uid: 15010246 RequestorUid: 15010246 RequestorPkg: com.android.vending UnderlyingNetworks: Null] ] (release request)
06-11 07:08:16.094  2745  3416 D ConnectivityService:  Removing from current network [169 WIFI], leaving 251 requests.
06-11 07:08:16.094  2745  2817 I libprocessgroup: Removed cgroup /sys/fs/cgroup/apps/uid_15010246/pid_17080
06-11 07:08:16.100  5757  5800 V OsAgent : broadcastSystemEvent - 7
06-11 07:08:16.101  2062  2062 I SurfaceFlinger: SFWD update time=121149636465554
06-11 07:08:16.102  2062  2062 I SurfaceFlinger: [com.worksoc.goaicoach/com.worksoc.goaicoach.MainActivity$_18096#24026] setFrameRateCategory: HighHint
06-11 07:08:16.106  2062  2266 I VSyncReactor: Current= 60, Period= 60, Distance= 0
06-11 07:08:16.118 18096 18101 I rksoc.goaicoach: Compiler allocated 4200KB to compile void com.worksoc.goaicoach.ui.GoCoachAppKt.GoCoachScreen(com.worksoc.goaicoach.shared.EngineAdapter, java.lang.String, java.lang.String, androidx.compose.runtime.Composer, int)
06-11 07:08:16.120  2062  2266 I VSyncReactor: Current= 60, Period= 60, Distance= 60
06-11 07:08:16.227  2745  3405 D WifiStaIfaceHidlImpl: getCachedScanData is not implemented by HIDL
06-11 07:08:16.254  2745  5646 D SemWifiUsabilityStatsMonitor: onWifiUsabilityStats - seqNum 9825, isSameBssidAndFreq true
06-11 07:08:16.255  2745  3502 E SemWifiLinkQualityMonitor: Too old or invalid TMI: currentTime=1781129296255 lastDateWindow=1781129197000
06-11 07:08:16.256  2745  3502 I SemWifiLinkQualityMonitor: Link stat: 779 / 34 / 1.03 (32) / 780 / -38.0 || 100.0 : 780.00 / 0.5 : 0.97 / 0.55 : 0.04 / G (G) || 4f731b0d5785: 0.086 / 93.521 / N || N N / 0 0 / N 2.0 / N X 0 / 121149788 0 || 2026-06-11 07:06:37  / 0: 0 0 0 0 0 0 / 0: 0 0 0 0 0 0 / 0: 0 0 0 0 0 0
06-11 07:08:16.382   990   990 I lmkd    : cached 6, sandbox(not0) 0
06-11 07:08:16.383   990   990 I lmkd    : Reclaim 'com.google.android.cellbroadcastreceiver' (17613), uid 10280, oom_score_adj 915, state 19 to free 85084kB rss, 28328kB swap; reason: low watermark is breached or filecache is low (3922932kB).
06-11 07:08:16.384   990  1003 E lowmemorykiller: process_mrelease 17613 failed: No such process
06-11 07:08:16.388  2034  2073 E HeatmapThread: ECT Thread time in milliseconds: 1781129296
06-11 07:08:16.388  2034  2073 D HeatmapThread: !@ batteryplugType : 0
06-11 07:08:16.388  2034  2073 D HeatmapThread: !@ batteryLevel : 0  batteryTemperature : 0 
06-11 07:08:16.388  2034  2073 D HeatmapThread: !@ Heatmap currtime: 29685488
06-11 07:08:16.388  2034  2073 D HeatmapThread: !@ Heatmap prevtime: 29685471
06-11 07:08:16.388  2034  2073 D HeatmapThread: !@ Heatmap plugstarttime: 35791394
06-11 07:08:16.388  2034  2073 D HeatmapThread: !@ Heatmap prevv_dsoh_update_time: 29682402
06-11 07:08:16.388  2034  2073 E HeatmapThread: !@Could not open '/efs/FactoryApp/bsoh', errno = 13
06-11 07:08:16.389  2034  2073 E HeatmapThread: !@ CAM Could not access BSOH EFS
06-11 07:08:16.389  2034  2073 E HeatmapThread: !@ CAM New BSOH: 0
06-11 07:08:16.392  2745  2745 I GestureDetector: handleMessage TAP
06-11 07:08:16.392  2745  2803 I GestureDetector: handleMessage TAP
06-11 07:08:16.406  2745  7667 I ActivityManager: Process com.google.android.cellbroadcastreceiver (pid 17613) has died: cch+15 CEM (891,4283)
06-11 07:08:16.406  2745  2817 I libprocessgroup: Removed cgroup /sys/fs/cgroup/apps/uid_10280/pid_17613
06-11 07:08:16.406  1866  1866 I Zygote  : Process 17613 exited due to signal 9 (Killed)
06-11 07:08:16.413  5757  5800 V OsAgent : broadcastSystemEvent - 7
06-11 07:08:16.569   990   990 I lmkd    : 1(delay), 0(swap), 0(freelimit), 0(reentrymode) memory pressure events were skipped after a kill!
06-11 07:08:16.750 16149 17628 I NearbyMediums: No BLE Fast/GATT advertisements found in the latest cycle.
06-11 07:08:16.750 16149 17628 I NearbyMediums: Current Tracked Scanning Clients are : {NearbyConnections.EnvironmentMonitor, NearbyConnections.TxAdvertisement}
06-11 07:08:16.771   990   990 I lmkd    : 1(delay), 0(swap), 0(freelimit), 0(reentrymode) memory pressure events were skipped after a kill!
06-11 07:08:16.972   990   990 I lmkd    : 1(delay), 0(swap), 0(freelimit), 0(reentrymode) memory pressure events were skipped after a kill!
06-11 07:08:16.981  2745  3556 D NetdEventListenerService: DNS Requested by 169, 10393(org.telegram.messenger), 4(FAIL), isBlocked=true, 0ms
06-11 07:08:16.983  2745  3556 D NetdEventListenerService: DNS Requested by 169, 10393(org.telegram.messenger), 4(FAIL), isBlocked=true, 0ms
06-11 07:08:16.986  2745  3556 D NetdEventListenerService: DNS Requested by 169, 10393(org.telegram.messenger), 4(FAIL), isBlocked=true, 0ms
06-11 07:08:16.990   990   990 I lmkd    : cached 6, sandbox(not0) 0
06-11 07:08:16.991   990   990 I lmkd    : Reclaim 'org.telegram.messenger' (13182), uid 10393, oom_score_adj 910, state 18 to free 185544kB rss, 72576kB swap; reason: low watermark is breached or filecache is low (3932060kB).
06-11 07:08:16.999   990  1004 E lowmemorykiller: process_mrelease 13182 failed: No such process
06-11 07:08:17.074  2030 10835 I AudioFlinger: removeDlbCodecCallback pid:13182 type:-1
06-11 07:08:17.074  2745  3416 D ConnectivityService: releasing NetworkRequest [ REQUEST id=12645, [ Capabilities: INTERNET&NOT_RESTRICTED&TRUSTED&NOT_VCN_MANAGED&NOT_BANDWIDTH_CONSTRAINED Uid: 10393 RequestorUid: 10393 RequestorPkg: org.telegram.messenger UnderlyingNetworks: Null] ] (release request)
06-11 07:08:17.074  2745  3416 D ConnectivityService:  Removing from current network [169 WIFI], leaving 249 requests.
06-11 07:08:17.075  1866  1866 I Zygote  : Process 13182 exited due to signal 9 (Killed)
06-11 07:08:17.076  2745  3841 D InputTransport: Input channel destroyed: 'ClientS', fd=1412
06-11 07:08:17.076  2745  3841 D InputMethodManagerService: onClientRemovedInternalLocked
06-11 07:08:17.077  2745  3839 I ActivityManager: Process org.telegram.messenger (pid 13182) has died: cch+10 CRE (901,4293)
06-11 07:08:17.078  2745  2817 I libprocessgroup: Removed cgroup /sys/fs/cgroup/apps/uid_10393/pid_13182
06-11 07:08:17.090 31289 31304 W com.kakao.talk: Cleared Reference was only reachable from finalizer (only reported once)
06-11 07:08:17.095  2745  2805 W ActivityManager: setHasOverlayUi called on unknown pid: 13182
06-11 07:08:17.097  5757  5800 V OsAgent : broadcastSystemEvent - 7
06-11 07:08:17.102 18422 18422 I Finsky  : [2] Memory trim requested to level 40
06-11 07:08:17.102 18422 18422 I Finsky  : [2] Flushing in-memory image cache
06-11 07:08:17.190  4695  4695 I adbd    : adbd service requested 'exec:screencap '-p''
06-11 07:08:17.276   990   990 I lmkd    : cached 6, sandbox(not0) 0
06-11 07:08:17.277   990   990 I lmkd    : Reclaim 'com.samsung.android.carkey' (17355), uid 10101, oom_score_adj 920, state 19 to free 77856kB rss, 28280kB swap; reason: low watermark is breached or filecache is low (3935800kB).
06-11 07:08:17.280   990  1003 E lowmemorykiller: process_mrelease 17355 failed: No such process
06-11 07:08:17.303  2745  3844 E BlockchainTZService: Error: Framework App dead, unloading loaded TAs
06-11 07:08:17.303  2745  3844 E BlockchainTZService: Error: Client stopped. Clearing Databstructures for com.samsung.android.carkey
06-11 07:08:17.303  2745  3844 D BlockchainTZService: BlockchainTZService() - Valid Caller
06-11 07:08:17.303  2745  3844 E BlockchainTZService: BlockchainTZNative::unloadTA called for TA that is not loaded. Call Ignored: ta loaded: false
06-11 07:08:17.304  2745  6508 I ActivityManager: Process com.samsung.android.carkey (pid 17355) has died: cch+20 CEM (896,4296)
06-11 07:08:17.306  2745  2817 I libprocessgroup: Removed cgroup /sys/fs/cgroup/apps/uid_10101/pid_17355
06-11 07:08:17.306 27193 27193 I CccDkSe : Service onServiceDisconnected
06-11 07:08:17.306  1866  1866 I Zygote  : Process 17355 exited due to signal 9 (Killed)
06-11 07:08:17.307  2745  6508 W ActivityManager: Scheduling restart of crashed service com.samsung.android.carkey/.seinterface.service.SecureElementInterfaceService in 30000ms for connection
06-11 07:08:17.310  5757  5800 V OsAgent : broadcastSystemEvent - 7
06-11 07:08:17.307  6128  6128 I SKMSAgent: onUnbind: SKMS1
06-11 07:08:17.311  6128  6128 I SKMSAgent: ***** Entering offCardEmul
06-11 07:08:17.311  6128  6128 I SKMSAgent: SwitchOff is processing...
06-11 07:08:17.311  6128  6128 I SKMSAgent: Deinitializing NFC interface
06-11 07:08:17.311  6128  6128 I SKMSAgent: Stop SLOG
06-11 07:08:17.311  6128  6128 I SEC_ESE_ServiceManager: STOP SLOG is called.
06-11 07:08:17.314  2745  6508 I SEC_ESE_ServiceAccessControl: Requested package name = [com.skms.android.agent]
06-11 07:08:17.314  2745  6508 I SEC_ESE_Service: S-ED
06-11 07:08:17.316  2745  6508 D SEC_ESE_Service: DP : /data/log/sse1
06-11 07:08:17.317  1201  1201 D keymint_swd: keymint_swd keymint [WRN] (swd_run_cb:267) swd_abort() returns 0
06-11 07:08:17.318  1201  1201 D android.hardware.security.keymint-service: abort: ret 0
06-11 07:08:17.318  2745  3416 D InetDiagMessage: Destroyed 0 sockets, proto=IPPROTO_TCP, family=AF_INET, states=14
06-11 07:08:17.319  2745  3416 D InetDiagMessage: Destroyed 0 sockets, proto=IPPROTO_TCP, family=AF_INET6, states=14
06-11 07:08:17.319  2745  3416 D InetDiagMessage: Destroyed live tcp sockets for uids={10101} in 4ms
06-11 07:08:17.320  2745  3416 D InetDiagMessage: Destroyed 0 sockets, proto=IPPROTO_TCP, family=AF_INET, states=14
06-11 07:08:17.320 27193 27405 I Dck     : [CccDkSeAdapter] Connection disconnected. [CONTEXT service_id=289 ]
06-11 07:08:17.321  2745  3416 D InetDiagMessage: Destroyed 0 sockets, proto=IPPROTO_TCP, family=AF_INET6, states=14
06-11 07:08:17.321  2745  3416 D InetDiagMessage: Destroyed live tcp sockets for uids={20101} in 2ms
06-11 07:08:17.323 18553 18553 W screencap: Thread Pool max thread count is 0. Cannot cache binder as linkToDeath cannot be implemented. serviceName: SurfaceFlingerAIDL
06-11 07:08:17.324 18553 18553 W BpBinder: Linking to death on android.gui.ISurfaceComposer but there are no threads (yet?) listening to incoming transactions. See ProcessState::startThreadPool and ProcessState::setThreadPoolMaxThreadCount. Generally you should setup the binder threadpool before other initialization steps.
06-11 07:08:17.324 18553 18553 W screencap: Thread Pool max thread count is 0. Cannot cache binder as linkToDeath cannot be implemented. serviceName: edmnativehelper
06-11 07:08:17.324  2745  4898 I EDMNativeHelperService: isScreenCaptureEnabled
06-11 07:08:17.324  2745  4898 D RestrictionPolicy: isScreenCaptureEnabled : ret=true userId=0
06-11 07:08:17.324 18553 18553 W ProcessState: Extra binder thread started, but 0 threads requested. Do not use *startThreadPool when zero threads are requested.
06-11 07:08:17.324 18553 18553 I SurfaceComposerClient: captureDisplay:Display-4630947232161729154
06-11 07:08:17.326  2062  2193 I SurfaceFlinger: Capture layer list: 	 com.worksoc.goaicoach/com.worksoc.goaicoach.MainActivity$_18096#24026(seamlessTransition:0)
06-11 07:08:17.326  2062  2193 I SurfaceFlinger: Capture layer list: 	 StatusBar$_4231#109(seamlessTransition:0)
06-11 07:08:17.326  2062  2193 I SurfaceFlinger: Capture layer list: 	 com.sec.android.app.launcher/com.samsung.app.honeyspace.edge.edgepanel.app.CocktailBarService$_4527#23988(seamlessTransition:0)
06-11 07:08:17.326  2062  2193 I SurfaceFlinger: Capture layer list: 	 NavigationBar0$_4231#107(seamlessTransition:0)
06-11 07:08:17.326  2062  2193 I CompositionEngine: [setDisplaySize] size=(1080, 2316)
06-11 07:08:17.326  2062  2193 E HWComposer: getLuts: getLuts failed for display 4630947232161729154: UNSUPPORTED (8)
06-11 07:08:17.327  2062  2201 D RenderEngine: [SEC_SF_EFFECTS] drawLayersInternal,1483, Rendering layer ScreenCaptureFillLayer at index 0
06-11 07:08:17.327  2062  2201 D RenderEngine: [SEC_SF_EFFECTS] drawLayersInternal,1483, Rendering layer com.worksoc.goaicoach/com.worksoc.goaicoach.MainActivity$_18096#24026 at index 1
06-11 07:08:17.327  2062  2201 D RenderEngine: [SEC_SF_EFFECTS] drawLayersInternal,1483, Rendering layer StatusBar$_4231#109 at index 2
06-11 07:08:17.327  2062  2201 D RenderEngine: [SEC_SF_EFFECTS] drawLayersInternal,1483, Rendering layer com.sec.android.app.launcher/com.samsung.app.honeyspace.edge.edgepanel.app.CocktailBarService$_4527#23988 at index 3
06-11 07:08:17.327  2062  2201 D RenderEngine: [SEC_SF_EFFECTS] drawLayersInternal,1483, Rendering layer NavigationBar0$_4231#107 at index 4
06-11 07:08:17.356  2745  6508 I SEC_ESE_Service: Buffer Init
06-11 07:08:17.357  6128  6128 I SKMSAgent: onDestroy: SKMS
06-11 07:08:17.360  2745  2814 W ActivityManager: Rescheduling restart of crashed service com.samsung.android.carkey/.seinterface.service.SecureElementInterfaceService in 9948ms for mem-pressure-event
06-11 07:08:17.388  2034  2073 E HeatmapThread: ECT Thread time in milliseconds: 1781129297
06-11 07:08:17.388  2034  2073 D HeatmapThread: !@ batteryplugType : 0
06-11 07:08:17.388  2034  2073 D HeatmapThread: !@ batteryLevel : 0  batteryTemperature : 0 
06-11 07:08:17.388  2034  2073 D HeatmapThread: !@ Heatmap currtime: 29685488
06-11 07:08:17.388  2034  2073 D HeatmapThread: !@ Heatmap prevtime: 29685471
06-11 07:08:17.388  2034  2073 D HeatmapThread: !@ Heatmap plugstarttime: 35791394
06-11 07:08:17.388  2034  2073 D HeatmapThread: !@ Heatmap prevv_dsoh_update_time: 29682402
06-11 07:08:17.388  2034  2073 E HeatmapThread: !@Could not open '/efs/FactoryApp/bsoh', errno = 13
06-11 07:08:17.388  2034  2073 E HeatmapThread: !@ CAM Could not access BSOH EFS
06-11 07:08:17.388  2034  2073 E HeatmapThread: !@ CAM New BSOH: 0
06-11 07:08:17.506 31289 31304 I com.kakao.talk: Background concurrent mark compact GC freed 14MB AllocSpace bytes, 84(1716KB) LOS objects, 43% free, 61MB/109MB, paused 4.111ms,12.736ms total 1.769s
06-11 07:08:17.745  1153  1153 D io_stats: !@   8,0 r 22722592 411681811 w 5872137 93081712 d 1577138 220343480 f 0 680881 iot 9217548 0 th 0 0 0 pt 0 inp 0 0 121151.280
06-11 07:08:17.746  1153  1153 D io_stats: !@ MemInfo(KB): total 11473780 free 903648 avail 5131904 actv(f) 1973264 inactv(f) 1969112 dirty 420 wb 0 anonpg 2548144 slab 714852
06-11 07:08:17.747  1153  1153 D io_stats: !@ Read_top(KB): com.kakao.talk(31289) 51592 loop49(4925) 16128 android.vending(18422) 8
06-11 07:08:17.747  1153  1153 D io_stats: !@ Write_top(KB): kworker/u16:5(31446) 32
06-11 07:08:17.822   990   990 I lmkd    : 1(delay), 0(swap), 0(freelimit), 0(reentrymode) memory pressure events were skipped after a kill!
06-11 07:08:18.023   990   990 I lmkd    : 1(delay), 0(swap), 0(freelimit), 0(reentrymode) memory pressure events were skipped after a kill!
06-11 07:08:18.038   990   990 I lmkd    : cached 6, sandbox(not0) 0
06-11 07:08:18.039   990   990 I lmkd    : Reclaim 'kr.co.lylstudio.httpsguard' (17650), uid 10470, oom_score_adj 905, state 19 to free 101032kB rss, 27676kB swap; reason: low watermark is breached or filecache is low (3945884kB).
06-11 07:08:18.040  2745  4686 D ActivityManager: unpendingScheduleServiceRestart: u=10470, drop=true
06-11 07:08:18.045   990  1004 E lowmemorykiller: process_mrelease 17650 failed: No such process
06-11 07:08:18.046  2745  4736 W LocationManagerService: onFreezeStateChanged, uid[10470]=false
06-11 07:08:18.046  2745  4684 D FreecessController: UFZ : kr.co.lylstudio.httpsguard(10470) [17650] reason: Signal
06-11 07:08:18.046  2745  4736 I PowerManagerService: [PWL] SetWakeLockEnableDisable uid = 10470 , disable= false
06-11 07:08:18.046  2745  4736 I PowerManagerService: [PWL] can not change uid =  10470
06-11 07:08:18.075  1866  1866 I Zygote  : Process 17650 exited due to signal 9 (Killed)
06-11 07:08:18.076  2745  6508 I ActivityManager: Process kr.co.lylstudio.httpsguard (pid 17650) has died: cch+5 CEM (892,4306)
06-11 07:08:18.082  2745  2817 I libprocessgroup: Removed cgroup /sys/fs/cgroup/apps/uid_10470/pid_17650
06-11 07:08:18.089  5757  5800 V OsAgent : broadcastSystemEvent - 7
06-11 07:08:18.160  2745  2814 W ActivityManager: Rescheduling restart of crashed service com.samsung.android.carkey/.seinterface.service.SecureElementInterfaceService in 29148ms for mem-pressure-event
06-11 07:08:18.277   990   990 I lmkd    : cached 6, sandbox(not0) 0
06-11 07:08:18.277   990   990 I lmkd    : Reclaim 'com.osp.app.signin' (18233), uid 10103, oom_score_adj 905, state 19 to free 100872kB rss, 36712kB swap; reason: low watermark is breached or filecache is low (3949320kB).
06-11 07:08:18.283   990  1003 E lowmemorykiller: process_mrelease 18233 failed: No such process
06-11 07:08:18.350  1866  1866 I Zygote  : Process 18233 exited due to signal 9 (Killed)
06-11 07:08:18.351  2745  6508 I ActivityManager: Process com.osp.app.signin (pid 18233) has died: cch+5 CEM (905,4310)
06-11 07:08:18.352  2745  2817 I libprocessgroup: Removed cgroup /sys/fs/cgroup/apps/uid_10103/pid_18233
06-11 07:08:18.358  5757  5800 V OsAgent : broadcastSystemEvent - 7
06-11 07:08:18.388  2034  2073 E HeatmapThread: ECT Thread time in milliseconds: 1781129298
06-11 07:08:18.388  2034  2073 D HeatmapThread: !@ batteryplugType : 0
06-11 07:08:18.388  2034  2073 D HeatmapThread: !@ batteryLevel : 0  batteryTemperature : 0 
06-11 07:08:18.388  2034  2073 D HeatmapThread: !@ Heatmap currtime: 29685488
06-11 07:08:18.388  2034  2073 D HeatmapThread: !@ Heatmap prevtime: 29685471
06-11 07:08:18.388  2034  2073 D HeatmapThread: !@ Heatmap plugstarttime: 35791394
06-11 07:08:18.388  2034  2073 D HeatmapThread: !@ Heatmap prevv_dsoh_update_time: 29682402
06-11 07:08:18.389  2034  2073 E HeatmapThread: !@Could not open '/efs/FactoryApp/bsoh', errno = 13
06-11 07:08:18.389  2034  2073 E HeatmapThread: !@ CAM Could not access BSOH EFS
06-11 07:08:18.389  2034  2073 E HeatmapThread: !@ CAM New BSOH: 0
06-11 07:08:18.440  2745 18560 D WifiConnectivityMonitor.DnsThread:  [|212] []
06-11 07:08:18.441  2745  3534 D WifiConnectivityMonitor.NetworkStatsAnalyzer: DNS resultType : 0, responseTime : 212
06-11 07:08:18.441  2745  3528 D OpenNetworkQos[4.00]: updateBssidLatestDnsResultType - result: 0
06-11 07:08:18.441  2745  3528 D OpenNetworkQos[4.00]: updateBssidNoInternet: mBssidNoInternet = false
06-11 07:08:18.441  2745  3528 D OpenNetworkQos[4.00]: getOpenNetworkQosNoInternetStatus: false
06-11 07:08:18.441  2745  3528 D OpenNetworkQos[4.00]: getOpenNetworkQosScores: 30 30 0 
06-11 07:08:18.441  2745  3528 D KNOX_MDM_SettingsProvider: isChangeAllowed() : name = wifi_wcm_qos_sharing_score_summary
06-11 07:08:18.442  2745  3528 I WifiProfileShare: network QoS data was changed (internet), updateQoSData networkType: true, qosData: false
06-11 07:08:18.443  2745  4871 D WifiProfileShare: nearby scanning settings stop
06-11 07:08:18.443  2745  4871 V WifiProfileShare.Caster: checkAndGetShareData - nearby scanning
06-11 07:08:18.580  7599  7599 I SDHMS:LOAD: type: LoadsFreqs, value: 2:0:0:860928:2169600:806400:727680:1881600:633600:278:285:220
06-11 07:08:18.624  2745  3500 I SemWifiServiceDetector: Service det. resumed: T / T / 15562
06-11 07:08:18.856  1938 15886 I sensors-hal: handle_sns_client_event:185, auto_rotation_debug_2 mode,255, type,1,0 acc,0.148,-0.165,9.945, ar,0, ver,14, pedo,1,e,1,i,3
06-11 07:08:19.087  2745  2865 D PowerManagerService: UserActivityStateListenerState: 0
06-11 07:08:19.088  2745  2814 I ActivityManager: Changes in 10136 5 to 15, 144 to 0
06-11 07:08:19.090  2745  2814 W ActivityManager: Rescheduling restart of crashed service com.samsung.android.carkey/.seinterface.service.SecureElementInterfaceService in 8218ms for mem-pressure-event
06-11 07:08:19.096 18096 18096 I VRI[MainActivity]@758d426: call setFrameRateCategory for touch hint category=no preference, reason=boost timeout, vri=VRI[MainActivity]@758d426
06-11 07:08:19.106  2062  2062 I SurfaceFlinger: [com.worksoc.goaicoach/com.worksoc.goaicoach.MainActivity$_18096#24026] setFrameRateCategory: NoPreference
06-11 07:08:19.144  7599  9044 I SDHMS:x : SIOP:: AP:393 BAT:344 USB:340 CHG:365 PA:377 WIFI:379 CF:352 BLK:0 SUBBAT:0 SKIN:343 SKINF:343 SKINB:341 LRP:343 LRP2:343 LRF2:343 LRB2:341 AP2:343 CHG2:340 WIFI2:341 UANT2:340 RCV2:338 SPK2:335 FCAM:341 UPSPK:354 DNSPK:341 AMB:278 AVGCUR:-395 POWER:-1510
06-11 07:08:19.166  2745  2745 D SemWifiP2pGoPowerSave: GopsReceiver : received : com.samsung.intent.action.CHECK_SIOP_LEVEL
06-11 07:08:19.166  2745  2745 I SemWifiP2pGoPowerSave: siop_level = -1
06-11 07:08:19.167  1938  1938 I sensors-hal: set_config:65, no need to adjust sample_period_ns due to reporting_mode = 2
06-11 07:08:19.167  1938  1938 I sensors-hal: batch:511, android.sensor.light/51, period=200000000, max_latency=0 request completed
06-11 07:08:19.168  1938  1938 I sensors-hal: activate:427, android.sensor.light/51 en=1
06-11 07:08:19.168  1938  1938 I sensors-hal: get_qmi_debug_flag:239, support_qmi_debug : false
06-11 07:08:19.170  1915  2083 E minksocket: MinkIPC_QRTR_Service: client with node 1 port 6e66 went down
06-11 07:08:19.171  1915  2083 E minksocket: MinkIPC_QRTR_Service: client with node 1 port 6e67 went down
06-11 07:08:19.172  1915  2083 E minksocket: MinkIPC_QRTR_Service: client with node 1 port 6e68 went down
06-11 07:08:19.173  1915  2083 E minksocket: MinkIPC_QRTR_Service: client with node 1 port 6e69 went down
06-11 07:08:19.173  1938  1938 I sensors-hal: send_sensor_config_request:576, dt=ambient_light: convert sample_period=200000000 to batch_period=200000
06-11 07:08:19.173  1938  1938 I sensors-hal: send_sync_sensor_request:448, send sync request
06-11 07:08:19.173  1938  1938 I sensors-hal: send_sync_sensor_request:474, wait for notification of response
06-11 07:08:19.178  1938 18566 I sensors-hal: ssc_conn_resp_cb:833, resp_value = 0
06-11 07:08:19.178  1938  1938 I sensors-hal: send_sync_sensor_request:480, takes 4 ms to receive the response with 0
06-11 07:08:19.178  1938  1938 I sensors-hal: activate:445, android.sensor.light/51 en=1 completed
06-11 07:08:19.180  1938  1938 D SensorsFlicker: Als_common::setDelay, handle : 1 time : 10000000ns
06-11 07:08:19.180  1938  1938 D SensorsFlicker: Als_common::enable, handle : 1, mode : 1, en : 1
06-11 07:08:19.180  1938  1938 D SensorsFlicker: Als_common::sendCommand, send enable command
06-11 07:08:19.200  2745  6508 D SemContextService: lock : registerCallback
06-11 07:08:19.201  2745  6508 W CAE     : registerCallback(ContextAwareService.java:188) - [regi 01] Mutex is locked for TEST_FLAT_MOTION
06-11 07:08:19.201  2745  6508 W CAE     : registerCallback(ContextAwareService.java:195) - [regi 04]  com.samsung.android.contextaware.ContextAwareManager$CaListenerDelegate@ecd38db
06-11 07:08:19.201  2745  6508 W CAE     : getListener(ListenerListManager.java:127) - [getListener1]  com.samsung.android.contextaware.ContextAwareManager$CaListenerDelegate@ecd38db
06-11 07:08:19.201  2745  6508 W CAE     : getListener(ListenerListManager.java:128) - [getListener2]  com.samsung.android.contextaware.manager.ContextAwareService$Listener@6e31dea
06-11 07:08:19.202  2745  6508 V CAE     : start(ContextProvider.java:128)
06-11 07:08:19.202  2745  6508 V CAE     : clear(TestFlatMotionRunner.java:126)
06-11 07:08:19.202  2745  6508 V CAE     : enable(TestFlatMotionRunner.java:102)
06-11 07:08:19.203  2745  3392 D SensorService: setSContextDataLocked ints length 2 , byte length 4
06-11 07:08:19.203  2745  3392 D SensorService: setSContextDataLocked 17b1
06-11 07:08:19.203  1938  1938 I sensors-hal: inject_sensor_data:555, handle 1501 send inject
06-11 07:08:19.203  1938  1938 I sensors-hal: sendContextData:285, sensor hal 4, (0xb1, 0x17, 0x0, 0x0)
06-11 07:08:19.203  1938  1938 I sensors-hal: sendContextData:343, enable:177, handle:8, algo:26279936
06-11 07:08:19.204  1938  1938 E sensors-hal: is_restrict_mode:137, fread fail
06-11 07:08:19.204  1938  1938 I sensors-hal: sendContextData:106, device_position 4
06-11 07:08:19.204  1938  1938 I sensors-hal: get_qmi_debug_flag:239, support_qmi_debug : false
06-11 07:08:19.205  1915  2083 E minksocket: MinkIPC_QRTR_Service: client with node 1 port 6e6b went down
06-11 07:08:19.206  1915  2083 E minksocket: MinkIPC_QRTR_Service: client with node 1 port 6e6c went down
06-11 07:08:19.207  1915  2083 E minksocket: MinkIPC_QRTR_Service: client with node 1 port 6e6d went down
06-11 07:08:19.208  1938  1938 I sensors-hal: create_sensor_config_request:46, device_position create_sensor_config_request
06-11 07:08:19.208  1938  1938 I sensors-hal: send_sensor_config_request:576, dt=device_position: convert sample_period=0 to batch_period=0
06-11 07:08:19.208  1938  1938 I sensors-hal: send_sync_sensor_request:448, send sync request
06-11 07:08:19.208  1938  1938 I sensors-hal: send_sync_sensor_request:474, wait for notification of response
06-11 07:08:19.208  1915  2083 E minksocket: MinkIPC_QRTR_Service: client with node 1 port 6e6e went down
06-11 07:08:19.212  1938 18568 I sensors-hal: ssc_conn_resp_cb:833, resp_value = 0
06-11 07:08:19.212  1938  1938 I sensors-hal: send_sync_sensor_request:480, takes 4 ms to receive the response with 0
06-11 07:08:19.213  2745  6508 D CAE     : getFaultDetectionResult(TestFlatMotionRunner.java:139) - true
06-11 07:08:19.213  2745  6508 I CAE     : notifyCmdProcessResultObserver(ContextProvider.java:627) - CheckResult = 0, Cause = Success
06-11 07:08:19.215  2745  6508 D CAE     : doCommendProcess(ContextAwareService.java:396) - complete notify the operation result.
06-11 07:08:19.215  2745  6508 I CAE     : displayUsedCountForService(ContextAwareService.java:460) - totalCnt = 1, serviceCount = 1, subCollectionCount = 0
06-11 07:08:19.216  2745  6508 D CAE     : showListenerList(ContextAwareService.java:325) - ===== Context Aware Service List =====
06-11 07:08:19.216  2745  6508 I CAE     : showListenerList(ContextAwareService.java:334) - Listener : com.samsung.android.contextaware.manager.ContextAwareService$Listener@6e31dea, Service : ACTIVITY_TRACKER_INTERRUPT(1)
06-11 07:08:19.216  2745  6508 I CAE     : showListenerList(ContextAwareService.java:334) - Listener : com.samsung.android.contextaware.manager.ContextAwareService$Listener@6e31dea, Service : ACTIVITY_TRACKER_CURRENT_INFO(1)
06-11 07:08:19.216  2745  6508 I CAE     : showListenerList(ContextAwareService.java:334) - Listener : com.samsung.android.contextaware.manager.ContextAwareService$Listener@6e31dea, Service : ACTIVITY_TRACKER_BATCH(1)
06-11 07:08:19.216  2745  6508 I CAE     : showListenerList(ContextAwareService.java:334) - Listener : com.samsung.android.contextaware.manager.ContextAwareService$Listener@6e31dea, Service : PEDOMETER(1)
06-11 07:08:19.216  2745  6508 I CAE     : showListenerList(ContextAwareService.java:334) - Listener : com.samsung.android.contextaware.manager.ContextAwareService$Listener@6e31dea, Service : SLOCATION_RUNNER(1)
06-11 07:08:19.216  2745  6508 I CAE     : showListenerList(ContextAwareService.java:334) - Listener : com.samsung.android.contextaware.manager.ContextAwareService$Listener@6e31dea, Service : CH_LOC_TRIGGER(1)
06-11 07:08:19.216  2745  6508 I CAE     : showListenerList(ContextAwareService.java:334) - Listener : com.samsung.android.contextaware.manager.ContextAwareService$Listener@6e31dea, Service : FREE_FALL_DETECTION(1)
06-11 07:08:19.216  2745  6508 I CAE     : showListenerList(ContextAwareService.java:334) - Listener : com.samsung.android.contextaware.manager.ContextAwareService$Listener@6e31dea, Service : TEST_FLAT_MOTION(1)
06-11 07:08:19.217  2745  6508 I CAE     : showListenerList(ContextAwareService.java:334) - Listener : com.samsung.android.contextaware.manager.ContextAwareService$Listener@6e31dea, Service : SENSOR_STATUS_CHECK_RUNNER(1)
06-11 07:08:19.217  2745  6508 W CAE     : registerCallback(ContextAwareService.java:209) - [regi 02] Mutex is unlocked for TEST_FLAT_MOTION
06-11 07:08:19.217  2745  6508 E SemContext.CaeProvider: setAttribute() : attribute is null!
06-11 07:08:19.217  2745  6508 D SemContextService: 	.registerCallback : 10, client= com.sec.android.sdhms
06-11 07:08:19.217  2745  6508 D SemContextService: unlock : registerCallback
06-11 07:08:19.221  2745  6508 E SensorService: BigData:Pakage) 5 already enabled. 
06-11 07:08:19.304  2745  3405 D WifiStaIfaceHidlImpl: getCachedScanData is not implemented by HIDL
06-11 07:08:19.312  1938 18566 I sensors-hal: handle_indication_realtime:467,  SCHED_FIFO(10) for qmi_cbk
06-11 07:08:19.312  1938 18566 I sensors-hal: handle_sns_std_sensor_event:135, [SSC_LIGHT] A: 82(82),m:7,c:248,b:72,c0:6032,l:82,r:100,bl:100,j:79
06-11 07:08:19.312  1938 15888 I sensors-hal: handle_sns_std_sensor_event:311, [SSC_LIGHT] P: 82(82),m:7,c:248,b:72,c0:6032,l:82,f(r):100,u(bl):100,j:79
06-11 07:08:19.322  1938  1938 D SensorsFlicker: Als_common::setDelay, handle : 1 time : 10000000ns
06-11 07:08:19.324  1938  1938 D SensorsFlicker: Als_common::enable, handle : 1, mode : 1, en : 0
06-11 07:08:19.324  1938  1938 D SensorsFlicker: Als_common::sendCommand, send disable command
06-11 07:08:19.335  2745  5646 D SemWifiUsabilityStatsMonitor: onWifiUsabilityStats - seqNum 9826, isSameBssidAndFreq true
06-11 07:08:19.337  2745  3502 E SemWifiLinkQualityMonitor: Too old or invalid TMI: currentTime=1781129299337 lastDateWindow=1781129197000
06-11 07:08:19.339  2745  3502 I SemWifiLinkQualityMonitor: Link stat: 1774 / 127 / 1.05 (224) / 780 / -36.0 || 100.0 : 780.00 / 0.5 : 0.95 / 0.55 : 0.07 / G (G) || 4f731b0d5785: 0.088 / 91.108 / N || N N / 0 0 / N 2.0 / N X 0 / 121152870 0 || 2026-06-11 07:06:37  / 0: 0 0 0 0 0 0 / 0: 0 0 0 0 0 0 / 0: 0 0 0 0 0 0
06-11 07:08:19.388  2034  2073 E HeatmapThread: ECT Thread time in milliseconds: 1781129299
06-11 07:08:19.388  2034  2073 D HeatmapThread: !@ batteryplugType : 0
06-11 07:08:19.388  2034  2073 D HeatmapThread: !@ batteryLevel : 0  batteryTemperature : 0 
06-11 07:08:19.388  2034  2073 D HeatmapThread: !@ Heatmap currtime: 29685488
06-11 07:08:19.388  2034  2073 D HeatmapThread: !@ Heatmap prevtime: 29685471
06-11 07:08:19.388  2034  2073 D HeatmapThread: !@ Heatmap plugstarttime: 35791394
06-11 07:08:19.388  2034  2073 D HeatmapThread: !@ Heatmap prevv_dsoh_update_time: 29682402
06-11 07:08:19.388  2034  2073 E HeatmapThread: !@Could not open '/efs/FactoryApp/bsoh', errno = 13
06-11 07:08:19.388  2034  2073 E HeatmapThread: !@ CAM Could not access BSOH EFS
06-11 07:08:19.388  2034  2073 E HeatmapThread: !@ CAM New BSOH: 0
06-11 07:08:19.468  1938 18568 I sensors-hal: handle_indication_realtime:467,  SCHED_FIFO(10) for qmi_cbk
06-11 07:08:19.469  1938 18568 I sensors-hal: handle_sns_client_event:76, device_position_event: msgid:1025
06-11 07:08:19.469  1938 18568 I sensors-hal: handle_sns_client_event:95, device_position_event: 1
06-11 07:08:19.470  1938 18566 I sensors-hal: handle_sns_std_sensor_event:135, [SSC_LIGHT] A: 83(83),m:7,c:248,b:72,c0:6048,l:82,r:100,bl:100,j:84
06-11 07:08:19.470  1938  1938 I sensors-hal: set_config:65, no need to adjust sample_period_ns due to reporting_mode = 2
06-11 07:08:19.471  1938  1938 I sensors-hal: batch:511, android.sensor.light/51, period=200000000, max_latency=0 request completed
06-11 07:08:19.472  2745  2773 E SensorService: BigData:Pakage) 5 already disabled. 
06-11 07:08:19.472  2745  3386 D CAE     : onGetSensorHubData(SensorHubParserProvider.java:92) - onGetSensorHubData Event [event buffer len :4], AP_WAKEUP
06-11 07:08:19.472  2745  3386 I CAE     : parse(SensorHubParserProvider.java:188) - buffer size = 4
06-11 07:08:19.472  2745  3386 I CAE     : parse(SensorHubParserProvider.java:199) - 1, 1, 23, 1,
06-11 07:08:19.472  2745  3386 D CAE     : display(ContextProvider.java:375) - ================= TEST_FLAT_MOTION =================
06-11 07:08:19.473  1938  1938 I sensors-hal: activate:427, android.sensor.light/51 en=0
06-11 07:08:19.473  2745  3386 I CAE     : display(ContextProvider.java:391) - Action=[1]
06-11 07:08:19.473  2745  3383 D SemContextService: Service.updateContext() : service = Device Position
06-11 07:08:19.474  1915  2083 E minksocket: MinkIPC_QRTR_Service: client with node 1 port 6e6a went down
06-11 07:08:19.474  1938  1938 I sensors-hal: deactivate:380, disconnect qmi to disable sensor
06-11 07:08:19.474  1938  1938 I sensors-hal: activate:445, android.sensor.light/51 en=0 completed
06-11 07:08:19.476  2745  2773 D SemContextService: lock : unregisterCallback
06-11 07:08:19.476  2745  2773 D SemContextService: Service.removeListenerLocked() : listener = com.samsung.android.hardware.context.SemContextService$Listener@ccf31b, service = Device Position, used = 0
06-11 07:08:19.477  2745  2773 W CAE     : unregisterCallback(ContextAwareService.java:230) - [unregi 01] Mutex is locked for TEST_FLAT_MOTION
06-11 07:08:19.477  2745  2773 W CAE     : getListener(ListenerListManager.java:127) - [getListener1]  com.samsung.android.contextaware.ContextAwareManager$CaListenerDelegate@ecd38db
06-11 07:08:19.477  2745  2773 W CAE     : getListener(ListenerListManager.java:128) - [getListener2]  com.samsung.android.contextaware.manager.ContextAwareService$Listener@6e31dea
06-11 07:08:19.477  2745  2773 V CAE     : stop(ContextProvider.java:155)
06-11 07:08:19.477  2745  2773 V CAE     : clear(TestFlatMotionRunner.java:126)
06-11 07:08:19.478  2745  2773 V CAE     : disable(TestFlatMotionRunner.java:115)
06-11 07:08:19.478  2745  3392 D SensorService: setSContextDataLocked ints length 2 , byte length 4
06-11 07:08:19.478  2745  3392 D SensorService: setSContextDataLocked 17b2
06-11 07:08:19.479  1938  1938 I sensors-hal: inject_sensor_data:555, handle 1501 send inject
06-11 07:08:19.479  1938  1938 I sensors-hal: sendContextData:285, sensor hal 4, (0xb2, 0x17, 0x0, 0x0)
06-11 07:08:19.479  1938  1938 I sensors-hal: sendContextData:343, enable:178, handle:8, algo:26280192
06-11 07:08:19.479  1938  1938 I sensors-hal: sendContextData:106, device_position 4
06-11 07:08:19.481  1938  1938 I sensors-hal: deactivate:380, disconnect qmi to disable sensor
06-11 07:08:19.481  1915  2083 E minksocket: MinkIPC_QRTR_Service: client with node 1 port 6e6f went down
06-11 07:08:19.481  2745  2773 D CAE     : getFaultDetectionResult(TestFlatMotionRunner.java:139) - true
06-11 07:08:19.482  2745  2773 I CAE     : notifyCmdProcessResultObserver(ContextProvider.java:627) - CheckResult = 0, Cause = Success
06-11 07:08:19.482  2745  2773 D CAE     : doCommendProcess(ContextAwareService.java:396) - complete notify the operation result.
06-11 07:08:19.482  2745  2773 I CAE     : displayUsedCountForService(ContextAwareService.java:460) - totalCnt = 0, serviceCount = 0, subCollectionCount = 0
06-11 07:08:19.483  2745  2773 D CAE     : showListenerList(ContextAwareService.java:325) - ===== Context Aware Service List =====
06-11 07:08:19.483  2745  2773 I CAE     : showListenerList(ContextAwareService.java:334) - Listener : com.samsung.android.contextaware.manager.ContextAwareService$Listener@6e31dea, Service : ACTIVITY_TRACKER_INTERRUPT(1)
06-11 07:08:19.483  2745  2773 I CAE     : showListenerList(ContextAwareService.java:334) - Listener : com.samsung.android.contextaware.manager.ContextAwareService$Listener@6e31dea, Service : ACTIVITY_TRACKER_CURRENT_INFO(1)
06-11 07:08:19.483  2745  2773 I CAE     : showListenerList(ContextAwareService.java:334) - Listener : com.samsung.android.contextaware.manager.ContextAwareService$Listener@6e31dea, Service : ACTIVITY_TRACKER_BATCH(1)
06-11 07:08:19.483  2745  2773 I CAE     : showListenerList(ContextAwareService.java:334) - Listener : com.samsung.android.contextaware.manager.ContextAwareService$Listener@6e31dea, Service : PEDOMETER(1)
