06-11 07:06:59.390  2034  2073 D HeatmapThread: !@ Heatmap prevtime: 29685471
06-11 07:06:59.390  2034  2073 D HeatmapThread: !@ Heatmap plugstarttime: 35791394
06-11 07:06:59.390  2034  2073 D HeatmapThread: !@ Heatmap prevv_dsoh_update_time: 29682402
06-11 07:06:59.390  2034  2073 E HeatmapThread: !@Could not open '/efs/FactoryApp/bsoh', errno = 13
06-11 07:06:59.390  2034  2073 E HeatmapThread: !@ CAM Could not access BSOH EFS
06-11 07:06:59.390  2034  2073 E HeatmapThread: !@ CAM New BSOH: 0
06-11 07:06:59.691  1153  1153 D io_stats: !@   8,0 r 22657229 411384723 w 5871692 93079824 d 1577078 220342956 f 0 680827 iot 9195888 0 th 0 0 0 pt 0 inp 0 0 121073.225
06-11 07:06:59.742  2745  3556 D NetdEventListenerService: DNS Requested by 169, 10875(com.lgt.tmoney), SUCCESS, 1ms
06-11 07:07:00.010  4231  4540 I DateTimeView: updateAll - getTimeFormat
06-11 07:07:00.011  4231  4540 D QSClockBellTower: onReceive(android.intent.action.TIME_TICK) mTimeZoneString:Asia/Seoul
06-11 07:07:00.012  4231  4231 D ClockFaceEvents: onTimeTick. callers : com.android.keyguard.ClockEventController$keyguardUpdateMonitorCallback$1.refreshTime:19
06-11 07:07:00.012  4231  4231 D ClockFaceEvents: com.android.keyguard.ClockEventController$keyguardUpdateMonitorCallback$1.onTimeChanged:1
06-11 07:07:00.012  4231  4231 D ClockFaceEvents: com.android.keyguard.KeyguardUpdateMonitor$16.handleMessage:732
06-11 07:07:00.013  4231  4231 D ClockFaceEvents: onTimeTick. callers : com.android.keyguard.ClockEventController$keyguardUpdateMonitorCallback$1.refreshTime:38
06-11 07:07:00.013  4231  4231 D ClockFaceEvents: com.android.keyguard.ClockEventController$keyguardUpdateMonitorCallback$1.onTimeChanged:1
06-11 07:07:00.013  4231  4231 D ClockFaceEvents: com.android.keyguard.KeyguardUpdateMonitor$16.handleMessage:732
06-11 07:07:00.013  4231  4231 D FaceWidgetPagesController: onTimeChanged()
06-11 07:07:00.016  4231  4231 D QSClockBellTower: He is ready to ring the bell. (((QSClockBellSound - TimeText:7:07, TimeContentDescription:오전 7:07, DateText:6월 11일 목요일, ShortDateText:6월 11일 (목), Demo:false)))
06-11 07:07:00.018  4231  4231 D QSClock : StatusBar clock=7:07 notifyTimeChanged(QSClockBellSound - TimeText:7:07, TimeContentDescription:오전 7:07, DateText:6월 11일 목요일, ShortDateText:6월 11일 (목), Demo:false) clockVisibleByPolicy=true, clockVisibleByUser=true, visible=true, parent=android.widget.LinearLayout{e892ab1 V.E...... ......ID 0,0-69,56 #7f0a069b app:id/left_clock_container} caller=com.android.systemui.statusbar.phone.fragment.CollapsedStatusBarFragment.animateShow:52 com.android.systemui.statusbar.phone.fragment.CollapsedStatusBarFragment.updateStatusBarVisibilitiesInner:230 com.android.systemui.statusbar.phone.fragment.CollapsedStatusBarFragment.updateStatusBarVisibilities:65 com.android.systemui.statusbar.phone.fragment.CollapsedStatusBarFragment.disable:71 com.android.systemui.statusbar.CommandQueue$H.handleMessage:2997  
06-11 07:07:00.019  4231  4231 D QSClockBellTower: Everyone heard the bell. run(currentTime:1781129220015, getTime():Thu Jun 11 07:07:00 GMT+09:00 2026, getTimeZone():libcore.util.ZoneInfo[mDstSavings=0,mUseDst=false,mDelegate=[id="Asia/Seoul",mRawOffset=32400000,mEarliestRawOffset=30472000,transitions=29]])
06-11 07:07:00.019  2745  2745 I EyeComfortSolutionService: action  :  android.intent.action.TIME_TICK
06-11 07:07:00.038  2062  2266 I VSyncReactor: Current= 60, Period= 60, Distance= 0
06-11 07:07:00.041  4231  4231 W RefactorFlag: New code path expects SceneContainerFlag to be enabled.
06-11 07:07:00.055  2062  2266 I VSyncReactor: Current= 60, Period= 60, Distance= 60
06-11 07:07:00.389  2034  2073 E HeatmapThread: ECT Thread time in milliseconds: 1781129220
06-11 07:07:00.390  2034  2073 D HeatmapThread: !@ batteryplugType : 0
06-11 07:07:00.390  2034  2073 D HeatmapThread: !@ batteryLevel : 0  batteryTemperature : 0 
06-11 07:07:00.390  2034  2073 D HeatmapThread: !@ Heatmap currtime: 29685487
06-11 07:07:00.390  2034  2073 D HeatmapThread: !@ Heatmap prevtime: 29685471
06-11 07:07:00.390  2034  2073 D HeatmapThread: !@ Heatmap plugstarttime: 35791394
06-11 07:07:00.390  2034  2073 D HeatmapThread: !@ Heatmap prevv_dsoh_update_time: 29682402
06-11 07:07:00.391  2034  2073 E HeatmapThread: !@Could not open '/efs/FactoryApp/bsoh', errno = 13
06-11 07:07:00.391  2034  2073 E HeatmapThread: !@ CAM Could not access BSOH EFS
06-11 07:07:00.391  2034  2073 E HeatmapThread: !@ CAM New BSOH: 0
06-11 07:07:00.912  1938 15888 I sensors-hal: handle_sns_std_sensor_event:311, [SSC_LIGHT] P: 64(64),m:7,c:267,b:72,c0:5200,l:60,f(r):100,u(bl):100,j:63
06-11 07:07:01.078  1938 15886 I sensors-hal: handle_sns_client_event:185, auto_rotation_debug_2 mode,255, type,1,0 acc,0.148,-0.163,9.964, ar,0, ver,14, pedo,1,e,1,i,3
06-11 07:07:01.308  3693  3796 D SatelliteController: isInCarrierRoamingNbIotNtn: satellite is disabled
06-11 07:07:01.388  2034  2073 E HeatmapThread: ECT Thread time in milliseconds: 1781129221
06-11 07:07:01.388  2034  2073 D HeatmapThread: !@ batteryplugType : 0
06-11 07:07:01.388  2034  2073 D HeatmapThread: !@ batteryLevel : 0  batteryTemperature : 0 
06-11 07:07:01.388  2034  2073 D HeatmapThread: !@ Heatmap currtime: 29685487
06-11 07:07:01.388  2034  2073 D HeatmapThread: !@ Heatmap prevtime: 29685471
06-11 07:07:01.389  2034  2073 D HeatmapThread: !@ Heatmap plugstarttime: 35791394
06-11 07:07:01.389  2034  2073 D HeatmapThread: !@ Heatmap prevv_dsoh_update_time: 29682402
06-11 07:07:01.389  2034  2073 E HeatmapThread: !@Could not open '/efs/FactoryApp/bsoh', errno = 13
06-11 07:07:01.389  2034  2073 E HeatmapThread: !@ CAM Could not access BSOH EFS
06-11 07:07:01.389  2034  2073 E HeatmapThread: !@ CAM New BSOH: 0
06-11 07:07:01.542  2745  3405 D WifiStaIfaceHidlImpl: getCachedScanData is not implemented by HIDL
06-11 07:07:01.583  2745  5646 D SemWifiUsabilityStatsMonitor: onWifiUsabilityStats - seqNum 9801, isSameBssidAndFreq true
06-11 07:07:01.585  2745  3502 E SemWifiLinkQualityMonitor: Too old or invalid TMI: currentTime=1781129221585 lastDateWindow=1781129197000
06-11 07:07:01.692  1153  1153 D io_stats: !@ Read_top(KB): f2fs_ckpt-254:5(4519) 4
06-11 07:07:01.692  1153  1153 D io_stats: !@ Write_top(KB): f2fs_ckpt-254:5(4519) 28 init(1) 28
06-11 07:07:01.726 16149 17628 I NearbyMediums: No BLE Fast/GATT advertisements found in the latest cycle.
06-11 07:07:01.727 16149 17628 I NearbyMediums: Current Tracked Scanning Clients are : {NearbyConnections.EnvironmentMonitor, NearbyConnections.TxAdvertisement}
06-11 07:07:02.233 15474 15474 I wpa_supplicant: Heartbeat 2380
06-11 07:07:02.391  2034  2073 E HeatmapThread: ECT Thread time in milliseconds: 1781129222
06-11 07:07:02.392  2034  2073 D HeatmapThread: !@ batteryplugType : 0
06-11 07:07:02.392  2034  2073 D HeatmapThread: !@ batteryLevel : 0  batteryTemperature : 0 
06-11 07:07:02.392  2034  2073 D HeatmapThread: !@ Heatmap currtime: 29685487
06-11 07:07:02.392  2034  2073 D HeatmapThread: !@ Heatmap prevtime: 29685471
06-11 07:07:02.392  2034  2073 D HeatmapThread: !@ Heatmap plugstarttime: 35791394
06-11 07:07:02.392  2034  2073 D HeatmapThread: !@ Heatmap prevv_dsoh_update_time: 29682402
06-11 07:07:02.392  2034  2073 E HeatmapThread: !@Could not open '/efs/FactoryApp/bsoh', errno = 13
06-11 07:07:02.393  2034  2073 E HeatmapThread: !@ CAM Could not access BSOH EFS
06-11 07:07:02.393  2034  2073 E HeatmapThread: !@ CAM New BSOH: 0
06-11 07:07:03.038  2745  4736 I NSLocationMonitor: getGPSUsingApps() called
06-11 07:07:03.040  4710  4768 I NSLocationManager_FLP: getGPSUsingApps, No change
06-11 07:07:03.059  2745  4736 D FreecessHandler: freeze com.kakao.page(15010371) result : 2
06-11 07:07:03.391  2034  2073 E HeatmapThread: ECT Thread time in milliseconds: 1781129223
06-11 07:07:03.391  2034  2073 D HeatmapThread: !@ batteryplugType : 0
06-11 07:07:03.391  2034  2073 D HeatmapThread: !@ batteryLevel : 0  batteryTemperature : 0 
06-11 07:07:03.391  2034  2073 D HeatmapThread: !@ Heatmap currtime: 29685487
06-11 07:07:03.392  2034  2073 D HeatmapThread: !@ Heatmap prevtime: 29685471
06-11 07:07:03.392  2034  2073 D HeatmapThread: !@ Heatmap plugstarttime: 35791394
06-11 07:07:03.392  2034  2073 D HeatmapThread: !@ Heatmap prevv_dsoh_update_time: 29682402
06-11 07:07:03.392  2034  2073 E HeatmapThread: !@Could not open '/efs/FactoryApp/bsoh', errno = 13
06-11 07:07:03.392  2034  2073 E HeatmapThread: !@ CAM Could not access BSOH EFS
06-11 07:07:03.392  2034  2073 E HeatmapThread: !@ CAM New BSOH: 0
06-11 07:07:03.693  1153  1153 D io_stats: !@   8,0 r 22657229 411384723 w 5871696 93079848 d 1577078 220342956 f 0 680827 iot 9195896 0 th 0 0 0 pt 0 inp 0 0 121077.228
06-11 07:07:03.794  1938 15888 I sensors-hal: handle_sns_std_sensor_event:311, [SSC_LIGHT] P: 66(66),m:7,c:267,b:72,c0:5200,l:60,f(r):100,u(bl):100,j:66
06-11 07:07:04.028  2745  5241 D NetdEventListenerService: CSC Feature value: true
06-11 07:07:04.029  2745  5241 D NetdEventListenerService: CSC Feature value: true
06-11 07:07:04.031  2745  3556 D NetdEventListenerService: DNS Requested by 169, 10875(com.lgt.tmoney), SUCCESS, 1ms
06-11 07:07:04.390  2034  2073 E HeatmapThread: ECT Thread time in milliseconds: 1781129224
06-11 07:07:04.390  2034  2073 D HeatmapThread: !@ batteryplugType : 0
06-11 07:07:04.390  2034  2073 D HeatmapThread: !@ batteryLevel : 0  batteryTemperature : 0 
06-11 07:07:04.390  2034  2073 D HeatmapThread: !@ Heatmap currtime: 29685487
06-11 07:07:04.390  2034  2073 D HeatmapThread: !@ Heatmap prevtime: 29685471
06-11 07:07:04.391  2034  2073 D HeatmapThread: !@ Heatmap plugstarttime: 35791394
06-11 07:07:04.391  2034  2073 D HeatmapThread: !@ Heatmap prevv_dsoh_update_time: 29682402
06-11 07:07:04.391  2034  2073 E HeatmapThread: !@Could not open '/efs/FactoryApp/bsoh', errno = 13
06-11 07:07:04.391  2034  2073 E HeatmapThread: !@ CAM Could not access BSOH EFS
06-11 07:07:04.391  2034  2073 E HeatmapThread: !@ CAM New BSOH: 0
06-11 07:07:04.428  2745  3534 D WifiConnectivityMonitor.NetworkStatsAnalyzer: Backhaul result - RSSI:-43, CE:35, PE:35, TI:44, PTI:43, TW:0, PTW:0, Tx:17, Rx:17, TxS:18, RxS:17, RESULT:true, IC:2, ICT:5, WC:17, WCT:5, R:3, RC:0, IE:0, EC:0
06-11 07:07:04.648  2745  3405 D WifiStaIfaceHidlImpl: getCachedScanData is not implemented by HIDL
06-11 07:07:04.688  2745  5646 D SemWifiUsabilityStatsMonitor: onWifiUsabilityStats - seqNum 9802, isSameBssidAndFreq true
06-11 07:07:04.690  2745  3502 E SemWifiLinkQualityMonitor: Too old or invalid TMI: currentTime=1781129224690 lastDateWindow=1781129197000
06-11 07:07:05.164  2745 11711 I AfterimageCompensationService: AfcThread mLuminance : 98 , AfpcPeriodCount : 1654 , rotation : 0 , AOD : false
06-11 07:07:05.165  2745 11711 I SurfaceComposerClient: captureDisplay:Display-4630947232161729154
06-11 07:07:05.170  2062  3259 I SurfaceFlinger: Capture layer list: 	 com.worksoc.goaicoach/com.worksoc.goaicoach.MainActivity$_18096#24026(seamlessTransition:0)
06-11 07:07:05.170  2062  3259 I SurfaceFlinger: Capture layer list: 	 StatusBar$_4231#109(seamlessTransition:0)
06-11 07:07:05.170  2062  3259 I SurfaceFlinger: Capture layer list: 	 com.sec.android.app.launcher/com.samsung.app.honeyspace.edge.edgepanel.app.CocktailBarService$_4527#23988(seamlessTransition:0)
06-11 07:07:05.170  2062  3259 I SurfaceFlinger: Capture layer list: 	 NavigationBar0$_4231#107(seamlessTransition:0)
06-11 07:07:05.170  2062  3259 I CompositionEngine: [setDisplaySize] size=(1080, 2316)
06-11 07:07:05.171  2062  3259 E HWComposer: getLuts: getLuts failed for display 4630947232161729154: UNSUPPORTED (8)
06-11 07:07:05.173  2062  2201 D RenderEngine: [SEC_SF_EFFECTS] drawLayersInternal,1483, Rendering layer ScreenCaptureFillLayer at index 0
06-11 07:07:05.173  2062  2201 D RenderEngine: [SEC_SF_EFFECTS] drawLayersInternal,1483, Rendering layer com.worksoc.goaicoach/com.worksoc.goaicoach.MainActivity$_18096#24026 at index 1
06-11 07:07:05.174  2062  2201 D RenderEngine: [SEC_SF_EFFECTS] drawLayersInternal,1483, Rendering layer StatusBar$_4231#109 at index 2
06-11 07:07:05.175  2062  2201 D RenderEngine: [SEC_SF_EFFECTS] drawLayersInternal,1483, Rendering layer com.sec.android.app.launcher/com.samsung.app.honeyspace.edge.edgepanel.app.CocktailBarService$_4527#23988 at index 3
06-11 07:07:05.175  2062  2201 D RenderEngine: [SEC_SF_EFFECTS] drawLayersInternal,1483, Rendering layer NavigationBar0$_4231#107 at index 4
06-11 07:07:05.186  2745 11711 D system_server: mAFPC_Read - w = 1080, h = 2316, s = 8, f = 4, s_size = 10079232, luminance = 98, count = 1654, captureOrientation = 0
06-11 07:07:05.388  2034  2073 E HeatmapThread: ECT Thread time in milliseconds: 1781129225
06-11 07:07:05.388  2034  2073 D HeatmapThread: !@ batteryplugType : 0
06-11 07:07:05.388  2034  2073 D HeatmapThread: !@ batteryLevel : 0  batteryTemperature : 0 
06-11 07:07:05.388  2034  2073 D HeatmapThread: !@ Heatmap currtime: 29685487
06-11 07:07:05.388  2034  2073 D HeatmapThread: !@ Heatmap prevtime: 29685471
06-11 07:07:05.388  2034  2073 D HeatmapThread: !@ Heatmap plugstarttime: 35791394
06-11 07:07:05.388  2034  2073 D HeatmapThread: !@ Heatmap prevv_dsoh_update_time: 29682402
06-11 07:07:05.389  2034  2073 E HeatmapThread: !@Entered the read from path function
06-11 07:07:05.389  2034  2073 E HeatmapThread: !@Could not open '/efs/FactoryApp/extended_heatmap', errno = 13
06-11 07:07:05.389  2034  2073 E HeatmapThread: !@Extended_heatmap efs Forced Reset
06-11 07:07:05.390  2034  2073 E HeatmapThread: !@Read Extended_heatmap from efs is: 
06-11 07:07:05.390  2034  2073 E HeatmapThread: !@Write Extended Heatmap to efs is: 0 0 0 0 0 0 0 0 0 0 0 0 0 0 0 0 0 0 0 0 0 0 0 0 0 0 0 0 0 0 0 0 0 0 0 0 0 0 0 0 0 0 0 0 0 0 0 0 0 0 0 0 0 0 0 0 0 0 0 0 0 0 0 0 0 0 0 0 0 0 0 0 0 0 0 0 0 0 0 0 0 0 0 0 0 0 0 0 0 0 0 0 0 0 0 0 0 0 0 0 0 0 0 0 0 0 0 0 0 0 0 0 0 0 0 0 0 0 0 0 0 0 0 0 0 0 0 0 0 0 0 0 0 0 0 0 0 0 0 0 0 0 0 0 0 0 0 0 0 0 0 0 0 0 0 0 0 0 0 0 0 0 0 0 0 0 0 0 0 0 0 0 0 0 0 0 0 0 0 0 0 0 0 0 0 0 0 0 0 0 0 0 0 0 0 0 0 0 0 0 0 0 0 0 0 0 0 0 0 0 0 0 0 0 0 0 0 0 0 0 0 0 0 0 0 0 0 0 0 0 0 0 0 0 0 0 0 0 0 0 0 0 0 0 0 0 0 0 0 0 0 0 0 0 0 0 0 0 0 0 0 0 0 0 0 0 0 0 0 0 0 0 0 0 0 0 0 0 0 0 0 0 0 0 0 0 0 0 0 0 0 0 0 0 0 0 0 0 0 0 0 0 0 0 0 0 0 0 0 0 0 0 0 0 0 0 0 0 0 0 0 0 0 0 0 0 0 0 0 0 0 0 0 0 0 0 0 0 0 0 0 0 0 0 0 0 0 0 0 0 0 0 0 0 0 0 0 0 0 0 0 0 0 0 0 0 0 0 0 0 0 0 0 0 0 0 0 0 0 0 0 0 0 0 0 0 0 0 0 0 0 0 0 0 0 0 0 0 0 0 0 0 0 0 0 0 0 0 0 0 0 0 0 0 0 0 0 0 0 0 0 0 0 0 0 0 0 0 0 0 0 0 0 0 0 0 0 0 0 0 0 0 0 0 0 0 0 0 0 0 0 0 0 0 0 0 0 0 0 0 0 0 0 0 0 0 0 0 0 0 0 0 0 0 0 0 0 0 0 0 0 0 0 0 0 0 0 0 0 0 0 0 0 0
06-11 07:07:05.390  2034  2073 E HeatmapThread: !@Could not open '/efs/FactoryApp/extended_heatmap', errno = 13
06-11 07:07:05.391  2034  2073 E HeatmapThread: !@Could not open '/efs/FactoryApp/bsoh', errno = 13
06-11 07:07:05.391  2034  2073 E HeatmapThread: !@ CAM Could not access BSOH EFS
06-11 07:07:05.391  2034  2073 E HeatmapThread: !@ CAM New BSOH: 0
06-11 07:07:05.696  1153  1153 D io_stats: !@ Write_top(KB): kworker/u16:7(9037) 24
06-11 07:07:05.795  2745  3556 D NetdEventListenerService: DNS Requested by 169, 10393(org.telegram.messenger), 4(FAIL), isBlocked=true, 0ms
06-11 07:07:05.799  2745  3556 D NetdEventListenerService: DNS Requested by 169, 10393(org.telegram.messenger), 4(FAIL), isBlocked=true, 0ms
06-11 07:07:05.803  2745  3556 D NetdEventListenerService: DNS Requested by 169, 10393(org.telegram.messenger), 4(FAIL), isBlocked=true, 0ms
06-11 07:07:05.880  4695  4695 I adbd    : adbd service requested 'exec:screencap '-p''
06-11 07:07:06.028 18219 18219 W screencap: Thread Pool max thread count is 0. Cannot cache binder as linkToDeath cannot be implemented. serviceName: SurfaceFlingerAIDL
06-11 07:07:06.029 18219 18219 W BpBinder: Linking to death on android.gui.ISurfaceComposer but there are no threads (yet?) listening to incoming transactions. See ProcessState::startThreadPool and ProcessState::setThreadPoolMaxThreadCount. Generally you should setup the binder threadpool before other initialization steps.
06-11 07:07:06.029 18219 18219 W screencap: Thread Pool max thread count is 0. Cannot cache binder as linkToDeath cannot be implemented. serviceName: edmnativehelper
06-11 07:07:06.030  2745  3845 I EDMNativeHelperService: isScreenCaptureEnabled
06-11 07:07:06.030  2745  3845 D RestrictionPolicy: isScreenCaptureEnabled : ret=true userId=0
06-11 07:07:06.030 18219 18219 W ProcessState: Extra binder thread started, but 0 threads requested. Do not use *startThreadPool when zero threads are requested.
06-11 07:07:06.030 18219 18219 I SurfaceComposerClient: captureDisplay:Display-4630947232161729154
06-11 07:07:06.032  2062  3191 I SurfaceFlinger: Capture layer list: 	 com.worksoc.goaicoach/com.worksoc.goaicoach.MainActivity$_18096#24026(seamlessTransition:0)
06-11 07:07:06.032  2062  3191 I SurfaceFlinger: Capture layer list: 	 StatusBar$_4231#109(seamlessTransition:0)
06-11 07:07:06.032  2062  3191 I SurfaceFlinger: Capture layer list: 	 com.sec.android.app.launcher/com.samsung.app.honeyspace.edge.edgepanel.app.CocktailBarService$_4527#23988(seamlessTransition:0)
06-11 07:07:06.033  2062  3191 I SurfaceFlinger: Capture layer list: 	 NavigationBar0$_4231#107(seamlessTransition:0)
06-11 07:07:06.033  2062  3191 I CompositionEngine: [setDisplaySize] size=(1080, 2316)
06-11 07:07:06.033  2062  3191 E HWComposer: getLuts: getLuts failed for display 4630947232161729154: UNSUPPORTED (8)
06-11 07:07:06.034  2062  2201 D RenderEngine: [SEC_SF_EFFECTS] drawLayersInternal,1483, Rendering layer ScreenCaptureFillLayer at index 0
06-11 07:07:06.035  2062  2201 D RenderEngine: [SEC_SF_EFFECTS] drawLayersInternal,1483, Rendering layer com.worksoc.goaicoach/com.worksoc.goaicoach.MainActivity$_18096#24026 at index 1
06-11 07:07:06.035  2062  2201 D RenderEngine: [SEC_SF_EFFECTS] drawLayersInternal,1483, Rendering layer StatusBar$_4231#109 at index 2
06-11 07:07:06.035  2062  2201 D RenderEngine: [SEC_SF_EFFECTS] drawLayersInternal,1483, Rendering layer com.sec.android.app.launcher/com.samsung.app.honeyspace.edge.edgepanel.app.CocktailBarService$_4527#23988 at index 3
06-11 07:07:06.035  2062  2201 D RenderEngine: [SEC_SF_EFFECTS] drawLayersInternal,1483, Rendering layer NavigationBar0$_4231#107 at index 4
06-11 07:07:06.388  2034  2073 E HeatmapThread: ECT Thread time in milliseconds: 1781129226
06-11 07:07:06.388  2034  2073 D HeatmapThread: !@ batteryplugType : 0
06-11 07:07:06.388  2034  2073 D HeatmapThread: !@ batteryLevel : 0  batteryTemperature : 0 
06-11 07:07:06.388  2034  2073 D HeatmapThread: !@ Heatmap currtime: 29685487
06-11 07:07:06.388  2034  2073 D HeatmapThread: !@ Heatmap prevtime: 29685471
06-11 07:07:06.388  2034  2073 D HeatmapThread: !@ Heatmap plugstarttime: 35791394
06-11 07:07:06.388  2034  2073 D HeatmapThread: !@ Heatmap prevv_dsoh_update_time: 29682402
06-11 07:07:06.389  2034  2073 E HeatmapThread: !@Could not open '/efs/FactoryApp/bsoh', errno = 13
06-11 07:07:06.389  2034  2073 E HeatmapThread: !@ CAM Could not access BSOH EFS
06-11 07:07:06.389  2034  2073 E HeatmapThread: !@ CAM New BSOH: 0
06-11 07:07:06.430  2745  3500 I SemWifiServiceDetector: Service det. resumed: T / T / 15562
06-11 07:07:06.527  4695  4695 I adbd    : adbd service requested 'shell,v2,TERM=dumb:export ANDROID_LOG_TAGS=''; exec logcat '-d' '-t' '1600''
06-11 07:07:06.831  1938 15888 I sensors-hal: handle_sns_std_sensor_event:311, [SSC_LIGHT] P: 64(64),m:7,c:267,b:72,c0:5168,l:59,f(r):100,u(bl):100,j:62
06-11 07:07:07.134  4527  7915 I id.app.launcher: Explicit concurrent mark compact GC freed 7375KB AllocSpace bytes, 4(208KB) LOS objects, 66% free, 23MB/71MB, paused 303us,1.198ms total 102.602ms
06-11 07:07:07.146  4527 17866 I HoneySpace.Memory-Monitor: trimMemory 20
06-11 07:07:07.390  2034  2073 E HeatmapThread: ECT Thread time in milliseconds: 1781129227
06-11 07:07:07.390  2034  2073 D HeatmapThread: !@ batteryplugType : 0
06-11 07:07:07.390  2034  2073 D HeatmapThread: !@ batteryLevel : 0  batteryTemperature : 0 
06-11 07:07:07.390  2034  2073 D HeatmapThread: !@ Heatmap currtime: 29685487
06-11 07:07:07.390  2034  2073 D HeatmapThread: !@ Heatmap prevtime: 29685471
06-11 07:07:07.391  2034  2073 D HeatmapThread: !@ Heatmap plugstarttime: 35791394
06-11 07:07:07.391  2034  2073 D HeatmapThread: !@ Heatmap prevv_dsoh_update_time: 29682402
06-11 07:07:07.391  2034  2073 E HeatmapThread: !@Could not open '/efs/FactoryApp/bsoh', errno = 13
06-11 07:07:07.391  2034  2073 E HeatmapThread: !@ CAM Could not access BSOH EFS
06-11 07:07:07.391  2034  2073 E HeatmapThread: !@ CAM New BSOH: 0
06-11 07:07:07.487  7599  7599 I SDHMS:LOAD: type: LoadsFreqs, value: 0:0:0:860928:2169600:806400:708480:1881600:633600:285:285:285
06-11 07:07:07.683  2745  2810 E Watchdog: !@Sync: 4032 heap(MB): 208 / 222 FD: 1577 [2026-06-11 07:07:07.682]
06-11 07:07:07.697  1153  1153 D io_stats: !@   8,0 r 22657232 411384735 w 5871702 93079872 d 1577078 220342956 f 0 680827 iot 9195908 0 th 0 0 0 pt 0 inp 0 0 121081.232
06-11 07:07:07.757  2745  3405 D WifiStaIfaceHidlImpl: getCachedScanData is not implemented by HIDL
06-11 07:07:07.797  2745  5646 D SemWifiUsabilityStatsMonitor: onWifiUsabilityStats - seqNum 9803, isSameBssidAndFreq true
06-11 07:07:07.799  2745  3502 E SemWifiLinkQualityMonitor: Too old or invalid TMI: currentTime=1781129227799 lastDateWindow=1781129197000
06-11 07:07:07.802  2745  3502 I SemWifiLinkQualityMonitor: Link stat: 1485 / 90 / 1.10 (596) / 702 / -45.0 || 100.0 : 702.00 / 0.5 : 0.91 / 0.55 : 0.06 / G (G) || 4f731b0d5785: 0.088 / 90.867 / N || N N / 0 0 / N 2.0 / N X 0 / 121081332 0 || 2026-06-11 07:06:37  / 0: 0 0 0 0 0 0 / 0: 0 0 0 0 0 0 / 0: 0 0 0 0 0 0
06-11 07:07:08.335  2745  3556 D NetdEventListenerService: DNS Requested by 169, 10875(com.lgt.tmoney), SUCCESS, 1ms
06-11 07:07:08.388  2034  2073 E HeatmapThread: ECT Thread time in milliseconds: 1781129228
06-11 07:07:08.388  2034  2073 D HeatmapThread: !@ batteryplugType : 0
06-11 07:07:08.388  2034  2073 D HeatmapThread: !@ batteryLevel : 0  batteryTemperature : 0 
06-11 07:07:08.388  2034  2073 D HeatmapThread: !@ Heatmap currtime: 29685487
06-11 07:07:08.388  2034  2073 D HeatmapThread: !@ Heatmap prevtime: 29685471
06-11 07:07:08.388  2034  2073 D HeatmapThread: !@ Heatmap plugstarttime: 35791394
06-11 07:07:08.388  2034  2073 D HeatmapThread: !@ Heatmap prevv_dsoh_update_time: 29682402
06-11 07:07:08.388  2034  2073 E HeatmapThread: !@Could not open '/efs/FactoryApp/bsoh', errno = 13
06-11 07:07:08.388  2034  2073 E HeatmapThread: !@ CAM Could not access BSOH EFS
06-11 07:07:08.388  2034  2073 E HeatmapThread: !@ CAM New BSOH: 0
06-11 07:07:08.983  3693  3796 D SatelliteController: isInCarrierRoamingNbIotNtn: satellite is disabled
06-11 07:07:09.066  2745  4736 I NSLocationMonitor: getGPSUsingApps() called
06-11 07:07:09.067  4710  4768 I NSLocationManager_FLP: getGPSUsingApps, No change
06-11 07:07:09.087  2745  4736 D FreecessHandler: freeze com.kakao.page(15010371) result : 2
06-11 07:07:09.116  1930  1930 I android.hardware.health@2.1-service-samsung: updateLrpSysfs: write: 344
06-11 07:07:09.118  2745  3463 D BatteryService: [processValuesLocked]batteryLevel:56 ,LastbatteryLevel:56 ,mPlugType:0 ,batteryStatus:3
06-11 07:07:09.123  2745  3463 D BatteryService: [countBatteryChangedConditions]mBatteryChangedConditionCounts:[29, 7, 1, 469, 33, 193, 162, 0, 0, 30, 24, 0, 22, 0, 0, 1, 79, 33, 0, 0, 0, 1]
06-11 07:07:09.123  2745  3463 D BatteryService: Sending ACTION_BATTERY_CHANGED: level:56, status:3, health:2, remain:0, ac:false, usb:false, wireless:false, pogo:false, misc:0x10000, charge_type:0, charger_type:0, voltage:3833, temperature:346, online:1, charging_status:0, cycle_count:0, current_avg:-312, ps:false, hvc:false, current_event:0x40000000, mcc:0, mcv:0, cc:2546940, present:true, scale:100, technology:Li-ion, protection:0
06-11 07:07:09.125  2745  3463 D [SS]BattUtils: [readNode]path:/efs/FactoryApp/bsoh ,value:95
06-11 07:07:09.134  4231  4231 I AODBatteryManager: updateBatteryData: ACTION_BATTERY_CHANGED: true, isSleepModeChanged:false ,isRemainingTimeChanged: false, isUSBRestriction: false
06-11 07:07:09.135  4231  4231 I AODBatteryManager: getChargeEstimateTime: not charging
06-11 07:07:09.135  4231  4231 I AODBatteryManager: saveBatteryData : AOD BatteryData [mBatteryLevel=56, mBatteryStatus=DISCHARGING, mBatteryPlugType=NOT_DEFINED, mBatteryPlugged=false, mRemainingChargeTime=0, mBatteryChargingType=0, mBatteryChargerType=NORMAL, mBatteryOnline=NONE, mBatterySwellingMode=NONE, mBatteryProtectMode=false, mBatteryProtectModeType=3, mSleepChargingEvent=null, mSleepChargingEventFinishTime=null, mBatteryHealth=2, mIsDirectPowerMode=false, mIsUsbRestriction=false]
06-11 07:07:09.135  4231  4231 I PowerUI : mBootCompleted = true |  mFullyConnected = true
06-11 07:07:09.136  4231  4231 I PowerUI : BATTERY_HEALTH_CHECK / batteryHealth : 2 / wirelessOverheat : false
06-11 07:07:09.138  2745  5241 D KNOX_MDM_SettingsProvider: isChangeAllowed() : name = key_sleep_charging
06-11 07:07:09.138  2745  5241 D KNOX_MDM_SettingsProvider: edmUri: content://com.sec.knox.provider/RestrictionPolicy3
06-11 07:07:09.138  2745  5241 D KNOX_MDM_SettingsProvider: projectionArgs: isSettingsChangesAllowed
06-11 07:07:09.138  2745  5241 D KNOX_MDM_SettingsProvider: selectionArgs: false
06-11 07:07:09.138  2745  5241 D KNOX_MDM_SettingsProvider: selectionArgs: 10038
06-11 07:07:09.139  2745  5241 D SecContentProvider: query(), uri = 17 selection = isSettingsChangesAllowed
06-11 07:07:09.139  2745  5241 D SecContentProvider: called from android.uid.systemui:10038
06-11 07:07:09.139  2745  5241 D RestrictionPolicy: isSettingsChangesAllowedAsUser, userId 0 : true
06-11 07:07:09.140  2745  5241 D KNOX_MDM_SettingsProvider: ret = 1
06-11 07:07:09.141  2745  3549 I DeviceBatteryInfoService: action: android.intent.action.BATTERY_CHANGED
06-11 07:07:09.141  2745  3549 I DeviceBatteryInfoService: phone battery level: 56
06-11 07:07:09.141  2745  3549 I DeviceBatteryInfoService: phone battery status: 3
06-11 07:07:09.141  2745  2745 D AdaptiveBrightnessLongtermModelBuilder[0]: Received android.intent.action.BATTERY_CHANGED
06-11 07:07:09.142  2745  5241 D KNOX_MDM_SettingsProvider: isChangeAllowed() : name = sleep_charging_finish_time
06-11 07:07:09.142  2745  5241 D KNOX_MDM_SettingsProvider: edmUri: content://com.sec.knox.provider/RestrictionPolicy3
06-11 07:07:09.142  2745  5241 D KNOX_MDM_SettingsProvider: projectionArgs: isSettingsChangesAllowed
06-11 07:07:09.142  2745  5241 D KNOX_MDM_SettingsProvider: selectionArgs: false
06-11 07:07:09.142  2745  5241 D KNOX_MDM_SettingsProvider: selectionArgs: 10038
06-11 07:07:09.143  2745  5241 D SecContentProvider: query(), uri = 17 selection = isSettingsChangesAllowed
06-11 07:07:09.143  2745  5241 D SecContentProvider: called from android.uid.systemui:10038
06-11 07:07:09.143  2745  5241 D RestrictionPolicy: isSettingsChangesAllowedAsUser, userId 0 : true
06-11 07:07:09.143  2745  5241 D KNOX_MDM_SettingsProvider: ret = 1
06-11 07:07:09.144  4231  4231 D PowerUI : Skip charging animation - by Plug reason
06-11 07:07:09.144  4231  4231 D PowerUI : Skip charging sound & vibrate - by Plug reason
06-11 07:07:09.144  4231  4231 D PowerUI : oldMisalign : false, curMisalign : false
06-11 07:07:09.148  2745  3395 D MotionRecognitionService: [SAR]  onReceive : ACTION_BATTERY_CHANGED, Plugged: 0
06-11 07:07:09.148  2745  3395 I MotionRecognitionService: [TA] Before receiving the SAR request for Return : 65560
06-11 07:07:09.148  2745  5241 D KNOX_MDM_SettingsProvider: isChangeAllowed() : name = ltc_highsoc_exceed_time
06-11 07:07:09.148  2745  5241 D KNOX_MDM_SettingsProvider: edmUri: content://com.sec.knox.provider/RestrictionPolicy3
06-11 07:07:09.148  2745  5241 D KNOX_MDM_SettingsProvider: projectionArgs: isSettingsChangesAllowed
06-11 07:07:09.148  2745  5241 D KNOX_MDM_SettingsProvider: selectionArgs: false
06-11 07:07:09.148  2745  5241 D KNOX_MDM_SettingsProvider: selectionArgs: 10038
06-11 07:07:09.149  2745  5241 D SecContentProvider: query(), uri = 17 selection = isSettingsChangesAllowed
06-11 07:07:09.149  2745  5241 D SecContentProvider: called from android.uid.systemui:10038
06-11 07:07:09.149  2745  5241 D RestrictionPolicy: isSettingsChangesAllowedAsUser, userId 0 : true
06-11 07:07:09.149  2745  5241 D KNOX_MDM_SettingsProvider: ret = 1
06-11 07:07:09.151  3693  3693 D SemBigDataInfoController: Intent: android.intent.action.BATTERY_CHANGED
06-11 07:07:09.158  4231  4231 D SamsungBatteryMeterDrawable: onBatteryLevelChanged isSomethingChanged: false
06-11 07:07:09.160  7492  7492 I [AirCmd]_BleSpenGenericChargeController: onDeviceBatteryStateChanged : battery current temperature=34, last temperature=35
06-11 07:07:09.162  4231  4231 D SamsungBatteryMeterDrawable: onBatteryLevelChanged isSomethingChanged: false
06-11 07:07:09.162  4231  4231 D SamsungBatteryMeterDrawable: onBatteryLevelChanged isSomethingChanged: false
06-11 07:07:09.163  4231  4231 D SamsungBatteryMeterDrawable: onBatteryLevelChanged isSomethingChanged: false
06-11 07:07:09.163  4231  4231 D KeyguardUpdateMonitor: handleBatteryUpdate
06-11 07:07:09.178  2062  2266 I VSyncReactor: Current= 60, Period= 60, Distance= 0
06-11 07:07:09.178  4231  4231 W View    : requestLayout() improperly called by com.android.systemui.qs.SecQSGradationDrawableView{2bca1d9 V.E...... ......ID 0,0-1080,310 #7f0a0a16 app:id/qs_gradation_view} during layout: running second layout pass
06-11 07:07:09.178  4231  4231 W View    : requestLayout() improperly called by android.widget.FrameLayout{a77379e V.E...... ......I. 0,0-1080,2316 #2} during layout: running second layout pass
06-11 07:07:09.178  4231  4231 W View    : requestLayout() improperly called by android.widget.FrameLayout{9e9027f V.E...... ......ID 0,138-1080,2190 #7f0a0a14 app:id/qs_frame} during layout: running second layout pass
06-11 07:07:09.179  4231  4231 W RefactorFlag: New code path expects SceneContainerFlag to be enabled.
06-11 07:07:09.194  2062  2266 I VSyncReactor: Current= 60, Period= 60, Distance= 60
06-11 07:07:09.204  2062  2062 I SurfaceFlinger: SFWD update time=121082739131360
06-11 07:07:09.243  1930  1958 E BatteryDump: !@new_battery_dump : 3833,-256,100,100,56,346,341,364,346,0,342,463,0,Discharging,NO_CHARGING,None,Good,NONE,0,Normal,0,0,8700,0x40000000,0x10000,0x0,0,0,0000,0000,00000000,0,0,0,0,705,3847,5557,990,0,
06-11 07:07:09.389  2034  2073 E HeatmapThread: ECT Thread time in milliseconds: 1781129229
06-11 07:07:09.390  2034  2073 D HeatmapThread: !@ batteryplugType : 0
06-11 07:07:09.390  2034  2073 D HeatmapThread: !@ batteryLevel : 0  batteryTemperature : 0 
06-11 07:07:09.390  2034  2073 D HeatmapThread: !@ Heatmap currtime: 29685487
06-11 07:07:09.390  2034  2073 D HeatmapThread: !@ Heatmap prevtime: 29685471
06-11 07:07:09.390  2034  2073 D HeatmapThread: !@ Heatmap plugstarttime: 35791394
06-11 07:07:09.390  2034  2073 D HeatmapThread: !@ Heatmap prevv_dsoh_update_time: 29682402
06-11 07:07:09.391  2034  2073 E HeatmapThread: !@Could not open '/efs/FactoryApp/bsoh', errno = 13
06-11 07:07:09.391  2034  2073 E HeatmapThread: !@ CAM Could not access BSOH EFS
06-11 07:07:09.391  2034  2073 E HeatmapThread: !@ CAM New BSOH: 0
06-11 07:07:09.700  1153  1153 D io_stats: !@   8,0 r 22657232 411384735 w 5871743 93080036 d 1577092 220343084 f 0 680831 iot 9195936 0 th 0 0 0 pt 0 inp 0 0 121083.234
06-11 07:07:09.700  1153  1153 D io_stats: !@ Read_top(KB): .gms.persistent(16149) 12
06-11 07:07:09.700  1153  1153 D io_stats: !@ Write_top(KB): f2fs_ckpt-254:5(4519) 28 init(1) 28 kworker/u16:5(31446) 24
06-11 07:07:09.874  1938 15888 I sensors-hal: handle_sns_std_sensor_event:311, [SSC_LIGHT] P: 65(65),m:7,c:267,b:72,c0:5008,l:56,f(r):100,u(bl):100,j:65
06-11 07:07:10.389  2034  2073 E HeatmapThread: ECT Thread time in milliseconds: 1781129230
06-11 07:07:10.389  2034  2073 D HeatmapThread: !@ batteryplugType : 0
06-11 07:07:10.390  2034  2073 D HeatmapThread: !@ batteryLevel : 0  batteryTemperature : 0 
06-11 07:07:10.390  2034  2073 D HeatmapThread: !@ Heatmap currtime: 29685487
06-11 07:07:10.390  2034  2073 D HeatmapThread: !@ Heatmap prevtime: 29685471
06-11 07:07:10.390  2034  2073 D HeatmapThread: !@ Heatmap plugstarttime: 35791394
06-11 07:07:10.390  2034  2073 D HeatmapThread: !@ Heatmap prevv_dsoh_update_time: 29682402
06-11 07:07:10.390  2034  2073 E HeatmapThread: !@Could not open '/efs/FactoryApp/bsoh', errno = 13
06-11 07:07:10.391  2034  2073 E HeatmapThread: !@ CAM Could not access BSOH EFS
06-11 07:07:10.391  2034  2073 E HeatmapThread: !@ CAM New BSOH: 0
06-11 07:07:10.801  1938 15886 I sensors-hal: handle_sns_client_event:185, auto_rotation_debug_2 mode,255, type,1,0 acc,0.144,-0.146,9.942, ar,0, ver,14, pedo,1,e,1,i,3
06-11 07:07:10.894  2745  3405 D WifiStaIfaceHidlImpl: getCachedScanData is not implemented by HIDL
06-11 07:07:10.934  2745  5646 D SemWifiUsabilityStatsMonitor: onWifiUsabilityStats - seqNum 9804, isSameBssidAndFreq true
06-11 07:07:10.936  2745  3502 E SemWifiLinkQualityMonitor: Too old or invalid TMI: currentTime=1781129230936 lastDateWindow=1781129197000
06-11 07:07:11.389  2034  2073 E HeatmapThread: ECT Thread time in milliseconds: 1781129231
06-11 07:07:11.389  2034  2073 D HeatmapThread: !@ batteryplugType : 0
06-11 07:07:11.390  2034  2073 D HeatmapThread: !@ batteryLevel : 0  batteryTemperature : 0 
06-11 07:07:11.390  2034  2073 D HeatmapThread: !@ Heatmap currtime: 29685487
06-11 07:07:11.390  2034  2073 D HeatmapThread: !@ Heatmap prevtime: 29685471
06-11 07:07:11.390  2034  2073 D HeatmapThread: !@ Heatmap plugstarttime: 35791394
06-11 07:07:11.390  2034  2073 D HeatmapThread: !@ Heatmap prevv_dsoh_update_time: 29682402
06-11 07:07:11.390  2034  2073 E HeatmapThread: !@Could not open '/efs/FactoryApp/bsoh', errno = 13
06-11 07:07:11.390  2034  2073 E HeatmapThread: !@ CAM Could not access BSOH EFS
06-11 07:07:11.390  2034  2073 E HeatmapThread: !@ CAM New BSOH: 0
06-11 07:07:12.238 15474 15474 I wpa_supplicant: Heartbeat 2381
06-11 07:07:12.389  2034  2073 E HeatmapThread: ECT Thread time in milliseconds: 1781129232
06-11 07:07:12.390  2034  2073 D HeatmapThread: !@ batteryplugType : 0
06-11 07:07:12.390  2034  2073 D HeatmapThread: !@ batteryLevel : 0  batteryTemperature : 0 
06-11 07:07:12.390  2034  2073 D HeatmapThread: !@ Heatmap currtime: 29685487
06-11 07:07:12.390  2034  2073 D HeatmapThread: !@ Heatmap prevtime: 29685471
06-11 07:07:12.390  2034  2073 D HeatmapThread: !@ Heatmap plugstarttime: 35791394
06-11 07:07:12.390  2034  2073 D HeatmapThread: !@ Heatmap prevv_dsoh_update_time: 29682402
06-11 07:07:12.390  2034  2073 E HeatmapThread: !@Could not open '/efs/FactoryApp/bsoh', errno = 13
06-11 07:07:12.391  2034  2073 E HeatmapThread: !@ CAM Could not access BSOH EFS
06-11 07:07:12.391  2034  2073 E HeatmapThread: !@ CAM New BSOH: 0
06-11 07:07:12.451  2745  3500 I SemWifiServiceDetector: Service det. suspended: T / T / 15562
06-11 07:07:12.637  2745  3556 D NetdEventListenerService: DNS Requested by 169, 10875(com.lgt.tmoney), SUCCESS, 1ms
06-11 07:07:12.911  1938 15888 I sensors-hal: handle_sns_std_sensor_event:311, [SSC_LIGHT] P: 81(81),m:7,c:267,b:72,c0:5840,l:74,f(r):100,u(bl):100,j:83
06-11 07:07:13.388  2034  2073 E HeatmapThread: ECT Thread time in milliseconds: 1781129233
06-11 07:07:13.388  2034  2073 D HeatmapThread: !@ batteryplugType : 0
06-11 07:07:13.388  2034  2073 D HeatmapThread: !@ batteryLevel : 0  batteryTemperature : 0 
06-11 07:07:13.388  2034  2073 D HeatmapThread: !@ Heatmap currtime: 29685487
06-11 07:07:13.388  2034  2073 D HeatmapThread: !@ Heatmap prevtime: 29685471
06-11 07:07:13.388  2034  2073 D HeatmapThread: !@ Heatmap plugstarttime: 35791394
06-11 07:07:13.389  2034  2073 D HeatmapThread: !@ Heatmap prevv_dsoh_update_time: 29682402
06-11 07:07:13.389  2034  2073 E HeatmapThread: !@Could not open '/efs/FactoryApp/bsoh', errno = 13
06-11 07:07:13.389  2034  2073 E HeatmapThread: !@ CAM Could not access BSOH EFS
06-11 07:07:13.389  2034  2073 E HeatmapThread: !@ CAM New BSOH: 0
06-11 07:07:14.000  2745  3405 D WifiStaIfaceHidlImpl: getCachedScanData is not implemented by HIDL
06-11 07:07:14.040  2745  5646 D SemWifiUsabilityStatsMonitor: onWifiUsabilityStats - seqNum 9805, isSameBssidAndFreq true
06-11 07:07:14.042  2745  3502 E SemWifiLinkQualityMonitor: Too old or invalid TMI: currentTime=1781129234042 lastDateWindow=1781129197000
06-11 07:07:14.388  2034  2073 E HeatmapThread: ECT Thread time in milliseconds: 1781129234
06-11 07:07:14.388  2034  2073 D HeatmapThread: !@ batteryplugType : 0
06-11 07:07:14.388  2034  2073 D HeatmapThread: !@ batteryLevel : 0  batteryTemperature : 0 
06-11 07:07:14.388  2034  2073 D HeatmapThread: !@ Heatmap currtime: 29685487
06-11 07:07:14.388  2034  2073 D HeatmapThread: !@ Heatmap prevtime: 29685471
06-11 07:07:14.389  2034  2073 D HeatmapThread: !@ Heatmap plugstarttime: 35791394
06-11 07:07:14.389  2034  2073 D HeatmapThread: !@ Heatmap prevv_dsoh_update_time: 29682402
06-11 07:07:14.389  2034  2073 E HeatmapThread: !@Could not open '/efs/FactoryApp/bsoh', errno = 13
06-11 07:07:14.389  2034  2073 E HeatmapThread: !@ CAM Could not access BSOH EFS
06-11 07:07:14.389  2034  2073 E HeatmapThread: !@ CAM New BSOH: 0
06-11 07:07:14.436  2745  3534 D WifiConnectivityMonitor.NetworkStatsAnalyzer: Backhaul result - RSSI:-46, CE:35, PE:35, TI:44, PTI:44, TW:0, PTW:0, Tx:550, Rx:119, TxS:550, RxS:119, RESULT:true, IC:2, ICT:5, WC:18, WCT:5, R:2, RC:0, IE:0, EC:0
06-11 07:07:14.881  2062  2266 I VSyncReactor: Current= 60, Period= 60, Distance= 0
06-11 07:07:14.897  2062  2266 I VSyncReactor: Current= 60, Period= 60, Distance= 60
06-11 07:07:15.092  2745  4736 I NSLocationMonitor: getGPSUsingApps() called
06-11 07:07:15.094  4710  4768 I NSLocationManager_FLP: getGPSUsingApps, No change
06-11 07:07:15.111  2745  4736 D MARs:ActiveTrafficFilter: filter : com.kakao.page(150)
06-11 07:07:15.112  2745  4736 D FreecessHandler: freeze com.kakao.page(15010371) result : 8
06-11 07:07:15.262  4030  5321 I ScanController: onScanResult to scannerId: 4- eventType=0x10, addressType=1, address=XX:XX:XX:XX:E6:0A, primaryPhy=1, secondaryPhy=0, advertisingSid=0xff, txPower=127, rssi=-87, periodicAdvInt=0x0
06-11 07:07:15.390  2034  2073 E HeatmapThread: ECT Thread time in milliseconds: 1781129235
06-11 07:07:15.390  2034  2073 D HeatmapThread: !@ batteryplugType : 0
06-11 07:07:15.390  2034  2073 D HeatmapThread: !@ batteryLevel : 0  batteryTemperature : 0 
06-11 07:07:15.390  2034  2073 D HeatmapThread: !@ Heatmap currtime: 29685487
06-11 07:07:15.390  2034  2073 D HeatmapThread: !@ Heatmap prevtime: 29685471
06-11 07:07:15.390  2034  2073 D HeatmapThread: !@ Heatmap plugstarttime: 35791394
06-11 07:07:15.390  2034  2073 D HeatmapThread: !@ Heatmap prevv_dsoh_update_time: 29682402
06-11 07:07:15.391  2034  2073 E HeatmapThread: !@Could not open '/efs/FactoryApp/bsoh', errno = 13
06-11 07:07:15.391  2034  2073 E HeatmapThread: !@ CAM Could not access BSOH EFS
06-11 07:07:15.391  2034  2073 E HeatmapThread: !@ CAM New BSOH: 0
06-11 07:07:15.791  1938 15888 I sensors-hal: handle_sns_std_sensor_event:311, [SSC_LIGHT] P: 72(72),m:7,c:267,b:72,c0:5744,l:72,f(r):100,u(bl):100,j:72
06-11 07:07:16.388  2034  2073 E HeatmapThread: ECT Thread time in milliseconds: 1781129236
06-11 07:07:16.388  2034  2073 D HeatmapThread: !@ batteryplugType : 0
06-11 07:07:16.388  2034  2073 D HeatmapThread: !@ batteryLevel : 0  batteryTemperature : 0 
06-11 07:07:16.388  2034  2073 D HeatmapThread: !@ Heatmap currtime: 29685487
06-11 07:07:16.389  2034  2073 D HeatmapThread: !@ Heatmap prevtime: 29685471
06-11 07:07:16.389  2034  2073 D HeatmapThread: !@ Heatmap plugstarttime: 35791394
06-11 07:07:16.389  2034  2073 D HeatmapThread: !@ Heatmap prevv_dsoh_update_time: 29682402
06-11 07:07:16.389  2034  2073 E HeatmapThread: !@Could not open '/efs/FactoryApp/bsoh', errno = 13
06-11 07:07:16.389  2034  2073 E HeatmapThread: !@ CAM Could not access BSOH EFS
06-11 07:07:16.389  2034  2073 E HeatmapThread: !@ CAM New BSOH: 0
06-11 07:07:16.733 16149 17628 I NearbyMediums: No BLE Fast/GATT advertisements found in the latest cycle.
06-11 07:07:16.734 16149 17628 I NearbyMediums: Current Tracked Scanning Clients are : {NearbyConnections.EnvironmentMonitor, NearbyConnections.TxAdvertisement}
06-11 07:07:16.947  2745  3556 D NetdEventListenerService: DNS Requested by 169, 10875(com.lgt.tmoney), SUCCESS, 1ms
06-11 07:07:17.089  2745  3405 D WifiStaIfaceHidlImpl: getCachedScanData is not implemented by HIDL
06-11 07:07:17.117  2745  5646 D SemWifiUsabilityStatsMonitor: onWifiUsabilityStats - seqNum 9806, isSameBssidAndFreq true
06-11 07:07:17.119  2745  3502 E SemWifiLinkQualityMonitor: Too old or invalid TMI: currentTime=1781129237119 lastDateWindow=1781129197000
06-11 07:07:17.391  2034  2073 E HeatmapThread: ECT Thread time in milliseconds: 1781129237
06-11 07:07:17.391  2034  2073 D HeatmapThread: !@ batteryplugType : 0
06-11 07:07:17.391  2034  2073 D HeatmapThread: !@ batteryLevel : 0  batteryTemperature : 0 
06-11 07:07:17.391  2034  2073 D HeatmapThread: !@ Heatmap currtime: 29685487
06-11 07:07:17.392  2034  2073 D HeatmapThread: !@ Heatmap prevtime: 29685471
06-11 07:07:17.392  2034  2073 D HeatmapThread: !@ Heatmap plugstarttime: 35791394
06-11 07:07:17.392  2034  2073 D HeatmapThread: !@ Heatmap prevv_dsoh_update_time: 29682402
06-11 07:07:17.392  2034  2073 E HeatmapThread: !@Could not open '/efs/FactoryApp/bsoh', errno = 13
06-11 07:07:17.392  2034  2073 E HeatmapThread: !@ CAM Could not access BSOH EFS
06-11 07:07:17.392  2034  2073 E HeatmapThread: !@ CAM New BSOH: 0
06-11 07:07:17.672  7599  7599 I SDHMS:LOAD: type: LoadsFreqs, value: 0:0:0:806400:806400:806400:636288:768000:633600:285:285:285
06-11 07:07:18.331  2745 18263 D WifiConnectivityMonitor.DnsThread:  [|214] []
06-11 07:07:18.333  2745  3534 D WifiConnectivityMonitor.NetworkStatsAnalyzer: DNS resultType : 0, responseTime : 214
06-11 07:07:18.334  2745  3528 D OpenNetworkQos[4.00]: updateBssidLatestDnsResultType - result: 0
06-11 07:07:18.334  2745  3528 D OpenNetworkQos[4.00]: updateBssidNoInternet: mBssidNoInternet = false
06-11 07:07:18.334  2745  3528 D OpenNetworkQos[4.00]: getOpenNetworkQosNoInternetStatus: false
06-11 07:07:18.335  2745  3528 D OpenNetworkQos[4.00]: getOpenNetworkQosScores: 30 30 0 
06-11 07:07:18.335  2745  3528 D KNOX_MDM_SettingsProvider: isChangeAllowed() : name = wifi_wcm_qos_sharing_score_summary
06-11 07:07:18.336  2745  3528 I WifiProfileShare: network QoS data was changed (internet), updateQoSData networkType: true, qosData: false
06-11 07:07:18.337  2745  4871 D WifiProfileShare: nearby scanning settings stop
06-11 07:07:18.338  2745  4871 V WifiProfileShare.Caster: checkAndGetShareData - nearby scanning
06-11 07:07:18.389  2034  2073 E HeatmapThread: ECT Thread time in milliseconds: 1781129238
06-11 07:07:18.389  2034  2073 D HeatmapThread: !@ batteryplugType : 0
06-11 07:07:18.390  2034  2073 D HeatmapThread: !@ batteryLevel : 0  batteryTemperature : 0 
06-11 07:07:18.390  2034  2073 D HeatmapThread: !@ Heatmap currtime: 29685487
06-11 07:07:18.390  2034  2073 D HeatmapThread: !@ Heatmap prevtime: 29685471
06-11 07:07:18.390  2034  2073 D HeatmapThread: !@ Heatmap plugstarttime: 35791394
06-11 07:07:18.390  2034  2073 D HeatmapThread: !@ Heatmap prevv_dsoh_update_time: 29682402
06-11 07:07:18.390  2034  2073 E HeatmapThread: !@Could not open '/efs/FactoryApp/bsoh', errno = 13
06-11 07:07:18.390  2034  2073 E HeatmapThread: !@ CAM Could not access BSOH EFS
06-11 07:07:18.390  2034  2073 E HeatmapThread: !@ CAM New BSOH: 0
06-11 07:07:18.831  1938 15888 I sensors-hal: handle_sns_std_sensor_event:311, [SSC_LIGHT] P: 85(85),m:7,c:267,b:72,c0:5984,l:77,f(r):100,u(bl):100,j:87
06-11 07:07:19.147  7599  9044 I SDHMS:x : SIOP:: AP:365 BAT:346 USB:341 CHG:361 PA:377 WIFI:374 CF:354 BLK:0 SUBBAT:0 SKIN:341 SKINF:341 SKINB:340 LRP:341 LRP2:341 LRF2:341 LRB2:340 AP2:341 CHG2:339 WIFI2:340 UANT2:339 RCV2:337 SPK2:332 FCAM:342 UPSPK:357 DNSPK:342 AMB:279 AVGCUR:-297 POWER:-1138
06-11 07:07:19.389  2034  2073 E HeatmapThread: ECT Thread time in milliseconds: 1781129239
06-11 07:07:19.389  2034  2073 D HeatmapThread: !@ batteryplugType : 0
06-11 07:07:19.390  2034  2073 D HeatmapThread: !@ batteryLevel : 0  batteryTemperature : 0 
06-11 07:07:19.390  2034  2073 D HeatmapThread: !@ Heatmap currtime: 29685487
06-11 07:07:19.390  2034  2073 D HeatmapThread: !@ Heatmap prevtime: 29685471
06-11 07:07:19.390  2034  2073 D HeatmapThread: !@ Heatmap plugstarttime: 35791394
06-11 07:07:19.390  2034  2073 D HeatmapThread: !@ Heatmap prevv_dsoh_update_time: 29682402
06-11 07:07:19.390  2034  2073 E HeatmapThread: !@Could not open '/efs/FactoryApp/bsoh', errno = 13
06-11 07:07:19.391  2034  2073 E HeatmapThread: !@ CAM Could not access BSOH EFS
06-11 07:07:19.391  2034  2073 E HeatmapThread: !@ CAM New BSOH: 0
06-11 07:07:19.705  1153  1153 D io_stats: !@   8,0 r 22657232 411384735 w 5871770 93080152 d 1577101 220343160 f 0 680837 iot 9195956 0 th 0 0 0 pt 0 inp 0 0 121093.239
06-11 07:07:20.207  2745  3405 D WifiStaIfaceHidlImpl: getCachedScanData is not implemented by HIDL
06-11 07:07:20.252  2745  5646 D SemWifiUsabilityStatsMonitor: onWifiUsabilityStats - seqNum 9807, isSameBssidAndFreq true
06-11 07:07:20.254  2745  3502 E SemWifiLinkQualityMonitor: Too old or invalid TMI: currentTime=1781129240254 lastDateWindow=1781129197000
06-11 07:07:20.388  2034  2073 E HeatmapThread: ECT Thread time in milliseconds: 1781129240
06-11 07:07:20.388  2034  2073 D HeatmapThread: !@ batteryplugType : 0
06-11 07:07:20.389  2034  2073 D HeatmapThread: !@ batteryLevel : 0  batteryTemperature : 0 
06-11 07:07:20.389  2034  2073 D HeatmapThread: !@ Heatmap currtime: 29685487
06-11 07:07:20.389  2034  2073 D HeatmapThread: !@ Heatmap prevtime: 29685471
06-11 07:07:20.389  2034  2073 D HeatmapThread: !@ Heatmap plugstarttime: 35791394
06-11 07:07:20.389  2034  2073 D HeatmapThread: !@ Heatmap prevv_dsoh_update_time: 29682402
06-11 07:07:20.390  2034  2073 E HeatmapThread: !@Could not open '/efs/FactoryApp/bsoh', errno = 13
06-11 07:07:20.390  2034  2073 E HeatmapThread: !@ CAM Could not access BSOH EFS
06-11 07:07:20.390  2034  2073 E HeatmapThread: !@ CAM New BSOH: 0
06-11 07:07:20.527  1938 15886 I sensors-hal: handle_sns_client_event:185, auto_rotation_debug_2 mode,255, type,1,0 acc,0.156,-0.141,9.949, ar,0, ver,14, pedo,1,e,1,i,3
06-11 07:07:21.121  2745  4736 I NSLocationMonitor: getGPSUsingApps() called
06-11 07:07:21.123  4710  4768 I NSLocationManager_FLP: getGPSUsingApps, No change
06-11 07:07:21.142  2745  4736 D FreecessHandler: freeze com.kakao.page(15010371) result : 2
06-11 07:07:21.252  2745  3556 D NetdEventListenerService: DNS Requested by 169, 10875(com.lgt.tmoney), SUCCESS, 1ms
06-11 07:07:21.374  4030  4634 I bluetooth: system/gd/hci/le_advertising_manager.cc:903 set_advertising_set_random_address_on_timer: Scheduling address rotation for advertiser_id=0
06-11 07:07:21.374  4030  4634 I bluetooth: system/gd/hci/le_address_manager.cc:581 GetNextPrivateAddressIntervalRange: client=advertising_set_0, nonwake=8m5s, wake=13m5s
06-11 07:07:21.379  4030  4634 I bluetooth: system/gd/hci/le_advertising_manager.cc:1868 on_set_advertising_set_random_address_complete: update random address for advertising set 0 : xx:xx:xx:xx:9c:11
06-11 07:07:21.388  2034  2073 E HeatmapThread: ECT Thread time in milliseconds: 1781129241
06-11 07:07:21.388  2034  2073 D HeatmapThread: !@ batteryplugType : 0
06-11 07:07:21.388  2034  2073 D HeatmapThread: !@ batteryLevel : 0  batteryTemperature : 0 
06-11 07:07:21.388  2034  2073 D HeatmapThread: !@ Heatmap currtime: 29685487
06-11 07:07:21.388  2034  2073 D HeatmapThread: !@ Heatmap prevtime: 29685471
06-11 07:07:21.388  2034  2073 D HeatmapThread: !@ Heatmap plugstarttime: 35791394
06-11 07:07:21.388  2034  2073 D HeatmapThread: !@ Heatmap prevv_dsoh_update_time: 29682402
06-11 07:07:21.388  2034  2073 E HeatmapThread: !@Could not open '/efs/FactoryApp/bsoh', errno = 13
06-11 07:07:21.388  2034  2073 E HeatmapThread: !@ CAM Could not access BSOH EFS
06-11 07:07:21.388  2034  2073 E HeatmapThread: !@ CAM New BSOH: 0
06-11 07:07:21.706  1153  1153 D io_stats: !@ Write_top(KB): init(1) 28 f2fs_ckpt-254:5(4519) 8 kworker/u16:7(9037) 8
06-11 07:07:21.873  1938 15888 I sensors-hal: handle_sns_std_sensor_event:311, [SSC_LIGHT] P: 82(82),m:7,c:267,b:72,c0:6112,l:80,f(r):100,u(bl):100,j:83
06-11 07:07:22.239 15474 15474 I wpa_supplicant: Heartbeat 2382
06-11 07:07:22.389  2034  2073 E HeatmapThread: ECT Thread time in milliseconds: 1781129242
06-11 07:07:22.389  2034  2073 D HeatmapThread: !@ batteryplugType : 0
06-11 07:07:22.389  2034  2073 D HeatmapThread: !@ batteryLevel : 0  batteryTemperature : 0 
06-11 07:07:22.389  2034  2073 D HeatmapThread: !@ Heatmap currtime: 29685487
06-11 07:07:22.389  2034  2073 D HeatmapThread: !@ Heatmap prevtime: 29685471
06-11 07:07:22.390  2034  2073 D HeatmapThread: !@ Heatmap plugstarttime: 35791394
06-11 07:07:22.390  2034  2073 D HeatmapThread: !@ Heatmap prevv_dsoh_update_time: 29682402
06-11 07:07:22.390  2034  2073 E HeatmapThread: !@Could not open '/efs/FactoryApp/bsoh', errno = 13
06-11 07:07:22.390  2034  2073 E HeatmapThread: !@ CAM Could not access BSOH EFS
06-11 07:07:22.390  2034  2073 E HeatmapThread: !@ CAM New BSOH: 0
06-11 07:07:23.126  4030  4634 I bluetooth: system/gd/hci/le_advertising_manager.cc:903 set_advertising_set_random_address_on_timer: Scheduling address rotation for advertiser_id=3
06-11 07:07:23.127  4030  4634 I bluetooth: system/gd/hci/le_address_manager.cc:581 GetNextPrivateAddressIntervalRange: client=advertising_set_3, nonwake=8m34s, wake=14m8s
