06-11 07:14:52.555  2745  3845 I ActivityManager: Process com.sec.android.app.soundalive (pid 19134) has died: cch+45 CEM (298,4633)
06-11 07:14:52.555  1866  1866 I Zygote  : Process 19134 exited due to signal 9 (Killed)
06-11 07:14:52.555  2030  2189 I AudioFlinger: removeDlbCodecCallback pid:19134 type:-1
06-11 07:14:52.556  2745  2817 I libprocessgroup: Removed cgroup /sys/fs/cgroup/apps/uid_10132/pid_19134
06-11 07:14:52.560  5757  5800 V OsAgent : broadcastSystemEvent - 7
06-11 07:14:52.626   990   990 I lmkd    : 6(delay), 0(swap), 0(freelimit), 0(reentrymode) memory pressure events were skipped after a kill!
06-11 07:14:52.826   990   990 I lmkd    : 1(delay), 0(swap), 0(freelimit), 0(reentrymode) memory pressure events were skipped after a kill!
06-11 07:14:53.027   990   990 I lmkd    : 1(delay), 0(swap), 0(freelimit), 0(reentrymode) memory pressure events were skipped after a kill!
06-11 07:14:53.050  2745  4736 I NSLocationMonitor: getGPSUsingApps() called
06-11 07:14:53.051  4710  4768 I NSLocationManager_FLP: getGPSUsingApps, No change
06-11 07:14:53.069  2745  4736 D FreecessHandler: freeze com.kakao.page(15010371) result : 2
06-11 07:14:53.329   990   990 I lmkd    : 1(delay), 0(swap), 0(freelimit), 0(reentrymode) memory pressure events were skipped after a kill!
06-11 07:14:53.359 19647 19647 W Finsky  : [2] STU: Failed to get storage stats for package 'com.android.uwb' (1601: Error getting stats: android.content.pm.PackageManager.NameNotFoundException)
06-11 07:14:53.388  2034  2073 E HeatmapThread: ECT Thread time in milliseconds: 1781129693
06-11 07:14:53.388  2034  2073 D HeatmapThread: !@ batteryplugType : 0
06-11 07:14:53.388  2034  2073 D HeatmapThread: !@ batteryLevel : 0  batteryTemperature : 0 
06-11 07:14:53.388  2034  2073 D HeatmapThread: !@ Heatmap currtime: 29685494
06-11 07:14:53.388  2034  2073 D HeatmapThread: !@ Heatmap prevtime: 29685471
06-11 07:14:53.388  2034  2073 D HeatmapThread: !@ Heatmap plugstarttime: 35791394
06-11 07:14:53.388  2034  2073 D HeatmapThread: !@ Heatmap prevv_dsoh_update_time: 29682402
06-11 07:14:53.388  2034  2073 E HeatmapThread: !@Could not open '/efs/FactoryApp/bsoh', errno = 13
06-11 07:14:53.388  2034  2073 E HeatmapThread: !@ CAM Could not access BSOH EFS
06-11 07:14:53.388  2034  2073 E HeatmapThread: !@ CAM New BSOH: 0
06-11 07:14:53.435   990   990 I lmkd    : cached 6, sandbox(not0) 0
06-11 07:14:53.436   990   990 I lmkd    : Reclaim 'com.samsung.accessory.budsunitemgr' (19172), uid 10223, oom_score_adj 945, state 19 to free 96020kB rss, 27660kB swap; reason: low watermark is breached or filecache is low (3716212kB).
06-11 07:14:53.439  2745  2854 D DmaBufLeakDetector: system:           254832 kB
06-11 07:14:53.439  2745  2854 I DmaBufLeakDetector: DmaBuf : 254832 KB
06-11 07:14:53.445   990  1004 E lowmemorykiller: process_mrelease 19172 failed: No such process
06-11 07:14:53.458 19647 19647 W Finsky  : [2] STU: Failed to get storage stats for package 'com.google.android.os.statsd' (1601: Error getting stats: android.content.pm.PackageManager.NameNotFoundException)
06-11 07:14:53.487  1866  1866 I Zygote  : Process 19172 exited due to signal 9 (Killed)
06-11 07:14:53.488  2745  2773 I ActivityManager: Process com.samsung.accessory.budsunitemgr (pid 19172) has died: cch+45 CEM (336,4590)
06-11 07:14:53.488  2745  2817 I libprocessgroup: Removed cgroup /sys/fs/cgroup/apps/uid_10223/pid_19172
06-11 07:14:53.494  2745  3480 D BackgroundInstallControlService: Package event received: 0
06-11 07:14:53.495  2745  2773 I ActivityManager: Changes in 10108 10 to 6, 0 to 128
06-11 07:14:53.496 19647 19647 W Finsky  : [2] STU: Failed to get storage stats for package 'com.samsung.android.authfw.ta' (1601: Error getting stats: android.content.pm.PackageManager.NameNotFoundException)
06-11 07:14:53.506  5757  5800 V OsAgent : broadcastSystemEvent - 7
06-11 07:14:53.545   990   990 I lmkd    : 5(delay), 0(swap), 0(freelimit), 0(reentrymode) memory pressure events were skipped after a kill!
06-11 07:14:53.558  4030  5321 I ScanController: onScanResult to scannerId: 4- eventType=0x10, addressType=1, address=XX:XX:XX:XX:FB:74, primaryPhy=1, secondaryPhy=0, advertisingSid=0xff, txPower=127, rssi=-89, periodicAdvInt=0x0
06-11 07:14:53.617  3693  3796 D SatelliteController: isInCarrierRoamingNbIotNtn: satellite is disabled
06-11 07:14:53.634 19647 19647 W Finsky  : [2] STU: Failed to get storage stats for package 'com.google.android.scheduling' (1601: Error getting stats: android.content.pm.PackageManager.NameNotFoundException)
06-11 07:14:53.656 19647 19647 W Finsky  : [2] STU: Failed to get storage stats for package 'com.samsung.android.lifeguard' (1601: Error getting stats: android.content.pm.PackageManager.NameNotFoundException)
06-11 07:14:53.747   990   990 I lmkd    : 1(delay), 0(swap), 0(freelimit), 0(reentrymode) memory pressure events were skipped after a kill!
06-11 07:14:53.868  1938 15888 I sensors-hal: handle_sns_std_sensor_event:311, [SSC_LIGHT] P: 91(91),m:7,c:268,b:72,c0:6208,l:82,f(r):100,u(bl):100,j:91
06-11 07:14:53.964 19647 19647 W Finsky  : [2] STU: Failed to get storage stats for package 'com.samsung.android.shell' (1601: Error getting stats: android.content.pm.PackageManager.NameNotFoundException)
06-11 07:14:54.119 19647 19647 W Finsky  : [2] STU: Failed to get storage stats for package 'com.android.apex.cts.shim' (1601: Error getting stats: android.content.pm.PackageManager.NameNotFoundException)
06-11 07:14:54.153   990   990 I lmkd    : 1(delay), 0(swap), 0(freelimit), 0(reentrymode) memory pressure events were skipped after a kill!
06-11 07:14:54.175  1153  1153 D io_stats: !@   8,0 r 22843582 412700159 w 5879843 93194992 d 1579797 220448932 f 0 681630 iot 9238528 0 th 0 0 0 pt 0 inp 0 0 121547.710
06-11 07:14:54.176  1153  1153 D io_stats: !@ Read_top(KB): binder:2360_2(2360) 341952 system_server(2745) 3428
06-11 07:14:54.176  1153  1153 D io_stats: !@ Write_top(KB): kworker/u16:0(29237) 188 system_server(2745) 16
06-11 07:14:54.215 19647 19647 W Finsky  : [2] STU: Failed to get storage stats for package 'com.google.android.appsearch' (1601: Error getting stats: android.content.pm.PackageManager.NameNotFoundException)
06-11 07:14:54.216 19647 19647 W Finsky  : [2] STU: Failed to get storage stats for package 'com.google.android.art' (1601: Error getting stats: android.content.pm.PackageManager.NameNotFoundException)
06-11 07:14:54.218 19647 19647 W Finsky  : [2] STU: Failed to get storage stats for package 'com.android.bt' (1601: Error getting stats: android.content.pm.PackageManager.NameNotFoundException)
06-11 07:14:54.255   990   990 I lmkd    : cached 6, sandbox(not0) 0
06-11 07:14:54.256   990   990 I lmkd    : Reclaim 'com.samsung.SMT.lang_ko_kr_r00' (19362), uid 10313, oom_score_adj 935, state 19 to free 66024kB rss, 28436kB swap; reason: low watermark is breached or filecache is low (3727100kB).
06-11 07:14:54.261   990  1003 E lowmemorykiller: process_mrelease 19362 failed: No such process
06-11 07:14:54.271 19647 19647 W Finsky  : [2] STU: Failed to get storage stats for package 'com.google.android.mediaprovider' (1601: Error getting stats: android.content.pm.PackageManager.NameNotFoundException)
06-11 07:14:54.283 19647 19647 W Finsky  : [2] STU: Failed to get storage stats for package 'com.samsung.android.camera.qciq' (1601: Error getting stats: android.content.pm.PackageManager.NameNotFoundException)
06-11 07:14:54.292  2745  7667 I ActivityManager: Process com.samsung.SMT.lang_ko_kr_r00 (pid 19362) has died: cch+35 CEM (326,4604)
06-11 07:14:54.292  2745  2817 I libprocessgroup: Removed cgroup /sys/fs/cgroup/apps/uid_10313/pid_19362
06-11 07:14:54.293  1866  1866 I Zygote  : Process 19362 exited due to signal 9 (Killed)
06-11 07:14:54.298  5757  5800 V OsAgent : broadcastSystemEvent - 7
06-11 07:14:54.310 19647 19647 W Finsky  : [2] STU: Failed to get storage stats for package 'com.android.virt' (1601: Error getting stats: android.content.pm.PackageManager.NameNotFoundException)
06-11 07:14:54.362   990   990 I lmkd    : 6(delay), 0(swap), 0(freelimit), 0(reentrymode) memory pressure events were skipped after a kill!
06-11 07:14:54.375 19647 19647 W Finsky  : [2] STU: Failed to get storage stats for package 'com.google.android.configinfrastructure' (1601: Error getting stats: android.content.pm.PackageManager.NameNotFoundException)
06-11 07:14:54.375 19647 19647 W Finsky  : [2] STU: Failed to get storage stats for package 'com.google.android.media' (1601: Error getting stats: android.content.pm.PackageManager.NameNotFoundException)
06-11 07:14:54.388  2034  2073 E HeatmapThread: ECT Thread time in milliseconds: 1781129694
06-11 07:14:54.388  2034  2073 D HeatmapThread: !@ batteryplugType : 0
06-11 07:14:54.388  2034  2073 D HeatmapThread: !@ batteryLevel : 0  batteryTemperature : 0 
06-11 07:14:54.388  2034  2073 D HeatmapThread: !@ Heatmap currtime: 29685494
06-11 07:14:54.388  2034  2073 D HeatmapThread: !@ Heatmap prevtime: 29685471
06-11 07:14:54.388  2034  2073 D HeatmapThread: !@ Heatmap plugstarttime: 35791394
06-11 07:14:54.388  2034  2073 D HeatmapThread: !@ Heatmap prevv_dsoh_update_time: 29682402
06-11 07:14:54.388  2034  2073 E HeatmapThread: !@Could not open '/efs/FactoryApp/bsoh', errno = 13
06-11 07:14:54.388  2034  2073 E HeatmapThread: !@ CAM Could not access BSOH EFS
06-11 07:14:54.388  2034  2073 E HeatmapThread: !@ CAM New BSOH: 0
06-11 07:14:54.493 19647 19647 W Finsky  : [2] STU: Failed to get storage stats for package 'com.samsung.android.biometrics.face' (1601: Error getting stats: android.content.pm.PackageManager.NameNotFoundException)
06-11 07:14:54.558 19647 19647 W Finsky  : [2] STU: Failed to get storage stats for package 'com.android.runtime' (1601: Error getting stats: android.content.pm.PackageManager.NameNotFoundException)
06-11 07:14:54.564   990   990 I lmkd    : 1(delay), 0(swap), 0(freelimit), 0(reentrymode) memory pressure events were skipped after a kill!
06-11 07:14:54.656 19647 19647 W Finsky  : [2] STU: Failed to get storage stats for package 'com.google.android.rkpd' (1601: Error getting stats: android.content.pm.PackageManager.NameNotFoundException)
06-11 07:14:54.758  2745  3534 D WifiConnectivityMonitor.NetworkStatsAnalyzer: Backhaul result - RSSI:-36, CE:31, PE:31, TI:39, PTI:39, TW:0, PTW:0, Tx:16, Rx:17, TxS:14, RxS:15, RESULT:true, IC:0, ICT:5, WC:0, WCT:5, R:2, RC:0, IE:0, EC:0
06-11 07:14:54.766   990   990 I lmkd    : 1(delay), 0(swap), 0(freelimit), 0(reentrymode) memory pressure events were skipped after a kill!
06-11 07:14:54.888  2745  3405 D WifiStaIfaceHidlImpl: getCachedScanData is not implemented by HIDL
06-11 07:14:54.915  2745  5646 D SemWifiUsabilityStatsMonitor: onWifiUsabilityStats - seqNum 9953, isSameBssidAndFreq true
06-11 07:14:54.916  2745  3502 E SemWifiLinkQualityMonitor: Too old or invalid TMI: currentTime=1781129694916 lastDateWindow=1781129630000
06-11 07:14:54.917 19647 19647 W Finsky  : [2] STU: Failed to get storage stats for package 'com.google.android.tzdata6' (1601: Error getting stats: android.content.pm.PackageManager.NameNotFoundException)
06-11 07:14:54.965   990   990 I lmkd    : 1(delay), 0(swap), 0(freelimit), 0(reentrymode) memory pressure events were skipped after a kill!
06-11 07:14:55.167   990   990 I lmkd    : 1(delay), 0(swap), 0(freelimit), 0(reentrymode) memory pressure events were skipped after a kill!
06-11 07:14:55.167   990   990 I lmkd    : cached 6, sandbox(not0) 0
06-11 07:14:55.168   990   990 I lmkd    : Reclaim 'com.samsung.android.privateaccesstokens' (19092), uid 10435, oom_score_adj 935, state 19 to free 72668kB rss, 28332kB swap; reason: low watermark is breached or filecache is low (3727176kB).
06-11 07:14:55.170   990  1004 E lowmemorykiller: process_mrelease 19092 failed: No such process
06-11 07:14:55.187 19647 19647 W Finsky  : [2] STU: Failed to get storage stats for package 'com.google.android.permission' (1601: Error getting stats: android.content.pm.PackageManager.NameNotFoundException)
06-11 07:14:55.198  2745  6507 I ActivityManager: Process com.samsung.android.privateaccesstokens (pid 19092) has died: cch+35 CEM (317,4611)
06-11 07:14:55.198  1866  1866 I Zygote  : Process 19092 exited due to signal 9 (Killed)
06-11 07:14:55.198  2745  2817 I libprocessgroup: Removed cgroup /sys/fs/cgroup/apps/uid_10435/pid_19092
06-11 07:14:55.203  5757  5800 V OsAgent : broadcastSystemEvent - 7
06-11 07:14:55.269   990   990 I lmkd    : 6(delay), 0(swap), 0(freelimit), 0(reentrymode) memory pressure events were skipped after a kill!
06-11 07:14:55.349 19647 19647 W Finsky  : [2] STU: Failed to get storage stats for package 'com.samsung.android.biometrics.fingerprint' (1601: Error getting stats: android.content.pm.PackageManager.NameNotFoundException)
06-11 07:14:55.388  2034  2073 E HeatmapThread: ECT Thread time in milliseconds: 1781129695
06-11 07:14:55.388  2034  2073 D HeatmapThread: !@ batteryplugType : 0
06-11 07:14:55.388  2034  2073 D HeatmapThread: !@ batteryLevel : 0  batteryTemperature : 0 
06-11 07:14:55.388  2034  2073 D HeatmapThread: !@ Heatmap currtime: 29685494
06-11 07:14:55.388  2034  2073 D HeatmapThread: !@ Heatmap prevtime: 29685471
06-11 07:14:55.388  2034  2073 D HeatmapThread: !@ Heatmap plugstarttime: 35791394
06-11 07:14:55.388  2034  2073 D HeatmapThread: !@ Heatmap prevv_dsoh_update_time: 29682402
06-11 07:14:55.388  2034  2073 E HeatmapThread: !@Could not open '/efs/FactoryApp/bsoh', errno = 13
06-11 07:14:55.388  2034  2073 E HeatmapThread: !@ CAM Could not access BSOH EFS
06-11 07:14:55.388  2034  2073 E HeatmapThread: !@ CAM New BSOH: 0
06-11 07:14:55.470   990   990 I lmkd    : 1(delay), 0(swap), 0(freelimit), 0(reentrymode) memory pressure events were skipped after a kill!
06-11 07:14:55.514  2745  3426 W DeviceStorageMonitorService: updateBroadcasts(/data) oldLevel:0, newLevel:0, seq:1
06-11 07:14:55.515  2745  3426 D DeviceStorageMonitorService: Available File Node Number is [10655759]
06-11 07:14:55.515  2745  3426 W DeviceStorageMonitorService: updateBroadcasts_filenode(/data) fn_oldLevel:0, fn_newLevel:0, seq:1
06-11 07:14:55.669   990   990 I lmkd    : 1(delay), 0(swap), 0(freelimit), 0(reentrymode) memory pressure events were skipped after a kill!
06-11 07:14:55.869   990   990 I lmkd    : 1(delay), 0(swap), 0(freelimit), 0(reentrymode) memory pressure events were skipped after a kill!
06-11 07:14:56.006  4695  4695 I adbd    : adbd service requested 'shell,v2,TERM=dumb,raw:input tap 838 935'
06-11 07:14:56.040  2745  6507 D InputDispatcher: Inject motion (20700/2000): action=0x0, time=121549574000000, f=0x0, d=0 dsdx=1.000000 dtdx=0.000000
06-11 07:14:56.041  2745  3196 I InputDispatcher: Delivering touch to (4231): action: 0x4, f=0x0, d=0, '2a57a0a', t=1 
06-11 07:14:56.041  2745  3196 I InputDispatcher: Delivering touch to (20139): action: 0x0, f=0x0, d=0, '97e1f99', t=1 
06-11 07:14:56.042  2745  3196 D PowerManagerService: [api] userActivityFromNative : touch displayId=0 eventTime=121549574
06-11 07:14:56.042 20139 20139 I VRI[MainActivity]@b83b81: ViewPostIme pointer 0
06-11 07:14:56.043  2745  2803 I GestureDetector: obtain mCurrentDownEvent. id: -782421499 caller: com.android.server.wm.SystemGesturesPointerEventListener.onPointerEvent:17 com.android.server.wm.PointerEventDispatcher.onInputEvent:51 android.view.InputEventReceiver.dispatchInputEvent:392 
06-11 07:14:56.043  2745  3196 D PowerManagerService: UserActivityStateListenerState: 1
06-11 07:14:56.044  2745  2803 I GestureDetector: obtain mCurrentDownEvent. id: -782421499 caller: com.android.server.wm.SystemPerformancePointerEventListener.onPointerEvent:13 com.android.server.wm.PointerEventDispatcher.onInputEvent:51 android.view.InputEventReceiver.dispatchInputEvent:392 
06-11 07:14:56.050 20139 20139 I VRI[MainActivity]@b83b81: call setFrameRateCategory for touch hint category=high hint, reason=touch, vri=VRI[MainActivity]@b83b81
06-11 07:14:56.051  2745  6507 D InputDispatcher: Inject motion (20700/2000): action=0x1, time=121549574000000, f=0x0, d=0 dsdx=1.000000 dtdx=0.000000
06-11 07:14:56.051  2745  3196 I InputDispatcher: Delivering touch to (20139): action: 0x1, f=0x0, d=0, '97e1f99', t=1 
06-11 07:14:56.051 20139 20139 I VRI[MainActivity]@b83b81: ViewPostIme pointer 1
06-11 07:14:56.052  2745  2803 I GestureDetector: obtain mCurrentMotionEventRaw. action: 1 id: -285404723
06-11 07:14:56.052  2745  2803 I GestureDetector: obtain mCurrentMotionEventRaw. action: 1 id: -285404723
06-11 07:14:56.065  2062  2062 I SurfaceFlinger: SFWD update time=121549599772224
06-11 07:14:56.065  2062  2062 I SurfaceFlinger: [com.worksoc.goaicoach/com.worksoc.goaicoach.MainActivity$_20139#24071] setFrameRateCategory: HighHint
06-11 07:14:56.068  2062  2266 I VSyncReactor: Current= 60, Period= 60, Distance= 0
06-11 07:14:56.074   990   990 I lmkd    : 1(delay), 0(swap), 0(freelimit), 0(reentrymode) memory pressure events were skipped after a kill!
06-11 07:14:56.075   990   990 I lmkd    : cached 6, sandbox(not0) 0
06-11 07:14:56.075   990   990 I lmkd    : Reclaim 'com.samsung.android.shortcutbackupservice' (20062), uid 10391, oom_score_adj 915, state 19 to free 64276kB rss, 28592kB swap; reason: low watermark is breached or filecache is low (3717328kB).
06-11 07:14:56.078   990  1003 E lowmemorykiller: process_mrelease 20062 failed: No such process
06-11 07:14:56.083  2062  2266 I VSyncReactor: Current= 60, Period= 60, Distance= 60
06-11 07:14:56.108  2745  7667 I ActivityManager: Process com.samsung.android.shortcutbackupservice (pid 20062) has died: cch+15 CEM (311,4610)
06-11 07:14:56.109  1866  1866 I Zygote  : Process 20062 exited due to signal 9 (Killed)
06-11 07:14:56.109  2745  2817 I libprocessgroup: Removed cgroup /sys/fs/cgroup/apps/uid_10391/pid_20062
06-11 07:14:56.114  5757  5800 V OsAgent : broadcastSystemEvent - 7
06-11 07:14:56.178   990   990 I lmkd    : 6(delay), 0(swap), 0(freelimit), 0(reentrymode) memory pressure events were skipped after a kill!
06-11 07:14:56.180  1153  1153 D io_stats: !@   8,0 r 22858659 412761575 w 5879843 93194992 d 1579797 220448932 f 0 681630 iot 9240524 0 th 0 0 0 pt 0 inp 0 1 121549.715
06-11 07:14:56.181  1153  1153 D io_stats: !@ MemInfo(KB): total 11473780 free 321544 avail 4953104 actv(f) 2248196 inactv(f) 1470868 dirty 500 wb 0 anonpg 2726140 slab 898516
06-11 07:14:56.197  2745  3416 D InetDiagMessage: Destroyed 0 sockets, proto=IPPROTO_TCP, family=AF_INET, states=14
06-11 07:14:56.200  2745  3416 D InetDiagMessage: Destroyed 0 sockets, proto=IPPROTO_TCP, family=AF_INET6, states=14
06-11 07:14:56.200  2745  3416 D InetDiagMessage: Destroyed live tcp sockets for uids={10101} in 6ms
06-11 07:14:56.203  2745  3416 D InetDiagMessage: Destroyed 0 sockets, proto=IPPROTO_TCP, family=AF_INET, states=14
06-11 07:14:56.206  2745  3416 D InetDiagMessage: Destroyed 0 sockets, proto=IPPROTO_TCP, family=AF_INET6, states=14
06-11 07:14:56.206  2745  3416 D InetDiagMessage: Destroyed live tcp sockets for uids={20101} in 6ms
06-11 07:14:56.343  2745  2803 I GestureDetector: handleMessage TAP
06-11 07:14:56.345  2745  2745 I GestureDetector: handleMessage TAP
06-11 07:14:56.380   990   990 I lmkd    : 1(delay), 0(swap), 0(freelimit), 0(reentrymode) memory pressure events were skipped after a kill!
06-11 07:14:56.388  2034  2073 E HeatmapThread: ECT Thread time in milliseconds: 1781129696
06-11 07:14:56.388  2034  2073 D HeatmapThread: !@ batteryplugType : 0
06-11 07:14:56.388  2034  2073 D HeatmapThread: !@ batteryLevel : 0  batteryTemperature : 0 
06-11 07:14:56.388  2034  2073 D HeatmapThread: !@ Heatmap currtime: 29685494
06-11 07:14:56.388  2034  2073 D HeatmapThread: !@ Heatmap prevtime: 29685471
06-11 07:14:56.388  2034  2073 D HeatmapThread: !@ Heatmap plugstarttime: 35791394
06-11 07:14:56.388  2034  2073 D HeatmapThread: !@ Heatmap prevv_dsoh_update_time: 29682402
06-11 07:14:56.388  2034  2073 E HeatmapThread: !@Could not open '/efs/FactoryApp/bsoh', errno = 13
06-11 07:14:56.388  2034  2073 E HeatmapThread: !@ CAM Could not access BSOH EFS
06-11 07:14:56.388  2034  2073 E HeatmapThread: !@ CAM New BSOH: 0
06-11 07:14:56.681   990   990 I lmkd    : 1(delay), 0(swap), 0(freelimit), 0(reentrymode) memory pressure events were skipped after a kill!
06-11 07:14:56.881   990   990 I lmkd    : 1(delay), 0(swap), 0(freelimit), 0(reentrymode) memory pressure events were skipped after a kill!
06-11 07:14:56.908  1938 15888 I sensors-hal: handle_sns_std_sensor_event:311, [SSC_LIGHT] P: 82(82),m:7,c:267,b:72,c0:6224,l:82,f(r):100,u(bl):100,j:80
06-11 07:14:56.983   990   990 I lmkd    : cached 6, sandbox(not0) 0
06-11 07:14:56.983   990   990 I lmkd    : Reclaim 'com.skms.android.agent:remote' (18715), uid 1000, oom_score_adj 910, state 19 to free 64920kB rss, 30220kB swap; reason: low watermark is breached or filecache is low (3719612kB).
06-11 07:14:57.015  1866  1866 I Zygote  : Process 18715 exited due to signal 9 (Killed)
06-11 07:14:57.014 18577 18577 I DigitalKeyCCC: [SkmsAgentManager] SKMSAgentService is disconnected
06-11 07:14:57.015  2745  6507 I ActivityManager: Process com.skms.android.agent:remote (pid 18715) has died: cch+10 CEM (482,4441)
06-11 07:14:57.015 18577 18577 I DigitalKeyCCC: [SkmsAgentManager] isSkmsBind updated (old: false, new: false)
06-11 07:14:57.015  2745  2817 I libprocessgroup: Removed cgroup /sys/fs/cgroup/system/uid_1000/pid_18715
06-11 07:14:57.016  2745  6507 W ActivityManager: Scheduling restart of crashed service com.skms.android.agent/.SKMSAgentService in 10000ms for connection
06-11 07:14:57.086   990   990 I lmkd    : 6(delay), 0(swap), 0(freelimit), 0(reentrymode) memory pressure events were skipped after a kill!
06-11 07:14:57.106 19647 19647 W Finsky  : [2] STU: Failed to get storage stats for package 'com.google.android.media.swcodec' (1601: Error getting stats: android.content.pm.PackageManager.NameNotFoundException)
06-11 07:14:57.197 19647 19647 W Finsky  : [2] STU: Failed to get storage stats for package 'com.samsung.android.media.imagecodec.system' (1601: Error getting stats: android.content.pm.PackageManager.NameNotFoundException)
06-11 07:14:57.212 19647 19647 W Finsky  : [2] STU: Failed to get storage stats for package 'com.android.i18n' (1601: Error getting stats: android.content.pm.PackageManager.NameNotFoundException)
06-11 07:14:57.220 19647 19647 W Finsky  : [2] STU: Failed to get storage stats for package 'com.samsung.android.spqr' (1601: Error getting stats: android.content.pm.PackageManager.NameNotFoundException)
06-11 07:14:57.220 19647 19647 W Finsky  : [2] STU: Failed to get storage stats for package 'com.google.android.conscrypt' (1601: Error getting stats: android.content.pm.PackageManager.NameNotFoundException)
06-11 07:14:57.247 19647 19647 W Finsky  : [2] STU: Failed to get storage stats for package 'com.google.android.neuralnetworks' (1601: Error getting stats: android.content.pm.PackageManager.NameNotFoundException)
06-11 07:14:57.267 19647 19647 W Finsky  : [2] STU: Failed to get storage stats for package 'com.google.android.ondevicepersonalization' (1601: Error getting stats: android.content.pm.PackageManager.NameNotFoundException)
06-11 07:14:57.281 19647 19647 W Finsky  : [2] STU: Failed to get storage stats for package 'com.google.android.healthfitness' (1601: Error getting stats: android.content.pm.PackageManager.NameNotFoundException)
06-11 07:14:57.287   990   990 I lmkd    : 1(delay), 0(swap), 0(freelimit), 0(reentrymode) memory pressure events were skipped after a kill!
06-11 07:14:57.312 19647 19647 W Finsky  : [2] STU: Failed to get storage stats for package 'com.google.android.extservices' (1601: Error getting stats: android.content.pm.PackageManager.NameNotFoundException)
06-11 07:14:57.388  2034  2073 E HeatmapThread: ECT Thread time in milliseconds: 1781129697
06-11 07:14:57.388  2034  2073 D HeatmapThread: !@ batteryplugType : 0
06-11 07:14:57.388  2034  2073 D HeatmapThread: !@ batteryLevel : 0  batteryTemperature : 0 
06-11 07:14:57.388  2034  2073 D HeatmapThread: !@ Heatmap currtime: 29685494
06-11 07:14:57.388  2034  2073 D HeatmapThread: !@ Heatmap prevtime: 29685471
06-11 07:14:57.388  2034  2073 D HeatmapThread: !@ Heatmap plugstarttime: 35791394
06-11 07:14:57.388  2034  2073 D HeatmapThread: !@ Heatmap prevv_dsoh_update_time: 29682402
06-11 07:14:57.388  2034  2073 E HeatmapThread: !@Could not open '/efs/FactoryApp/bsoh', errno = 13
06-11 07:14:57.388  2034  2073 E HeatmapThread: !@ CAM Could not access BSOH EFS
06-11 07:14:57.388  2034  2073 E HeatmapThread: !@ CAM New BSOH: 0
06-11 07:14:57.434  1938 15886 I sensors-hal: handle_sns_client_event:185, auto_rotation_debug_2 mode,255, type,1,0 acc,0.129,-0.167,9.947, ar,0, ver,14, pedo,1,e,1,i,3
06-11 07:14:57.457  3693  3796 D SatelliteController: isInCarrierRoamingNbIotNtn: satellite is disabled
06-11 07:14:57.487   990   990 I lmkd    : 1(delay), 0(swap), 0(freelimit), 0(reentrymode) memory pressure events were skipped after a kill!
06-11 07:14:57.685   990   990 I lmkd    : 1(delay), 0(swap), 0(freelimit), 0(reentrymode) memory pressure events were skipped after a kill!
06-11 07:14:57.885   990   990 I lmkd    : 1(delay), 0(swap), 0(freelimit), 0(reentrymode) memory pressure events were skipped after a kill!
06-11 07:14:57.886   990   990 I lmkd    : cached 6, sandbox(not0) 0
06-11 07:14:57.887   990   990 I lmkd    : Reclaim 'com.samsung.android.carkey' (18577), uid 10101, oom_score_adj 910, state 19 to free 79840kB rss, 28268kB swap; reason: low watermark is breached or filecache is low (3725556kB).
06-11 07:14:57.890   990  1003 E lowmemorykiller: process_mrelease 18577 failed: No such process
06-11 07:14:57.917  2745  3839 E BlockchainTZService: Error: Framework App dead, unloading loaded TAs
06-11 07:14:57.917 27193 27193 I CccDkSe : Service onServiceDisconnected
06-11 07:14:57.917  2745  6507 I ActivityManager: Process com.samsung.android.carkey (pid 18577) has died: cch+10 CEM (477,4457)
06-11 07:14:57.918  2745  3839 E BlockchainTZService: Error: Client stopped. Clearing Databstructures for com.samsung.android.carkey
06-11 07:14:57.918  2745  3839 D BlockchainTZService: BlockchainTZService() - Valid Caller
06-11 07:14:57.918  1866  1866 I Zygote  : Process 18577 exited due to signal 9 (Killed)
06-11 07:14:57.918  2745  3839 E BlockchainTZService: BlockchainTZNative::unloadTA called for TA that is not loaded. Call Ignored: ta loaded: false
06-11 07:14:57.918 27193 27337 I Dck     : [CccDkSeAdapter] Connection disconnected. [CONTEXT service_id=289 ]
06-11 07:14:57.920  2745  2817 I libprocessgroup: Removed cgroup /sys/fs/cgroup/apps/uid_10101/pid_18577
06-11 07:14:57.922  2745  6507 W ActivityManager: Scheduling restart of crashed service com.samsung.android.carkey/.seinterface.service.SecureElementInterfaceService in 10000ms for connection
06-11 07:14:57.930  5757  5800 V OsAgent : broadcastSystemEvent - 7
06-11 07:14:57.967  2745  3405 D WifiStaIfaceHidlImpl: getCachedScanData is not implemented by HIDL
06-11 07:14:57.990   990   990 I lmkd    : 6(delay), 0(swap), 0(freelimit), 0(reentrymode) memory pressure events were skipped after a kill!
06-11 07:14:57.994  2745  5646 D SemWifiUsabilityStatsMonitor: onWifiUsabilityStats - seqNum 9954, isSameBssidAndFreq true
06-11 07:14:57.995  2745  3502 E SemWifiLinkQualityMonitor: Too old or invalid TMI: currentTime=1781129697995 lastDateWindow=1781129630000
06-11 07:14:57.997  2745  3502 I SemWifiLinkQualityMonitor: Link stat: 1061 / 49 / 1.25 (15) / 780 / -37.0 || 100.0 : 780.00 / 0.5 : 0.80 / 0.55 : 0.05 / G (G) || 4f731b0d5785: 0.086 / 93.303 / N || N N / 0 0 / N 2.0 / N X 0 / 121551529 0 || 2026-06-11 07:13:50  / 0: 0 0 0 0 0 0 / 0: 0 0 0 0 0 0 / 0: 0 0 0 0 0 0
06-11 07:14:58.183  1153  1153 D io_stats: !@   8,0 r 22873895 412824303 w 5879847 93195008 d 1579797 220448932 f 0 681630 iot 9242524 0 th 0 0 0 pt 0 inp 0 1 121551.717
06-11 07:14:58.183  1153  1153 D io_stats: !@ Read_top(KB): binder:2360_2(2360) 114720 system_server(2745) 9432
06-11 07:14:58.183  1153  1153 D io_stats: !@ Write_top(KB): rksoc.goaicoach(20139) 16
06-11 07:14:58.192   990   990 I lmkd    : 1(delay), 0(swap), 0(freelimit), 0(reentrymode) memory pressure events were skipped after a kill!
06-11 07:14:58.388  2034  2073 E HeatmapThread: ECT Thread time in milliseconds: 1781129698
06-11 07:14:58.388  2034  2073 D HeatmapThread: !@ batteryplugType : 0
06-11 07:14:58.388  2034  2073 D HeatmapThread: !@ batteryLevel : 0  batteryTemperature : 0 
06-11 07:14:58.388  2034  2073 D HeatmapThread: !@ Heatmap currtime: 29685494
06-11 07:14:58.388  2034  2073 D HeatmapThread: !@ Heatmap prevtime: 29685471
06-11 07:14:58.388  2034  2073 D HeatmapThread: !@ Heatmap plugstarttime: 35791394
06-11 07:14:58.388  2034  2073 D HeatmapThread: !@ Heatmap prevv_dsoh_update_time: 29682402
06-11 07:14:58.389  2034  2073 E HeatmapThread: !@Could not open '/efs/FactoryApp/bsoh', errno = 13
06-11 07:14:58.389  2034  2073 E HeatmapThread: !@ CAM Could not access BSOH EFS
06-11 07:14:58.389  2034  2073 E HeatmapThread: !@ CAM New BSOH: 0
06-11 07:14:58.393   990   990 I lmkd    : 1(delay), 0(swap), 0(freelimit), 0(reentrymode) memory pressure events were skipped after a kill!
06-11 07:14:58.594   990   990 I lmkd    : 1(delay), 0(swap), 0(freelimit), 0(reentrymode) memory pressure events were skipped after a kill!
06-11 07:14:58.699   990   990 I lmkd    : cached 6, sandbox(not0) 0
06-11 07:14:58.699   990   990 I lmkd    : Reclaim 'com.samsung.accessory.berrymgr' (19060), uid 10296, oom_score_adj 905, state 19 to free 113836kB rss, 26844kB swap; reason: low watermark is breached or filecache is low (3729936kB).
06-11 07:14:58.704   990  1004 E lowmemorykiller: process_mrelease 19060 failed: No such process
06-11 07:14:58.732  2364  3738 I ResourceManagerService: ResourceManagerService::Client::DeathNotifier::binderDied called
06-11 07:14:58.733  2745  4898 W AS.PlaybackActivityMon: client died
06-11 07:14:58.733  2745  3095 I ActivityManager: Process com.samsung.accessory.berrymgr (pid 19060) has died: cch+5 CEM (486,4466)
06-11 07:14:58.733  2364  3738 E mediaserver: unlinkToDeath: removed reference to death recipient but unlink failed: DEAD_OBJECT
06-11 07:14:58.733  2364  3738 E IPCThreadState: attemptIncStrongHandle(6): Not supported
06-11 07:14:58.733  2364  3739 I ResourceManagerService: Client(0xf2812670) destructor - (PID : 19060)
06-11 07:14:58.734 19140 19331 W ContextImpl: Calling a method in the system process without a qualified user: android.app.ContextImpl.sendBroadcast:1335 android.content.ContextWrapper.sendBroadcast:515 android.speech.tts.TextToSpeechService$SynthThread.broadcastTtsQueueProcessingCompleted:471 android.speech.tts.TextToSpeechService$SynthThread.queueIdle:463 android.os.MessageQueue.nextConcurrent:913 
06-11 07:14:58.734  2030  2189 I AudioFlinger: removeDlbCodecCallback pid:19060 type:-1
06-11 07:14:58.735  2745  3840 D TextToSpeechManagerPerUserService: Unbinding TTS engine: com.samsung.SMT. Reason: client process death is reported
06-11 07:14:58.735  1866  1866 I Zygote  : Process 19060 exited due to signal 9 (Killed)
06-11 07:14:58.737  2745  2817 I libprocessgroup: Removed cgroup /sys/fs/cgroup/apps/uid_10296/pid_19060
06-11 07:14:58.743  2745  3840 D MARsPolicyManager: clearTTSPkgInfo
06-11 07:14:58.743 19140 19140 I SamsungTTS: Service unbound.
06-11 07:14:58.743 19140 19140 I SamsungTTS: unloadEngine : kor-KOR-l05
06-11 07:14:58.745  2745  2745 W TextToSpeechManagerPerUserService: Disconnected from TTS engine
06-11 07:14:58.745  2745  2745 W ActivityManager: pid 2745 system sent binder code 2 with flags 1 to frozen apps and got error -32
06-11 07:14:58.746  2745  2814 W ActivityManager: Rescheduling restart of crashed service com.samsung.android.carkey/.seinterface.service.SecureElementInterfaceService in 177ms for mem-pressure-event
06-11 07:14:58.746  2745  2745 I TextToSpeechManagerPerUserService: Failed running callback method: android.os.DeadObjectException
06-11 07:14:58.746  2745  2745 W ServiceConnector.Impl: mayInterruptIfRunning not supported - ignoring
06-11 07:14:58.803 19140 19140 I SamsungTTS:JNI: [closeEngine][ID:143231011] Finalized done.
06-11 07:14:58.803 19140 19140 I SamsungTTS:JNI: [closeEngine][ID:143231011] Delete done.
06-11 07:14:58.805   990   990 I lmkd    : 6(delay), 0(swap), 0(freelimit), 0(reentrymode) memory pressure events were skipped after a kill!
06-11 07:14:58.867  2062  2266 I VSyncReactor: Current= 60, Period= 60, Distance= 0
06-11 07:14:58.884  2062  2266 I VSyncReactor: Current= 60, Period= 60, Distance= 60
06-11 07:14:58.926  2745  3480 D BackgroundInstallControlService: Package event received: 0
06-11 07:14:58.949  1866  1866 D Zygote  : Forked child process 20706
06-11 07:14:58.950  2745  2816 I ActivityManager: Start proc 20706:com.samsung.android.carkey/u0a101 for service {com.samsung.android.carkey/com.samsung.android.carkey.seinterface.service.SecureElementInterfaceService}
06-11 07:14:58.950  2745  2816 I ActivityManager: ProcessObserver broadcast disabled
06-11 07:14:58.975 20706 20706 I .android.carkey: Using generational CollectorTypeCMC GC.
06-11 07:14:58.998  5757  5800 V OsAgent : broadcastSystemEvent - 7
06-11 07:14:59.008   990   990 I lmkd    : 1(delay), 0(swap), 0(freelimit), 0(reentrymode) memory pressure events were skipped after a kill!
06-11 07:14:59.018 20706 20706 I DigitalKeyCCC: [LoggerInitializer] LoggerInitializer - create
06-11 07:14:59.018 20706 20706 I DigitalKeyCCC: [ContextInitializer] ContextInitializer - create
06-11 07:14:59.018 20706 20706 I [Koin]  : [init] declare Android Context
06-11 07:14:59.018 20706 20706 I [Koin]  : bind type:'android.content.Context' ~ [type:Single,primary_type:'android.content.Context']
06-11 07:14:59.018 20706 20706 I [Koin]  : bind type:'android.app.Application' ~ [type:Single,primary_type:'android.app.Application']
06-11 07:14:59.018 20706 20706 I [Koin]  : bind type:'y41' ~ [type:Single,primary_type:'y41']
06-11 07:14:59.019 20706 20706 I [Koin]  : bind type:'li0' ~ [type:Single,primary_type:'li0', secondary_type:ql]
06-11 07:14:59.019 20706 20706 I [Koin]  : bind secondary type:'ql' ~ [type:Single,primary_type:'li0', secondary_type:ql]
06-11 07:14:59.019 20706 20706 I [Koin]  : bind type:'c61' ~ [type:Single,primary_type:'c61', secondary_type:f9]
06-11 07:14:59.019 20706 20706 I [Koin]  : bind secondary type:'f9' ~ [type:Single,primary_type:'c61', secondary_type:f9]
06-11 07:14:59.019 20706 20706 I [Koin]  : bind type:'io0' ~ [type:Single,primary_type:'io0']
06-11 07:14:59.019 20706 20706 I [Koin]  : bind type:'com.samsung.android.carkey.seinterface.service.CccDkSe' ~ [type:Single,primary_type:'com.samsung.android.carkey.seinterface.service.CccDkSe', secondary_type:org.carconnectivity.android.digitalkey.secureelement.ICccDkSe,x41]
06-11 07:14:59.019 20706 20706 I [Koin]  : bind secondary type:'org.carconnectivity.android.digitalkey.secureelement.ICccDkSe' ~ [type:Single,primary_type:'com.samsung.android.carkey.seinterface.service.CccDkSe', secondary_type:org.carconnectivity.android.digitalkey.secureelement.ICccDkSe,x41]
06-11 07:14:59.019 20706 20706 I [Koin]  : bind secondary type:'x41' ~ [type:Single,primary_type:'com.samsung.android.carkey.seinterface.service.CccDkSe', secondary_type:org.carconnectivity.android.digitalkey.secureelement.ICccDkSe,x41]
06-11 07:14:59.019 20706 20706 I [Koin]  : bind type:'k21' ~ [type:Single,primary_type:'k21', secondary_type:g50]
06-11 07:14:59.019 20706 20706 I [Koin]  : bind secondary type:'g50' ~ [type:Single,primary_type:'k21', secondary_type:g50]
06-11 07:14:59.019 20706 20706 I [Koin]  : bind type:'d71' ~ [type:Single,primary_type:'d71']
06-11 07:14:59.019 20706 20706 I [Koin]  : bind type:'yk1' ~ [type:Single,primary_type:'yk1']
06-11 07:14:59.019 20706 20706 I [Koin]  : bind type:'x31' ~ [type:Single,primary_type:'x31']
06-11 07:14:59.019 20706 20706 I [Koin]  : bind type:'a41' ~ [type:Single,primary_type:'a41']
06-11 07:14:59.019 20706 20706 I [Koin]  : bind type:'tb1' ~ [type:Single,primary_type:'tb1']
06-11 07:14:59.019 20706 20706 I [Koin]  : bind type:'d11' ~ [type:Single,primary_type:'d11']
06-11 07:14:59.019 20706 20706 I [Koin]  : bind type:'dg' ~ [type:Single,primary_type:'dg']
06-11 07:14:59.019 20706 20706 I [Koin]  : bind type:'m50' ~ [type:Single,primary_type:'m50']
06-11 07:14:59.019 20706 20706 I [Koin]  : bind type:'tg1' ~ [type:Single,primary_type:'tg1']
06-11 07:14:59.019 20706 20706 I [Koin]  : bind type:'com.samsung.android.dkta.DKTaController' ~ [type:Single,primary_type:'com.samsung.android.dkta.DKTaController', secondary_type:com.samsung.android.dkta.DKTaController,com.samsung.android.dkta.SeController]
06-11 07:14:59.019 20706 20706 I [Koin]  : bind secondary type:'com.samsung.android.dkta.DKTaController' ~ [type:Single,primary_type:'com.samsung.android.dkta.DKTaController', secondary_type:com.samsung.android.dkta.DKTaController,com.samsung.android.dkta.SeController]
06-11 07:14:59.019 20706 20706 I [Koin]  : bind secondary type:'com.samsung.android.dkta.SeController' ~ [type:Single,primary_type:'com.samsung.android.dkta.DKTaController', secondary_type:com.samsung.android.dkta.DKTaController,com.samsung.android.dkta.SeController]
06-11 07:14:59.019 20706 20706 I [Koin]  : bind type:'w21' ~ [type:Single,primary_type:'w21']
06-11 07:14:59.019 20706 20706 I [Koin]  : bind type:'oe' ~ [type:Single,primary_type:'oe']
06-11 07:14:59.019 20706 20706 I [Koin]  : bind type:'py' ~ [type:Single,primary_type:'py']
06-11 07:14:59.019 20706 20706 I [Koin]  : bind type:'xb1' ~ [type:Single,primary_type:'xb1']
06-11 07:14:59.019 20706 20706 I [Koin]  : bind type:'com.samsung.android.tzsvc.bts.api.TARebootDetector' ~ [type:Single,primary_type:'com.samsung.android.tzsvc.bts.api.TARebootDetector']
06-11 07:14:59.019 20706 20706 I [Koin]  : bind type:'te' ~ [type:Single,primary_type:'te']
06-11 07:14:59.019 20706 20706 I [Koin]  : bind type:'m4' ~ [type:Single,primary_type:'m4']
06-11 07:14:59.019 20706 20706 I [Koin]  : bind type:'d4' ~ [type:Single,primary_type:'d4']
06-11 07:14:59.019 20706 20706 I [Koin]  : bind type:'g4' ~ [type:Single,primary_type:'g4']
06-11 07:14:59.019 20706 20706 I [Koin]  : bind type:'l4' ~ [type:Single,primary_type:'l4']
06-11 07:14:59.019 20706 20706 I [Koin]  : bind type:'j4' ~ [type:Single,primary_type:'j4']
06-11 07:14:59.019 20706 20706 I [Koin]  : bind type:'gf' ~ [type:Single,primary_type:'gf']
06-11 07:14:59.019 20706 20706 I [Koin]  : bind type:'br' ~ [type:Single,primary_type:'br']
06-11 07:14:59.019 20706 20706 I [Koin]  : total 31 registered definitions
06-11 07:14:59.019 20706 20706 I [Koin]  : load modules in 0.370468 ms
06-11 07:14:59.019 20706 20706 I DigitalKeyCCC: [DiagmonLogger] Enable Diagmon Default Logging
06-11 07:14:59.020 20706 20706 I DIAGMON_SDK[605079]: DiagMonAgent type: 2
06-11 07:14:59.020 20706 20706 I DIAGMON_SDK[605079][zqimum3gmf] : generated SR object
06-11 07:14:59.020 20706 20706 I DigitalKeyCCC: [KoinInitializer] KoinInitializer - create
06-11 07:14:59.022 20706 20706 I DigitalKeyCCC: [TAZipHelper] TA Build Stamp is matched.. So, unzip TA operation will be skipped.
06-11 07:14:59.022 20706 20706 I DigitalKeyCCC: [TaInitializer] TaInitializer - create
06-11 07:14:59.024 20706 20706 I DigitalKeyCCC: [RegistryInitializer] RegistryInitializer - create
06-11 07:14:59.025 20706 20706 I DigitalKeyCCC: [BroadcastInitializer] BroadcastInitializer - create
06-11 07:14:59.025 20706 20706 I DigitalKeyCCC: [AppInitializer] AppInitializer - create
06-11 07:14:59.026 20706 20706 I DigitalKeyCCC: [DumpProvider] attachInfo
06-11 07:14:59.033 20706 20706 I DigitalKeyCCC: [SecureElementInterfaceService] onBind called, (checksum: 11172) Intent { act=org.carconnectivity.android.digitalkey.secureelement.ICccDkSe xflg=0x4 pkg=com.samsung.android.carkey }
06-11 07:14:59.044  2745  2865 D PowerManagerService: UserActivityStateListenerState: 0
06-11 07:14:59.060  2745  3095 D BlockchainTZService: Inside registerBlockchainFW, uid: 10101, pid: 20706, package: com.samsung.android.carkey
06-11 07:14:59.060  2745  3095 D BlockchainTZService: BlockchainTZService() - Valid Caller
06-11 07:14:59.060  2745  3095 D BlockchainTZService: callingApp: com.samsung.android.carkey is registered, current size: 1
06-11 07:14:59.061 20706 20706 I DigitalKeyCCC: [SecureElementInterfaceService] TA Service Initialized.
06-11 07:14:59.062 20706 20721 I DigitalKeyCCC: [SkmsAgentManager] bindSKMSAgentService()
06-11 07:14:59.062 20706 20721 I DigitalKeyCCC: [SkmsAgentManager] SKMS service is not bound, bind service
06-11 07:14:59.064  2745  3480 D BackgroundInstallControlService: Package event received: 0
06-11 07:14:59.067 20706 20721 I DigitalKeyCCC: [SkmsAgentManager] Bind SKMS Service, true
06-11 07:14:59.067 20139 20139 I VRI[MainActivity]@b83b81: call setFrameRateCategory for touch hint category=no preference, reason=boost timeout, vri=VRI[MainActivity]@b83b81
06-11 07:14:59.069 27193 27193 I CccDkSe : Service onServiceConnected
06-11 07:14:59.071 27193 27337 I Dck     : [CccDkSeAdapter] Connection established. [CONTEXT service_id=289 ]
06-11 07:14:59.073  2745  4736 I NSLocationMonitor: getGPSUsingApps() called
06-11 07:14:59.075  4710  4768 I NSLocationManager_FLP: getGPSUsingApps, No change
06-11 07:14:59.082  1866  1866 D Zygote  : Forked child process 20724
06-11 07:14:59.083  2745  2816 I ActivityManager: Start proc 20724:com.skms.android.agent:remote/1000 for service {com.skms.android.agent/com.skms.android.agent.SKMSAgentService}
06-11 07:14:59.083  2745  4736 D FreecessHandler: freeze com.kakao.page(15010371) result : 2
06-11 07:14:59.083  2745  2816 I ActivityManager: ProcessObserver broadcast disabled
06-11 07:14:59.084  2062  2062 I SurfaceFlinger: [com.worksoc.goaicoach/com.worksoc.goaicoach.MainActivity$_20139#24071] setFrameRateCategory: NoPreference
06-11 07:14:59.109 20724 20724 I id.agent:remote: Using generational CollectorTypeCMC GC.
06-11 07:14:59.116 20724 20724 D nativeloader: Load libframework-connectivity-tiramisu-jni.so using APEX ns com_android_tethering for caller /apex/com.android.tethering/javalib/framework-connectivity-t.jar: ok
06-11 07:14:59.118 20724 20724 D ActivityThread: setConscryptValidator
06-11 07:14:59.118 20724 20724 D ActivityThread: setConscryptValidator - put
06-11 07:14:59.135 20724 20724 D nativeloader: Configuring clns-shared-9 for other apk /system/priv-app/SKMSAgent/SKMSAgent.apk. target_sdk_version=36, uses_libraries=, library_path=/system/priv-app/SKMSAgent/lib/arm64:/system/priv-app/SKMSAgent/SKMSAgent.apk!/lib/arm64-v8a:/system/lib64:/system_ext/lib64, permitted_path=/data:/mnt/expand:/data/user_de/0/com.skms.android.agent:/system/priv-app/SKMSAgent:/system/lib64:/system_ext/lib64
06-11 07:14:59.138 20724 20724 V GraphicsEnvironment: Currently set values for:
06-11 07:14:59.138 20724 20724 V GraphicsEnvironment:   angle_gl_driver_selection_pkgs=[]
06-11 07:14:59.138 20724 20724 V GraphicsEnvironment:   angle_gl_driver_selection_values=[]
06-11 07:14:59.138 20724 20724 V GraphicsEnvironment: com.skms.android.agent is not listed in per-application setting
06-11 07:14:59.139 20724 20724 V GraphicsEnvironment: ANGLE allowlist from config: 
06-11 07:14:59.139 20724 20724 V GraphicsEnvironment: com.skms.android.agent is not listed in ANGLE allowlist or settings, returning default
06-11 07:14:59.141 20724 20724 D nativeloader: Load /system/priv-app/SKMSAgent/lib/arm64/libsem_jni.so using class loader ns clns-shared-9 (caller=/system/priv-app/SKMSAgent/SKMSAgent.apk): ok
06-11 07:14:59.141 20724 20724 I SKMSAgent: sem_jni load success
06-11 07:14:59.141 20724 20724 I SKMSAgent: application onCreate
06-11 07:14:59.146 20724 20724 I SKMSAgent: onCreate: SKMS
06-11 07:14:59.146 20724 20724 I SKMSAgent: onBind: SKMS 0
06-11 07:14:59.147 20724 20724 I SKMSAgent: tsmManager null / create instance
06-11 07:14:59.148 20724 20724 I SKMSAgent: LCCM : 2
06-11 07:14:59.148 20724 20724 I SKMSAgent: CV : 6.2true
06-11 07:14:59.150 20724 20724 I SEC_ESE_ServiceManager: com.skms.android.agent connects to SemService.
06-11 07:14:59.150 20724 20724 I SKMSAgent: ***** Entering onCardEmul
06-11 07:14:59.150 20724 20724 I SKMSAgent: SwitchOn is processing...
06-11 07:14:59.150 20724 20724 I SKMSAgent: Initializing NFC interface
06-11 07:14:59.150 20724 20724 I SEC_ESE_ServiceManager: com.skms.android.agent connects to SemService.
06-11 07:14:59.150 20724 20724 I SKMSAgent: Start SLOG
06-11 07:14:59.150 20724 20724 I SEC_ESE_ServiceManager: com.skms.android.agent connects to SemService.
06-11 07:14:59.150 20724 20724 I SEC_ESE_ServiceManager: START SLOG is called.
06-11 07:14:59.150  2745  6508 I SEC_ESE_Service: Start_SLOG
06-11 07:14:59.151  2745  6508 I SEC_ESE_ServiceAccessControl: Requested package name = [com.skms.android.agent]
06-11 07:14:59.151  2745  6508 I SEC_ESE : JNI, Get PKSecurity start
06-11 07:14:59.151  2745  6508 I SEC_ESE : JNI, Check PKSecurity end
06-11 07:14:59.151  2745  6508 I SEC_ESE : JNI, Get PKSKMS start
06-11 07:14:59.151  2745  6508 I SEC_ESE : JNI, Check PKSKMS end
06-11 07:14:59.152 20706 20706 I DigitalKeyCCC: [SkmsAgentManager] SKMSAgentService is connected
06-11 07:14:59.152 20706 20706 I DigitalKeyCCC: [SkmsAgentManager] isSkmsBind updated (old: false, new: true)
06-11 07:14:59.231 19647 19647 I Finsky  : [2] App states replicator found 121 unowned apps
06-11 07:14:59.299 19647 19673 I Finsky  : [200] Completed 0 account content syncs with 0 successful.
06-11 07:14:59.299 19647 19647 I Finsky  : [2] [ContentSync] Installation state replication succeeded.
06-11 07:14:59.299 19647 19647 I Finsky  : [2] SCH: jobFinished: 12-1. TimeElapsed: 14876ms.
06-11 07:14:59.300 19647 19647 I Finsky  : [2] WM::SCH: Logging work end for 12-1
06-11 07:14:59.311 19647 19673 I Finsky  : [200] SCH: Scheduling phonesky job Id: 1-1337, CT: 1781124705912, Constraints: [{ L: 38636540, D: 81836540, C: CHARGING_NONE, I: IDLE_NONE, N: NET_ANY, B: BATTERY_ANY }]
06-11 07:14:59.311 19647 19673 I Finsky  : [200] SCH: Scheduling phonesky job Id: 34-8922, CT: 1781124736414, Constraints: [{ L: 604800000, D: 2437243559, C: CHARGING_NONE, I: IDLE_NONE, N: NET_ANY, B: BATTERY_ANY }]
06-11 07:14:59.311 19647 19673 I Finsky  : [200] SCH: Scheduling phonesky job Id: 34-8929, CT: 1781124736412, Constraints: [{ L: 604800000, D: 2517020605, C: CHARGING_NONE, I: IDLE_NONE, N: NET_ANY, B: BATTERY_ANY }]
06-11 07:14:59.311 19647 19673 I Finsky  : [200] SCH: Scheduling phonesky job Id: 34-8935, CT: 1781128970276, Constraints: [{ L: 79199720, D: 1375199720, C: CHARGING_NONE, I: IDLE_NONE, N: NET_ANY, B: BATTERY_ANY }]
06-11 07:14:59.311 19647 19673 I Finsky  : [200] SCH: Scheduling phonesky job Id: 34-8936, CT: 1781128972478, Constraints: [{ L: 604800000, D: 2591998017, C: CHARGING_NONE, I: IDLE_NONE, N: NET_ANY, B: BATTERY_ANY }]
06-11 07:14:59.312   990   990 I lmkd    : 1(delay), 0(swap), 0(freelimit), 0(reentrymode) memory pressure events were skipped after a kill!
06-11 07:14:59.315 19647 19676 I Finsky  : [203] SCH: Scheduling 1 system job(s)
06-11 07:14:59.316 19647 19676 I Finsky  : [203] SCH: Scheduling system job Id: 9151, L: 33643136, D: 76843136, C: false, I: false, N: 1
06-11 07:14:59.323 19647 20669 I Finsky  : [267] SCH: job service finished with id 9102.
06-11 07:14:59.327  2745  2773 I ActivityManager: Changes in 10246 8 to 10, 128 to 0
06-11 07:14:59.334 19647 19647 I Finsky  : [2] Memory trim requested to level 40
06-11 07:14:59.334 19647 19647 I Finsky  : [2] Flushing in-memory image cache
06-11 07:14:59.354 20706 20721 E ashmem  : Pinning is deprecated since Android Q. Please use trim or other methods.
06-11 07:14:59.388  2034  2073 E HeatmapThread: ECT Thread time in milliseconds: 1781129699
06-11 07:14:59.388  2034  2073 D HeatmapThread: !@ batteryplugType : 0
06-11 07:14:59.388  2034  2073 D HeatmapThread: !@ batteryLevel : 0  batteryTemperature : 0 
06-11 07:14:59.388  2034  2073 D HeatmapThread: !@ Heatmap currtime: 29685494
06-11 07:14:59.388  2034  2073 D HeatmapThread: !@ Heatmap prevtime: 29685471
06-11 07:14:59.388  2034  2073 D HeatmapThread: !@ Heatmap plugstarttime: 35791394
06-11 07:14:59.388  2034  2073 D HeatmapThread: !@ Heatmap prevv_dsoh_update_time: 29682402
06-11 07:14:59.388  2034  2073 E HeatmapThread: !@Could not open '/efs/FactoryApp/bsoh', errno = 13
06-11 07:14:59.388  2034  2073 E HeatmapThread: !@ CAM Could not access BSOH EFS
06-11 07:14:59.388  2034  2073 E HeatmapThread: !@ CAM New BSOH: 0
06-11 07:14:59.718   990   990 I lmkd    : 1(delay), 0(swap), 0(freelimit), 0(reentrymode) memory pressure events were skipped after a kill!
06-11 07:14:59.789  2745  3457 D UsbStatsMonitor: 0 0 0 0 0 0 0 0 0 0 0 0 2 0 0 0 0 0 0 0 0 0 0 0 0 0 0 0 0 0 0 0 0 0 0 0 0 0 4 0 0 1 1 0 0 0 0 0 0 0 0 0 0 0 70841190580250
06-11 07:14:59.790  1938 15888 I sensors-hal: handle_sns_std_sensor_event:311, [SSC_LIGHT] P: 84(84),m:7,c:267,b:72,c0:6208,l:82,f(r):100,u(bl):100,j:86
06-11 07:15:00.012  4231  4540 I DateTimeView: updateAll - getTimeFormat
06-11 07:15:00.013  4231  4540 D QSClockBellTower: onReceive(android.intent.action.TIME_TICK) mTimeZoneString:Asia/Seoul
06-11 07:15:00.017  2745  3185 D ActivityManager: Received BROADCAST intent 0xa5ef6f1 Key{broadcastIntent pkg=com.sec.android.app.clockpackage intent=act=com.samsung.sec.android.clockpackage.alarm.EXPLICIT_ALARM_ALERT flg=0x18000000 xflg=0x4 pkg=com.sec.android.app.clockpackage cmp=com.sec.android.app.clockpackage/.alarm.receiver.AlarmSecurityReceiver flags=0x2000000 u=0} requestCode=0 sent=0 from uid 1000
06-11 07:15:00.020  2745  2745 I EyeComfortSolutionService: action  :  android.intent.action.TIME_TICK
06-11 07:15:00.021  2745  2745 D KNOX_MDM_SettingsProvider: isChangeAllowed() : name = next_alarm_formatted
06-11 07:15:00.023  2745  2745 D SettingsProvider: PUT_ret(/system/next_alarm_formatted), callingPackage:android
06-11 07:15:00.024  2745  2815 I ActivityManager: Changes in 10176 19 to 11, 0 to 128
