06-11 07:06:48.797  2062  3191 I SurfaceFlinger: id=24039 createSurf, flag=24000, Surface(name=2a57a0a NavigationBar0)/@0xaa9041c - animation-leash of insets_animation#24039
06-11 07:06:48.798  2745  3845 D WindowManager: makeSurface duration=2 leash=Surface(name=Surface(name=2a57a0a NavigationBar0)/@0xaa9041c - animation-leash of insets_animation)/@0x6481bc3
06-11 07:06:48.798  2745  3845 D InsetsSourceProvider: updateControlForTarget: control=InsetsSourceControl: {10c70001 mType=navigationBars initiallyVisible mSurfacePosition=Point(0, 2190) mInsetsHint=Insets{left=0, top=0, right=0, bottom=126}}, target=Window{5ab3166 u0 com.worksoc.goaicoach/com.worksoc.goaicoach.MainActivity}, from=com.android.server.wm.InsetsStateController.onControlTargetChanged:83 com.android.server.wm.InsetsPolicy.updateBarControlTarget:225 com.android.server.wm.DisplayPolicy.updateSystemBarAttributes:262 com.android.server.wm.WindowManagerService.updateFocusedWindowLocked:372 com.android.server.wm.WindowState.removeIfPossible:602 
06-11 07:06:48.798  2062  2062 I SurfaceFlinger: [Surface(name=967207b com.worksoc.goaicoach/com.worksoc.goaicoach.MainActivity)/@0xfafe662 - animation-leash of window_animation#24038] attach to parent LayerHierarchy{RequestedLayerState{ActivityRecord{147150254 u0 com.worksoc.goaicoach/.MainActivity t42720}#23892 parentId=22521 z=1} 5 children}
06-11 07:06:48.798  2745  3845 I WindowManager: Cancelling animation restarting=true, leash=Surface(name=Surface(name=7bf0e4a StatusBar)/@0x7a4d113 - animation-leash of insets_animation)/@0x2baec44
06-11 07:06:48.798  2062  2062 I SurfaceFlinger: [Surface(name=2a57a0a NavigationBar0)/@0xaa9041c - animation-leash of insets_animation#24039] attach to parent LayerHierarchy{RequestedLayerState{WindowToken{c01fa75 type=2019 android.os.BinderProxy@63fa980}#90 parentId=34} 2 children}
06-11 07:06:48.798  2745  3845 I WindowManager: Reparenting to original parent: Surface(name=WindowToken{36c6c3e type=2000 android.os.BinderProxy@416fc0})/@0x92ff50, destroy=false, surface=Surface(name=7bf0e4a StatusBar)/@0x7a4d113
06-11 07:06:48.798  2745  3845 I WindowManager: Reparenting to leash, surface=Surface(name=7bf0e4a StatusBar)/@0x7a4d113, leashParent=Surface(name=WindowToken{36c6c3e type=2000 android.os.BinderProxy@416fc0})/@0x92ff50
06-11 07:06:48.799  2062  3191 I SurfaceFlinger: id=24040 createSurf, flag=24000, Surface(name=7bf0e4a StatusBar)/@0x7a4d113 - animation-leash of insets_animation#24040
06-11 07:06:48.799  2745  2807 D PowerManagerService: [api] setPowerBoost(L) boost:0, durationMs:0, caller (uid: 1000 pid: 2745) <- m() in com.android.server.display.DisplayManagerService$BinderService$$ExternalSyntheticOutline0:1
06-11 07:06:48.799  2745  3845 D WindowManager: makeSurface duration=1 leash=Surface(name=Surface(name=7bf0e4a StatusBar)/@0x7a4d113 - animation-leash of insets_animation)/@0xf88c779
06-11 07:06:48.799  2745  3845 D InsetsSourceProvider: updateControlForTarget: control=InsetsSourceControl: {da4d0000 mType=statusBars initiallyVisible mSurfacePosition=Point(0, 0) mInsetsHint=Insets{left=0, top=75, right=0, bottom=0}}, target=Window{5ab3166 u0 com.worksoc.goaicoach/com.worksoc.goaicoach.MainActivity}, from=com.android.server.wm.InsetsStateController.onControlTargetChanged:83 com.android.server.wm.InsetsPolicy.updateBarControlTarget:212 com.android.server.wm.DisplayPolicy.updateSystemBarAttributes:262 com.android.server.wm.WindowManagerService.updateFocusedWindowLocked:372 com.android.server.wm.WindowState.removeIfPossible:602 
06-11 07:06:48.800  2745  3845 D WindowManager: updateSystemBarAttributes: displayId=0, focusedCanBeNavColorWin=false, win=Window{5ab3166 u0 com.worksoc.goaicoach/com.worksoc.goaicoach.MainActivity}, navColorWin=Window{967207b u0 com.worksoc.goaicoach/com.worksoc.goaicoach.MainActivity EXITING}, caller=com.android.server.wm.WindowManagerService.updateFocusedWindowLocked:372 com.android.server.wm.WindowState.removeIfPossible:602 com.android.server.wm.Session.remove:16 
06-11 07:06:48.800  2745  3845 D WindowManager: updateSystemBarAttributes, bhv=1, apr=520, statusBarAprRegions=[AppearanceRegion{ bounds=[0,0][1080,2316]}], requestedVisibilities=-9
06-11 07:06:48.800  2745  3845 V SystemKeyManager: updateFocusedWindow() is called, com.worksoc.goaicoach/com.worksoc.goaicoach.MainActivity
06-11 07:06:48.800  2745  3845 D SurfaceComposerClient: setCornerRadius ## 5ab3166 com.worksoc.goaicoach/com.worksoc.goaicoach.MainActivity#24025 cornerRadius=0.000000
06-11 07:06:48.800  4231  4231 D NavigationBar: onSystemBarAttributesChanged() -  displayId:0, appearance:520, packageName: com.worksoc.goaicoach (APPEARANCE_LIGHT_STATUS_BARS ), navbarColorManagedByIme:false
06-11 07:06:48.801  2745  3845 D WindowManager: updateSystemBarAttributes: displayId=0, focusedCanBeNavColorWin=false, win=Window{5ab3166 u0 com.worksoc.goaicoach/com.worksoc.goaicoach.MainActivity}, navColorWin=Window{5ab3166 u0 com.worksoc.goaicoach/com.worksoc.goaicoach.MainActivity}, caller=com.android.server.wm.DisplayPolicy.finishPostLayoutPolicyLw:17 com.android.server.wm.RootWindowContainer.applySurfaceChangesTransaction$1:195 com.android.server.wm.RootWindowContainer.performSurfacePlacementNoTrace:59 
06-11 07:06:48.801  4231  4231 D NavigationBar: onSystemBarAttributesChanged() -  displayId:0, appearance:536, packageName: com.worksoc.goaicoach (APPEARANCE_LIGHT_STATUS_BARS APPEARANCE_LIGHT_NAVIGATION_BARS ), navbarColorManagedByIme:false
06-11 07:06:48.801  2745  3845 D WindowManager: updateSystemBarAttributes, bhv=1, apr=536, statusBarAprRegions=[AppearanceRegion{ bounds=[0,0][1080,2316]}], requestedVisibilities=-9
06-11 07:06:48.801  2745  3845 D SurfaceComposerClient: setCornerRadius ## 5ab3166 com.worksoc.goaicoach/com.worksoc.goaicoach.MainActivity#24025 cornerRadius=0.000000
06-11 07:06:48.802  4231  4231 D SamsungLightBarControlHelper: updateNavigationBar (BLACK button) isLightOpaque:false, hasLightNavigationBarFlag:true, packageName:com.worksoc.goaicoach, DirectReplying:false, NavBarColorMangedByIme:false, ForceDarkForScrim:false, ForceLightForScrim:false, QsCustomizing:false, QsExpanded:false
06-11 07:06:48.802 18096 18096 D InputTransport: Input channel destroyed: '967207b', fd=139
06-11 07:06:48.802  2745  2806 D SurfaceComposerClient: setCornerRadius ## 5ab3166 com.worksoc.goaicoach/com.worksoc.goaicoach.MainActivity#24025 cornerRadius=0.000000
06-11 07:06:48.810  2745  3845 D InputDispatcher: Focus left window (0): 967207b com.worksoc.goaicoach/com.worksoc.goaicoach.MainActivity
06-11 07:06:48.811  2745  2805 V WindowManager: Unknown focus tokens, dropping reportFocusChanged
06-11 07:06:48.815  2062  2062 I SurfaceFlinger: [Display 0 name="기본으로 제공되는 화면"#49] setFrameRateCategory: High
06-11 07:06:48.815  2062  2062 I SurfaceFlinger: [LayerHierarchy{RequestedLayerState{ImeContainer#15 parentId=23892 relativeParentId=24025 z=1} 1 children}] RelativeParent to LayerHierarchy{RequestedLayerState{5ab3166 com.worksoc.goaicoach/com.worksoc.goaicoach.MainActivity#24025 parentId=23892} 2 children}
06-11 07:06:48.815  2745  2807 D SurfaceComposerClient: [SEC_SF_EFFECTS] setBackgroundBlurRadius ## Dim Layer for - Task=42720#24036 backgroundBlurRadius=0
06-11 07:06:48.815  2062  2062 I SurfaceFlinger: [LayerHierarchy{RequestedLayerState{2a57a0a NavigationBar0#91 parentId=24039} 1 children}] reparent to LayerHierarchy{RequestedLayerState{Surface(name=2a57a0a NavigationBar0)/@0xaa9041c - animation-leash of insets_animation#24039 parentId=90} 1 children}
06-11 07:06:48.815  2062  2062 I SurfaceFlinger: [LayerHierarchy{RequestedLayerState{7bf0e4a StatusBar#95 parentId=24040} 1 children}] reparent to LayerHierarchy{RequestedLayerState{Surface(name=7bf0e4a StatusBar)/@0x7a4d113 - animation-leash of insets_animation#24040 parentId=94} 1 children}
06-11 07:06:48.815  2745  2807 D SurfaceComposerClient: [SEC_SF_EFFECTS] setBackgroundBlurRadius ## Dim Layer for - Task=42720#24036 backgroundBlurRadius=0
06-11 07:06:48.815  2062  2062 I SurfaceFlinger: [LayerHierarchy{RequestedLayerState{967207b com.worksoc.goaicoach/com.worksoc.goaicoach.MainActivity#24031 parentId=24038 z=1} 2 children}] reparent to LayerHierarchy{RequestedLayerState{Surface(name=967207b com.worksoc.goaicoach/com.worksoc.goaicoach.MainActivity)/@0xfafe662 - animation-leash of window_animation#24038 parentId=23892 z=1} 1 children}
06-11 07:06:48.815  2062  2062 I SurfaceFlinger: [LayerHierarchy{RequestedLayerState{Surface(name=2a57a0a NavigationBar0)/@0xaa9041c - animation-leash of insets_animation#24032} no children}] reparent to OffscreenRoot
06-11 07:06:48.815  2062  2062 I SurfaceFlinger: [LayerHierarchy{RequestedLayerState{Surface(name=2a57a0a NavigationBar0)/@0xaa9041c - animation-leash of insets_animation#24032} no children}] RelativeParent to null
06-11 07:06:48.815  2062  2062 I SurfaceFlinger: [LayerHierarchy{RequestedLayerState{Surface(name=7bf0e4a StatusBar)/@0x7a4d113 - animation-leash of insets_animation#24033} no children}] reparent to OffscreenRoot
06-11 07:06:48.815  2062  2062 I SurfaceFlinger: [LayerHierarchy{RequestedLayerState{Surface(name=7bf0e4a StatusBar)/@0x7a4d113 - animation-leash of insets_animation#24033} no children}] RelativeParent to null
06-11 07:06:48.815  2062  2062 I SurfaceFlinger: [Surface(name=7bf0e4a StatusBar)/@0x7a4d113 - animation-leash of insets_animation#24040] attach to parent LayerHierarchy{RequestedLayerState{WindowToken{36c6c3e type=2000 android.os.BinderProxy@416fc0}#94 parentId=17} 1 children}
06-11 07:06:48.821  2062  3191 I SurfaceFlinger: id=24032 Removed Surface(name=2a57a0a NavigationBar0)/@0xaa9041c - animation-leash of insets_animation#24032 (342)
06-11 07:06:48.821  2062  3191 I SurfaceFlinger: id=24033 Removed Surface(name=7bf0e4a StatusBar)/@0x7a4d113 - animation-leash of insets_animation#24033 (342)
06-11 07:06:48.822  2745  2805 I DisplayDeviceRepository: Display device changed render timings: "기본으로 제공되는 화면", renderFrameRate=60.000004, presentationDeadlineNanos=17666666, appVsyncOffsetNanos=16666666, frameRateOverrides=[{uid=1000 frameRateHz=60.000004}, {uid=10038 frameRateHz=60.000004}, {uid=10144 frameRateHz=60.000004}, {uid=11444 frameRateHz=60.000004}]
06-11 07:06:48.823  2745  2745 D SGM:GameManager: onDisplayChanged. displyId: 0, state: 2
06-11 07:06:48.823  2745  2745 D SGM:GameManager: dpi: 420, longPixel: 2316, shortPixel: 1080
06-11 07:06:48.823  2745  3219 D SGM:FgCheckThread: onLooperPrepared(), msg: MSG_LCD_ON
06-11 07:06:48.824  2745  2745 D AODManagerService: requestReCalToTSP IsSingleTouchMode = falserequestedReCalToTSP = false / previousDisplayState = ON
06-11 07:06:48.825  2745  5478 D LiftUpHandler: [LTW] Stopped already.
06-11 07:06:48.825  2030  6729 D AudioFlinger: setParameters: filtered dev setParameters keyvalue screen_state=on
06-11 07:06:48.825  1918  6828 D AHAL: AudioDevice: SetParameters: 1634: enter
06-11 07:06:48.825  1918  6828 D AHAL: AudioVoice: VoiceSetParameters: 168: Enter
06-11 07:06:48.825  1918  6828 D AHAL: AudioVoice: VoiceSetParameters: 412: Exit ret: 0
06-11 07:06:48.825  1918  6828 D AHAL: SecAudioDevice: SecSetParameters: 281: Enter
06-11 07:06:48.825  1918  6828 E AHAL: AudioDevice: SetParameters: 1645: Error in SecSetParameters -2
06-11 07:06:48.825  1918  6828 D AHAL: factory: FactorySetParameters: 58: Enter
06-11 07:06:48.825  1918  6828 D AHAL: Effect: EffectSetParameters: 245: Enter
06-11 07:06:48.825  1918  6828 D AHAL: Effect: EffectSetParameters: 285: Exit
06-11 07:06:48.825  1918  6828 D AHAL: AudioDevice: SetParameters: 1692:  - screen = on
06-11 07:06:48.825  1918  6828 I PAL: ResourceManager: setParameter: 8093: Screen State:1
06-11 07:06:48.825  1918  6828 D AHAL: AudioDevice: SetParameters: 2332: exit: screen_state=on
06-11 07:06:48.826  1918  6828 I Audio_a2dpsink_hw: adev_set_parameters: kevpairs=[screen_state=on]
06-11 07:06:48.826  4527  5730 I HoneySpace.Memory-Monitor: current state = 2, didTrim = false
06-11 07:06:48.826  4231  4231 D DisplayLifecycle: updateDisplay id = 0
06-11 07:06:48.827  4231  4330 D StackScroller: onDisplayChanged for predraw skip to 2
06-11 07:06:48.827  2745  5241 D WifiDisplayAdapter: isFitToActiveDisplayLocked : false
06-11 07:06:48.828  2745  2806 D SurfaceComposerClient: setCornerRadius ## 5ab3166 com.worksoc.goaicoach/com.worksoc.goaicoach.MainActivity#24025 cornerRadius=0.000000
06-11 07:06:48.828  2745  3441 D AS.DesktopModeHelper: onDisplayChanged: #Id=0
06-11 07:06:48.831  2062  2062 I SurfaceFlinger: destroyed Surface(name=2a57a0a NavigationBar0)/@0xaa9041c - animation-leash of insets_animation#24032 form LifecycleManager
06-11 07:06:48.831  2745  2807 D SurfaceComposerClient: [SEC_SF_EFFECTS] setBackgroundBlurRadius ## Dim Layer for - Task=42720#24036 backgroundBlurRadius=0
06-11 07:06:48.831  2062  2062 I SurfaceFlinger: destroyed Surface(name=7bf0e4a StatusBar)/@0x7a4d113 - animation-leash of insets_animation#24033 form LifecycleManager
06-11 07:06:48.831  2062  2062 I SurfaceFlinger: id=24032 onLayerDestroyed from LayerHierarchyBuilder(RequestedLayerState{Surface(name=2a57a0a NavigationBar0)/@0xaa9041c - animation-leash of insets_animation#24032 !handle})
06-11 07:06:48.831  2062  2062 I SurfaceFlinger: id=24033 onLayerDestroyed from LayerHierarchyBuilder(RequestedLayerState{Surface(name=7bf0e4a StatusBar)/@0x7a4d113 - animation-leash of insets_animation#24033 !handle})
06-11 07:06:48.834  2062  2062 I Layer   : id=24032 Destroyed Surface(name=2a57a0a NavigationBar0)/@0xaa9041c - animation-leash of insets_animation#24032
06-11 07:06:48.835  2062  2062 I Layer   : id=24033 Destroyed Surface(name=7bf0e4a StatusBar)/@0x7a4d113 - animation-leash of insets_animation#24033
06-11 07:06:48.839 18096 18096 I InsetsController: onStateChanged: host=com.worksoc.goaicoach/com.worksoc.goaicoach.MainActivity, from=android.view.ViewRootImpl.onInsetsStateChanged:3026, state=InsetsState: {mDisplayFrame=Rect(0, 0 - 1080, 2316), mDisplayCutout=DisplayCutout{insets=Rect(0, 75 - 0, 0) waterfall=Insets{left=0, top=0, right=0, bottom=0} boundingRect={Bounds=[Rect(0, 0 - 0, 0), Rect(512, 0 - 568, 75), Rect(0, 0 - 0, 0), Rect(0, 0 - 0, 0)]} cutoutPathParserInfo={CutoutPathParserInfo{displayWidth=1080 displayHeight=2316 physicalDisplayWidth=1080 physicalDisplayHeight=2316 density={2.8125} cutoutSpec={M 0,0 H -10 V 26.66666666666667 H 10 V 0 H 0 Z @dp} rotation={0} scale={1.0} physicalPixelDisplaySizeRatio={1.0}}} sideOverrides={}}, mRoundedCorners=RoundedCorners{[RoundedCorner{position=TopLeft, radius=11, center=Point(11, 11)}, RoundedCorner{position=TopRight, radius=11, center=Point(1069, 11)}, RoundedCorner{position=BottomRight, radius=11, center=Point(1069, 2305)}, RoundedCorner{position=BottomLeft, radius=11, center=Point(11, 2305)}]}  mRoundedCornerFrame=Rect(0, 0 - 1080, 2316), mPrivacyIndicatorBounds=PrivacyIndicatorBounds {static bounds=Rect(964, 0 - 1080, 75) rotation=0}, mDisplayShape=DisplayShape{ spec=-311912193 displayWidth=1080 displayHeight=2316 physicalPixelDisplaySizeRatio=0.75 rotation=0 offsetX=0 offsetY=0 scale=1.0}, mSources= { InsetsSource: {da4d0000 mType=statusBars mFrame=[0,0][1080,75] mVisible=true mFlags= mSideHint=TOP mBoundingRects=null}, InsetsSource: {da4d0005 mType=mandatorySystemGestures mFrame=[0,0][1080,107] mVisible=true mFlags= mSideHint=TOP mBoundingRects=null}, InsetsSource: {da4d0006 mType=tappableElement mFrame=[0,0][1080,75] mVisible=true mFlags= mSideHint=TOP mBoundingRects=null}, InsetsSource: {27 mType=displayCutout mFrame=[0,0][1080,75] mVisible=true mFlags= mSideHint=TOP mBoundingRects=null}, InsetsSource: {10c70001 mType=navigationBars mFrame=[0,2190][1080,2316] mVisible=true mFlags= mSideHint=BOTTOM mBoundingRects=null}, InsetsSource: {10c70004 mType=systemGestures mFrame=[0,0][0,0] mVisible=true mFlags= mSideHint=NONE mBoundingRects=null}, InsetsSource: {10c70005 mType=mandatorySystemGestures mFrame=[0,2190][1080,2316] mVisible=true mFlags= mSideHint=BOTTOM mBoundingRects=null}, InsetsSource: {10c70006 mType=tappableElement mFrame=[0,2190][1080,2316] mVisible=true mFlags= mSideHint=BOTTOM mBoundingRects=null}, InsetsSource: {10c70024 mType=systemGestures mFrame=[0,0][0,0] mVisible=true mFlags= mSideHint=NONE mBoundingRects=null} }
06-11 07:06:48.839 18096 18096 I InsetsSourceConsumer: applyRequestedVisibilityToControl: visible=true, type=navigationBars, host=com.worksoc.goaicoach/com.worksoc.goaicoach.MainActivity
06-11 07:06:48.839  2062  2296 D SurfaceFlinger: [input] setFocusedWindow: 5ab3166 com.worksoc.goaicoach/com.worksoc.goaicoach.MainActivity
06-11 07:06:48.839  2745  5241 D InputDispatcher: Once focus requested (0): 5ab3166 com.worksoc.goaicoach/com.worksoc.goaicoach.MainActivity
06-11 07:06:48.839 18096 18096 I InsetsSourceConsumer: applyRequestedVisibilityToControl: visible=true, type=statusBars, host=com.worksoc.goaicoach/com.worksoc.goaicoach.MainActivity
06-11 07:06:48.839  2745  5241 D InputDispatcher: Focus entered window (0): 5ab3166 com.worksoc.goaicoach/com.worksoc.goaicoach.MainActivity
06-11 07:06:48.840 18096 18096 D VRI[MainActivity]@758d426: mThreadedRenderer.initializeIfNeeded()#2 mSurface={isValid=true 0xb4000073582c1690}
06-11 07:06:48.841 18096 18096 D InputMethodManagerUtils: startInputInner - Id : 0
06-11 07:06:48.841 18096 18096 I InputMethodManager: startInputInner - IInputMethodManagerGlobalInvoker.startInputOrWindowGainedFocus
06-11 07:06:48.842  2745  3212 V InputMethodManagerService: startInputOrWindowGainedFocusInternalLocked: reason=WINDOW_FOCUS_GAIN client=android.os.BinderProxy@e5d559a inputContext=null editorInfo=android.view.inputmethod.EditorInfo@b4b0c6c startInputFlags=VIEW_HAS_FOCUS|INITIAL_CONNECTION softInputMode=STATE_UNSPECIFIED|ADJUST_PAN windowFlags=#81810100 unverifiedTargetSdkVersion=35 bindingController=com.android.server.inputmethod.InputMethodBindingController@ba4b9d4 imeDispatcher=android.window.ImeOnBackInvokedDispatcher@4456235 cs=ClientState{c53abe4 mUid=11444 mPid=18096 mSelfReportedDisplayId=0} imeRequestedVisible=false
06-11 07:06:48.842  2745  3212 V InputMethodManagerService: setWindowStateInner, windowToken=android.os.BinderProxy@610c5c1, state=ImeTargetWindowState{ imeToken null imeFocusChanged true hasEditorFocused false requestedImeVisible false imeDisplayId 0 softInputModeState STATE_UNSPECIFIED|ADJUST_PAN isStartInputByGainFocus true}
06-11 07:06:48.842  2745  3212 V InputMethodManagerService: Unspecified window will hide input
06-11 07:06:48.843  2745  3212 I ImeTracker: com.worksoc.goaicoach:ace5f39: onRequestHide at ORIGIN_SERVER reason HIDE_UNSPECIFIED_WINDOW fromUser false
06-11 07:06:48.843  2745  3212 V InputMethodManagerService: applyImeVisibility state=6
06-11 07:06:48.843  2745  3212 D SemInputMethodManagerServiceUtil: restorePreviousUsedInputMethod : failed to return the previous ime becuase the stored info is null or do not need restore
06-11 07:06:48.843  2745  3212 V InputMethodManagerService: semComputeImeDisplayIdForTarget: displayToShowIme=0
06-11 07:06:48.843  2745  3212 V InputMethodManagerService: Creating new accessibility sessions for client ClientState{c53abe4 mUid=11444 mPid=18096 mSelfReportedDisplayId=0}
06-11 07:06:48.843 18096 18096 I InputMethodManager: handleMessage: setImeVisibility visible=false
06-11 07:06:48.843 18096 18096 D InsetsController: hide(ime(), fromIme=false)
06-11 07:06:48.843 18096 18096 I ImeTracker: com.worksoc.goaicoach:ace5f39: onCancelled at PHASE_CLIENT_ALREADY_HIDDEN
06-11 07:06:48.844  2745  3212 D InputMethodManagerService: isImeSwitcherDisabledPackage : false
06-11 07:06:48.844  2745  3212 D InputMethodManagerService: shouldShowImeSwitcherLocked : checking vis : 3
06-11 07:06:48.844  2745  3212 D InputMethodManagerService: checkDisplayOfStartInputAndUpdateKeyboard: displayId=0, mFocusedDisplayId=0
06-11 07:06:48.844  2745  3212 D InputTransport: Input channel constructed: 'ClientS', fd=989
06-11 07:06:48.845  2745  3212 D InputTransport: Input channel destroyed: 'ClientS', fd=989
06-11 07:06:48.845 18096 18132 D InputTransport: Input channel constructed: 'ClientS', fd=143
06-11 07:06:48.845  2745  3845 D RestrictionPolicy: isScreenCaptureEnabled : ret=true userId=0
06-11 07:06:48.845  8779  8779 I HBD     : HoneyBoardService onFinishInput 
06-11 07:06:48.845  8779  8779 I HBD     : a IC have been unbinding,  RemoteInputConnection{idHash=#34e3cae}
06-11 07:06:48.845  8779  8779 I HBD     : HoneyBoardService [PF_CL][onFinishInput]  0 ms 
06-11 07:06:48.845  2745  3845 I WindowManager: Cancelling animation restarting=true, leash=Surface(name=Surface(name=5924009 InputMethod)/@0x115d3c5 - animation-leash of insets_animation)/@0xd4cbdc8
06-11 07:06:48.845  2745  3845 I WindowManager: Reparenting to original parent: Surface(name=WindowToken{19083b1 type=2011 android.os.Binder@7033f3b})/@0xd585ff2, destroy=false, surface=Surface(name=5924009 InputMethod)/@0x115d3c5
06-11 07:06:48.845  8779  8779 I HBD     : HoneyBoardService [IMI] onStartInput - caller pid : 18096 , caller uid : 11444 
06-11 07:06:48.845  8779  8779 I HBD     : r updateConfigs 
06-11 07:06:48.845  8779  8779 I HBD     : r isEnabledNightMode : false 
06-11 07:06:48.845  2745  3845 I WindowManager: Reparenting to leash, surface=Surface(name=5924009 InputMethod)/@0x115d3c5, leashParent=Surface(name=WindowToken{19083b1 type=2011 android.os.Binder@7033f3b})/@0xd585ff2
06-11 07:06:48.846  8779  8779 I HBD     : a IC have been binding, RemoteInputConnection{idHash=#34e3cae} 
06-11 07:06:48.846  8779  8779 I HBD     : h [EditorInputType]setPrivateImeOptionsToTable privateImeOptions ( null )
06-11 07:06:48.846  8779  8779 I HBD     : b incognitoMode : false 
06-11 07:06:48.846  8779  8779 I HBD     : f needOff = true , isForceOff = false, isNullInputClass : true 
06-11 07:06:48.846  8779  8779 I HBD     : h getDefaultInputRange : UNKNOWN 
06-11 07:06:48.846  8779  8779 I HBD     : h getDefaultInputRange : UNKNOWN 
06-11 07:06:48.846  8779  8779 I HBD     : h getDefaultInputRange : UNKNOWN 
06-11 07:06:48.846  2062  3191 I SurfaceFlinger: id=24041 createSurf, flag=24004, Surface(name=5924009 InputMethod)/@0x115d3c5 - animation-leash of insets_animation#24041
06-11 07:06:48.846  8779  8779 I HBD     : i [AiWriter] isChildBlockCase:
06-11 07:06:48.847  2745  3845 D WindowManager: makeSurface duration=2 leash=Surface(name=Surface(name=5924009 InputMethod)/@0x115d3c5 - animation-leash of insets_animation)/@0xdf6ecb1
06-11 07:06:48.847  2745  3845 D InsetsSourceProvider: updateControlForTarget: control=InsetsSourceControl: {3 mType=ime mSurfacePosition=Point(0, 75) mInsetsHint=Insets{left=0, top=0, right=0, bottom=876}}, target=Window{5ab3166 u0 com.worksoc.goaicoach/com.worksoc.goaicoach.MainActivity}, from=com.android.server.wm.ImeInsetsSourceProvider.updateControlForTarget:17 com.android.server.wm.InsetsStateController.onControlTargetChanged:83 com.android.server.wm.DisplayContent.updateImeControlTarget:21 com.android.server.wm.DisplayContent.updateImeInputAndControlTarget:156 com.android.server.wm.WindowManagerService$LocalService.updateInputMethodTargetWindow:64 
06-11 07:06:48.848  2745  3845 I ImeTracker: system_server:e6f22ce4: onRequestHide at ORIGIN_SERVER reason IME_REQUESTED_CHANGED_LISTENER fromUser false
06-11 07:06:48.848  2745  2805 V InputMethodManagerService: Client requesting input be hidden
06-11 07:06:48.848  2745  2805 V InputMethodManagerService: setWindowStateInner, windowToken=android.os.BinderProxy@610c5c1, state=ImeTargetWindowState{ imeToken android.os.Binder@287a517 imeFocusChanged true hasEditorFocused false requestedImeVisible false imeDisplayId 0 softInputModeState STATE_UNSPECIFIED|ADJUST_PAN isStartInputByGainFocus true}
06-11 07:06:48.848  2745  2805 I ImeTracker: system_server:e6f22ce4: onCancelled at PHASE_SERVER_SHOULD_HIDE
06-11 07:06:48.848  2745  2805 V InputMethodManagerService: hideCurrentInputLocked : canceled, shouldHideSoftInput=false, mInputShown=false, mImeWindowVis=0
06-11 07:06:48.848  2745  2807 D SurfaceComposerClient: [SEC_SF_EFFECTS] setBackgroundBlurRadius ## Dim Layer for - Task=42720#24036 backgroundBlurRadius=0
06-11 07:06:48.848  2745  5241 I ActivityManager: Changes in 10103 15 to 7, 0 to 128
06-11 07:06:48.848  2062  2062 I SurfaceFlinger: [Surface(name=5924009 InputMethod)/@0x115d3c5 - animation-leash of insets_animation#24041] attach to parent LayerHierarchy{RequestedLayerState{WindowToken{19083b1 type=2011 android.os.Binder@7033f3b}#134 parentId=15} 2 children}
06-11 07:06:48.848  2745  2806 D SurfaceComposerClient: setCornerRadius ## 5ab3166 com.worksoc.goaicoach/com.worksoc.goaicoach.MainActivity#24025 cornerRadius=0.000000
06-11 07:06:48.849 18233 15093 I SamsungAccount: [AccountManagerProvider] isChildAccount
06-11 07:06:48.849 18233 15093 I SamsungAccount: [AccountManagerProvider] Calling package : android.honeyboard.
06-11 07:06:48.852 18233 15093 I SamsungAccount: [SignatureInfoDbHelper] searchOnUser(fromDb) - [10/lfgff][android.honeyboard.][64/3291d] => matched
06-11 07:06:48.852 18233 15093 I SamsungAccount: [AccountManagerProvider] This is the access of the allowed application
06-11 07:06:48.852 18233 15093 I SamsungAccount: [AccountManagerUtil] isSamsungAccountSignedIn : true
06-11 07:06:48.852  4710  4840 I RequestManager_FLP: onOpChanged, op=0 / packageName=com.osp.app.signin
06-11 07:06:48.853 18233 15093 I SamsungAccount: [TPMU]  SIMState     :SIM_STATE_READY
06-11 07:06:48.853 18233 15093 I SamsungAccount: [CountryCodeUtil] isChinaCountryCode : false
06-11 07:06:48.854 18233 15093 I SamsungAccount: [TPMU] getMccFromUsim
06-11 07:06:48.854 18233 15093 I SamsungAccount: [MccManager] saveMccToPreference Start
06-11 07:06:48.854 18233 15093 I SamsungAccount: [MccManager] saveMccToPreference, mcc is same with previous mcc
06-11 07:06:48.854 18233 15093 I SamsungAccount: [ChildAccountSupportedListManager] getSupportedListFromLocal from cache
06-11 07:06:48.855 18233 15093 I SamsungAccount: [TPMU]  SIMState     :SIM_STATE_READY
06-11 07:06:48.855 18233 15093 I SamsungAccount: [CountryCodeUtil] isChinaCountryCode : false
06-11 07:06:48.855 18233 15093 I SamsungAccount: [TPMU] getMccFromUsim
06-11 07:06:48.855 18233 15093 I SamsungAccount: [MccManager] saveMccToPreference Start
06-11 07:06:48.855 18233 15093 I SamsungAccount: [MccManager] saveMccToPreference, mcc is same with previous mcc
06-11 07:06:48.855 18233 15093 I SamsungAccount: [FamilyGroupUtil] meetKoreaCountryCondition(beforeSignUp=false): true
06-11 07:06:48.856 18233 15093 I SamsungAccount: [TPMU]  SIMState     :SIM_STATE_READY
06-11 07:06:48.856 18233 15093 I SamsungAccount: [CountryCodeUtil] isChinaCountryCode : false
06-11 07:06:48.856 18233 15093 I SamsungAccount: [TPMU] getMccFromUsim
06-11 07:06:48.856 18233 15093 I SamsungAccount: [MccManager] saveMccToPreference Start
06-11 07:06:48.856 18233 15093 I SamsungAccount: [MccManager] saveMccToPreference, mcc is same with previous mcc
06-11 07:06:48.856 18233 15093 I SamsungAccount: [FamilyGroupUtil] meetKoreaOneUiCondition: true
06-11 07:06:48.856 18233 15093 I SamsungAccount: [FamilyGroupUtil] isSupportFamilyService: true
06-11 07:06:48.856 18233 15093 I SamsungAccount: [AccountManagerUtil] isSamsungAccountSignedIn : true
06-11 07:06:48.857 18233 15093 I SamsungAccount: [ChildAccount] isChildAccount : false
06-11 07:06:48.857 18233 15093 I SamsungAccount: [AccountManagerProvider] makeResultBundle - resultCode : 0
06-11 07:06:48.857  8779  8779 I HBD     : i [AiWriter] isChildAccount:false
06-11 07:06:48.857  8779  8779 I HBD     : f needOff = true , isForceOff = false, isNullInputClass : true 
06-11 07:06:48.857  8779  8779 I HBD     : f update cached prediction status : false 
06-11 07:06:48.857  8779  8779 I HBD     : h getDefaultInputRange : UNKNOWN 
06-11 07:06:48.857  8779  8779 I HBD     : h getDefaultInputRange : UNKNOWN 
06-11 07:06:48.857  8779  8779 I HBD     : a currentState : 0 
06-11 07:06:48.858  8779  8779 I HBD     : a [UpdatePolicy] [post] a: 0 cl: 65537 kit: [0/0] vt: 0 ir: 1 
06-11 07:06:48.858  8779  8779 I HBD     : a [NRIC] resetNoResponseState 
06-11 07:06:48.858  8779  8779 I HBD     : f needOff = true , isForceOff = false, isNullInputClass : true 
06-11 07:06:48.858  8779  8779 I HBD     : f update cached prediction status : false 
06-11 07:06:48.858  8779  8779 I HBD     : b [AiWriter] setContact : com.worksoc.goaicoach
06-11 07:06:48.859  8779  8779 I HBD     : HoneyBoardService [PF_OP][onStartInput]  14 ms 
06-11 07:06:48.859  8779  8779 I HBD     : [DirectWriting] DirectWriting emitInputConnection : RemoteInputConnection{idHash=#34e3cae} 
06-11 07:06:48.865  2062  2062 I SurfaceFlinger: RequestedLayer [Surface(name=5924009 InputMethod)/@0[...]tion-leash of insets_animation#24041] hidden!! flag  from(1) --> to(0)
06-11 07:06:48.865  2062  2062 E SurfaceFlinger: alpha changed 1.000 -> 0.000 - Surface(name=5924009 InputMethod)/@0x115d3c5 - animation-leash of insets_animation#24041
06-11 07:06:48.865  2062  2062 I SurfaceFlinger: [LayerHierarchy{RequestedLayerState{ImeContainer#15 parentId=23892 relativeParentId=24025 z=1} 1 children}] RelativeParent to LayerHierarchy{RequestedLayerState{5ab3166 com.worksoc.goaicoach/com.worksoc.goaicoach.MainActivity#24025 parentId=23892} 2 children}
06-11 07:06:48.865  2062  2062 I SurfaceFlinger: [LayerHierarchy{RequestedLayerState{5924009 InputMethod#202 parentId=24041} no children}] reparent to LayerHierarchy{RequestedLayerState{Surface(name=5924009 InputMethod)/@0x115d3c5 - animation-leash of insets_animation#24041 parentId=134} 1 children}
06-11 07:06:48.865  2062  2062 I SurfaceFlinger: [LayerHierarchy{RequestedLayerState{Surface(name=5924009 InputMethod)/@0x115d3c5 - animation-leash of insets_animation#24037} no children}] reparent to OffscreenRoot
06-11 07:06:48.865  2062  2062 I SurfaceFlinger: [LayerHierarchy{RequestedLayerState{Surface(name=5924009 InputMethod)/@0x115d3c5 - animation-leash of insets_animation#24037} no children}] RelativeParent to null
06-11 07:06:48.865  2745  2807 D SurfaceComposerClient: [SEC_SF_EFFECTS] setBackgroundBlurRadius ## Dim Layer for - Task=42720#24036 backgroundBlurRadius=0
06-11 07:06:48.870  2062  3191 I SurfaceFlinger: id=24037 Removed Surface(name=5924009 InputMethod)/@0x115d3c5 - animation-leash of insets_animation#24037 (341)
06-11 07:06:48.872  8779  8779 I InputMethodService: scheduleImeSurfaceRemoval: removeImeSurface is posted.
06-11 07:06:48.881  2062  2062 I SurfaceFlinger: destroyed Surface(name=5924009 InputMethod)/@0x115d3c5 - animation-leash of insets_animation#24037 form LifecycleManager
06-11 07:06:48.881  2062  2062 I SurfaceFlinger: id=24037 onLayerDestroyed from LayerHierarchyBuilder(RequestedLayerState{Surface(name=5924009 InputMethod)/@0x115d3c5 - animation-leash of insets_animation#24037 !handle})
06-11 07:06:48.881  2745  2807 D SurfaceComposerClient: [SEC_SF_EFFECTS] setBackgroundBlurRadius ## Dim Layer for - Task=42720#24036 backgroundBlurRadius=0
06-11 07:06:48.885  2062  2062 I Layer   : id=24037 Destroyed Surface(name=5924009 InputMethod)/@0x115d3c5 - animation-leash of insets_animation#24037
06-11 07:06:48.898  2745  2807 D SurfaceComposerClient: [SEC_SF_EFFECTS] setBackgroundBlurRadius ## Dim Layer for - Task=42720#24036 backgroundBlurRadius=0
06-11 07:06:48.910  1938 15888 I sensors-hal: handle_sns_std_sensor_event:311, [SSC_LIGHT] P: 58(58),m:7,c:73,b:72,c0:3184,l:54,f(r):100,u(bl):100,j:53
06-11 07:06:48.916  2745  2807 D SurfaceComposerClient: [SEC_SF_EFFECTS] setBackgroundBlurRadius ## Dim Layer for - Task=42720#24036 backgroundBlurRadius=0
06-11 07:06:48.931  2745  2807 D SurfaceComposerClient: [SEC_SF_EFFECTS] setBackgroundBlurRadius ## Dim Layer for - Task=42720#24036 backgroundBlurRadius=0
06-11 07:06:48.948  2745  2807 D SurfaceComposerClient: [SEC_SF_EFFECTS] setBackgroundBlurRadius ## Dim Layer for - Task=42720#24036 backgroundBlurRadius=0
06-11 07:06:48.949  2745  2806 I WindowManager: Reparenting to original parent: Surface(name=ActivityRecord{147150254 u0 com.worksoc.goaicoach/.MainActivity t42720})/@0xe97a8a6, destroy=true, surface=Surface(name=967207b com.worksoc.goaicoach/com.worksoc.goaicoach.MainActivity)/@0xfafe662
06-11 07:06:48.949  2745  2806 E WindowManager: win=Window{967207b u0 com.worksoc.goaicoach/com.worksoc.goaicoach.MainActivity EXITING} destroySurfaces: appStopped=false cleanupOnResume=false win.mWindowRemovalAllowed=true win.mRemoveOnExit=true win.mViewVisibility=0 caller=com.android.server.wm.WindowState.onExitAnimationDone:224 com.android.server.wm.WindowState.onAnimationFinished:174 com.android.server.wm.WindowContainer$$ExternalSyntheticLambda8.onAnimationFinished:3 com.android.server.wm.SurfaceAnimator$$ExternalSyntheticLambda0.onAnimationFinished:69 com.android.server.wm.LocalAnimationAdapter$$ExternalSyntheticLambda0.run:10 android.os.Handler.handleCallback:995 android.os.Handler.dispatchMessage:103 
06-11 07:06:48.950  2745  2806 D SurfaceComposerClient: setCornerRadius ## 5ab3166 com.worksoc.goaicoach/com.worksoc.goaicoach.MainActivity#24025 cornerRadius=0.000000
06-11 07:06:48.950  2745  2806 D WindowManager: updateSystemBarAttributes: displayId=0, focusedCanBeNavColorWin=false, win=Window{5ab3166 u0 com.worksoc.goaicoach/com.worksoc.goaicoach.MainActivity}, navColorWin=Window{5ab3166 u0 com.worksoc.goaicoach/com.worksoc.goaicoach.MainActivity}, caller=com.android.server.wm.DisplayPolicy.finishPostLayoutPolicyLw:17 com.android.server.wm.RootWindowContainer.applySurfaceChangesTransaction$1:195 com.android.server.wm.RootWindowContainer.performSurfacePlacementNoTrace:59 
06-11 07:06:48.950  2745  2806 D WindowManager: updateSystemBarAttributes, bhv=1, apr=536, statusBarAprRegions=[AppearanceRegion{LIGHT_STATUS_BARS bounds=[0,0][1080,2316]}], requestedVisibilities=-9
06-11 07:06:48.951  2745  2806 D SurfaceComposerClient: setCornerRadius ## 5ab3166 com.worksoc.goaicoach/com.worksoc.goaicoach.MainActivity#24025 cornerRadius=0.000000
06-11 07:06:48.952  4231  4231 D SamsungLightBarControlHelper: updateStatusBar (BLACK icon) numStacks:1, StatusBarMode:MODE_TRANSPARENT, lightBarBounds:[Rect(0, 0 - 1080, 2316)], StatusBarState:SHADE, packageName:, isWhiteKeyguardStatusBar:false
06-11 07:06:48.953  4231  4231 D SamsungLightBarControlHelper: onStatusBarAppearanceChanged() -  sbModeChanged:false, statusBarMode:0, barState:MODE_TRANSPARENT, isKeyguardShowing:false, navbarColorManagedByIme:false, (AppearanceRegion{LIGHT_STATUS_BARS bounds=[0,0][1080,2316]}, )
06-11 07:06:48.965  2745  2807 D SurfaceComposerClient: [SEC_SF_EFFECTS] setBackgroundBlurRadius ## Dim Layer for - Task=42720#24036 backgroundBlurRadius=0
06-11 07:06:48.965  2062  2062 E SurfaceFlinger: alpha changed 0.155 -> 0.000 - Surface(name=967207b com.worksoc.goaicoach/com.worksoc.goaicoach.MainActivity)/@0xfafe662 - animation-leash of window_animation#24038
06-11 07:06:48.965  2062  2062 I SurfaceFlinger: [LayerHierarchy{RequestedLayerState{com.worksoc.goaicoach/com.worksoc.goaicoach.MainActivity$_18096#24034} no children}] reparent to OffscreenRoot
06-11 07:06:48.965  2062  2062 I SurfaceFlinger: [LayerHierarchy{RequestedLayerState{com.worksoc.goaicoach/com.worksoc.goaicoach.MainActivity$_18096#24034} no children}] RelativeParent to null
06-11 07:06:48.966  2745  2806 D SurfaceComposerClient: [SEC_SF_EFFECTS] setBackgroundBlurRadius ## Dim Layer for - Task=42720#24036 backgroundBlurRadius=0
06-11 07:06:48.966  2745  2806 D SurfaceComposerClient: setCornerRadius ## 5ab3166 com.worksoc.goaicoach/com.worksoc.goaicoach.MainActivity#24025 cornerRadius=0.000000
06-11 07:06:48.974  2062  2062 D SurfaceFlinger: Display 4630947232161729154 HWC layers:
06-11 07:06:48.974  2062  2062 D SurfaceFlinger:        DEVICE |           77721728188419 | 00002102 | RGBA_8888    |    0.0    0.0 1080.0 2316.0 |    0    0 1080 2316 | com.worksoc.goaicoach/com.worksoc.goaicoach.MainActivity$_18096#24026 (25)
06-11 07:06:48.974  2062  2062 D SurfaceFlinger:   SOLID_COLOR |                        0 | 00000000 | N/A          |    0.0    0.0    0.0    0.0 |    0    0 1080 2316 | Dim Layer for - Task=42720#24036 (0)
06-11 07:06:48.974  2062  2062 D SurfaceFlinger:        DEVICE |           18172006688019 | 00002100 | RGBA_8888    |    0.0    0.0 1080.0   75.0 |    0    0 1080   75 | StatusBar$_4231#109 (39567)
06-11 07:06:48.974  2062  2062 D SurfaceFlinger:        DEVICE |           19443316953506 | 00002100 | RGBA_8888    |    0.0    0.0   67.0  434.0 | 1013  813 1080 1247 | com.sec.android.app.launcher/com.sam[...]l.app.CocktailBarService$_4527#23988 (1)
06-11 07:06:48.974  2062  2062 D SurfaceFlinger:        DEVICE |           18172006688006 | 00002100 | RGBA_8888    |    0.0    0.0 1080.0  126.0 |    0 2190 1080 2316 | NavigationBar0$_4231#107 (27866)
06-11 07:06:48.974  2062  2062 D SurfaceFlinger: 
06-11 07:06:48.981  2062  2062 I SurfaceFlinger: [Display 0 name="기본으로 제공되는 화면"#49] setFrameRateCategory: Default
06-11 07:06:48.981  2062  2062 I SurfaceFlinger: RequestedLayer [com.worksoc.goaicoach/com.worksoc.goaicoach.MainActivity$_18096#24034] hidden!! flag  from(0) --> to(1)
06-11 07:06:48.981  2062  2062 E SurfaceFlinger: alpha changed 0.064 -> 0.000 - Dim Layer for - Task=42720#24036
06-11 07:06:48.981  2062  2062 I SurfaceFlinger: [LayerHierarchy{RequestedLayerState{967207b com.worksoc.goaicoach/com.worksoc.goaicoach.MainActivity#24031 z=1} 1 children}] reparent to OffscreenRoot
06-11 07:06:48.982  2062  2062 I SurfaceFlinger: [LayerHierarchy{RequestedLayerState{967207b com.worksoc.goaicoach/com.worksoc.goaicoach.MainActivity#24031 z=1} 1 children}] RelativeParent to null
06-11 07:06:48.982  2062  2062 I SurfaceFlinger: [LayerHierarchy{RequestedLayerState{Surface(name=967207b com.worksoc.goaicoach/com.worksoc.goaicoach.MainActivity)/@0xfafe662 - animation-leash of window_animation#24038 z=1} no children}] reparent to OffscreenRoot
06-11 07:06:48.982  2062  2062 I SurfaceFlinger: [LayerHierarchy{RequestedLayerState{Surface(name=967207b com.worksoc.goaicoach/com.worksoc.goaicoach.MainActivity)/@0xfafe662 - animation-leash of window_animation#24038 z=1} no children}] RelativeParent to null
06-11 07:06:48.983  2745  2803 I GestureDetector: handleMessage TAP
06-11 07:06:48.984  2745  2745 I GestureDetector: handleMessage TAP
06-11 07:06:48.986  2062  2062 I SurfaceFlinger: id=24034 Removed com.worksoc.goaicoach/com.worksoc.goaicoach.MainActivity$_18096#24034 (340)
06-11 07:06:48.986  2062  2062 I SurfaceFlinger: id=24038 Removed Surface(name=967207b com.worksoc.goaicoach/com.worksoc.goaicoach.MainActivity)/@0xfafe662 - animation-leash of window_animation#24038 (340)
06-11 07:06:48.986  2062  2062 I SurfaceFlinger: id=24031 Removed 967207b com.worksoc.goaicoach/com.worksoc.goaicoach.MainActivity#24031 (340)
06-11 07:06:48.988  2745  2805 I DisplayDeviceRepository: Display device changed render timings: "기본으로 제공되는 화면", renderFrameRate=60.000004, presentationDeadlineNanos=17666666, appVsyncOffsetNanos=16666666, frameRateOverrides=[]
06-11 07:06:48.990  2745  2745 D SGM:GameManager: onDisplayChanged. displyId: 0, state: 2
06-11 07:06:48.990  2062  2062 D SurfaceFlinger: Display 4630947232161729154 HWC layers:
06-11 07:06:48.990  2062  2062 D SurfaceFlinger:        DEVICE |           77721728188419 | 00002102 | RGBA_8888    |    0.0    0.0 1080.0 2316.0 |    0    0 1080 2316 | com.worksoc.goaicoach/com.worksoc.goaicoach.MainActivity$_18096#24026 (25)
06-11 07:06:48.990  2062  2062 D SurfaceFlinger:        DEVICE |           18172006688020 | 00002100 | RGBA_8888    |    0.0    0.0 1080.0   75.0 |    0    0 1080   75 | StatusBar$_4231#109 (39568)
06-11 07:06:48.990  2062  2062 D SurfaceFlinger:        DEVICE |           19443316953506 | 00002100 | RGBA_8888    |    0.0    0.0   67.0  434.0 | 1013  813 1080 1247 | com.sec.android.app.launcher/com.sam[...]l.app.CocktailBarService$_4527#23988 (1)
06-11 07:06:48.990  2062  2062 D SurfaceFlinger:        DEVICE |           18172006688006 | 00002100 | RGBA_8888    |    0.0    0.0 1080.0  126.0 |    0 2190 1080 2316 | NavigationBar0$_4231#107 (27866)
06-11 07:06:48.990  2062  2062 D SurfaceFlinger: 
06-11 07:06:48.991  2745  2806 D SurfaceComposerClient: setCornerRadius ## 5ab3166 com.worksoc.goaicoach/com.worksoc.goaicoach.MainActivity#24025 cornerRadius=0.000000
06-11 07:06:48.991  2030  6729 D AudioFlinger: setParameters: filtered dev setParameters keyvalue screen_state=on
06-11 07:06:48.992  4527 17866 I HoneySpace.Memory-Monitor: current state = 2, didTrim = false
06-11 07:06:48.992  2745  2745 D SGM:GameManager: dpi: 420, longPixel: 2316, shortPixel: 1080
06-11 07:06:48.992  1918  6828 D AHAL: AudioDevice: SetParameters: 1634: enter
06-11 07:06:48.992  1918  6828 D AHAL: AudioVoice: VoiceSetParameters: 168: Enter
06-11 07:06:48.992  1918  6828 D AHAL: AudioVoice: VoiceSetParameters: 412: Exit ret: 0
06-11 07:06:48.992  1918  6828 D AHAL: SecAudioDevice: SecSetParameters: 281: Enter
06-11 07:06:48.992  2745  5478 D LiftUpHandler: [LTW] Stopped already.
06-11 07:06:48.992  1918  6828 E AHAL: AudioDevice: SetParameters: 1645: Error in SecSetParameters -2
06-11 07:06:48.993  1918  6828 D AHAL: factory: FactorySetParameters: 58: Enter
06-11 07:06:48.993  1918  6828 D AHAL: Effect: EffectSetParameters: 245: Enter
06-11 07:06:48.993  1918  6828 D AHAL: Effect: EffectSetParameters: 285: Exit
06-11 07:06:48.993  1918  6828 D AHAL: AudioDevice: SetParameters: 1692:  - screen = on
06-11 07:06:48.993  1918  6828 I PAL: ResourceManager: setParameter: 8093: Screen State:1
06-11 07:06:48.993  1918  6828 D AHAL: AudioDevice: SetParameters: 2332: exit: screen_state=on
06-11 07:06:48.993  2745  2745 D AODManagerService: requestReCalToTSP IsSingleTouchMode = falserequestedReCalToTSP = false / previousDisplayState = ON
06-11 07:06:48.993  2745  3219 D SGM:FgCheckThread: onLooperPrepared(), msg: MSG_LCD_ON
06-11 07:06:48.993  1918  6828 I Audio_a2dpsink_hw: adev_set_parameters: kevpairs=[screen_state=on]
06-11 07:06:48.994  4231  4330 D StackScroller: onDisplayChanged for predraw skip to 2
06-11 07:06:48.995  2745  5241 D WifiDisplayAdapter: isFitToActiveDisplayLocked : false
06-11 07:06:48.995  2745  3441 D AS.DesktopModeHelper: onDisplayChanged: #Id=0
06-11 07:06:48.998  2062  2062 I SurfaceFlinger: destroyed com.worksoc.goaicoach/com.worksoc.goaicoach.MainActivity$_18096#24034 form LifecycleManager
06-11 07:06:48.998  2062  2062 I SurfaceFlinger: destroyed Surface(name=967207b com.worksoc.goaicoach/com.worksoc.goaicoach.MainActivity)/@0xfafe662 - animation-leash of window_animation#24038 form LifecycleManager
06-11 07:06:48.998  2062  2062 I SurfaceFlinger: destroyed 967207b com.worksoc.goaicoach/com.worksoc.goaicoach.MainActivity#24031 form LifecycleManager
06-11 07:06:48.998  2062  2062 I SurfaceFlinger: [LayerHierarchy{RequestedLayerState{Dim Layer for - Task=42720#24036 z=-1} no children}] reparent to OffscreenRoot
06-11 07:06:48.998  2062  2062 I SurfaceFlinger: [LayerHierarchy{RequestedLayerState{Dim Layer for - Task=42720#24036 z=-1} no children}] RelativeParent to null
06-11 07:06:48.998  2062  2062 I SurfaceFlinger: id=24034 onLayerDestroyed from LayerHierarchyBuilder(RequestedLayerState{com.worksoc.goaicoach/com.worksoc.goaicoach.MainActivity$_18096#24034 !handle})
06-11 07:06:48.998  2062  2062 I SurfaceFlinger: id=24038 onLayerDestroyed from LayerHierarchyBuilder(RequestedLayerState{Surface(name=967207b com.worksoc.goaicoach/com.worksoc.goaicoach.MainActivity)/@0xfafe662 - animation-leash of window_animation#24038 !handle z=1})
06-11 07:06:48.998  2062  2062 I SurfaceFlinger: id=24031 onLayerDestroyed from LayerHierarchyBuilder(RequestedLayerState{967207b com.worksoc.goaicoach/com.worksoc.goaicoach.MainActivity#24031 !handle z=1})
06-11 07:06:49.002  4231  4231 D DisplayLifecycle: updateDisplay id = 0
06-11 07:06:49.002  2062  2062 I Layer   : id=24034 Destroyed com.worksoc.goaicoach/com.worksoc.goaicoach.MainActivity$_18096#24034
06-11 07:06:49.002  2062  2062 I Layer   : id=24038 Destroyed Surface(name=967207b com.worksoc.goaicoach/com.worksoc.goaicoach.MainActivity)/@0xfafe662 - animation-leash of window_animation#24038
06-11 07:06:49.002  2062  2062 I Layer   : id=24031 Destroyed 967207b com.worksoc.goaicoach/com.worksoc.goaicoach.MainActivity#24031
06-11 07:06:49.002  2062  2062 I SurfaceFlinger: id=24036 Removed Dim Layer for - Task=42720#24036 (337)
06-11 07:06:49.015  2062  2062 I SurfaceFlinger: destroyed Dim Layer for - Task=42720#24036 form LifecycleManager
06-11 07:06:49.015  2062  2062 I SurfaceFlinger: id=24036 onLayerDestroyed from LayerHierarchyBuilder(RequestedLayerState{Dim Layer for - Task=42720#24036 !handle z=-1})
06-11 07:06:49.018  2062  2062 I Layer   : id=24036 Destroyed Dim Layer for - Task=42720#24036
06-11 07:06:49.031  2745  3405 D WifiStaIfaceHidlImpl: getCachedScanData is not implemented by HIDL
06-11 07:06:49.057  2745  5646 D SemWifiUsabilityStatsMonitor: onWifiUsabilityStats - seqNum 9797, isSameBssidAndFreq true
06-11 07:06:49.058  2745  3502 E SemWifiLinkQualityMonitor: Too old or invalid TMI: currentTime=1781129209058 lastDateWindow=1781129197000
06-11 07:06:49.099  4231  4231 D QSClock : onDarkChanged tint=DARK
06-11 07:06:49.133  7599  9044 I SDHMS:x : SIOP:: AP:389 BAT:347 USB:342 CHG:373 PA:386 WIFI:380 CF:356 BLK:0 SUBBAT:0 SKIN:346 SKINF:346 SKINB:344 LRP:346 LRP2:346 LRF2:346 LRB2:344 AP2:346 CHG2:343 WIFI2:344 UANT2:343 RCV2:341 SPK2:335 FCAM:342 UPSPK:359 DNSPK:342 AMB:280 AVGCUR:-550 POWER:-2115
06-11 07:06:49.348  2745  2805 D SGM:GameManager: identifyForegroundApp. com.worksoc.goaicoach, mCurrentUserId: 0, callerUserId: 0
06-11 07:06:49.348  2745  2805 D SGM:SemGameManager: isForegroundGame(), ret=false
06-11 07:06:49.373  8779  8779 I InputMethodService: removeImeSurface
06-11 07:06:49.373  8779  8779 I InputMethodService: cancelImeSurfaceRemoval: removeCallbacks
06-11 07:06:49.388  2034  2073 E HeatmapThread: ECT Thread time in milliseconds: 1781129209
06-11 07:06:49.388  2034  2073 D HeatmapThread: !@ batteryplugType : 0
06-11 07:06:49.388  2034  2073 D HeatmapThread: !@ batteryLevel : 0  batteryTemperature : 0 
06-11 07:06:49.388  2034  2073 D HeatmapThread: !@ Heatmap currtime: 29685486
06-11 07:06:49.388  2034  2073 D HeatmapThread: !@ Heatmap prevtime: 29685471
06-11 07:06:49.388  2034  2073 D HeatmapThread: !@ Heatmap plugstarttime: 35791394
06-11 07:06:49.388  2034  2073 D HeatmapThread: !@ Heatmap prevv_dsoh_update_time: 29682402
06-11 07:06:49.389  2034  2073 E HeatmapThread: !@Could not open '/efs/FactoryApp/bsoh', errno = 13
06-11 07:06:49.389  2034  2073 E HeatmapThread: !@ CAM Could not access BSOH EFS
06-11 07:06:49.389  2034  2073 E HeatmapThread: !@ CAM New BSOH: 0
06-11 07:06:49.684  1153  1153 D io_stats: !@   8,0 r 22657228 411384719 w 5871638 93079356 d 1577053 220342568 f 0 680821 iot 9195856 0 th 0 0 0 pt 0 inp 0 0 121063.218
06-11 07:06:49.684  1153  1153 D io_stats: !@ Read_top(KB): system_server(2745) 848 f2fs_ckpt-254:5(4519) 8
06-11 07:06:49.684  1153  1153 D io_stats: !@ Write_top(KB): system_server(2745) 284 f2fs_ckpt-254:5(4519) 108 init(1) 56
06-11 07:06:50.388  2034  2073 E HeatmapThread: ECT Thread time in milliseconds: 1781129210
06-11 07:06:50.388  2034  2073 D HeatmapThread: !@ batteryplugType : 0
06-11 07:06:50.388  2034  2073 D HeatmapThread: !@ batteryLevel : 0  batteryTemperature : 0 
06-11 07:06:50.388  2034  2073 D HeatmapThread: !@ Heatmap currtime: 29685486
06-11 07:06:50.388  2034  2073 D HeatmapThread: !@ Heatmap prevtime: 29685471
06-11 07:06:50.388  2034  2073 D HeatmapThread: !@ Heatmap plugstarttime: 35791394
06-11 07:06:50.389  2034  2073 D HeatmapThread: !@ Heatmap prevv_dsoh_update_time: 29682402
06-11 07:06:50.389  2034  2073 E HeatmapThread: !@Could not open '/efs/FactoryApp/bsoh', errno = 13
06-11 07:06:50.389  2034  2073 E HeatmapThread: !@ CAM Could not access BSOH EFS
06-11 07:06:50.389  2034  2073 E HeatmapThread: !@ CAM New BSOH: 0
06-11 07:06:50.983  2745  4736 I NSLocationMonitor: getGPSUsingApps() called
06-11 07:06:50.984  4710  4768 I NSLocationManager_FLP: getGPSUsingApps, No change
06-11 07:06:50.999  2745  4736 D FreecessHandler: freeze com.kakao.page(15010371) result : 2
06-11 07:06:51.126  2745  3556 D NetdEventListenerService: DNS Requested by 169, 10875(com.lgt.tmoney), SUCCESS, 1ms
06-11 07:06:51.356  1938 15886 I sensors-hal: handle_sns_client_event:185, auto_rotation_debug_2 mode,255, type,1,0 acc,0.146,-0.148,9.945, ar,0, ver,14, pedo,1,e,1,i,3
06-11 07:06:51.388  2034  2073 E HeatmapThread: ECT Thread time in milliseconds: 1781129211
06-11 07:06:51.388  2034  2073 D HeatmapThread: !@ batteryplugType : 0
06-11 07:06:51.388  2034  2073 D HeatmapThread: !@ batteryLevel : 0  batteryTemperature : 0 
06-11 07:06:51.388  2034  2073 D HeatmapThread: !@ Heatmap currtime: 29685486
06-11 07:06:51.388  2034  2073 D HeatmapThread: !@ Heatmap prevtime: 29685471
06-11 07:06:51.388  2034  2073 D HeatmapThread: !@ Heatmap plugstarttime: 35791394
06-11 07:06:51.388  2034  2073 D HeatmapThread: !@ Heatmap prevv_dsoh_update_time: 29682402
06-11 07:06:51.388  2034  2073 E HeatmapThread: !@Could not open '/efs/FactoryApp/bsoh', errno = 13
06-11 07:06:51.388  2034  2073 E HeatmapThread: !@ CAM Could not access BSOH EFS
06-11 07:06:51.388  2034  2073 E HeatmapThread: !@ CAM New BSOH: 0
06-11 07:06:51.683  2745  2865 D PowerManagerService: UserActivityStateListenerState: 0
06-11 07:06:51.793  1938 15888 I sensors-hal: handle_sns_std_sensor_event:311, [SSC_LIGHT] P: 59(59),m:7,c:267,b:72,c0:4912,l:54,f(r):100,u(bl):100,j:60
06-11 07:06:52.023  1946 18125 I HYPER-HAL: [RequestManager.cpp]releaseLocked(): Released ID : 3837860
06-11 07:06:52.123  2745  3405 D WifiStaIfaceHidlImpl: getCachedScanData is not implemented by HIDL
06-11 07:06:52.163  2745  5646 D SemWifiUsabilityStatsMonitor: onWifiUsabilityStats - seqNum 9798, isSameBssidAndFreq true
06-11 07:06:52.165  2745  3502 E SemWifiLinkQualityMonitor: Too old or invalid TMI: currentTime=1781129212165 lastDateWindow=1781129197000
06-11 07:06:52.231 15474 15474 I wpa_supplicant: Heartbeat 2379
