06-11 07:15:01.629  1918  2900 D AHAL: AudioStream: Open: 3285: msample_rate 0 mchannels 0
06-11 07:15:01.629  1918  2900 D AHAL: AudioStream: Open: 3286: mNoOfOutDevices 1
06-11 07:15:01.629  1918  2900 I PAL: API: pal_stream_open: 153: Enter, stream type:8
06-11 07:15:01.629  1918  2900 I PAL: ResourceManager: isStreamSupported: 2472: config suppported
06-11 07:15:01.629  1918  2900 I PAL: ResourceManager: getActiveStream_l: 4987: no active streams found for device 2 ret -2
06-11 07:15:01.629  1918  2900 I PAL: ResourceManager: getActiveStream_l: 4987: no active streams found for device 3 ret -2
06-11 07:15:01.629  1918  2900 I PAL: Device: setDeviceAttributes: 303: DeviceAttributes for Device Id 3 updated
06-11 07:15:01.629  1918  2900 I PAL: ResourceManager: allocateFrontEndIds: 5724: allocateFrontEndIds: front end 124
06-11 07:15:01.629  1918  2900 I PAL: PayloadBuilder: populateStreamKV: 2535: stream type 8
06-11 07:15:01.629  1918  2900 I PAL: PayloadBuilder: getSelectorValues: 2363: Direction: 1
06-11 07:15:01.629  1918  2900 I PAL: PayloadBuilder: getSelectorValues: 2379: Instance: 1
06-11 07:15:01.629  1918  2900 I PAL: PayloadBuilder: findKVs: 2252: key: 0xa1000000 value: 0xa1000014
06-11 07:15:01.629  1918  2900 I PAL: PayloadBuilder: findKVs: 2252: key: 0xab000000 value: 0x1
06-11 07:15:01.629  1918  2900 I PAL: PayloadBuilder: populateStreamCkv: 2756: Entered default a4000000 f
06-11 07:15:01.630  2364 20778 V NuPlayer: media rendering started
06-11 07:15:01.630  2364 20778 V MediaPlayerService: [479] notify (6, 0, 0)
06-11 07:15:01.631  1918  2900 I PAL: PayloadBuilder: populateDeviceKV: 2599: Enter device id:3
06-11 07:15:01.631  1918  2900 I PAL: PayloadBuilder: findKVs: 2265: key: 0xa2000000 value: 0xa2000001
06-11 07:15:01.631  1918  2900 I PAL: PayloadBuilder: populateDeviceKV: 2627: Exit device id:3, status 0
06-11 07:15:01.631  1918  2900 I PAL: PayloadBuilder: populateDevicePPKV: 2680: Rx device id:3
06-11 07:15:01.631  1918  2900 I PAL: PayloadBuilder: getSelectorValues: 2433: stream type: 8
06-11 07:15:01.631  1918  2900 I PAL: PayloadBuilder: findKVs: 2252: key: 0xa2000000 value: 0xa2000001
06-11 07:15:01.631  1918  2900 I PAL: PayloadBuilder: findKVs: 2252: key: 0xac000000 value: 0xac000002
06-11 07:15:01.631  1918  2900 I PAL: PayloadBuilder: populateDevicePPCkv: 2823: SpeakerProt Status[0], RAS Status[0]
06-11 07:15:01.632  2364 20786 I MediaClock: getMediaTime_l - mAnchorTimeRealUs is '-1'
06-11 07:15:01.632  2364 20786 I MediaClock: getMediaTime_l - mAnchorTimeRealUs is '-1'
06-11 07:15:01.632  2364 20786 I MediaClock: getMediaTime_l - mAnchorTimeRealUs is '-1'
06-11 07:15:01.632  1959 29327 D agm_server_wrapper: Aif id 27 already added to session list of 124
06-11 07:15:01.632  1918  2900 I PAL: Device: open: 373: Enter. deviceCount 0 for device id 3 (PAL_DEVICE_OUT_SPEAKER)
06-11 07:15:01.633  1918  2900 I PAL: SessionAlsaUtils: setDeviceMediaConfig: 781: TDM-LPAIF-RX-PRIMARY rate ch fmt data_fmt 48000 2 6 1
06-11 07:15:01.634  1918  2900 D audio_route: Apply path: speaker
06-11 07:15:01.635  4231  4645 D SoundCraft.PlayingAudioConditionHandler: onPlaybackConfigChanged : lastStartedPackageName=null, lastStartedUid=-1, newStartedUid=-1, newStartPackageName=null, thread=Thread[RoutineHandlerThread,5,main]
06-11 07:15:01.638 20345 20345 I StateUtils: isInCallState callState = 0
06-11 07:15:01.638 20345 20345 I StateUtils: isInVoipCall = false
06-11 07:15:01.638  2364 20786 I MediaClock: getMediaTime_l - mAnchorTimeRealUs is '-1'
06-11 07:15:01.639  2364 20786 I MediaClock: getMediaTime_l - mAnchorTimeRealUs is '-1'
06-11 07:15:01.639  2364 20786 I MediaClock: getMediaTime_l - mAnchorTimeRealUs is '-1'
06-11 07:15:01.639 20345 20345 I StateUtils: mAudioManager.getMode() = 0:MODE_NORMAL
06-11 07:15:01.639 20345 20345 I StateUtils: isCameraRunning: false
06-11 07:15:01.639  1918  2900 I PAL: Device: open: 408: Exit. deviceCount 1 for device id 3 (PAL_DEVICE_OUT_SPEAKER), exit status: 0
06-11 07:15:01.640  1918  2900 I PAL: API: pal_stream_open: 185: Exit. Value of stream_handle 0xb4000071880178b0K, status 0 stream type:8
06-11 07:15:01.640  1918  2900 D AHAL: AudioStream: Open: 3296: (0:ret)
06-11 07:15:01.640  1918  2900 D AHAL: AudioStream: GetBufferSize: 3048: type 8
06-11 07:15:01.640  1918  2900 D AHAL: AudioStream: Open: 3457: fragment_size_ 3840 fragments_ 4
06-11 07:15:01.640  1918  2900 D AHAL: AudioStream: Open: 3509: Exit ret: 0
06-11 07:15:01.640  1918  2900 D AHAL: AudioStream: ~AutoPerfLock: 159: (release) perf_lock_handle: 0x0, count: 1
06-11 07:15:01.640  1918  2900 D AHAL: AudioStream: ~AutoPerfLock: 163: Releasing perf_lock_handle: 0x0
06-11 07:15:01.640  1918  2900 D AHAL: AudioStream: AutoPerfLock: 149: (Acquired) perf_lock_handle: 0x0, count: 1
06-11 07:15:01.640  1918  2900 I PAL: API: pal_stream_start: 227: Enter. Stream handle 0xb4000071880178b0K
06-11 07:15:01.640  1918  2900 I PAL: SessionAlsaUtils: setDeviceMediaConfig: 781: TDM-LPAIF-RX-PRIMARY rate ch fmt data_fmt 48000 2 6 1
06-11 07:15:01.640  1918  2900 I PAL: ResourceManager: voteSleepMonitor: 1449: Enter for stream type 8
06-11 07:15:01.640  1918  2900 I PAL: ResourceManager: voteSleepMonitor: 1501: Voting done for nlpi use case, lpi votes 0, nlpi votes : 1
06-11 07:15:01.641  2364  3739 V MediaPlayerService: [479] getRoutedDeviceIds
06-11 07:15:01.641  2364  3739 V AudioSink: getRoutedDeviceIds
06-11 07:15:01.642  2364 20786 I MediaClock: getMediaTime_l - mAnchorTimeRealUs is '-1'
06-11 07:15:01.643  2364 20786 I MediaClock: getMediaTime_l - mAnchorTimeRealUs is '-1'
06-11 07:15:01.643  1918  2900 D agm_client_wrapper: agm_session_open called with handle = db39bd90 , *handle = 0
06-11 07:15:01.644  2364 20786 I MediaClock: getMediaTime_l - mAnchorTimeRealUs is '-1'
06-11 07:15:01.645  2364 20786 I MediaClock: getMediaTime_l - mAnchorTimeRealUs is '-1'
06-11 07:15:01.648  2364 20786 I MediaClock: getMediaTime_l - mAnchorTimeRealUs is '-1'
06-11 07:15:01.649  2364 20786 I MediaClock: getMediaTime_l - mAnchorTimeRealUs is '-1'
06-11 07:15:01.650  2364 20786 I MediaClock: getMediaTime_l - mAnchorTimeRealUs is '-1'
06-11 07:15:01.650  2364 20786 I MediaClock: getMediaTime_l - mAnchorTimeRealUs is '-1'
06-11 07:15:01.650  2030  4646 D NativePermissionController: checkPermission: missing 13 for 10176
06-11 07:15:01.650  2364 20786 I MediaClock: getMediaTime_l - mAnchorTimeRealUs is '-1'
06-11 07:15:01.650  2364 20786 I MediaClock: getMediaTime_l - mAnchorTimeRealUs is '-1'
06-11 07:15:01.651  2030  4646 D NativePermissionController: checkPermission: missing 13 for 10176
06-11 07:15:01.652  2364 20786 I MediaClock: getMediaTime_l - mAnchorTimeRealUs is '-1'
06-11 07:15:01.653  2364 20786 I MediaClock: getMediaTime_l - mAnchorTimeRealUs is '-1'
06-11 07:15:01.653  2364 20786 I MediaClock: getMediaTime_l - mAnchorTimeRealUs is '-1'
06-11 07:15:01.654  2364 20786 I MediaClock: getMediaTime_l - mAnchorTimeRealUs is '-1'
06-11 07:15:01.655  2030  4646 D NativePermissionController: checkPermission: missing 13 for 10176
06-11 07:15:01.655  2030  4646 D NativePermissionController: checkPermission: missing 13 for 10176
06-11 07:15:01.657  2364  3739 I MediaClock: getMediaTime_l - mAnchorTimeRealUs is '-1'
06-11 07:15:01.659  4231  4645 D SoundCraft.PlayingAudioConditionHandler: onPlaybackConfigChanged : lastStartedPackageName=null, lastStartedUid=-1, newStartedUid=-1, newStartPackageName=null, thread=Thread[RoutineHandlerThread,5,main]
06-11 07:15:01.673  1959 15125 D AGM: graph: graph_open: 561 entry
06-11 07:15:01.673  1959 15125 D AGM: metadata: metadata_print: 77 *************************Metadata*************************
06-11 07:15:01.674  1959 15125 D AGM: metadata: metadata_print: 78 GKV size:4
06-11 07:15:01.674  1959 15125 D AGM: metadata: metadata_print: 81 key:0xa1000000, value:0xa1000014 
06-11 07:15:01.674  1959 15125 D AGM: metadata: metadata_print: 81 key:0xab000000, value:0x1 
06-11 07:15:01.674  1959 15125 D AGM: metadata: metadata_print: 81 key:0xa2000000, value:0xa2000001 
06-11 07:15:01.674  1959 15125 D AGM: metadata: metadata_print: 81 key:0xac000000, value:0xac000002 
06-11 07:15:01.674  1959 15125 D AGM: metadata: metadata_print: 85 
06-11 07:15:01.674  1959 15125 D AGM: metadata: CKV count:2
06-11 07:15:01.674  1959 15125 D AGM: metadata: metadata_print: 88 key:0xa4000000, value:0xf 
06-11 07:15:01.674  1959 15125 D AGM: metadata: metadata_print: 88 key:0xd2000000, value:0x0 
06-11 07:15:01.674  1959 15125 D AGM: metadata: metadata_print: 90 
06-11 07:15:01.674  1959 15125 D AGM: metadata: metadata_print: 92 Property ID:134217744
06-11 07:15:01.674  1959 15125 D AGM: metadata: metadata_print: 93 property count:4
06-11 07:15:01.674  1959 15125 D AGM: metadata: metadata_print: 96 Property Values: 
06-11 07:15:01.674  1959 15125 D AGM: metadata: metadata_print: 98 0x1 
06-11 07:15:01.674  1959 15125 D AGM: metadata: metadata_print: 98 0x3 
06-11 07:15:01.674  1959 15125 D AGM: metadata: metadata_print: 98 0x2 
06-11 07:15:01.674  1959 15125 D AGM: metadata: metadata_print: 98 0x5 
06-11 07:15:01.674  1959 15125 D AGM: metadata: metadata_print: 100 
06-11 07:15:01.674  1959 15125 D AGM: metadata: metadata_print: 101 ****************Metadata Done***************************
06-11 07:15:01.674  1959 15125 D AGM: metadata: 
06-11 07:15:01.674  1959 15125 E ACDB    : AcdbCmdGetGraphAlias:4153 Error[19]: Graph Alias chunk data does not exist. Is it enabled?.
06-11 07:15:01.674  1959 15125 D AGM: graph: print_graph_alias: 2079 gsl_get_graph_alias failed: ret = 19
06-11 07:15:01.675  1959 15125 D AGM: graph: graph_open: 634 miid 47f3 mid 7001000 tag c0000002
06-11 07:15:01.675  1959 15125 D AGM: graph: graph_open: 677 miid 4875 mid 700100e tag c0000004
06-11 07:15:01.675  1959 15125 D AGM: graph: graph_open: 634 miid 47fa mid 7001019 tag c0000006
06-11 07:15:01.675  1959 15125 D AGM: graph: graph_open: 634 miid 47f5 mid 7001005 tag c000000e
06-11 07:15:01.675  1959 15125 D AGM: graph: graph_open: 634 miid 47f6 mid 7001003 tag c0000010
06-11 07:15:01.675  1959 15125 D AGM: graph: graph_open: 634 miid 47fd mid 7001032 tag c0000013
06-11 07:15:01.675  1959 15125 I GPR:    : __gpr_cmd_register_v2:902 GPR Register: Source Port is 8208 heap_index: 0
06-11 07:15:01.676  1959 15125 I gsl     : gsl_graph_open_sgids_and_connections:2722 num_sgid= 4
06-11 07:15:01.676  1959 15125 I gsl     : gsl_graph_open_sgids_and_connections:2723 sg list:
06-11 07:15:01.676  1959 15125 I gsl     : gsl_graph_open_sgids_and_connections:2725 b0000002
06-11 07:15:01.676  1959 15125 I gsl     : gsl_graph_open_sgids_and_connections:2725 b0000008
06-11 07:15:01.676  1959 15125 I gsl     : gsl_graph_open_sgids_and_connections:2725 b000012e
06-11 07:15:01.676  1959 15125 I gsl     : gsl_graph_open_sgids_and_connections:2725 b000012d
06-11 07:15:01.676  1959 15125 I gsl     : gsl_print_sg_conn_info:180 num_sg_conn = 3
06-11 07:15:01.676  1959 15125 I gsl     : gsl_print_sg_conn_info:182 sg b0000008 has 1 children:
06-11 07:15:01.676  1959 15125 I gsl     : gsl_print_sg_conn_info:185 b0000002, 
06-11 07:15:01.676  1959 15125 I gsl     : gsl_print_sg_conn_info:182 sg b000012e has 1 children:
06-11 07:15:01.676  1959 15125 I gsl     : gsl_print_sg_conn_info:185 b0000008, 
06-11 07:15:01.676  1959 15125 I gsl     : gsl_print_sg_conn_info:182 sg b000012d has 1 children:
06-11 07:15:01.676  1959 15125 I gsl     : gsl_print_sg_conn_info:185 b000012e, 
06-11 07:15:01.694 20345 20345 I AlarmService: increaseVolume() -> 
06-11 07:15:01.694 20345 20345 I AlarmService: mCurVol = 0.208555
06-11 07:15:01.695 20345 20345 I AlarmMediaPlayer: AlarmMediaPlayer setVolume : 0.212312
06-11 07:15:01.696  2364  3739 V MediaPlayerService: [479] setVolume(0.212312, 0.212312)
06-11 07:15:01.696  2364  3739 V AudioSink: setVolume(0.212312, 0.212312)
06-11 07:15:01.696  2364  3739 D AudioTrack: setVolume(0.212312, 0.212312) pid : 20345
06-11 07:15:01.701  1959 15125 E ACDB    : AcdbCmdGetProcSubgraphCalDataPersist:8408 Error[19]: No calibration found
06-11 07:15:01.701  1959 15125 E ACDB    : AcdbCmdGetProcSubgraphCalDataPersist:8408 Error[19]: No calibration found
06-11 07:15:01.701  1959 15125 E ACDB    : AcdbCmdGetProcSubgraphCalDataPersist:8408 Error[19]: No calibration found
06-11 07:15:01.702  1959 15125 E ACDB    : AcdbCmdGetProcSubgraphCalDataPersist:8408 Error[19]: No calibration found
06-11 07:15:01.702  1959 15125 D AGM: graph: graph_open: 709 graph_handle 0x47534c
06-11 07:15:01.702  1959 15125 D AGM: graph: graph_open: 743 exit, ret 0
06-11 07:15:01.702  1918  2900 D agm_client_wrapper: agm_session_open Received handle = 0x70db39bd90 , *handle = b40000730726ea10
06-11 07:15:01.703  1918  2900 D PLUGIN: pcm: agm_pcm_hw_params: 464 agm_pcm_hw_params: mode: 0
06-11 07:15:01.705  1918  2900 I PAL: PayloadBuilder: payloadMFCConfig: 398: sample_rate:48000 bit_width:24 num_channels:2 Miid:18430
06-11 07:15:01.705  1918  2900 I PAL: Session: updateCustomPayload: 362: customPayloadSize = 32
06-11 07:15:01.705  1959 15125 D AGM: graph: graph_set_config: 1102 entry graph_handle 0x47534c
06-11 07:15:01.706  1959 15125 D AGM: graph: graph_set_config: 1110 exit, graph handle 0x47534c, ret 0
06-11 07:15:01.707  1959 29327 D AGM: graph: graph_prepare: 804 entry graph_handle 0x47534c
06-11 07:15:01.707  1959 29327 D AGM: graph_module: configure_pcm_shared_mem_ep: 1441 entry mod tag c0000002 miid 47f3 mid 7001000
06-11 07:15:01.707  1959 29327 D AGM: graph_module: configure_pcm_shared_mem_ep: 1517 exit, ret 0
06-11 07:15:01.707  1959 29327 D AGM: graph_module: configure_hw_ep_media_config: 629 entry mod tag c0000004 miid 4875 mid 700100e
06-11 07:15:01.708  1959 29327 D AGM: graph_module: configure_hw_ep_media_config: 659 rate 48000 bw 24 ch 2, data_fmt 1
06-11 07:15:01.708  1959 29327 D AGM: graph_module: configure_hw_ep_media_config: 669 exit, ret 0
06-11 07:15:01.709  1959 29327 D AGM: graph_module: configure_tdm_ep: 445 exit, ret 0
06-11 07:15:01.709  1959 29327 D AGM: graph_module: configure_output_media_format: 752 entry mod tag c000000e miid 47f5 mid 7001005
06-11 07:15:01.710  1959 29327 D AGM: graph_module: configure_output_media_format: 883 exit, ret 0
06-11 07:15:01.710  1959 29327 D AGM: graph_module: configure_output_media_format: 752 entry mod tag c0000010 miid 47f6 mid 7001003
06-11 07:15:01.711  1959 29327 D AGM: graph_module: configure_output_media_format: 883 exit, ret 0
06-11 07:15:01.711  1959 29327 D AGM: graph_module: configure_spr: 1632 SPR module IID 47fd
06-11 07:15:01.711  1959 29327 D AGM: graph_module: configure_spr: 1655 HW EP module IID 4875
06-11 07:15:01.712  1959 29327 D AGM: graph: configure_buffer_params: 165 Enter
06-11 07:15:01.712  1959 29327 D AGM: graph: configure_buffer_params: 228 Playback sess buf_sz 3840 num_bufs 4
06-11 07:15:01.712  1959 29327 E AGM: graph: configure_buffer_params: 258 Unsupported buffer mode : 0, Default to Blocking
06-11 07:15:01.713  1959 29327 D AGM: graph: configure_buffer_params: 278 exit, ret 0
06-11 07:15:01.722  1959 29327 D AGM: graph: graph_prepare: 882 exit, ret 0
06-11 07:15:01.723  1959 15125 D AGM: graph: graph_start: 896 entry graph_handle 0x47534c
06-11 07:15:01.732  1959 15125 D AGM: graph: graph_start: 908 exit, ret 0
06-11 07:15:01.751  1959 29327 I gsl     : gsl_graph_send_persist_cal:860 Skipping persist cal for SG_ID -1342177278: already started
06-11 07:15:01.751  1959 29327 I gsl     : gsl_graph_send_persist_cal:860 Skipping persist cal for SG_ID -1342177272: already started
06-11 07:15:01.751  1959 29327 I gsl     : gsl_graph_send_persist_cal:860 Skipping persist cal for SG_ID -1342176978: already started
06-11 07:15:01.751  1959 29327 I gsl     : gsl_graph_send_persist_cal:860 Skipping persist cal for SG_ID -1342176979: already started
06-11 07:15:01.751  1918  2900 I PAL: SessionAlsaPcm: start: 1340: Setting volume success
06-11 07:15:01.752  1918  2900 I PAL: API: pal_stream_start: 241: Exit. status 0
06-11 07:15:01.752  1918  2900 I AHAL: AudioStream: configurePalOutputStream: 3728: notify GEF client of device config
06-11 07:15:01.752  1918  2900 D AHAL: AudioStream: ~AutoPerfLock: 159: (release) perf_lock_handle: 0x0, count: 1
06-11 07:15:01.752  1918  2900 D AHAL: AudioStream: ~AutoPerfLock: 163: Releasing perf_lock_handle: 0x0
06-11 07:15:01.756  2364 20786 D AudioTrack: getTimestamp_l(1026): device stall time corrected using current time 121555291052222
06-11 07:15:01.768  2364 20786 W AudioTrack: getTimestamp_l(1026): retrograde timestamp time corrected, 121555294459670 < 121555296294305
06-11 07:15:01.768  2745  3500 I SemWifiServiceDetector: Service det. resumed: T / T / 15562
06-11 07:15:01.789  1938 20758 I sensors-hal: handle_sns_client_event:625, [0][73] gyro_sample_cal(3) [ 0.000, 0.000,-0.000] 185587012162868
06-11 07:15:01.789  2364 20786 I NuPlayerRenderer: kWhatPollingAudioStarted clock running played_out : 27823 us, audio_out : 0 us, gap : 27823 us
06-11 07:15:01.789  2364 20786 I NuPlayerRenderer: kWhatPollingAudioStarted update nowMediaUs : 9156 us
06-11 07:15:01.789  2364 20778 V MediaPlayerService: [479] notify (211, 0, 0)
06-11 07:15:01.790  2364 20786 I MediaClock: setPlaybackRate rate : 1.000000
06-11 07:15:01.790  2364 20778 V MediaPlayerService: [479] notify (211, 0, 0)
06-11 07:15:01.790  2364 20786 I MediaClock: setSpeedAjust mSASpeed (0), mMinClockModificationTimeUs (80000)
06-11 07:15:01.821  7599  7599 I SDHMS:LOAD: type: LoadsFreqs, value: 15:11:0:1211136:2169600:806400:1445375:1881600:633600:301:421:285
06-11 07:15:01.829  2030  2797 D AudioFlinger: mixer(0xb4000078acd42520) throttle end: throttle time(32)
06-11 07:15:01.847 20345 20345 I StateUtils: mAudioManager.isVoiceCallActive = false
06-11 07:15:01.858 20345 20345 I StateUtils: isInCallState callState = 0
06-11 07:15:01.859 20345 20345 I StateUtils: isInVoipCall = false
06-11 07:15:01.859 20345 20345 I StateUtils: mAudioManager.getMode() = 0:MODE_NORMAL
06-11 07:15:01.860 20345 20345 I AudioManager: getParameters keys = g_interpreter_mode
06-11 07:15:01.861  2030  4646 D AudioFlinger: getParameters: filtered dev getParameters keyvalue g_interpreter_mode
06-11 07:15:01.862  1918  6828 V sec_audio_hw: sec_dev_get_parameters : g_interpreter_mode
06-11 07:15:01.862  1918  6828 D AHAL: FM: fm_get_parameters: 300: enter
06-11 07:15:01.862  1918  6828 D AHAL: FM: fm_get_parameters: 307: exit
06-11 07:15:01.869 20345 20345 I StateUtils: bRecordActive = false
06-11 07:15:01.869 20345 20345 I AudioManager: getParameters keys = g_interpreter_mode
06-11 07:15:01.870  2030  4646 D AudioFlinger: getParameters: filtered dev getParameters keyvalue g_interpreter_mode
06-11 07:15:01.870  1918  6828 V sec_audio_hw: sec_dev_get_parameters : g_interpreter_mode
06-11 07:15:01.871  1918  6828 D AHAL: FM: fm_get_parameters: 300: enter
06-11 07:15:01.871  1918  6828 D AHAL: FM: fm_get_parameters: 307: exit
06-11 07:15:01.875 20345 20345 I StateUtils: bRecordActive = false
06-11 07:15:01.876 20345 20345 I StateUtils: isDirectBootMode On : true
06-11 07:15:01.877 20345 20345 I StateUtils: isDirectBootMode On : true
06-11 07:15:01.877 20345 20345 I StateUtils: isUserUnlockedDevice : true
06-11 07:15:01.877 20345 20345 I StateUtils: isSoundModeOn : false
06-11 07:15:01.877 20345 20345 I StateUtils: isMannerModeState bVibrateForAlarms = false
06-11 07:15:01.878 20345 20345 I AlarmService: setMode() bRecordingState= false bMannerModeState= false mIsVoipCall = false, mIsVideoCall = false
06-11 07:15:01.878 20345 20345 I AlarmService: Not Emergency Call Back Mode
06-11 07:15:01.878 20345 20345 I AlarmService: setPlayModeBySoundSwitchAndAlarmType bRecordingState = false
06-11 07:15:01.878 20345 20345 I AlarmItem: isMainSoundOn() / mDailyBriefing[14] (ON = bit 0) = 10
06-11 07:15:01.878 20345 20345 I AlarmItem: isNewBixbyOn() / mDailyBriefing = [15] 10
06-11 07:15:01.878 20345 20345 I AlarmItem: isNewCelebOn() / mDailyBriefing = [16] 10
06-11 07:15:01.878 20345 20345 I AlarmItem: isAlarmToneOn() / mDailyBriefing[7] (ON = bit 0) = 10
06-11 07:15:01.878 20345 20345 I AlarmItem: isSoundOnState bSoundOnState = true
06-11 07:15:01.878 20345 20345 I AlarmItem: isMainSoundOn() / mDailyBriefing[14] (ON = bit 0) = 10
06-11 07:15:01.878 20345 20345 I AlarmItem: isNewBixbyOn() / mDailyBriefing = [15] 10
06-11 07:15:01.878 20345 20345 I AlarmItem: isNewCelebOn() / mDailyBriefing = [16] 10
06-11 07:15:01.878 20345 20345 I AlarmItem: isAlarmToneOn() / mDailyBriefing[7] (ON = bit 0) = 10
06-11 07:15:01.878 20345 20345 I AlarmItem: isSoundOnState bSoundOnState = true
06-11 07:15:01.878 20345 20345 I AlarmService: setPlayerPlayMode PLAY_NULL
06-11 07:15:01.879 20345 20345 I AlarmPlayerBase: mVibPattern = 50035
06-11 07:15:01.879 20345 20345 I AlarmPlayer: resume
06-11 07:15:01.879 20345 20345 I AlarmPlayer: resume - count is greater than 1
06-11 07:15:01.879 20345 20345 I StateUtils: isDndModeAlarmMuted : isAlarmMuted = false , flagZenMode = 0
06-11 07:15:01.879 20345 20345 I AlarmPlayer: play - PlayerMode = 0x11
06-11 07:15:01.880 20345 20345 I StateUtils: isDirectBootMode On : true
06-11 07:15:01.881 20345 20345 I StateUtils: isDirectBootMode On : true
06-11 07:15:01.881 20345 20345 I StateUtils: isUserUnlockedDevice : true
06-11 07:15:01.881 20345 20345 I StateUtils: isSoundModeOn : false
06-11 07:15:01.881 20345 20345 I StateUtils: isMannerModeState bVibrateForAlarms = false
06-11 07:15:01.881 20345 20345 I AlarmPlayer: playSound
06-11 07:15:01.884 20345 20345 I AlarmPlayerBase: playVibration
06-11 07:15:01.884 20345 20345 I StateUtils: isCameraRunning: false
06-11 07:15:01.946 20345 20345 I AlarmService: increaseVolume() -> 
06-11 07:15:01.946 20345 20345 I AlarmService: mCurVol = 0.212312
06-11 07:15:01.948 20345 20345 I AlarmMediaPlayer: AlarmMediaPlayer setVolume : 0.216745
06-11 07:15:01.948  2364  3739 V MediaPlayerService: [479] setVolume(0.216745, 0.216745)
06-11 07:15:01.948  2364  3739 V AudioSink: setVolume(0.216745, 0.216745)
06-11 07:15:01.948  2364  3739 D AudioTrack: setVolume(0.216745, 0.216745) pid : 20345
06-11 07:15:02.050  4695  4695 I adbd    : adbd service requested 'shell,v2,TERM=dumb,raw:input tap 542 1308'
06-11 07:15:02.098 20345 20345 I StateUtils: mAudioManager.isVoiceCallActive = false
06-11 07:15:02.102  2745  3095 D InputDispatcher: Inject motion (20798/2000): action=0x0, time=121555637000000, f=0x0, d=0 dsdx=1.000000 dtdx=0.000000
06-11 07:15:02.103  2745  3196 W InputDispatcher: partially obscured by 5b1455f androi
06-11 07:15:02.104  2745  3196 I InputDispatcher: Delivering touch to (4231): action: 0x4, f=0x0, d=0, '2a57a0a', t=1 
06-11 07:15:02.105  2745  3196 I InputDispatcher: Delivering touch to (20139): action: 0x0, f=0x2, d=0, '97e1f99', t=1 
06-11 07:15:02.106  2745  3196 D PowerManagerService: [api] userActivityFromNative : touch displayId=0 eventTime=121555637
06-11 07:15:02.106 20139 20139 I VRI[MainActivity]@b83b81: ViewPostIme pointer 0
06-11 07:15:02.107  2745  2803 I GestureDetector: obtain mCurrentDownEvent. id: -501618603 caller: com.android.server.wm.SystemGesturesPointerEventListener.onPointerEvent:17 com.android.server.wm.PointerEventDispatcher.onInputEvent:51 android.view.InputEventReceiver.dispatchInputEvent:392 
06-11 07:15:02.107  2745  2803 I GestureDetector: obtain mCurrentDownEvent. id: -501618603 caller: com.android.server.wm.SystemPerformancePointerEventListener.onPointerEvent:13 com.android.server.wm.PointerEventDispatcher.onInputEvent:51 android.view.InputEventReceiver.dispatchInputEvent:392 
06-11 07:15:02.108 20345 20345 I StateUtils: isInCallState callState = 0
06-11 07:15:02.108 20345 20345 I StateUtils: isInVoipCall = false
06-11 07:15:02.109 20345 20345 I StateUtils: mAudioManager.getMode() = 0:MODE_NORMAL
06-11 07:15:02.109 20139 20139 I VRI[MainActivity]@b83b81: call setFrameRateCategory for touch hint category=high hint, reason=touch, vri=VRI[MainActivity]@b83b81
06-11 07:15:02.109 20345 20345 I StateUtils: isCameraRunning: false
06-11 07:15:02.110  2745  3095 D InputDispatcher: Inject motion (20798/2000): action=0x1, time=121555637000000, f=0x0, d=0 dsdx=1.000000 dtdx=0.000000
06-11 07:15:02.111  2745  3196 I InputDispatcher: Delivering touch to (20139): action: 0x1, f=0x2, d=0, '97e1f99', t=1 
06-11 07:15:02.111 20139 20139 I VRI[MainActivity]@b83b81: ViewPostIme pointer 1
06-11 07:15:02.112  2745  2803 I GestureDetector: obtain mCurrentMotionEventRaw. action: 1 id: -742599752
06-11 07:15:02.112  2745  2803 I GestureDetector: obtain mCurrentMotionEventRaw. action: 1 id: -742599752
06-11 07:15:02.119  2062  2266 I VSyncReactor: Current= 60, Period= 60, Distance= 0
06-11 07:15:02.119  2062  2062 I SurfaceFlinger: [com.worksoc.goaicoach/com.worksoc.goaicoach.MainActivity$_20139#24071] setFrameRateCategory: HighHint
06-11 07:15:02.136  2062  2266 I VSyncReactor: Current= 60, Period= 60, Distance= 60
06-11 07:15:02.186  1153  1153 D io_stats: !@   8,0 r 22877907 412843207 w 5880044 93196584 d 1579939 220450408 f 0 681647 iot 9243932 0 th 0 0 0 pt 0 inp 0 0 121555.720
06-11 07:15:02.187  1153  1153 D io_stats: !@ Read_top(KB): binder:2360_2(2360) 15372 audio.service_6(1918) 628 mediaextractor(2362) 568
06-11 07:15:02.187  1153  1153 D io_stats: !@ Write_top(KB): system_server(2745) 424 kworker/u16:2(20653) 352 f2fs_ckpt-254:5(4519) 192
06-11 07:15:02.187  2062  2062 D SurfaceFlinger: GPIS:: requestGPISForClientComposition
06-11 07:15:02.192  2062  3295 D NativeSemDvfsManager: acquire:: timeout = 2000 mIsAcquired = 1  mTagName : SurfaceFlinger 
06-11 07:15:02.192  2062  3295 E NativeCustomFrequencyManager: [NativeCFMS] BpCustomFrequencyManager::acquire()
06-11 07:15:02.192  1946  2011 I HYPER-HAL: [RequestManager.cpp]acquire(): Acquired ID : 4690453  [2062 / 1000]    HINT : SF_GPU_MINLOCK    list : [TIMEOUT / 2000] 
06-11 07:15:02.197 20345 20345 I AlarmService: increaseVolume() -> 
06-11 07:15:02.197 20345 20345 I AlarmService: mCurVol = 0.216745
06-11 07:15:02.197 20345 20345 I AlarmMediaPlayer: AlarmMediaPlayer setVolume : 0.221852
06-11 07:15:02.197  2364  3739 V MediaPlayerService: [479] setVolume(0.221852, 0.221852)
06-11 07:15:02.197  2364  3739 V AudioSink: setVolume(0.221852, 0.221852)
06-11 07:15:02.197  2364  3739 D AudioTrack: setVolume(0.221852, 0.221852) pid : 20345
06-11 07:15:02.318 15474 15474 I wpa_supplicant: Heartbeat 2428
06-11 07:15:02.333  2745  3137 D MotionEngine: [CALIBRATION] Calibration Secess(2)[0.0037 -0.0021 0.0014]
06-11 07:15:02.343  1938 20749 I sensors-hal: handle_sns_client_event:550, [0][103] accel_sample [ 0.150, -0.147,  9.943] 185587567418805
06-11 07:15:02.348 20345 20345 I StateUtils: mAudioManager.isVoiceCallActive = false
06-11 07:15:02.353 20345 20345 I StateUtils: isInCallState callState = 0
06-11 07:15:02.353 20345 20345 I StateUtils: isInVoipCall = false
06-11 07:15:02.354 20345 20345 I StateUtils: mAudioManager.getMode() = 0:MODE_NORMAL
06-11 07:15:02.354 20345 20345 I AudioManager: getParameters keys = g_interpreter_mode
06-11 07:15:02.355  2030  4646 D AudioFlinger: getParameters: filtered dev getParameters keyvalue g_interpreter_mode
06-11 07:15:02.355  1918  6828 V sec_audio_hw: sec_dev_get_parameters : g_interpreter_mode
06-11 07:15:02.355  1918  6828 D AHAL: FM: fm_get_parameters: 300: enter
06-11 07:15:02.355  1918  6828 D AHAL: FM: fm_get_parameters: 307: exit
06-11 07:15:02.358 20345 20345 I StateUtils: bRecordActive = false
06-11 07:15:02.359 20345 20345 I AudioManager: getParameters keys = g_interpreter_mode
06-11 07:15:02.359  2030  4646 D AudioFlinger: getParameters: filtered dev getParameters keyvalue g_interpreter_mode
06-11 07:15:02.359  1918  6828 V sec_audio_hw: sec_dev_get_parameters : g_interpreter_mode
06-11 07:15:02.360  1918  6828 D AHAL: FM: fm_get_parameters: 300: enter
06-11 07:15:02.360  1918  6828 D AHAL: FM: fm_get_parameters: 307: exit
06-11 07:15:02.363 20345 20345 I StateUtils: bRecordActive = false
06-11 07:15:02.364 20345 20345 I StateUtils: isDirectBootMode On : true
06-11 07:15:02.365 20345 20345 I StateUtils: isDirectBootMode On : true
06-11 07:15:02.365 20345 20345 I StateUtils: isUserUnlockedDevice : true
06-11 07:15:02.365 20345 20345 I StateUtils: isSoundModeOn : false
06-11 07:15:02.365 20345 20345 I StateUtils: isMannerModeState bVibrateForAlarms = false
06-11 07:15:02.366 20345 20345 I AlarmService: setMode() bRecordingState= false bMannerModeState= false mIsVoipCall = false, mIsVideoCall = false
06-11 07:15:02.366 20345 20345 I AlarmService: Not Emergency Call Back Mode
06-11 07:15:02.366 20345 20345 I AlarmService: setPlayModeBySoundSwitchAndAlarmType bRecordingState = false
06-11 07:15:02.366 20345 20345 I AlarmItem: isMainSoundOn() / mDailyBriefing[14] (ON = bit 0) = 10
06-11 07:15:02.366 20345 20345 I AlarmItem: isNewBixbyOn() / mDailyBriefing = [15] 10
06-11 07:15:02.366 20345 20345 I AlarmItem: isNewCelebOn() / mDailyBriefing = [16] 10
06-11 07:15:02.366 20345 20345 I AlarmItem: isAlarmToneOn() / mDailyBriefing[7] (ON = bit 0) = 10
06-11 07:15:02.366 20345 20345 I AlarmItem: isSoundOnState bSoundOnState = true
06-11 07:15:02.367 20345 20345 I AlarmItem: isMainSoundOn() / mDailyBriefing[14] (ON = bit 0) = 10
06-11 07:15:02.367 20345 20345 I AlarmItem: isNewBixbyOn() / mDailyBriefing = [15] 10
06-11 07:15:02.367 20345 20345 I AlarmItem: isNewCelebOn() / mDailyBriefing = [16] 10
06-11 07:15:02.367 20345 20345 I AlarmItem: isAlarmToneOn() / mDailyBriefing[7] (ON = bit 0) = 10
06-11 07:15:02.367 20345 20345 I AlarmItem: isSoundOnState bSoundOnState = true
06-11 07:15:02.368 20345 20345 I AlarmService: setPlayerPlayMode PLAY_NULL
06-11 07:15:02.369 20345 20345 I AlarmPlayerBase: mVibPattern = 50035
06-11 07:15:02.369 20345 20345 I AlarmPlayer: resume
06-11 07:15:02.369 20345 20345 I AlarmPlayer: resume - count is greater than 1
06-11 07:15:02.369 20345 20345 I StateUtils: isDndModeAlarmMuted : isAlarmMuted = false , flagZenMode = 0
06-11 07:15:02.369 20345 20345 I AlarmPlayer: play - PlayerMode = 0x11
06-11 07:15:02.370 20345 20345 I StateUtils: isDirectBootMode On : true
06-11 07:15:02.371 20345 20345 I StateUtils: isDirectBootMode On : true
06-11 07:15:02.371 20345 20345 I StateUtils: isUserUnlockedDevice : true
06-11 07:15:02.371 20345 20345 I StateUtils: isSoundModeOn : false
06-11 07:15:02.371 20345 20345 I StateUtils: isMannerModeState bVibrateForAlarms = false
06-11 07:15:02.371 20345 20345 I AlarmPlayer: playSound
06-11 07:15:02.373 20345 20345 I AlarmPlayerBase: playVibration
06-11 07:15:02.373 20345 20345 I StateUtils: isCameraRunning: false
06-11 07:15:02.375 20139 20151 I rksoc.goaicoach: Compiler allocated 4200KB to compile void com.worksoc.goaicoach.ui.GoCoachAppKt.GoCoachScreen(com.worksoc.goaicoach.shared.EngineAdapter, java.lang.String, java.lang.String, androidx.compose.runtime.Composer, int)
06-11 07:15:02.382  2745  3137 D MotionEngine: [@@@ Motion Engine @@@] GetMotionScenarioId 0.141177 -0.141775 9.947562 -0.003675 -0.032900 -0.005775 8 51 20
06-11 07:15:02.382  2745  3137 D MotionEngine: [@@@ Motion Engine @@@] GnStuckMode 0 
06-11 07:15:02.388  2034  2073 E HeatmapThread: ECT Thread time in milliseconds: 1781129702
06-11 07:15:02.388  2034  2073 D HeatmapThread: !@ batteryplugType : 0
06-11 07:15:02.388  2034  2073 D HeatmapThread: !@ batteryLevel : 0  batteryTemperature : 0 
06-11 07:15:02.388  2034  2073 D HeatmapThread: !@ Heatmap currtime: 29685495
06-11 07:15:02.388  2034  2073 D HeatmapThread: !@ Heatmap prevtime: 29685471
06-11 07:15:02.388  2034  2073 D HeatmapThread: !@ Heatmap plugstarttime: 35791394
06-11 07:15:02.388  2034  2073 D HeatmapThread: !@ Heatmap prevv_dsoh_update_time: 29682402
06-11 07:15:02.389  2034  2073 E HeatmapThread: !@Could not open '/efs/FactoryApp/bsoh', errno = 13
06-11 07:15:02.389  2034  2073 E HeatmapThread: !@ CAM Could not access BSOH EFS
06-11 07:15:02.389  2034  2073 E HeatmapThread: !@ CAM New BSOH: 0
06-11 07:15:02.407  2745  2803 I GestureDetector: handleMessage TAP
06-11 07:15:02.407  2745  2745 I GestureDetector: handleMessage TAP
06-11 07:15:02.447 20345 20345 I AlarmService: increaseVolume() -> 
06-11 07:15:02.448 20345 20345 I AlarmService: mCurVol = 0.221852
06-11 07:15:02.448 20345 20345 I AlarmMediaPlayer: AlarmMediaPlayer setVolume : 0.22763
06-11 07:15:02.448  2364  3739 V MediaPlayerService: [479] setVolume(0.227630, 0.227630)
06-11 07:15:02.448  2364  3739 V AudioSink: setVolume(0.227630, 0.227630)
06-11 07:15:02.448  2364  3739 D AudioTrack: setVolume(0.227630, 0.227630) pid : 20345
06-11 07:15:02.599 20345 20345 I StateUtils: mAudioManager.isVoiceCallActive = false
06-11 07:15:02.603 20345 20345 I StateUtils: isInCallState callState = 0
06-11 07:15:02.603 20345 20345 I StateUtils: isInVoipCall = false
06-11 07:15:02.604 20345 20345 I StateUtils: mAudioManager.getMode() = 0:MODE_NORMAL
06-11 07:15:02.604 20345 20345 I StateUtils: isCameraRunning: false
06-11 07:15:02.697 20345 20345 I AlarmService: increaseVolume() -> 
06-11 07:15:02.697 20345 20345 I AlarmService: mCurVol = 0.22763
06-11 07:15:02.698 20345 20345 I AlarmMediaPlayer: AlarmMediaPlayer setVolume : 0.234074
06-11 07:15:02.698  2364  3739 V MediaPlayerService: [479] setVolume(0.234074, 0.234074)
06-11 07:15:02.699  2364  3739 V AudioSink: setVolume(0.234074, 0.234074)
06-11 07:15:02.699  2364  3739 D AudioTrack: setVolume(0.234074, 0.234074) pid : 20345
06-11 07:15:02.828  1938 15888 I sensors-hal: handle_sns_std_sensor_event:311, [SSC_LIGHT] P: 90(90),m:7,c:291,b:72,c0:6352,l:80,f(r):100,u(bl):100,j:90
06-11 07:15:02.851 20345 20345 I StateUtils: mAudioManager.isVoiceCallActive = false
06-11 07:15:02.857 20345 20345 I StateUtils: isInCallState callState = 0
06-11 07:15:02.857 20345 20345 I StateUtils: isInVoipCall = false
06-11 07:15:02.858 20345 20345 I StateUtils: mAudioManager.getMode() = 0:MODE_NORMAL
06-11 07:15:02.858 20345 20345 I AudioManager: getParameters keys = g_interpreter_mode
06-11 07:15:02.858  2030  4646 D AudioFlinger: getParameters: filtered dev getParameters keyvalue g_interpreter_mode
06-11 07:15:02.859  1918  6828 V sec_audio_hw: sec_dev_get_parameters : g_interpreter_mode
06-11 07:15:02.859  1918  6828 D AHAL: FM: fm_get_parameters: 300: enter
06-11 07:15:02.859  1918  6828 D AHAL: FM: fm_get_parameters: 307: exit
06-11 07:15:02.861 20345 20345 I StateUtils: bRecordActive = false
06-11 07:15:02.862 20345 20345 I AudioManager: getParameters keys = g_interpreter_mode
06-11 07:15:02.862  2030  4646 D AudioFlinger: getParameters: filtered dev getParameters keyvalue g_interpreter_mode
06-11 07:15:02.862  1918  6828 V sec_audio_hw: sec_dev_get_parameters : g_interpreter_mode
06-11 07:15:02.862  1918  6828 D AHAL: FM: fm_get_parameters: 300: enter
06-11 07:15:02.862  1918  6828 D AHAL: FM: fm_get_parameters: 307: exit
06-11 07:15:02.865 20345 20345 I StateUtils: bRecordActive = false
06-11 07:15:02.866 20345 20345 I StateUtils: isDirectBootMode On : true
06-11 07:15:02.866 20345 20345 I StateUtils: isDirectBootMode On : true
06-11 07:15:02.867 20345 20345 I StateUtils: isUserUnlockedDevice : true
06-11 07:15:02.867 20345 20345 I StateUtils: isSoundModeOn : false
06-11 07:15:02.867 20345 20345 I StateUtils: isMannerModeState bVibrateForAlarms = false
06-11 07:15:02.867 20345 20345 I AlarmService: setMode() bRecordingState= false bMannerModeState= false mIsVoipCall = false, mIsVideoCall = false
06-11 07:15:02.867 20345 20345 I AlarmService: Not Emergency Call Back Mode
06-11 07:15:02.867 20345 20345 I AlarmService: setPlayModeBySoundSwitchAndAlarmType bRecordingState = false
06-11 07:15:02.867 20345 20345 I AlarmItem: isMainSoundOn() / mDailyBriefing[14] (ON = bit 0) = 10
06-11 07:15:02.867 20345 20345 I AlarmItem: isNewBixbyOn() / mDailyBriefing = [15] 10
06-11 07:15:02.867 20345 20345 I AlarmItem: isNewCelebOn() / mDailyBriefing = [16] 10
06-11 07:15:02.867 20345 20345 I AlarmItem: isAlarmToneOn() / mDailyBriefing[7] (ON = bit 0) = 10
06-11 07:15:02.867 20345 20345 I AlarmItem: isSoundOnState bSoundOnState = true
06-11 07:15:02.867 20345 20345 I AlarmItem: isMainSoundOn() / mDailyBriefing[14] (ON = bit 0) = 10
06-11 07:15:02.867 20345 20345 I AlarmItem: isNewBixbyOn() / mDailyBriefing = [15] 10
06-11 07:15:02.867 20345 20345 I AlarmItem: isNewCelebOn() / mDailyBriefing = [16] 10
06-11 07:15:02.867 20345 20345 I AlarmItem: isAlarmToneOn() / mDailyBriefing[7] (ON = bit 0) = 10
06-11 07:15:02.867 20345 20345 I AlarmItem: isSoundOnState bSoundOnState = true
06-11 07:15:02.867 20345 20345 I AlarmService: setPlayerPlayMode PLAY_NULL
06-11 07:15:02.868 20345 20345 I AlarmPlayerBase: mVibPattern = 50035
06-11 07:15:02.868 20345 20345 I AlarmPlayer: resume
06-11 07:15:02.869 20345 20345 I AlarmPlayer: resume - count is greater than 1
06-11 07:15:02.869 20345 20345 I StateUtils: isDndModeAlarmMuted : isAlarmMuted = false , flagZenMode = 0
06-11 07:15:02.869 20345 20345 I AlarmPlayer: play - PlayerMode = 0x11
06-11 07:15:02.869 20345 20345 I StateUtils: isDirectBootMode On : true
06-11 07:15:02.870 20345 20345 I StateUtils: isDirectBootMode On : true
06-11 07:15:02.870 20345 20345 I StateUtils: isUserUnlockedDevice : true
06-11 07:15:02.870 20345 20345 I StateUtils: isSoundModeOn : false
06-11 07:15:02.870 20345 20345 I StateUtils: isMannerModeState bVibrateForAlarms = false
06-11 07:15:02.870 20345 20345 I AlarmPlayer: playSound
06-11 07:15:02.871 20345 20345 I AlarmPlayerBase: playVibration
06-11 07:15:02.871 20345 20345 I StateUtils: isCameraRunning: false
06-11 07:15:02.887  2062  2062 D SurfaceFlinger: GPIS:: requestGPISForClientComposition
06-11 07:15:02.946 20345 20345 I AlarmService: increaseVolume() -> 
06-11 07:15:02.947 20345 20345 I AlarmService: mCurVol = 0.234074
06-11 07:15:02.947 20345 20345 I AlarmMediaPlayer: AlarmMediaPlayer setVolume : 0.24118
06-11 07:15:02.947  2364  3739 V MediaPlayerService: [479] setVolume(0.241180, 0.241180)
06-11 07:15:02.947  2364  3739 V AudioSink: setVolume(0.241180, 0.241180)
06-11 07:15:02.947  2364  3739 D AudioTrack: setVolume(0.241180, 0.241180) pid : 20345
06-11 07:15:03.101 20345 20345 I StateUtils: mAudioManager.isVoiceCallActive = false
06-11 07:15:03.105 20345 20345 I StateUtils: isInCallState callState = 0
06-11 07:15:03.105 20345 20345 I StateUtils: isInVoipCall = false
06-11 07:15:03.105 20345 20345 I StateUtils: mAudioManager.getMode() = 0:MODE_NORMAL
06-11 07:15:03.106 20345 20345 I StateUtils: isCameraRunning: false
06-11 07:15:03.174  4695  4695 I adbd    : adbd service requested 'shell,v2,TERM=dumb,raw:run-as com.worksoc.goaicoach cat files/last_debug_report.txt'
06-11 07:15:03.197 20345 20345 I AlarmService: increaseVolume() -> 
06-11 07:15:03.198 20345 20345 I AlarmService: mCurVol = 0.24118
06-11 07:15:03.198 20345 20345 I AlarmMediaPlayer: AlarmMediaPlayer setVolume : 0.248943
06-11 07:15:03.198  2364  3739 V MediaPlayerService: [479] setVolume(0.248943, 0.248943)
06-11 07:15:03.198  2364  3739 V AudioSink: setVolume(0.248943, 0.248943)
06-11 07:15:03.198  2364  3739 D AudioTrack: setVolume(0.248943, 0.248943) pid : 20345
06-11 07:15:03.258  4695  4695 I adbd    : adbd service requested 'shell,v2,TERM=dumb:export ANDROID_LOG_TAGS=''; exec logcat '-d' '-t' '3600''
