06-11 07:15:00.177 20345 20345 I AlarmItemUtil: nextDay = 5
06-11 07:15:00.177 20345 20345 I AlarmItemUtil:  ___operator = 0x100
06-11 07:15:00.177 20345 20345 I AlarmItemUtil:  mRepeatType = 0x11111115
06-11 07:15:00.177 20345 20345 I AlarmItemUtil:  return i = 1
06-11 07:15:00.177  9377 20796 I fit3ClockAlarm$SAAlarmUtil: getAllAlarmsData db <---------AlarmItem----------->
06-11 07:15:00.177  9377 20796 I fit3ClockAlarm$SAAlarmUtil: alarmId: [ 156 ]
06-11 07:15:00.177  9377 20796 I fit3ClockAlarm$SAAlarmUtil: alarmTime: [ 715 ]
06-11 07:15:00.177  9377 20796 I fit3ClockAlarm$SAAlarmUtil: alarmActive: [ 1 ]
06-11 07:15:00.177  9377 20796 I fit3ClockAlarm$SAAlarmUtil: alertTime: [ 1781216100000 ]
06-11 07:15:00.177  9377 20796 I fit3ClockAlarm$SAAlarmUtil: alarmRepeatType: [ 17895685 ]
06-11 07:15:00.177  9377 20796 I fit3ClockAlarm$SAAlarmUtil: bedtimeAlarmTime: [ -1 ]
06-11 07:15:00.177  9377 20796 I fit3ClockAlarm$SAAlarmUtil: _____________________________________________________
06-11 07:15:00.177 20345 20345 I AlarmItem: mActivate=1/ baseTimeMillis=1781129700177/ alarmAlertT___=1781125200000
06-11 07:15:00.177 20345 20345 I AlarmItem: isSpecificDate mDailyBriefing = [1] 0
06-11 07:15:00.177  9377 20796 I fit3ClockAlarm$SAAlarmUtil: getAllAlarmsData db <---------AlarmItem----------->
06-11 07:15:00.177  9377 20796 I fit3ClockAlarm$SAAlarmUtil: alarmId: [ 213 ]
06-11 07:15:00.177  9377 20796 I fit3ClockAlarm$SAAlarmUtil: alarmTime: [ 700 ]
06-11 07:15:00.177  9377 20796 I fit3ClockAlarm$SAAlarmUtil: alarmActive: [ 1 ]
06-11 07:15:00.177  9377 20796 I fit3ClockAlarm$SAAlarmUtil: alertTime: [ 1781215200000 ]
06-11 07:15:00.177  9377 20796 I fit3ClockAlarm$SAAlarmUtil: alarmRepeatType: [ 286331157 ]
06-11 07:15:00.177  9377 20796 I fit3ClockAlarm$SAAlarmUtil: bedtimeAlarmTime: [ -1 ]
06-11 07:15:00.177  9377 20796 I fit3ClockAlarm$SAAlarmUtil: _____________________________________________________
06-11 07:15:00.177 20345 20345 I AlarmItemUtil: getNextOrPrevAlertDayOffset c = CG-AG-BB AG##AA##AA
06-11 07:15:00.177 20345 20345 I AlarmItemUtil: day = 5
06-11 07:15:00.177 20345 20345 I AlarmItemUtil: nextDay = 6
06-11 07:15:00.177 20345 20345 I AlarmItemUtil:  ___operator = 0x10
06-11 07:15:00.177 20345 20345 I AlarmItemUtil:  mRepeatType = 0x11111115
06-11 07:15:00.177 20345 20345 I AlarmItemUtil:  return i = 1
06-11 07:15:00.177 20345 20345 I AlarmItem: calculateFirstAlertTime alarmAlertT_= 1781211600000
06-11 07:15:00.177 20345 20345 I AlarmItem: isSpecificDate mDailyBriefing = [1] 0
06-11 07:15:00.177 20345 20345 I AlarmItem: isHoliday mDailyBriefing = [3] 0
06-11 07:15:00.177 20345 20345 I AlarmItem: isWorkingDay mDailyBriefing = [4] 0
06-11 07:15:00.177 20345 20345 I AlarmItem: setPreDismissedAlarm() / bPreDismissed = false mDailyBriefing[20] = 0
06-11 07:15:00.178  9377 20796 W fit3ClockAlarm$SAAlarmPacketSender: sendMessageAddUpdateAlarmsRequest alarmList : [<---------AlarmItem----------->
06-11 07:15:00.178  9377 20796 W fit3ClockAlarm$SAAlarmPacketSender: alarmId: [ 156 ]
06-11 07:15:00.178  9377 20796 W fit3ClockAlarm$SAAlarmPacketSender: alarmTime: [ 715 ]
06-11 07:15:00.178  9377 20796 W fit3ClockAlarm$SAAlarmPacketSender: alarmActive: [ 1 ]
06-11 07:15:00.178  9377 20796 W fit3ClockAlarm$SAAlarmPacketSender: alertTime: [ 1781216100000 ]
06-11 07:15:00.178  9377 20796 W fit3ClockAlarm$SAAlarmPacketSender: alarmRepeatType: [ 17895685 ]
06-11 07:15:00.178  9377 20796 W fit3ClockAlarm$SAAlarmPacketSender: bedtimeAlarmTime: [ -1 ]
06-11 07:15:00.178  9377 20796 W fit3ClockAlarm$SAAlarmPacketSender: _____________________________________________________]
06-11 07:15:00.178  9377 20796 I fit3ClockAlarm$SAAlarmPacketSender: SAAgentInterface.send
06-11 07:15:00.178  9377 20796 I [SA_SDK]SAMessage: MEX Priority : High (13)
06-11 07:15:00.178  9377 20796 I [SA_SDK]SAMessage: Sending data:34 bytes
06-11 07:15:00.178  9377 20796 I [SA_SDK]SAFragmenter: confiure: 16 2 7672 0 34
06-11 07:15:00.179 20345 20345 I AlarmManagerUtil: SCHEDULE bed=true at=CG-AG-BB CD##AA##AA
06-11 07:15:00.179 20345 20345 I RoutineUtil: isRoutinePackageEnabled true
06-11 07:15:00.179  2745  2773 I DropBoxManagerService: add tag=clockpackage isTagEnabled=true flags=0x2
06-11 07:15:00.179 10577 24266 I SAFrameworkConnection: write() : [16,34] 96 SrcAgentId:13
06-11 07:15:00.180 10577 24266 I SAMexLiteSessionHandler: >>> created new TransactionId: 1336
06-11 07:15:00.180 10577 24266 I SASessionDetails: Enqueue msg sessionId:1025
06-11 07:15:00.180 10577 24266 I SACreditDetails: incrementSessionCount -  connectivity : 4 classType : 2 sessionCount : 1
06-11 07:15:00.180 10577 24266 I SAMexLiteDetails: >>> timeout started for transaction<1336>
06-11 07:15:00.180 10577 10865 I SADispatchController: >> DequeTask accId: 2341, sessionId: 1025
06-11 07:15:00.181  9377 20796 I [SA_SDK]SAMessage: 13_2341_13-> msg<1336>[0] sent: 34
06-11 07:15:00.181  9377 20796 I fit3ClockAlarm$SAAlarmPacketSender:  sent status : 1336 agent 13
06-11 07:15:00.181  9377 20796 I fit3ClockAlarm$SAAlarmPacketSender: sending packet : 34
06-11 07:15:00.181 20345 20345 I AlarmManagerUtil: SCHEDULE bed=true at=CG-AG-BB CD##AA##AA
06-11 07:15:00.181  9377 20796 I fit3ClockAlarm$SAAlarmPacketSender: mCacheAlarmList : [<---------AlarmItem----------->
06-11 07:15:00.181  9377 20796 I fit3ClockAlarm$SAAlarmPacketSender: alarmId: [ 116 ]
06-11 07:15:00.181  9377 20796 I fit3ClockAlarm$SAAlarmPacketSender: alarmTime: [ 605 ]
06-11 07:15:00.181  9377 20796 I fit3ClockAlarm$SAAlarmPacketSender: alarmActive: [ 1 ]
06-11 07:15:00.181  9377 20796 I fit3ClockAlarm$SAAlarmPacketSender: alertTime: [ 1781211900000 ]
06-11 07:15:00.181  9377 20796 I fit3ClockAlarm$SAAlarmPacketSender: alarmRepeatType: [ 17895685 ]
06-11 07:15:00.181  9377 20796 I fit3ClockAlarm$SAAlarmPacketSender: bedtimeAlarmTime: [ -1 ]
06-11 07:15:00.181  9377 20796 I fit3ClockAlarm$SAAlarmPacketSender: _____________________________________________________, <---------AlarmItem----------->
06-11 07:15:00.181  9377 20796 I fit3ClockAlarm$SAAlarmPacketSender: alarmId: [ 120 ]
06-11 07:15:00.181  9377 20796 I fit3ClockAlarm$SAAlarmPacketSender: alarmTime: [ 600 ]
06-11 07:15:00.181  9377 20796 I fit3ClockAlarm$SAAlarmPacketSender: alarmActive: [ 1 ]
06-11 07:15:00.181  9377 20796 I fit3ClockAlarm$SAAlarmPacketSender: alertTime: [ 1781211600000 ]
06-11 07:15:00.181  9377 20796 I fit3ClockAlarm$SAAlarmPacketSender: alarmRepeatType: [ 286331157 ]
06-11 07:15:00.181  9377 20796 I fit3ClockAlarm$SAAlarmPacketSender: bedtimeAlarmTime: [ 2300 ]
06-11 07:15:00.181  9377 20796 I fit3ClockAlarm$SAAlarmPacketSender: _____________________________________________________, <---------AlarmItem----------->
06-11 07:15:00.181  9377 20796 I fit3ClockAlarm$SAAlarmPacketSender: alarmId: [ 154 ]
06-11 07:15:00.181  9377 20796 I fit3ClockAlarm$SAAlarmPacketSender: alarmTime: [ 2200 ]
06-11 07:15:00.181  9377 20796 I fit3ClockAlarm$SAAlarmPacketSender: alarmActive: [ 0 ]
06-11 07:15:00.181  9377 20796 I fit3ClockAlarm$SAAlarmPacketSender: alertTime: [ 1748178000000 ]
06-11 07:15:00.181  9377 20796 I fit3ClockAlarm$SAAlarmPacketSender: alarmRepeatType: [ 286331157 ]
06-11 07:15:00.181  9377 20796 I fit3ClockAlarm$SAAlarmPacketSender: bedtimeAlarmTime: [ -1 ]
06-11 07:15:00.181  9377 20796 I fit3ClockAlarm$SAAlarmPacketSender: _____________________________________________________, <---------AlarmItem----------->
06-11 07:15:00.181  9377 20796 I fit3ClockAlarm$SAAlarmPacketSender: alarmId: [ 156 ]
06-11 07:15:00.181  9377 20796 I fit3ClockAlarm$SAAlarmPacketSender: alarmTime: [ 715 ]
06-11 07:15:00.181  9377 20796 I fit3ClockAlarm$SAAlarmPacketSender: alarmActive: [ 1 ]
06-11 07:15:00.181  9377 20796 I fit3ClockAlarm$SAAlarmPacketSender: alertTime: [ 1781216100000 ]
06-11 07:15:00.181  9377 20796 I fit3ClockAlarm$SAAlarmPacketSender: alarmRepeatType: [ 17895685 ]
06-11 07:15:00.181  9377 20796 I fit3ClockAlarm$SAAlarmPacketSender: bedtimeAlarmTime: [ -1 ]
06-11 07:15:00.181  9377 20796 I fit3ClockAlarm$SAAlarmPacketSender: _____________________________________________________, <---------AlarmItem----------->
06-11 07:15:00.181  9377 20796 I fit3ClockAlarm$SAAlarmPacketSender: alarmId: [ 213 ]
06-11 07:15:00.181  9377 20796 I fit3ClockAlarm$SAAlarmPacketSender: alarmTime: [ 700 ]
06-11 07:15:00.181  9377 20796 I fit3ClockAlarm$SAAlarmPacketSender: alarmActive: [ 1 ]
06-11 07:15:00.181  9377 20796 I fit3ClockAlarm$SAAlarmPacketSender: alertTime: [ 1781215200000 ]
06-11 07:15:00.181  9377 20796 I fit3ClockAlarm$SAAlarmPacketSender: alarmRepeatType: [ 286331157 ]
06-11 07:15:00.181  9377 20796 I fit3ClockAlarm$SAAlarmPacketSender: bedtimeAlarmTime: [ -1 ]
06-11 07:15:00.181  9377 20796 I fit3ClockAlarm$SAAlarmPacketSender: _____________________________________________________]
06-11 07:15:00.181  9377 20796 I fit3ClockAlarm$SAAlarmUtil: refreshAlarmDataRunning = false
06-11 07:15:00.181 10577 10865 I SALiteRetransmitterFsm: state: IDLE, onSendMessage
06-11 07:15:00.181 10577 10865 I SATransportManager: park All Queues for accessory: 2341
06-11 07:15:00.182 10577 10865 I SALiteRetransmitter: Packet with seq num: 0 and window id: 1 added to map
06-11 07:15:00.182 10577 10865 I SALiteRetransmitter: Msg sent to CL seq#:0
06-11 07:15:00.183 20345 20345 I AlarmProviderHelper: SetNextAT: 1781211600000
06-11 07:15:00.183  2745  3839 I DropBoxManagerService: add tag=clockpackage isTagEnabled=true flags=0x2
06-11 07:15:00.183 10577 19951 I SABleClientConnection: writeCharacteristic called
06-11 07:15:00.185  1153  1153 D io_stats: !@   8,0 r 22877781 412840187 w 5879999 93196064 d 1579939 220450408 f 0 681638 iot 9243672 0 th 0 0 0 pt 0 inp 0 0 121553.720
06-11 07:15:00.187  4030  4625 W bt_bta_gattc: system/bta/gatt/bta_gattc_act.cc:1084 bta_gattc_write: write status:0
06-11 07:15:00.188  4030  5321 I BtGatt.GattService: onWriteCharacteristic() - address=XX:XX:XX:XX:4A:6D, status=0, length=44
06-11 07:15:00.188 10577 24266 I SAGattCallback: onCharacteristicWrite enter
06-11 07:15:00.190 10577 19951 I SABleConnection: BLE TX len:44
06-11 07:15:00.191 10577 19951 I SATransportManager: onMessageDispatched acc:2341 sess:1025
06-11 07:15:00.191 10577 19951 I SALiteRetransmitterFsm: state: IDLE, onMsgDispatched
06-11 07:15:00.191 10577 19951 I SALiteRetransmitter: buffer not recycled, msg status: 0
06-11 07:15:00.192 10577 19951 I SALiteRetransmitterFsm: Rel ON: enter TX_WINDOW_RELIABLE
06-11 07:15:00.192 10577 19951 I SALiteRetransmitterFsm: state: TX_WINDOW_RELIABLE, onEntry
06-11 07:15:00.192 10577 19951 I SALiteRetransmitterFsm: unfragmented pkt sent, move to TX_BLOCKED
06-11 07:15:00.192 10577 19951 I SALiteRetransmitterFsm: state: TX_BLOCKED, onEntry
06-11 07:15:00.193 10577 19951 I SALiteRetransmitterFsm: Rel: ON, wait for ACK
06-11 07:15:00.193 10577 19951 I SALiteRetransmitter: timer started
06-11 07:15:00.195 20345 20345 I AlarmManagerUtil: cancelPreDismissedAlarmsPendingIntent sPendingIntentForPreDismissedAlarm is null
06-11 07:15:00.206  4695  4695 I adbd    : adbd service requested 'exec:screencap '-p''
06-11 07:15:00.220 20345 20345 I AlarmUtil: sendAlarmAlertIntent
06-11 07:15:00.226 20345 20345 I ClockFoldStateManager: init
06-11 07:15:00.226 20345 20345 I AlarmService: onStartCommand()
06-11 07:15:00.227 20345 20345 I StateUtils: isDirectBootMode On : true
06-11 07:15:00.227 20345 20345 I StateUtils: isUserUnlockedDevice : true
06-11 07:15:00.227 20345 20345 I StateUtils: : display id - 0
06-11 07:15:00.227 20345 20345 I ClockFoldStateManager: fold state listener enabled
06-11 07:15:00.228  7543  7543 D SysHelperService:EventReceiver: Intent received = com.samsung.sec.android.clockpackage.alarm.ALARM_ALERT
06-11 07:15:00.228  7543  7543 D SysHelperService:EventReceiver: Received intent from UID = 1000
06-11 07:15:00.228  7543  7543 D SysHelperService:EventReceiver: ALARM_ALERT, Shutdown TUI
06-11 07:15:00.228  7543  7543 D SYS_EVENT: [qc debug] send event 32 notification to client
06-11 07:15:00.229  7543  7543 D SYS_EVENT_AIDL: send event 32 notification to client
06-11 07:15:00.229 20345 20345 I StateUtils: isDirectBootMode On : true
06-11 07:15:00.229 20345 20345 I StateUtils: isUserUnlockedDevice : true
06-11 07:15:00.229 20345 20345 I AlarmItem: isMainSoundOn() / mDailyBriefing[14] (ON = bit 0) = 10
06-11 07:15:00.229 31200 18563 I BCL@Common: (LanguageSettingsProvider) query, content://com.samsung.android.bixby.agent.settings/bixby_voice_isenable
06-11 07:15:00.229 31200 18563 I BCL@Common: (SdkInitializerDelegator) initialize()
06-11 07:15:00.229 31200 18563 I BCL@BixbyApp: (SdkInitializer) initialize()
06-11 07:15:00.230 20345 20345 I AlarmItem: isNewCelebOn() / mDailyBriefing = [16] 10
06-11 07:15:00.230 20345 20345 I AlarmItem: isNewBixbyOn() / mDailyBriefing = [15] 10
06-11 07:15:00.230 20345 20345 I AlarmItem: isAlarmToneOn() / mDailyBriefing[7] (ON = bit 0) = 10
06-11 07:15:00.230 20345 20345 I AlarmItem: isSpotifyOn() / mDailyBriefing = [17] 10
06-11 07:15:00.230 20345 20345 I AlarmItem: isAlarmBgSoundOn() / mDailyBriefing = [22]10
06-11 07:15:00.230 20345 20345 I AlarmItem: isYTMusicOn() / mDailyBriefing = [23] 10
06-11 07:15:00.231 31200 18563 I BCL@Common: (LanguageSettingsProvider) query, content://com.samsung.android.bixby.agent.settings/bixby_voice_isenable
06-11 07:15:00.231 31200 18563 I BCL@Common: (SdkInitializerDelegator) initialize()
06-11 07:15:00.231 31200 18563 I BCL@BixbyApp: (SdkInitializer) initialize()
06-11 07:15:00.232 20345 20345 I AlarmItem: isNewCelebOn() / mDailyBriefing = [16] 10
06-11 07:15:00.232 20345 20345 I AlarmItem: isNewBixbyOn() / mDailyBriefing = [15] 10
06-11 07:15:00.232 20345 20345 I AlarmAlertUtil: checkInvalidAlarmAndChangeCorrectAlarm after mDailyBriefing = 10bSupportBixbyAlarm = true
06-11 07:15:00.232 20345 20345 I AlarmItem: isAlarmToneOn() / mDailyBriefing[7] (ON = bit 0) = 10
06-11 07:15:00.232 20345 20345 I AlarmRingtoneManager: validRingtoneStr uri = content://media/internal/audio/media/74 scheme:contentschemeUri:content://media/internal/audio/media/74?title=Bach%20Siciliano&canonical=1
06-11 07:15:00.239  7459 20434 I MediaProvider: Filtering owner package name for com.sec.android.app.clockpackage, projection: [title_key, instance_id, compilation, disc_number, duration, is_ringtone, album_artist, resolution, orientation, artist, author, inferred_date, height, is_drm, bucket_display_name, is_audiobook, owner_package_name, volume_name, title_resource_uri, date_modified, writer, date_expires, composer, bits_per_sample, _display_name, is_recording, datetaken, mime_type, is_notification, bitrate, cd_track_number, _id, xmp, year, null as oem_metadata, _data, _size, album, genre, is_alarm, title, track, width, is_music, samplerate, album_key, is_favorite, is_trashed, group_id, document_id, artist_id, generation_added, artist_key, genre_key, is_download, generation_modified, is_pending, date_added, is_podcast, capture_framerate, album_id, num_tracks, original_document_id, genre_id, bucket_id, bookmark, relative_path]
06-11 07:15:00.241  7459 20434 D MediaProvider: Constructed owner_package_name substitution: CASE WHEN owner_package_name IN () THEN owner_package_name ELSE NULL END AS owner_package_name
06-11 07:15:00.242  7459 20434 W SQLiteQueryBuilder: Allowing abusive custom column: CASE WHEN owner_package_name IN () THEN owner_package_name ELSE NULL END AS owner_package_name
06-11 07:15:00.242  7459 20434 W SQLiteQueryBuilder: Allowing abusive custom column: null as oem_metadata
06-11 07:15:00.246 20345 20345 I AlarmRingtoneManager: getCount:1getColumnCount67
06-11 07:15:00.247 20345 20345 I AlarmRingtoneManager: validRingtoneStr() / ret = true
06-11 07:15:00.247 20345 20345 E AlarmAlertUtil: checkInvalidAlarmAndChangeCorrectAlarm after3 AlarmRingtoneManager.validRingtoneStr
06-11 07:15:00.247 20345 20345 I AlarmItem: isAlarmBgSoundOn() / mDailyBriefing = [22]10
06-11 07:15:00.247 20345 20345 I AlarmService: sameVolumeForAllAlarms false vol 9
06-11 07:15:00.247 20345 20345 I AlarmService: getAlarmInformation mIsFirstAlarm = true
06-11 07:15:00.248 20345 20345 I AlarmItem: isAlarmToneOn() / mDailyBriefing[7] (ON = bit 0) = 10
06-11 07:15:00.248 20345 20345 I AlarmItem: isIncreasingVolume mDailyBriefing = [2] 10
06-11 07:15:00.248 20345 20345 I AlarmItem: isNewBixbyOn() / mDailyBriefing = [15] 10
06-11 07:15:00.249 20345 20345 I NotificationChannelUtils: updateFiringAlarmAndTimerChannelImportance false
06-11 07:15:00.250 20345 20345 I AlarmNotificationHelper: clearNotification id = 156
06-11 07:15:00.250 20345 20345 I AlarmNotificationHelper: clearUpcomingNotification id = 156
06-11 07:15:00.251 20345 20345 I StateUtils: isDirectBootMode On : true
06-11 07:15:00.251 20345 20345 I StateUtils: isUserUnlockedDevice : true
06-11 07:15:00.251 20345 20345 I UpcomingAlarmPreferenceManager: removeUpcomingAlarmId id = 156, bRemoved = false
06-11 07:15:00.251 20345 20345 I AlarmNotificationHelperBase: updateUpcomingAlarmGroupNotification
06-11 07:15:00.251 20345 20345 I AlarmNotificationHelperBase: Cancelling alarm notification.
06-11 07:15:00.251 20345 20345 I StateUtils: isDirectBootMode On : true
06-11 07:15:00.251 20345 20345 I StateUtils: isUserUnlockedDevice : true
06-11 07:15:00.252 20345 20345 I StateUtils: isDirectBootMode On : true
06-11 07:15:00.252 20345 20345 I MissedAlarmPreferenceManager: removeMissedAlarmId id = 156, bRemoved = false isDBM true
06-11 07:15:00.252 20345 20345 I StateUtils: isDirectBootMode On : true
06-11 07:15:00.252 20345 20345 I StateUtils: isUserUnlockedDevice : true
06-11 07:15:00.252 20345 20345 I SnoozedAlarmPreferenceManager: removeSnoozeAlarmId id = 156, bRemoved = false
06-11 07:15:00.252 20345 20345 I StateUtils: isDirectBootMode On : true
06-11 07:15:00.252 20345 20345 I StateUtils: isUserUnlockedDevice : true
06-11 07:15:00.252  2745  3839 I DropBoxManagerService: add tag=clockpackage isTagEnabled=true flags=0x2
06-11 07:15:00.256  4231  4428 D SecFgsManagerController: onForegroundStateChanged: [dialog:false]:[isForeground:true]:[packageName:com.sec.android.app.clockpackage]:[token:android.os.BinderProxy@2bb837f]:[userId:0]
06-11 07:15:00.257  2745  2773 I ActivityManager: Changes in 10176 4 to 4, 184 to 248
06-11 07:15:00.257 20345 20345 I AlarmAlertUtil: alarmRingingTime = 300000
06-11 07:15:00.258  4231  4428 D SecFgsManagerController: updateUiControl[com.sec.android.app.clockpackage]: -1
06-11 07:15:00.258  4231  4428 D SecFgsManagerController: updateNumberOfVisibleRunningPackagesLocked: 2
06-11 07:15:00.260  2745  3480 D BackgroundInstallControlService: Package event received: 0
06-11 07:15:00.265 20345 20345 I StateUtils: isInCallState callState = 0
06-11 07:15:00.266 20345 20345 I StateUtils: isCallInRingingState callState = 0
06-11 07:15:00.266 20345 20345 I AlarmService: setInitialPhoneStateExtra: IDLE
06-11 07:15:00.266 20345 20345 I AlarmAppSearchUtil: refreshAlarmData alarmIds: [156] queryType: 1
06-11 07:15:00.266 20345 20345 I AlarmAppSearchUtil: refreshAlarmDataRunning = true
06-11 07:15:00.266 20345 20345 I AlarmItem: isMainSoundOn() / mDailyBriefing[14] (ON = bit 0) = 10
06-11 07:15:00.266 20345 20345 I AlarmItem: isNewBixbyOn() / mDailyBriefing = [15] 10
06-11 07:15:00.266 20345 20345 I AlarmItem: isNewCelebOn() / mDailyBriefing = [16] 10
06-11 07:15:00.266 20345 20345 I AlarmItem: isPossibleBixbyBriefingAlarm bPossibleBixbyBriefingAlarm = false
06-11 07:15:00.266 20345 20345 I AlarmItem: isMainSoundOn() / mDailyBriefing[14] (ON = bit 0) = 10
06-11 07:15:00.266 20345 20345 I AlarmItem: isNewBixbyOn() / mDailyBriefing = [15] 10
06-11 07:15:00.266 20345 20345 I AlarmItem: isAlarmBgSoundOn() / mDailyBriefing = [22]10
06-11 07:15:00.266 20345 20345 I AlarmService: setAlarmSound() false
06-11 07:15:00.266 20345 20345 I AlarmItem: isAlarmBgSoundOn() / mDailyBriefing = [22]10
06-11 07:15:00.266 20345 20375 I AlarmAppSearchManager: getInstance com.sec.android.app.clockpackage.alarm.service.AlarmService@58e31a : com.sec.android.app.clockpackage.alarm.repo.AlarmAppSearchUtil$refreshAlarmDataHelper$2.invokeSuspend(SourceFile:60)
06-11 07:15:00.266 20345 20345 I StateUtils: isDirectBootMode On : true
06-11 07:15:00.266 20345 20345 I StateUtils: isUserUnlockedDevice : true
06-11 07:15:00.268 20345 20345 I RingtoneManager: Ringtone value : content://media/internal/audio/media/113?title=Homecoming&canonical=1
06-11 07:15:00.269 20345 20345 I RingtoneManager: Ringtone value : content://media/internal/audio/media/113?title=Homecoming&canonical=1
06-11 07:15:00.269 20345 20345 I AlarmPlayer: AlertPlayer constructor call.
06-11 07:15:00.270 20345 20345 I StateUtils: isDirectBootMode On : true
06-11 07:15:00.270 20345 20375 I AlarmAppSearchManager: insertOrUpdateAlarm in AppSearchDB 156|1|CG-AG-BC AH##BF##AA|CG-AF-CF AG##FD##DA|HBF|-B|1111105|0|5|3|0|10|2|6|9|in|50035|2|1|1|0|
06-11 07:15:00.270 20345 20345 I StateUtils: isDirectBootMode On : true
06-11 07:15:00.270 20345 20345 I StateUtils: isUserUnlockedDevice : true
06-11 07:15:00.270 20345 20345 I StateUtils: isSoundModeOn : false
06-11 07:15:00.270 20345 20345 I StateUtils: isMannerModeState bVibrateForAlarms = false
06-11 07:15:00.270 20345 20345 I AlarmPlayerBase: setCallState strValue = IDLE
06-11 07:15:00.270 20345 20345 I AlarmItem: isNewBixbyOn() / mDailyBriefing = [15] 10
06-11 07:15:00.270 20345 20345 I AlarmItem: isSpotifyOn() / mDailyBriefing = [17] 10
06-11 07:15:00.270 20345 20375 I AlarmItem: isVibrationAlarm 2
06-11 07:15:00.270 20345 20345 I AlarmItem: isTtsAlarm mDailyBriefing = [6] 10
06-11 07:15:00.270 20345 20345 I AlarmService: isNeededToPlayTtsAlarm = false
06-11 07:15:00.270 20345 20345 I AlarmItem: isNewBixbyOn() / mDailyBriefing = [15] 10
06-11 07:15:00.270 20345 20345 I AlarmItem: isSpotifyOn() / mDailyBriefing = [17] 10
06-11 07:15:00.270 20345 20345 I AlarmItem: isTtsAlarm mDailyBriefing = [6] 10
06-11 07:15:00.270 20345 20345 I AlarmService: isNeededToPlayTtsAlarm = false
06-11 07:15:00.270 20345 20345 I AlarmPlayerBase: setCallState strValue = IDLE
06-11 07:15:00.270 20345 20345 I AudioManager: getParameters keys = g_interpreter_mode
06-11 07:15:00.271  2030 10835 D AudioFlinger: getParameters: filtered dev getParameters keyvalue g_interpreter_mode
06-11 07:15:00.271  1918  2833 V sec_audio_hw: sec_dev_get_parameters : g_interpreter_mode
06-11 07:15:00.271  1918  2833 D AHAL: FM: fm_get_parameters: 300: enter
06-11 07:15:00.271  1918  2833 D AHAL: FM: fm_get_parameters: 307: exit
06-11 07:15:00.272 20345 20345 I StateUtils: bRecordActive = false
06-11 07:15:00.273 20345 20345 I AudioManager: getParameters keys = g_interpreter_mode
06-11 07:15:00.273  2030 10835 D AudioFlinger: getParameters: filtered dev getParameters keyvalue g_interpreter_mode
06-11 07:15:00.273  1918  2833 V sec_audio_hw: sec_dev_get_parameters : g_interpreter_mode
06-11 07:15:00.273  1918  2833 D AHAL: FM: fm_get_parameters: 300: enter
06-11 07:15:00.273  1918  2833 D AHAL: FM: fm_get_parameters: 307: exit
06-11 07:15:00.274 20345 20375 I AlarmAppSearchUtil: refreshAlarmDataRunning = false
06-11 07:15:00.274 20345 20345 I StateUtils: bRecordActive = false
06-11 07:15:00.275 20345 20345 I StateUtils: isDirectBootMode On : true
06-11 07:15:00.275 20345 20345 I StateUtils: isDirectBootMode On : true
06-11 07:15:00.275 20345 20345 I StateUtils: isUserUnlockedDevice : true
06-11 07:15:00.275 20345 20345 I StateUtils: isSoundModeOn : false
06-11 07:15:00.275 20345 20345 I StateUtils: isMannerModeState bVibrateForAlarms = false
06-11 07:15:00.275 20345 20345 I AlarmService: setMode() bRecordingState= false bMannerModeState= false mIsVoipCall = false, mIsVideoCall = false
06-11 07:15:00.275 20345 20345 I AlarmService: Not Emergency Call Back Mode
06-11 07:15:00.275 20345 20345 I AlarmService: setPlayModeBySoundSwitchAndAlarmType bRecordingState = false
06-11 07:15:00.275 20345 20345 I AlarmItem: isMainSoundOn() / mDailyBriefing[14] (ON = bit 0) = 10
06-11 07:15:00.275 20345 20345 I AlarmItem: isNewBixbyOn() / mDailyBriefing = [15] 10
06-11 07:15:00.275 20345 20345 I AlarmItem: isNewCelebOn() / mDailyBriefing = [16] 10
06-11 07:15:00.275 20345 20345 I AlarmItem: isAlarmToneOn() / mDailyBriefing[7] (ON = bit 0) = 10
06-11 07:15:00.275 20345 20345 I AlarmItem: isSoundOnState bSoundOnState = true
06-11 07:15:00.275 20345 20345 I AlarmItem: isMainSoundOn() / mDailyBriefing[14] (ON = bit 0) = 10
06-11 07:15:00.275 20345 20345 I AlarmItem: isNewBixbyOn() / mDailyBriefing = [15] 10
06-11 07:15:00.275 20345 20345 I AlarmItem: isNewCelebOn() / mDailyBriefing = [16] 10
06-11 07:15:00.275 20345 20345 I AlarmItem: isAlarmToneOn() / mDailyBriefing[7] (ON = bit 0) = 10
06-11 07:15:00.275 20345 20345 I AlarmItem: isSoundOnState bSoundOnState = true
06-11 07:15:00.275 20345 20345 I AlarmPlayerBase: setPlayMode :mode = 2, mPlayMode = 17
06-11 07:15:00.275 20345 20345 I AlarmService: setPlayerPlayMode PLAY_NULL
06-11 07:15:00.276  2745  3839 I DropBoxManagerService: add tag=clockpackage isTagEnabled=true flags=0x2
06-11 07:15:00.277 20345 20345 I AlarmPlayerBase: mVibPattern = 50035
06-11 07:15:00.277 20345 20345 I AlarmPlayer: getIncreasedAlarm mIsIncreasedAlarm = false
06-11 07:15:00.277 20345 20345 I StateUtils: isDirectBootMode On : true
06-11 07:15:00.277 20345 20345 I StateUtils: isDirectBootMode On : true
06-11 07:15:00.277 20345 20345 I StateUtils: isUserUnlockedDevice : true
06-11 07:15:00.277 20345 20345 I StateUtils: isSoundModeOn : false
06-11 07:15:00.277 20345 20345 I StateUtils: isMannerModeState bVibrateForAlarms = false
06-11 07:15:00.280  2745  3839 D AS.AudioService: setStreamVolume(stream=4, index=9, calling=com.sec.android.app.clockpackage, device=0)
06-11 07:15:00.280  2030 10835 V APM_AudioPolicyManager: getAudioPolicyConfig: audioParam;l_fmradio_record_active
06-11 07:15:00.281  2745  3839 D AS.AudioService: updateVolumeGroupIndex for stream 4, muted=false, device=2, index=90, group AUDIO_STREAM_ALARM Muted=false, Index=9, forceMuteState=false
06-11 07:15:00.282  2745  3441 D AS.AudioService: setStreamVolumeIndexAS(streamType=4, index=9, muted=false, device=2)
06-11 07:15:00.283 20345 20345 I AlarmPlayer: setStreamAlarmVolume STREAM_ALARM mVolume = 9
06-11 07:15:00.283 20345 20345 I AlarmItem: isMainSoundOn() / mDailyBriefing[14] (ON = bit 0) = 10
06-11 07:15:00.283 20345 20345 I AlarmItem: isNewBixbyOn() / mDailyBriefing = [15] 10
06-11 07:15:00.283 20345 20345 I AlarmItem: isNewCelebOn() / mDailyBriefing = [16] 10
06-11 07:15:00.283 20345 20345 I AlarmService: mVolumeIncreaseRate = 0.013333334
06-11 07:15:00.283 20345 20345 I AlarmPlayer: setIncreasedAlarm mIsIncreasedAlarm = true
06-11 07:15:00.283  2030 10835 V APM_AudioPolicyManager: setVolumeCurveIndex stream AUDIO_STREAM_ALARM, device 0x00000002, index 9  muted 0
06-11 07:15:00.283 20345 20345 I AlarmItem: isMainSoundOn() / mDailyBriefing[14] (ON = bit 0) = 10
06-11 07:15:00.283 20345 20345 I AlarmItem: isNewBixbyOn() / mDailyBriefing = [15] 10
06-11 07:15:00.283 20345 20345 I AlarmItem: isNewCelebOn() / mDailyBriefing = [16] 10
06-11 07:15:00.283 20345 20345 I AlarmService: mVolumeIncreaseTimer.start()
06-11 07:15:00.283  4231  4649 D BluetoothA2dp: getActiveDevice()
06-11 07:15:00.285  4231  4649 D BluetoothA2dp: getActiveDevice()
06-11 07:15:00.285 31200 31200 I BCL@Common: (VolumeChangeReceiver) onReceive() +
06-11 07:15:00.286 20345 20345 I StateUtils: mAudioManager.isVoiceCallActive = false
06-11 07:15:00.287  2745  3441 D AS.AudioService: setStreamVolumeIndexAS(streamType=4, index=9, muted=false, device=1)
06-11 07:15:00.287  2030 10835 V APM_AudioPolicyManager: setVolumeCurveIndex stream AUDIO_STREAM_ALARM, device 0x00000001, index 9  muted 0
06-11 07:15:00.288 31200 31200 I BCL@Common: (VolumeChangeReceiver) onReceive() -
06-11 07:15:00.288  9377  9377 I smedia  : SMediaAudioHelper.onReceive(android.media.VOLUME_CHANGED_ACTION)
06-11 07:15:00.289  4231  4649 I vol.Events: writeEvent level_changed STREAM_ALARM 9
06-11 07:15:00.289  4231  4649 D vol.VolumeDialogControl: onVolumeChangedW stream = 4, flags = 0, lastAudibleStreamVolume = 9, changed = true, showUI = false, dualAudio = false, musicStreamState=[routedToHeadset=false, routedToBuds=false, routedToBuds3=false, routedToHomeMini=false, routedToMusicFrame=false, routedToHearingAid=false, remoteFixedVolume=false, remoteSpeaker=false]
06-11 07:15:00.289  4231  4649 I SoundCraft.VolumeManager: updateVolumeState VolumeModel(volume=4, minVolume=0, maxVolume=150, device=2, enable=true, isBroadcast=false, isAllSoundMute=false, isZenMode=0, isZenModeDisabled=false, isSmartViewEnabled=false, isMusicShareEnabled=false, isDisallowAdjustVolume=false)
06-11 07:15:00.289  4231  4649 D VolumeSeekBar: [QP volume] updateVolumeModel model: VolumeModel(volume=4, minVolume=0, maxVolume=150, device=0, enable=true, isBroadcast=false, isAllSoundMute=false, isZenMode=0, isZenModeDisabled=false, isSmartViewEnabled=false, isMusicShareEnabled=false, isDisallowAdjustVolume=false) isTracking : false
06-11 07:15:00.289  4231  4649 D VolumeSeekBar: [QP volume] updateVolumeModel model: VolumeModel(volume=4, minVolume=0, maxVolume=150, device=0, enable=true, isBroadcast=false, isAllSoundMute=false, isZenMode=0, isZenModeDisabled=false, isSmartViewEnabled=false, isMusicShareEnabled=false, isDisallowAdjustVolume=false) isTracking : false
06-11 07:15:00.290  4231  4231 D SecVolume.VolumePanelStore: dispatch [ACTION_STATE_CHANGED with [STATE_NO_DISPATCH], currentAction={isVoiceCapble : true, isFromOutside : true, activeStream : -1}, currentState={activeStream=3(vol=40), stream=3(vol=40) } isVoiceCapable : true, isCaptionComponentEnabled : true, isHasVibrator : true, isConfigurationChanged : true, isSetupWizardComplete : true, activeStream : 3, earProtectLevel : 909, cutoutHeight : 0, timeOut : 3000, timeOutControls : 0, ringerModeInternal : 2, iconTargetState : 1, timeOutControlsText : 0, stream : 3, iconCurrentState : 1, pinDevice : 0, systemTimeNow : 120657182}
06-11 07:15:00.290  4231  4231 D SecVolume.SmartViewInteractor: isSmartView=false
06-11 07:15:00.291  4231  4231 D SecVolume.VolumePanelStore:   > New State : [STATE_UPDATE]
06-11 07:15:00.291  4231  4231 D SecVolume.JSonLogger: applyVolumeRow 3: {"boolMap":{"MUTED":false,"SLIDER_ENABLED":true,"ROUTED_TO_BLUETOOTH":false,"IMPORTANT":true,"VISIBILITY":true,"ACTIVE_NOW":false,"DYNAMIC":false,"ICON_CLICKABLE":true,"ICON_ENABLED":false,"TRACKING":false},"intMap":{"EAR_PROTECT_LEVEL":-1,"AUDIBLE_LEVEL":40,"PRIORITY":0,"ICON_TYPE":3,"REAL_LEVEL":40,"LEVEL":40,"LEVEL_MIN":0,"ORIGINAL_PRIORITY":5,"LEVEL_MAX":15},"longMap":{"USER_ATTEMPT_TIME":7728807},"streamType":3,"stringMap":{"DUAL_BT_DEVICE_NAME":"","NAME_RES":"com.android.systemui:string/volumepanel_media","SMART_VIEW_LABEL":"","REMOTE_LABEL":"","DUAL_BT_DEVICE_ADDRESS":""}}
06-11 07:15:00.291 20345 20345 I StateUtils: isInCallState callState = 0
06-11 07:15:00.291 20345 20345 I StateUtils: isInVoipCall = false
06-11 07:15:00.291 20345 20345 I StateUtils: mAudioManager.getMode() = 0:MODE_NORMAL
06-11 07:15:00.293 20345 20345 E ActivityThread: Failed to find provider info for com.samsung.android.hmt.vrsvc.vr
06-11 07:15:00.293 20345 20345 I AudioManager: getParameters keys = g_interpreter_mode
06-11 07:15:00.293  2030  4427 D AudioFlinger: getParameters: filtered dev getParameters keyvalue g_interpreter_mode
06-11 07:15:00.294  1918  2833 V sec_audio_hw: sec_dev_get_parameters : g_interpreter_mode
06-11 07:15:00.294  1918  2833 D AHAL: FM: fm_get_parameters: 300: enter
06-11 07:15:00.294  1918  2833 D AHAL: FM: fm_get_parameters: 307: exit
06-11 07:15:00.295 20345 20345 I StateUtils: bRecordActive = false
06-11 07:15:00.295 20345 20345 I StateUtils: isCoverClosed - initialize
06-11 07:15:00.297 20345 20345 I AlarmService: onStartCommand call AlarmAlertPopupService
06-11 07:15:00.297 20345 20345 I HELL-PowerController: acquireScreenOn : AlarmService
06-11 07:15:00.298 20345 20345 I AlarmItem: isMainSoundOn() / mDailyBriefing[14] (ON = bit 0) = 10
06-11 07:15:00.298  2745  2773 I DropBoxManagerService: add tag=clockpackage isTagEnabled=true flags=0x2
06-11 07:15:00.300 20345 20345 I AlarmItem: isMainSoundOn() / mDailyBriefing[14] (ON = bit 0) = 10
06-11 07:15:00.300 20345 20345 I AlarmItem: isNewBixbyOn() / mDailyBriefing = [15] 10
06-11 07:15:00.300 20345 20345 I AlarmItem: isNewCelebOn() / mDailyBriefing = [16] 10
06-11 07:15:00.300 20345 20345 I StateUtils: isUniversalSwitch On : false
06-11 07:15:00.300 20345 20345 I BixbyAppContextCallback: initializeCallbackForRingingState()  type: AlarmRingingInfo
06-11 07:15:00.300 20345 20345 I AlarmItem: isVibrationAlarm 2
06-11 07:15:00.303 31200 31200 I BCL@CoreSvc: (WinkService) /PERF/performance WinkService.onStartCommand() start
06-11 07:15:00.305 20345 20345 I StateUtils: : display id - 0
06-11 07:15:00.306 20345 20345 I StateUtils: isDndModeAlarmMuted : isAlarmMuted = false , flagZenMode = 0
06-11 07:15:00.306 20345 20345 I StateUtils: isDirectBootMode On : true
06-11 07:15:00.306 20345 20345 I StateUtils: isDirectBootMode On : true
06-11 07:15:00.306 20345 20345 I StateUtils: isUserUnlockedDevice : true
06-11 07:15:00.306  2745  2768 I system_server: Background young concurrent mark compact GC freed 42MB AllocSpace bytes, 107(2140KB) LOS objects, 19% free, 184MB/229MB, paused 1.886ms,8.681ms total 151.045ms
06-11 07:15:00.306 20345 20345 I StateUtils: isSoundModeOn : false
06-11 07:15:00.307 31200 31200 I BCL@Common: (OnDeviceBixbyPackageManager) checkBixbyWithoutWakeup : false, wakeuplessMetadata : true
06-11 07:15:00.307 20345 20345 I AlarmService: getPalm:false, mPlayer -> com.sec.android.app.clockpackage.alarm.model.AlarmPlayer@690bbc3
06-11 07:15:00.308 20345 20345 I StateUtils: mAudioManager.isVoiceCallActive = false
06-11 07:15:00.308 31200 31200 I BCL@Common: (OnDeviceBixbyPackageManager) MultiVoiceStyleHelper.isReleasedOnStore:true
06-11 07:15:00.308 31200 31200 I BCL@Common: (PackageUtil) getApplicationInfo() : com.samsung.SMT.lang_ko_kr_r00
06-11 07:15:00.308 31200 31200 I BCL@Common: (OnDeviceBixbyPackageManager) MultiTTS package is available
06-11 07:15:00.309 31200 31200 I BCL@Common: (OnDeviceBixbyPackageManager) package name: com.samsung.android.bixby.ondevice.kokr
06-11 07:15:00.309 31200 31200 I BCL@Common: (OnDeviceBixbyFeature) OnDeviceBixbyFeature, appContextSupported:true
06-11 07:15:00.309 31200 31200 I BCL@Common: (OnDeviceBixbyFeature) OnDeviceBixbyFeature, ttsMetadataSupported:true
06-11 07:15:00.309 31200 31200 I BCL@Common: (OnDeviceBixbyFeature) OnDeviceBixbyFeature, version:3
06-11 07:15:00.309 31200 31200 I BCL@CoreSvc: (OnDeviceAsrConnectionImpl) OnDeviceService is already connected
06-11 07:15:00.309 31200 31200 I BCL@CoreSvc: (WinkService) performance onStartCommand()
06-11 07:15:00.310 20345 20345 I StateUtils: isInCallState callState = 0
06-11 07:15:00.310 20345 20345 I StateUtils: isInVoipCall = false
06-11 07:15:00.310 20345 20345 I StateUtils: mAudioManager.getMode() = 0:MODE_NORMAL
06-11 07:15:00.310 31200 31200 I BCL@CoreSvc: (BixbyKeyEvent) cannot find ExtraValue. get Screen State from PowerManager : true
06-11 07:15:00.310 31200 31200 I BCL@CoreSvc: (WakeupConsumer) got Intent. action = com.samsung.android.bixby.action.WAKEUP_LESS_LAUNCH_BIXBY
06-11 07:15:00.310 31200 31200 I BCL@CoreSvc: (AbstractWakeupLessIntentConsumer) got Intent. action = com.samsung.android.bixby.action.WAKEUP_LESS_LAUNCH_BIXBY
06-11 07:15:00.310 20345 20345 I StateUtils: isInCallState callState = 0
06-11 07:15:00.311 20345 20345 I StateUtils: isCameraRunning: false
06-11 07:15:00.311 20345 20345 I FlashNotificationUtils: startFlashNotification / mIsFlashNotificationRunning : false
06-11 07:15:00.311 20345 20345 I StateUtils: isDndModeAlarmMuted : isAlarmMuted = false , flagZenMode = 0
06-11 07:15:00.312 20345 20345 I AlarmPlayerBase: registerMotionSensorManager
06-11 07:15:00.312  2745  2773 D SemInputCommandService: getTspSupportFeature(TSP): 0x10325
06-11 07:15:00.312  2745  2773 E SemInputCommandService: getTspSupportFeature(2): device is not exist
06-11 07:15:00.312  2745  3839 I ActivityManager: Changes in 10103 19 to 5, 0 to 144
06-11 07:15:00.312  2745  2773 I SemInputDeviceManagerService: isSupportMotion: PALM_MUTE: false
06-11 07:15:00.314 20053 20074 I SamsungAccount: [AccountManagerProvider] isChildAccount
06-11 07:15:00.314 20053 20074 I SamsungAccount: [AccountManagerProvider] Calling package : bixby.agent.
06-11 07:15:00.314  2745  3839 W Binder  : Outgoing transactions from this process must be FLAG_ONEWAY
06-11 07:15:00.314  2745  3839 W Binder  : java.lang.Throwable
06-11 07:15:00.314  2745  3839 W Binder  : 	at android.os.BinderProxy.transact(BinderProxy.java:566)
06-11 07:15:00.314  2745  3839 W Binder  : 	at com.samsung.android.gesture.IMotionRecognitionCallback$Stub$Proxy.getListenerInfo(IMotionRecognitionCallback.java:168)
06-11 07:15:00.314  2745  3839 W Binder  : 	at com.samsung.android.gesture.MotionRecognitionService.registerCallback(MotionRecognitionService.java:808)
06-11 07:15:00.314  2745  3839 W Binder  : 	at com.samsung.android.gesture.IMotionRecognitionService$Stub.onTransact(IMotionRecognitionService.java:198)
06-11 07:15:00.314  2745  3839 W Binder  : 	at android.os.Binder.execTransactInternal(Binder.java:1457)
06-11 07:15:00.314  2745  3839 W Binder  : 	at android.os.Binder.execTransact(Binder.java:1401)
06-11 07:15:00.314  2745  3839 D MotionRecognitionService:   .registerCallback : 1, required_sensors=3, client=com.sec.android.app.clockpackage.alarm.model.AlarmPlayerBase$mMotionListener$1@d926779
06-11 07:15:00.314  2745  3839 D MotionRecognitionService: Screen: On
06-11 07:15:00.316  2745  3839 D MotionRecognitionService: [getUsedSensorForEvents] sensors : Settings = 10000100100000000000000101
06-11 07:15:00.316  2745  3839 D MotionRecognitionService: [getUsedSensorForEvents] sensors for motion : 10011
06-11 07:15:00.316  2745  3480 D BackgroundInstallControlService: Package event received: 0
06-11 07:15:00.316 20345 20345 I AlarmPlayer: onResume mIsMute = false
06-11 07:15:00.316 20345 20345 I AlarmPlayer: resume
06-11 07:15:00.316 20345 20345 I AlarmItem: isMainSoundOn() / mDailyBriefing[14] (ON = bit 0) = 10
06-11 07:15:00.316 20345 20345 I AlarmItem: isNewBixbyOn() / mDailyBriefing = [15] 10
06-11 07:15:00.316 20345 20345 I AlarmItem: isNewCelebOn() / mDailyBriefing = [16] 10
06-11 07:15:00.316 20345 20345 I AlarmService: mVolumeIncreaseRate = 0.013333334
06-11 07:15:00.316  2745  3393 D MotionRecognitionService:   .isMotionEngineEnabled : true
06-11 07:15:00.316 20345 20345 I AlarmItem: isMainSoundOn() / mDailyBriefing[14] (ON = bit 0) = 10
06-11 07:15:00.316 20345 20345 I AlarmItem: isNewBixbyOn() / mDailyBriefing = [15] 10
06-11 07:15:00.316 20345 20345 I AlarmItem: isNewCelebOn() / mDailyBriefing = [16] 10
06-11 07:15:00.316 20345 20345 I AlarmItem: isAlarmToneOn() / mDailyBriefing[7] (ON = bit 0) = 10
06-11 07:15:00.316 20345 20345 I AlarmItem: isSoundOnState bSoundOnState = true
06-11 07:15:00.316 20345 20345 I StateUtils: isDndModeAlarmMuted : isAlarmMuted = false , flagZenMode = 0
06-11 07:15:00.316  2745  3393 D MotionRecognitionService:   .initializeMotionEngine
06-11 07:15:00.317 20345 20345 I StateUtils: mAudioManager.isVoiceCallActive = false
06-11 07:15:00.317 20053 20074 I SamsungAccount: [SignatureInfoDbHelper] searchOnUser(fromDb) - [10/1yk4g][bixby.agent.][64/3291d] => matched
06-11 07:15:00.317 20053 20074 I SamsungAccount: [AccountManagerProvider] This is the access of the allowed application
06-11 07:15:00.317 20053 20074 I SamsungAccount: [AccountManagerUtil] isSamsungAccountSignedIn : true
06-11 07:15:00.318  2745  3393 D MotionEngine: [MotionEngine]->Build Binary Type(user):0
06-11 07:15:00.318  2745  3393 D MotionEngine: [@@@ Motion Engine @@@] InitializeMotionManager ALL, DPS setting 2
06-11 07:15:00.318  4710  4840 I RequestManager_FLP: onOpChanged, op=0 / packageName=com.osp.app.signin
06-11 07:15:00.318  1938  1938 I sensors-hal: set_config:61, sample_period_ns is adjusted to 20000000 based on min/max delay_ns
06-11 07:15:00.318  1938  1938 I sensors-hal: batch:511, android.sensor.accelerometer/11, period=20000000, max_latency=0 request completed
06-11 07:15:00.318 20345 20345 I StateUtils: isInCallState callState = 0
06-11 07:15:00.318 20345 20345 I StateUtils: isInVoipCall = false
06-11 07:15:00.319 20053 20074 I SamsungAccount: [TPMU]  SIMState     :SIM_STATE_READY
06-11 07:15:00.319 20345 20345 I StateUtils: mAudioManager.getMode() = 0:MODE_NORMAL
06-11 07:15:00.319 20053 20074 I SamsungAccount: [CountryCodeUtil] isChinaCountryCode : false
06-11 07:15:00.319  1938  1938 I sensors-hal: activate:427, android.sensor.accelerometer/11 en=1
06-11 07:15:00.319  1938  1938 I sensors-hal: get_qmi_debug_flag:239, support_qmi_debug : false
06-11 07:15:00.319 20345 20345 I StateUtils: isInCallState callState = 0
06-11 07:15:00.320 20345 20345 I StateUtils: semGetAudioFocusedPackageName = null
06-11 07:15:00.320 20053 20074 I SamsungAccount: [TPMU] getMccFromUsim
06-11 07:15:00.320 20053 20074 I SamsungAccount: [MccManager] saveMccToPreference Start
06-11 07:15:00.320 20053 20074 I SamsungAccount: [MccManager] saveMccToPreference, mcc is same with previous mcc
06-11 07:15:00.320 20053 20074 I SamsungAccount: [ChildAccountSupportedListManager] getSupportedListFromLocal from cache
06-11 07:15:00.320 20345 20345 I StateUtils: bRecordActiveForCamcorder = false
06-11 07:15:00.320 20345 20345 I StateUtils: isDirectBootMode On : true
06-11 07:15:00.320 20345 20345 I StateUtils: isUserUnlockedDevice : true
06-11 07:15:00.320 20345 20345 I ClockUtils: getTimerAndAlarmVib()
06-11 07:15:00.321  1915  2083 E minksocket: MinkIPC_QRTR_Service: client with node 1 port 6e7a went down
06-11 07:15:00.321 20053 20074 I SamsungAccount: [TPMU]  SIMState     :SIM_STATE_READY
06-11 07:15:00.321 20345 20345 I StateUtils: isDirectBootMode On : true
06-11 07:15:00.321 20053 20074 I SamsungAccount: [CountryCodeUtil] isChinaCountryCode : false
06-11 07:15:00.321 20345 20345 I Clock_SA: screenID = 108 / event = 1248 / detail = 7/DND_0/Call_0/ARec_0/VRec_0/Vol_9/Vib_2/Set_0/Snd_1
06-11 07:15:00.321 20053 20074 I SamsungAccount: [TPMU] getMccFromUsim
06-11 07:15:00.321 20053 20074 I SamsungAccount: [MccManager] saveMccToPreference Start
06-11 07:15:00.321 20053 20074 I SamsungAccount: [MccManager] saveMccToPreference, mcc is same with previous mcc
06-11 07:15:00.321 20053 20074 I SamsungAccount: [FamilyGroupUtil] meetKoreaCountryCondition(beforeSignUp=false): true
06-11 07:15:00.322 20345 20345 I BixbyRoutineConditionHandler: InternalReceiver receive action : com.samsung.sec.android.clockpackage.alarm.ACTION_ALERT_ALARM_ROUTINE
06-11 07:15:00.322 20053 20074 I SamsungAccount: [TPMU]  SIMState     :SIM_STATE_READY
06-11 07:15:00.322 20053 20074 I SamsungAccount: [CountryCodeUtil] isChinaCountryCode : false
06-11 07:15:00.322  1915  2083 E minksocket: MinkIPC_QRTR_Service: client with node 1 port 6e7b went down
06-11 07:15:00.322 20053 20074 I SamsungAccount: [TPMU] getMccFromUsim
06-11 07:15:00.322 20053 20074 I SamsungAccount: [MccManager] saveMccToPreference Start
06-11 07:15:00.323 20053 20074 I SamsungAccount: [MccManager] saveMccToPreference, mcc is same with previous mcc
06-11 07:15:00.323 20053 20074 I SamsungAccount: [FamilyGroupUtil] meetKoreaOneUiCondition: true
06-11 07:15:00.323 20053 20074 I SamsungAccount: [FamilyGroupUtil] isSupportFamilyService: true
06-11 07:15:00.323 20053 20074 I SamsungAccount: [AccountManagerUtil] isSamsungAccountSignedIn : true
06-11 07:15:00.323 20345 20345 I ClockAlarmWidgetProvider: onReceive() action: com.sec.android.widgetapp.alarmclock.NOTIFY_ALARM_CHANGE_WIDGET
06-11 07:15:00.323 20345 20345 I GWT:AppWidgetReceiver: [clockpackage] [appwidget-1.1.18] onReceive: action=com.sec.android.widgetapp.alarmclock.NOTIFY_ALARM_CHANGE_WIDGET this=com.sec.android.app.clockpackage.alarmwidget.ClockAlarmWidgetProvider
06-11 07:15:00.323 20053 20074 I SamsungAccount: [ChildAccount] isChildAccount : false
06-11 07:15:00.323 20053 20074 I SamsungAccount: [AccountManagerProvider] makeResultBundle - resultCode : 0
06-11 07:15:00.323 31200 31200 I BCL@Common: (SaClientImpl) result_message: false
06-11 07:15:00.323 31200 31200 I BCL@Common: (SaHelper) getChildAccountStatus: 0
06-11 07:15:00.323  1915  2083 E minksocket: MinkIPC_QRTR_Service: client with node 1 port 6e7c went down
06-11 07:15:00.323 20345 20345 I StateUtils: mAudioManager.isVoiceCallActive = false
06-11 07:15:00.323  1938  1938 I sensors-hal: send_sensor_config_request:508, resampler is used, set resampler config
06-11 07:15:00.323  1938  1938 I sensors-hal: send_sync_sensor_request:448, send sync request
06-11 07:15:00.324  1938  1938 I sensors-hal: send_sync_sensor_request:474, wait for notification of response
06-11 07:15:00.324  1915  2083 E minksocket: MinkIPC_QRTR_Service: client with node 1 port 6e7d went down
06-11 07:15:00.325 31200 31200 W WakeupServiceFeatureUtil: Ph_getStatus(bixbyWakeupBargein) : 0 [main] 
06-11 07:15:00.325 20345 20345 I StateUtils: isInCallState callState = 0
06-11 07:15:00.325 20345 20345 I StateUtils: isInVoipCall = false
06-11 07:15:00.325 20345 20345 I StateUtils: mAudioManager.getMode() = 0:MODE_NORMAL
06-11 07:15:00.325 20345 20345 I AudioManager: getParameters keys = g_interpreter_mode
06-11 07:15:00.326 31200 31200 I BCL@CoreSvc: (AbstractWakeupLessIntentConsumer) ignore case: wakeupLess feature is not available
06-11 07:15:00.326 31200 31200 I BCL@CoreSvc: (WinkService) /PERF/performance WinkService.onStartCommand() end: 2
06-11 07:15:00.326  2030  4427 D AudioFlinger: getParameters: filtered dev getParameters keyvalue g_interpreter_mode
06-11 07:15:00.326  1938 20749 I sensors-hal: ssc_conn_resp_cb:833, resp_value = 0
06-11 07:15:00.326  1918  2833 V sec_audio_hw: sec_dev_get_parameters : g_interpreter_mode
06-11 07:15:00.326  1918  2833 D AHAL: FM: fm_get_parameters: 300: enter
06-11 07:15:00.326  1918  2833 D AHAL: FM: fm_get_parameters: 307: exit
06-11 07:15:00.326  1938  1938 I sensors-hal: send_sync_sensor_request:480, takes 2 ms to receive the response with 0
06-11 07:15:00.326  1938  1938 I sensors-hal: activate:445, android.sensor.accelerometer/11 en=1 completed
06-11 07:15:00.327  1938  1938 I sensors-hal: set_config:61, sample_period_ns is adjusted to 20000000 based on min/max delay_ns
06-11 07:15:00.327  2745  3839 I AppWidgetServiceImpl: getInstalledProvidersForProfiles lock in com.sec.android.app.clockpackage
06-11 07:15:00.327  1938  1938 I sensors-hal: batch:511, android.sensor.gyroscope/41, period=20000000, max_latency=0 request completed
06-11 07:15:00.327  2745  3839 I AppWidgetServiceImpl: getInstalledProvidersForProfiles lock exit 8
06-11 07:15:00.327  1938  1938 I sensors-hal: activate:427, android.sensor.gyroscope/41 en=1
06-11 07:15:00.327  1938 20749 I sensors-hal: handle_indication_realtime:467,  SCHED_FIFO(10) for qmi_cbk
06-11 07:15:00.327 20345 20345 I StateUtils: bRecordActive = false
06-11 07:15:00.327 20345 20345 I AudioManager: getParameters keys = g_interpreter_mode
06-11 07:15:00.327  1938  1938 I sensors-hal: get_qmi_debug_flag:239, support_qmi_debug : false
06-11 07:15:00.327  2030  4427 D AudioFlinger: getParameters: filtered dev getParameters keyvalue g_interpreter_mode
06-11 07:15:00.327  1918  2833 V sec_audio_hw: sec_dev_get_parameters : g_interpreter_mode
06-11 07:15:00.327  1918  2833 D AHAL: FM: fm_get_parameters: 300: enter
06-11 07:15:00.327  1918  2833 D AHAL: FM: fm_get_parameters: 307: exit
06-11 07:15:00.329  2745  2814 I AppWidgetServiceImpl: handleSaveMessage 0
06-11 07:15:00.329 20345 20345 I StateUtils: bRecordActive = false
06-11 07:15:00.329  1915  2083 E minksocket: MinkIPC_QRTR_Service: client with node 1 port 6e7f went down
06-11 07:15:00.329 20345 20345 I StateUtils: isDirectBootMode On : true
06-11 07:15:00.329 20345 20345 I StateUtils: isDirectBootMode On : true
06-11 07:15:00.329 20345 20345 I StateUtils: isUserUnlockedDevice : true
06-11 07:15:00.329 20345 20345 I StateUtils: isSoundModeOn : false
06-11 07:15:00.329 20345 20345 I StateUtils: isMannerModeState bVibrateForAlarms = false
06-11 07:15:00.329 20345 20345 I AlarmService: setMode() bRecordingState= false bMannerModeState= false mIsVoipCall = false, mIsVideoCall = false
06-11 07:15:00.329 20345 20345 I AlarmService: Not Emergency Call Back Mode
06-11 07:15:00.329 20345 20345 I AlarmService: setPlayModeBySoundSwitchAndAlarmType bRecordingState = false
06-11 07:15:00.329 20345 20345 I AlarmItem: isMainSoundOn() / mDailyBriefing[14] (ON = bit 0) = 10
06-11 07:15:00.329 20345 20345 I AlarmItem: isNewBixbyOn() / mDailyBriefing = [15] 10
06-11 07:15:00.329 20345 20345 I AlarmItem: isNewCelebOn() / mDailyBriefing = [16] 10
06-11 07:15:00.329 20345 20345 I AlarmItem: isAlarmToneOn() / mDailyBriefing[7] (ON = bit 0) = 10
06-11 07:15:00.329 20345 20345 I AlarmItem: isSoundOnState bSoundOnState = true
06-11 07:15:00.329 20345 20345 I AlarmItem: isMainSoundOn() / mDailyBriefing[14] (ON = bit 0) = 10
06-11 07:15:00.329 20345 20345 I AlarmItem: isNewBixbyOn() / mDailyBriefing = [15] 10
06-11 07:15:00.329 20345 20345 I AlarmItem: isNewCelebOn() / mDailyBriefing = [16] 10
06-11 07:15:00.329 20345 20345 I AlarmItem: isAlarmToneOn() / mDailyBriefing[7] (ON = bit 0) = 10
06-11 07:15:00.329 20345 20345 I AlarmItem: isSoundOnState bSoundOnState = true
06-11 07:15:00.329 20345 20345 I AlarmService: setPlayerPlayMode PLAY_NULL
06-11 07:15:00.330 20345 20345 I AlarmPlayerBase: mVibPattern = 50035
06-11 07:15:00.330 20345 20345 I AlarmPlayer: resume
06-11 07:15:00.330 20345 20345 I StateUtils: isCameraRunning: false
06-11 07:15:00.330 20345 20345 I AlarmService: increaseVolume() -> 
06-11 07:15:00.330 20345 20345 I AlarmService: mCurVol = 0.2
06-11 07:15:00.330  1915  2083 E minksocket: MinkIPC_QRTR_Service: client with node 1 port 6e80 went down
06-11 07:15:00.331 20345 20345 I AlarmAlertPopupService: onCreate()
06-11 07:15:00.331 20345 20345 I HeadUpNotificationService: onCreate
