06-11 07:05:40.391  2034  2073 E HeatmapThread: !@ CAM New BSOH: 0
06-11 07:05:40.461  2745  3405 D WifiStaIfaceHidlImpl: getCachedScanData is not implemented by HIDL
06-11 07:05:40.496  2745  5646 D SemWifiUsabilityStatsMonitor: onWifiUsabilityStats - seqNum 9775, isSameBssidAndFreq true
06-11 07:05:40.631  2062  2266 I VSyncReactor: Current= 60, Period= 60, Distance= 1
06-11 07:05:40.650  2062  2266 I VSyncReactor: Current= 60, Period= 60, Distance= 60
06-11 07:05:41.389  2034  2073 E HeatmapThread: ECT Thread time in milliseconds: 1781129141
06-11 07:05:41.389  2034  2073 D HeatmapThread: !@ batteryplugType : 0
06-11 07:05:41.389  2034  2073 D HeatmapThread: !@ batteryLevel : 0  batteryTemperature : 0 
06-11 07:05:41.390  2034  2073 D HeatmapThread: !@ Heatmap currtime: 29685485
06-11 07:05:41.390  2034  2073 D HeatmapThread: !@ Heatmap prevtime: 29685471
06-11 07:05:41.390  2034  2073 D HeatmapThread: !@ Heatmap plugstarttime: 35791394
06-11 07:05:41.390  2034  2073 D HeatmapThread: !@ Heatmap prevv_dsoh_update_time: 29682402
06-11 07:05:41.390  2034  2073 E HeatmapThread: !@Could not open '/efs/FactoryApp/bsoh', errno = 13
06-11 07:05:41.390  2034  2073 E HeatmapThread: !@ CAM Could not access BSOH EFS
06-11 07:05:41.390  2034  2073 E HeatmapThread: !@ CAM New BSOH: 0
06-11 07:05:41.415  2745  3528 D SemWifiEleStateTracker: Pressure Diff: 0.005493164
06-11 07:05:41.416  2745  3528 D SemWifiEleStateTracker: Barometer value: Prev 1008.502 Current 1008.5075 mSmallBaroDetected : false
06-11 07:05:41.506  1938 15428 I sensors-hal: handle_sns_client_event:550, [0][5921] accel_sample [ 0.147, -0.150,  9.949] 185026680855471
06-11 07:05:41.622  1153  1153 D io_stats: !@   8,0 r 22655489 411348739 w 5871117 93076580 d 1576882 220340736 f 0 680749 iot 9194328 0 th 0 0 0 pt 0 inp 0 0 120995.156
06-11 07:05:41.623  1153  1153 D io_stats: !@ Read_top(KB): d.process.acore(31133) 92
06-11 07:05:41.623  1153  1153 D io_stats: !@ Write_top(KB): f2fs_ckpt-254:5(4519) 44 init(1) 28 android.hardwar(1930) 8
06-11 07:05:41.832  1938 15434 I sensors-hal: handle_sns_client_event:527, [5686] mag_sample_cal: ts=185027061848648 ns; cal = [-7.196264, -41.872047, -59.939651], uncal = [-38.823723, -55.469955, -31.527046], bias = [-31.627459, -13.597909, 28.412607], status=3
06-11 07:05:41.940  1938 15436 I sensors-hal: handle_sns_std_sensor_event:138, [2840] Pressure 1008.507, cal 0.000, sw_offset 0.450
06-11 07:05:41.945  3693  3796 D SatelliteController: isInCarrierRoamingNbIotNtn: satellite is disabled
06-11 07:05:42.188 15474 15474 I wpa_supplicant: Heartbeat 2372
06-11 07:05:42.376  2745  3556 D NetdEventListenerService: DNS Requested by 169, 10875(com.lgt.tmoney), SUCCESS, 1ms
06-11 07:05:42.388  2034  2073 E HeatmapThread: ECT Thread time in milliseconds: 1781129142
06-11 07:05:42.388  2034  2073 D HeatmapThread: !@ batteryplugType : 0
06-11 07:05:42.388  2034  2073 D HeatmapThread: !@ batteryLevel : 0  batteryTemperature : 0 
06-11 07:05:42.388  2034  2073 D HeatmapThread: !@ Heatmap currtime: 29685485
06-11 07:05:42.388  2034  2073 D HeatmapThread: !@ Heatmap prevtime: 29685471
06-11 07:05:42.388  2034  2073 D HeatmapThread: !@ Heatmap plugstarttime: 35791394
06-11 07:05:42.388  2034  2073 D HeatmapThread: !@ Heatmap prevv_dsoh_update_time: 29682402
06-11 07:05:42.388  2034  2073 E HeatmapThread: !@Could not open '/efs/FactoryApp/bsoh', errno = 13
06-11 07:05:42.388  2034  2073 E HeatmapThread: !@ CAM Could not access BSOH EFS
06-11 07:05:42.388  2034  2073 E HeatmapThread: !@ CAM New BSOH: 0
06-11 07:05:42.831  1938 15888 I sensors-hal: handle_sns_std_sensor_event:311, [SSC_LIGHT] P: 131(131),m:7,c:12,b:72,c0:6144,l:131,f(r):100,u(bl):100,j:124
06-11 07:05:43.308  1938 15886 I sensors-hal: handle_sns_client_event:185, auto_rotation_debug_2 mode,255, type,1,0 acc,0.148,-0.165,9.952, ar,0, ver,14, pedo,1,e,1,i,3
06-11 07:05:43.390  2034  2073 E HeatmapThread: ECT Thread time in milliseconds: 1781129143
06-11 07:05:43.390  2034  2073 D HeatmapThread: !@ batteryplugType : 0
06-11 07:05:43.390  2034  2073 D HeatmapThread: !@ batteryLevel : 0  batteryTemperature : 0 
06-11 07:05:43.390  2034  2073 D HeatmapThread: !@ Heatmap currtime: 29685485
06-11 07:05:43.390  2034  2073 D HeatmapThread: !@ Heatmap prevtime: 29685471
06-11 07:05:43.390  2034  2073 D HeatmapThread: !@ Heatmap plugstarttime: 35791394
06-11 07:05:43.390  2034  2073 D HeatmapThread: !@ Heatmap prevv_dsoh_update_time: 29682402
06-11 07:05:43.391  2034  2073 E HeatmapThread: !@Could not open '/efs/FactoryApp/bsoh', errno = 13
06-11 07:05:43.391  2034  2073 E HeatmapThread: !@ CAM Could not access BSOH EFS
06-11 07:05:43.391  2034  2073 E HeatmapThread: !@ CAM New BSOH: 0
06-11 07:05:43.544  1938 15428 I sensors-hal: handle_sns_client_event:550, [0][5941] accel_sample [ 0.143, -0.153,  9.950] 185028722459065
06-11 07:05:43.573  2745  3405 D WifiStaIfaceHidlImpl: getCachedScanData is not implemented by HIDL
06-11 07:05:43.609  2745  5646 D SemWifiUsabilityStatsMonitor: onWifiUsabilityStats - seqNum 9776, isSameBssidAndFreq true
06-11 07:05:43.624  1153  1153 D io_stats: !@   8,0 r 22655489 411348739 w 5871119 93076780 d 1576882 220340736 f 0 680749 iot 9194336 0 th 0 0 0 pt 0 inp 0 0 120997.158
06-11 07:05:43.647  2745  3528 D SemWifiEleStateTracker: Pressure Diff: -0.013793945
06-11 07:05:43.648  2745  3528 D SemWifiEleStateTracker: Barometer value: Prev 1008.5075 Current 1008.4937 mSmallBaroDetected : false
06-11 07:05:43.831  1938 15434 I sensors-hal: handle_sns_client_event:527, [5706] mag_sample_cal: ts=185029061848648 ns; cal = [-5.824541, -41.607033, -59.944237], uncal = [-37.452000, -55.204941, -31.531631], bias = [-31.627459, -13.597909, 28.412607], status=3
06-11 07:05:43.931  2745  3416 D InetDiagMessage: Destroyed 0 sockets, proto=IPPROTO_TCP, family=AF_INET, states=14
06-11 07:05:43.938  2745  3416 D InetDiagMessage: Destroyed 0 sockets, proto=IPPROTO_TCP, family=AF_INET6, states=14
06-11 07:05:43.939  2745  3416 D InetDiagMessage: Destroyed live tcp sockets for uids={10470} in 15ms
06-11 07:05:43.940  1938 15436 I sensors-hal: handle_sns_std_sensor_event:138, [2850] Pressure 1008.514, cal 0.000, sw_offset 0.450
06-11 07:05:43.944  2745  3416 D InetDiagMessage: Destroyed 0 sockets, proto=IPPROTO_TCP, family=AF_INET, states=14
06-11 07:05:43.950  2745  3416 D InetDiagMessage: Destroyed 0 sockets, proto=IPPROTO_TCP, family=AF_INET6, states=14
06-11 07:05:43.950  2745  3416 D InetDiagMessage: Destroyed live tcp sockets for uids={20470} in 11ms
06-11 07:05:44.062  4030  5321 I ScanController: onScanResult to scannerId: 4- eventType=0x10, addressType=1, address=XX:XX:XX:XX:E6:0A, primaryPhy=1, secondaryPhy=0, advertisingSid=0xff, txPower=127, rssi=-85, periodicAdvInt=0x0
06-11 07:05:44.368  2745  3534 D WifiConnectivityMonitor.NetworkStatsAnalyzer: Backhaul result - RSSI:-39, CE:35, PE:35, TI:44, PTI:44, TW:0, PTW:0, Tx:13, Rx:13, TxS:14, RxS:13, RESULT:true, IC:1, ICT:5, WC:9, WCT:5, R:2, RC:0, IE:0, EC:0
06-11 07:05:44.388  2034  2073 E HeatmapThread: ECT Thread time in milliseconds: 1781129144
06-11 07:05:44.388  2034  2073 D HeatmapThread: !@ batteryplugType : 0
06-11 07:05:44.388  2034  2073 D HeatmapThread: !@ batteryLevel : 0  batteryTemperature : 0 
06-11 07:05:44.388  2034  2073 D HeatmapThread: !@ Heatmap currtime: 29685485
06-11 07:05:44.388  2034  2073 D HeatmapThread: !@ Heatmap prevtime: 29685471
06-11 07:05:44.389  2034  2073 D HeatmapThread: !@ Heatmap plugstarttime: 35791394
06-11 07:05:44.389  2034  2073 D HeatmapThread: !@ Heatmap prevv_dsoh_update_time: 29682402
06-11 07:05:44.389  2034  2073 E HeatmapThread: !@Could not open '/efs/FactoryApp/bsoh', errno = 13
06-11 07:05:44.389  2034  2073 E HeatmapThread: !@ CAM Could not access BSOH EFS
06-11 07:05:44.389  2034  2073 E HeatmapThread: !@ CAM New BSOH: 0
06-11 07:05:44.709  2745  4736 I NSLocationMonitor: getGPSUsingApps() called
06-11 07:05:44.710  4710  4768 I NSLocationManager_FLP: getGPSUsingApps, No change
06-11 07:05:44.727  2745  4736 D FreecessHandler: freeze com.kakao.page(15010371) result : 2
06-11 07:05:45.368  2745  4736 I NSLocationMonitor: getGPSUsingApps() called
06-11 07:05:45.370  4710  4768 I NSLocationManager_FLP: getGPSUsingApps, No change
06-11 07:05:45.388  2034  2073 E HeatmapThread: ECT Thread time in milliseconds: 1781129145
06-11 07:05:45.388  2034  2073 D HeatmapThread: !@ batteryplugType : 0
06-11 07:05:45.388  2034  2073 D HeatmapThread: !@ batteryLevel : 0  batteryTemperature : 0 
06-11 07:05:45.388  2034  2073 D HeatmapThread: !@ Heatmap currtime: 29685485
06-11 07:05:45.388  2034  2073 D HeatmapThread: !@ Heatmap prevtime: 29685471
06-11 07:05:45.388  2034  2073 D HeatmapThread: !@ Heatmap plugstarttime: 35791394
06-11 07:05:45.388  2034  2073 D HeatmapThread: !@ Heatmap prevv_dsoh_update_time: 29682402
06-11 07:05:45.389  2034  2073 E HeatmapThread: !@Could not open '/efs/FactoryApp/bsoh', errno = 13
06-11 07:05:45.389  2034  2073 E HeatmapThread: !@ CAM Could not access BSOH EFS
06-11 07:05:45.389  2034  2073 E HeatmapThread: !@ CAM New BSOH: 0
06-11 07:05:45.389  2745  4736 D FreecessHandler: freeze com.worksoc.goaicoach(11444) result : 2
06-11 07:05:45.589  1938 15428 I sensors-hal: handle_sns_client_event:550, [0][5961] accel_sample [ 0.147, -0.157,  9.953] 185030764061044
06-11 07:05:45.625  1153  1153 D io_stats: !@   8,0 r 22655489 411348739 w 5871127 93076812 d 1576882 220340736 f 0 680749 iot 9194344 0 th 0 0 0 pt 0 inp 0 0 120999.160
06-11 07:05:45.625  1153  1153 D io_stats: !@ Write_top(KB): .android.chrome(12835) 200 kworker/u16:13(31454) 32
06-11 07:05:45.725  2745  3528 D SemWifiEleStateTracker: Pressure Diff: 0.011230469
06-11 07:05:45.726  2745  3528 D SemWifiEleStateTracker: Barometer value: Prev 1008.4937 Current 1008.50494 mSmallBaroDetected : false
06-11 07:05:45.784  3693  3796 D SatelliteController: isInCarrierRoamingNbIotNtn: satellite is disabled
06-11 07:05:45.832  1938 15434 I sensors-hal: handle_sns_client_event:527, [5726] mag_sample_cal: ts=185031061848648 ns; cal = [-4.364290, -40.954285, -60.597969], uncal = [-35.991749, -54.552193, -32.185364], bias = [-31.627459, -13.597909, 28.412607], status=3
06-11 07:05:45.941  1938 15436 I sensors-hal: handle_sns_std_sensor_event:138, [2860] Pressure 1008.507, cal 0.000, sw_offset 0.450
06-11 07:05:46.390  2034  2073 E HeatmapThread: ECT Thread time in milliseconds: 1781129146
06-11 07:05:46.390  2034  2073 D HeatmapThread: !@ batteryplugType : 0
06-11 07:05:46.390  2034  2073 D HeatmapThread: !@ batteryLevel : 0  batteryTemperature : 0 
06-11 07:05:46.390  2034  2073 D HeatmapThread: !@ Heatmap currtime: 29685485
06-11 07:05:46.390  2034  2073 D HeatmapThread: !@ Heatmap prevtime: 29685471
06-11 07:05:46.390  2034  2073 D HeatmapThread: !@ Heatmap plugstarttime: 35791394
06-11 07:05:46.390  2034  2073 D HeatmapThread: !@ Heatmap prevv_dsoh_update_time: 29682402
06-11 07:05:46.391  2034  2073 E HeatmapThread: !@Could not open '/efs/FactoryApp/bsoh', errno = 13
06-11 07:05:46.391  2034  2073 E HeatmapThread: !@ CAM Could not access BSOH EFS
06-11 07:05:46.391  2034  2073 E HeatmapThread: !@ CAM New BSOH: 0
06-11 07:05:46.516  1938 15888 I sensors-hal: handle_sns_std_sensor_event:311, [SSC_LIGHT] P: 130(130),m:7,c:12,b:72,c0:6112,l:130,f(r):100,u(bl):100,j:124
06-11 07:05:46.681  2745  3556 D NetdEventListenerService: DNS Requested by 169, 10875(com.lgt.tmoney), SUCCESS, 1ms
06-11 07:05:46.705  2745  3405 D WifiStaIfaceHidlImpl: getCachedScanData is not implemented by HIDL
06-11 07:05:46.706 16149 17628 I NearbyMediums: No BLE Fast/GATT advertisements found in the latest cycle.
06-11 07:05:46.706 16149 17628 I NearbyMediums: Current Tracked Scanning Clients are : {NearbyConnections.EnvironmentMonitor, NearbyConnections.TxAdvertisement}
06-11 07:05:46.755  2745  5646 D SemWifiUsabilityStatsMonitor: onWifiUsabilityStats - seqNum 9777, isSameBssidAndFreq true
06-11 07:05:47.390  2034  2073 E HeatmapThread: ECT Thread time in milliseconds: 1781129147
06-11 07:05:47.390  2034  2073 D HeatmapThread: !@ batteryplugType : 0
06-11 07:05:47.390  2034  2073 D HeatmapThread: !@ batteryLevel : 0  batteryTemperature : 0 
06-11 07:05:47.390  2034  2073 D HeatmapThread: !@ Heatmap currtime: 29685485
06-11 07:05:47.390  2034  2073 D HeatmapThread: !@ Heatmap prevtime: 29685471
06-11 07:05:47.390  2034  2073 D HeatmapThread: !@ Heatmap plugstarttime: 35791394
06-11 07:05:47.390  2034  2073 D HeatmapThread: !@ Heatmap prevv_dsoh_update_time: 29682402
06-11 07:05:47.391  2034  2073 E HeatmapThread: !@Could not open '/efs/FactoryApp/bsoh', errno = 13
06-11 07:05:47.391  2034  2073 E HeatmapThread: !@ CAM Could not access BSOH EFS
06-11 07:05:47.391  2034  2073 E HeatmapThread: !@ CAM New BSOH: 0
06-11 07:05:47.591  2745  3556 D NetdEventListenerService: DNS Requested by 169, 10393(org.telegram.messenger), 4(FAIL), isBlocked=true, 0ms
06-11 07:05:47.594  2745  3556 D NetdEventListenerService: DNS Requested by 169, 10393(org.telegram.messenger), 4(FAIL), isBlocked=true, 0ms
06-11 07:05:47.599  2745  3556 D NetdEventListenerService: DNS Requested by 169, 10393(org.telegram.messenger), 4(FAIL), isBlocked=true, 0ms
06-11 07:05:47.627  1153  1153 D io_stats: !@   8,0 r 22655515 411355395 w 5871127 93076812 d 1576882 220340736 f 0 680749 iot 9194432 0 th 0 0 0 pt 0 inp 0 0 121001.162
06-11 07:05:47.630  1938 15428 I sensors-hal: handle_sns_client_event:550, [0][5981] accel_sample [ 0.146, -0.155,  9.951] 185032805661512
06-11 07:05:47.834  1938 15434 I sensors-hal: handle_sns_client_event:527, [5746] mag_sample_cal: ts=185033061848648 ns; cal = [-6.188711, -40.523170, -60.122276], uncal = [-37.816170, -54.121078, -31.709671], bias = [-31.627459, -13.597909, 28.412607], status=3
06-11 07:05:47.887  2745  3528 D SemWifiEleStateTracker: Pressure Diff: 0.005493164
06-11 07:05:47.887  2745  3528 D SemWifiEleStateTracker: Barometer value: Prev 1008.50494 Current 1008.51044 mSmallBaroDetected : false
06-11 07:05:47.941  1938 15436 I sensors-hal: handle_sns_std_sensor_event:138, [2870] Pressure 1008.510, cal 0.000, sw_offset 0.450
06-11 07:05:48.133  2745 17955 D WifiConnectivityMonitor.DnsThread:  [|211] []
06-11 07:05:48.134  2745  3534 D WifiConnectivityMonitor.NetworkStatsAnalyzer: DNS resultType : 0, responseTime : 211
06-11 07:05:48.135  2745  3528 D OpenNetworkQos[4.00]: updateBssidLatestDnsResultType - result: 0
06-11 07:05:48.135  2745  3528 D OpenNetworkQos[4.00]: updateBssidNoInternet: mBssidNoInternet = false
06-11 07:05:48.135  2745  3528 D OpenNetworkQos[4.00]: getOpenNetworkQosNoInternetStatus: false
06-11 07:05:48.135  2745  3528 D OpenNetworkQos[4.00]: getOpenNetworkQosScores: 30 30 0 
06-11 07:05:48.135  2745  3528 D KNOX_MDM_SettingsProvider: isChangeAllowed() : name = wifi_wcm_qos_sharing_score_summary
06-11 07:05:48.136  2745  3528 I WifiProfileShare: network QoS data was changed (internet), updateQoSData networkType: true, qosData: false
06-11 07:05:48.137  2745  4871 D WifiProfileShare: nearby scanning settings stop
06-11 07:05:48.138  2745  4871 V WifiProfileShare.Caster: checkAndGetShareData - nearby scanning
06-11 07:05:48.388  2034  2073 E HeatmapThread: ECT Thread time in milliseconds: 1781129148
06-11 07:05:48.388  2034  2073 D HeatmapThread: !@ batteryplugType : 0
06-11 07:05:48.388  2034  2073 D HeatmapThread: !@ batteryLevel : 0  batteryTemperature : 0 
06-11 07:05:48.388  2034  2073 D HeatmapThread: !@ Heatmap currtime: 29685485
06-11 07:05:48.388  2034  2073 D HeatmapThread: !@ Heatmap prevtime: 29685471
06-11 07:05:48.389  2034  2073 D HeatmapThread: !@ Heatmap plugstarttime: 35791394
06-11 07:05:48.389  2034  2073 D HeatmapThread: !@ Heatmap prevv_dsoh_update_time: 29682402
06-11 07:05:48.389  2034  2073 E HeatmapThread: !@Could not open '/efs/FactoryApp/bsoh', errno = 13
06-11 07:05:48.389  2034  2073 E HeatmapThread: !@ CAM Could not access BSOH EFS
06-11 07:05:48.389  2034  2073 E HeatmapThread: !@ CAM New BSOH: 0
06-11 07:05:48.912  1938 15888 I sensors-hal: handle_sns_std_sensor_event:311, [SSC_LIGHT] P: 99(99),m:7,c:12,b:72,c0:4672,l:99,f(r):100,u(bl):100,j:91
06-11 07:05:49.143  7599  9044 I SDHMS:x : SIOP:: AP:370 BAT:350 USB:343 CHG:365 PA:382 WIFI:378 CF:359 BLK:0 SUBBAT:0 SKIN:345 SKINF:345 SKINB:344 LRP:345 LRP2:345 LRF2:345 LRB2:344 AP2:345 CHG2:343 WIFI2:344 UANT2:343 RCV2:341 SPK2:332 FCAM:343 UPSPK:363 DNSPK:342 AMB:281 AVGCUR:-275 POWER:-1057
06-11 07:05:49.389  2034  2073 E HeatmapThread: ECT Thread time in milliseconds: 1781129149
06-11 07:05:49.389  2034  2073 D HeatmapThread: !@ batteryplugType : 0
06-11 07:05:49.389  2034  2073 D HeatmapThread: !@ batteryLevel : 0  batteryTemperature : 0 
06-11 07:05:49.389  2034  2073 D HeatmapThread: !@ Heatmap currtime: 29685485
06-11 07:05:49.389  2034  2073 D HeatmapThread: !@ Heatmap prevtime: 29685471
06-11 07:05:49.389  2034  2073 D HeatmapThread: !@ Heatmap plugstarttime: 35791394
06-11 07:05:49.390  2034  2073 D HeatmapThread: !@ Heatmap prevv_dsoh_update_time: 29682402
06-11 07:05:49.390  2034  2073 E HeatmapThread: !@Could not open '/efs/FactoryApp/bsoh', errno = 13
06-11 07:05:49.390  2034  2073 E HeatmapThread: !@ CAM Could not access BSOH EFS
06-11 07:05:49.390  2034  2073 E HeatmapThread: !@ CAM New BSOH: 0
06-11 07:05:49.629  1153  1153 D io_stats: !@   8,0 r 22655515 411355395 w 5871176 93077012 d 1576905 220341080 f 0 680754 iot 9194452 0 th 0 0 0 pt 0 inp 0 0 121003.163
06-11 07:05:49.630  1153  1153 D io_stats: !@ Read_top(KB): loop49(4925) 6656
06-11 07:05:49.630  1153  1153 D io_stats: !@ Write_top(KB): f2fs_ckpt-254:5(4519) 28 init(1) 28
06-11 07:05:49.672  1938 15428 I sensors-hal: handle_sns_client_event:550, [0][6001] accel_sample [ 0.143, -0.154,  9.952] 185034847260315
06-11 07:05:49.815  2745  3405 D WifiStaIfaceHidlImpl: getCachedScanData is not implemented by HIDL
06-11 07:05:49.832  1938 15434 I sensors-hal: handle_sns_client_event:527, [5766] mag_sample_cal: ts=185035061848648 ns; cal = [-5.586733, -38.114067, -58.160713], uncal = [-37.214191, -51.711975, -29.748108], bias = [-31.627459, -13.597909, 28.412607], status=3
06-11 07:05:49.847  2745  5646 D SemWifiUsabilityStatsMonitor: onWifiUsabilityStats - seqNum 9778, isSameBssidAndFreq true
06-11 07:05:49.940  1938 15436 I sensors-hal: handle_sns_std_sensor_event:138, [2880] Pressure 1008.530, cal 0.000, sw_offset 0.450
06-11 07:05:50.019  2745  3528 I SemWifiEleStateTracker: Ele Parameters BD : 13 13 13 13 13 13 MD : -94 -94 -94 -92 -92 -91 WD : -38 -42 -39 -39 -41 -38 GC : false false false false false false SC : false false false false false false SH : false false false false false false TB : false false false false false false
06-11 07:05:50.019  2745  3528 D SemWifiEleStateTracker: Pressure Diff: 0.01953125
06-11 07:05:50.019  2745  3528 D SemWifiEleStateTracker: Barometer value: Prev 1008.51044 Current 1008.52997 mSmallBaroDetected : false
06-11 07:05:50.389  2034  2073 E HeatmapThread: ECT Thread time in milliseconds: 1781129150
06-11 07:05:50.390  2034  2073 D HeatmapThread: !@ batteryplugType : 0
06-11 07:05:50.390  2034  2073 D HeatmapThread: !@ batteryLevel : 0  batteryTemperature : 0 
06-11 07:05:50.390  2034  2073 D HeatmapThread: !@ Heatmap currtime: 29685485
06-11 07:05:50.390  2034  2073 D HeatmapThread: !@ Heatmap prevtime: 29685471
06-11 07:05:50.390  2034  2073 D HeatmapThread: !@ Heatmap plugstarttime: 35791394
06-11 07:05:50.390  2034  2073 D HeatmapThread: !@ Heatmap prevv_dsoh_update_time: 29682402
06-11 07:05:50.391  2034  2073 E HeatmapThread: !@Could not open '/efs/FactoryApp/bsoh', errno = 13
06-11 07:05:50.391  2034  2073 E HeatmapThread: !@ CAM Could not access BSOH EFS
06-11 07:05:50.391  2034  2073 E HeatmapThread: !@ CAM New BSOH: 0
06-11 07:05:50.730  2745  4736 I NSLocationMonitor: getGPSUsingApps() called
06-11 07:05:50.731  4710  4768 I NSLocationManager_FLP: getGPSUsingApps, No change
06-11 07:05:50.748  2745  4736 D FreecessHandler: freeze com.kakao.page(15010371) result : 2
06-11 07:05:50.987  2745  3556 D NetdEventListenerService: DNS Requested by 169, 10875(com.lgt.tmoney), SUCCESS, 1ms
06-11 07:05:51.388  2034  2073 E HeatmapThread: ECT Thread time in milliseconds: 1781129151
06-11 07:05:51.388  2034  2073 D HeatmapThread: !@ batteryplugType : 0
06-11 07:05:51.388  2034  2073 D HeatmapThread: !@ batteryLevel : 0  batteryTemperature : 0 
06-11 07:05:51.388  2034  2073 D HeatmapThread: !@ Heatmap currtime: 29685485
06-11 07:05:51.389  2034  2073 D HeatmapThread: !@ Heatmap prevtime: 29685471
06-11 07:05:51.389  2034  2073 D HeatmapThread: !@ Heatmap plugstarttime: 35791394
06-11 07:05:51.389  2034  2073 D HeatmapThread: !@ Heatmap prevv_dsoh_update_time: 29682402
06-11 07:05:51.389  2034  2073 E HeatmapThread: !@Could not open '/efs/FactoryApp/bsoh', errno = 13
06-11 07:05:51.389  2034  2073 E HeatmapThread: !@ CAM Could not access BSOH EFS
06-11 07:05:51.389  2034  2073 E HeatmapThread: !@ CAM New BSOH: 0
06-11 07:05:51.391  2745  4736 I NSLocationMonitor: getGPSUsingApps() called
06-11 07:05:51.393  4710  4768 I NSLocationManager_FLP: getGPSUsingApps, No change
06-11 07:05:51.411  2745  4736 D FreecessHandler: freeze com.worksoc.goaicoach(11444) result : 2
06-11 07:05:51.631  1153  1153 D io_stats: !@   8,0 r 22655515 411355395 w 5871177 93077016 d 1576905 220341080 f 0 680754 iot 9194464 0 th 0 0 0 pt 0 inp 0 0 121005.166
06-11 07:05:51.714  1938 15428 I sensors-hal: handle_sns_client_event:550, [0][6021] accel_sample [ 0.141, -0.149,  9.953] 185036888857606
06-11 07:05:51.791  1938 15888 I sensors-hal: handle_sns_std_sensor_event:311, [SSC_LIGHT] P: 96(96),m:7,c:12,b:72,c0:4576,l:97,f(r):100,u(bl):100,j:90
06-11 07:05:51.833  1938 15434 I sensors-hal: handle_sns_client_event:527, [5786] mag_sample_cal: ts=185037061848648 ns; cal = [-6.963194, -39.870632, -58.379440], uncal = [-38.590652, -53.468540, -29.966831], bias = [-31.627459, -13.597909, 28.412607], status=3
06-11 07:05:51.942  1938 15436 I sensors-hal: handle_sns_std_sensor_event:138, [2890] Pressure 1008.517, cal 0.000, sw_offset 0.450
06-11 07:05:52.169  2745  3528 I SemWifiEleStateTracker: Ele Parameters BD : 13 13 13 13 13 13 MD : -94 -94 -92 -92 -91 -91 WD : -42 -39 -39 -41 -38 -35 GC : false false false false false false SC : false false false false false false SH : false false false false false false TB : false false false false false false
06-11 07:05:52.170  2745  3528 I SemWifiEleStateTracker: Monitoring finished by expiration count
06-11 07:05:52.170  2745  3528 I SemWifiEleStateTracker: mMonitorEnabled false
06-11 07:05:52.172  2745 15439 W System.err: java.lang.InterruptedException
06-11 07:05:52.172  2745 15439 W System.err: 	at java.lang.Thread.sleep(Native Method)
06-11 07:05:52.172  2745 15439 W System.err: 	at java.lang.Thread.sleep0(Thread.java:689)
06-11 07:05:52.172  2745 15439 W System.err: 	at java.lang.Thread.sleep(Thread.java:667)
06-11 07:05:52.172  2745 15439 W System.err: 	at java.lang.Thread.sleep(Thread.java:580)
06-11 07:05:52.172  2745 15439 W System.err: 	at com.samsung.android.server.wifi.wcm.SemWifiEleGeoMagnetic$SensorThread.run(qb/109668159 3f0c61d6e0e110a32c521efcc24f383ff81c48febc65f067ab9ac6b5ba8742fd:31)
06-11 07:05:52.172  2745 15439 D SemWifiEleGeoMagnetic: Ele detector remove
06-11 07:05:52.172  1938  1938 I sensors-hal: activate:427, android.sensor.accelerometer/11 en=0
06-11 07:05:52.174  1938  1938 I sensors-hal: deactivate:380, disconnect qmi to disable sensor
06-11 07:05:52.174  1938  1938 I sensors-hal: activate:445, android.sensor.accelerometer/11 en=0 completed
06-11 07:05:52.175  1915  2083 E minksocket: MinkIPC_QRTR_Service: client with node 1 port 6dbb went down
06-11 07:05:52.176  1938  1938 I sensors-hal: activate:427, android.sensor.magnetic_field/21 en=0
06-11 07:05:52.177  1915  2083 E minksocket: MinkIPC_QRTR_Service: client with node 1 port 6dc5 went down
06-11 07:05:52.178  1938  1938 I sensors-hal: deactivate:380, disconnect qmi to disable sensor
06-11 07:05:52.180  1915  2083 E minksocket: MinkIPC_QRTR_Service: client with node 1 port 6dc0 went down
06-11 07:05:52.180  1938  1938 I sensors-hal: activate:445, android.sensor.magnetic_field/21 en=0 completed
06-11 07:05:52.181  1938  1938 I sensors-hal: set_config:61, sample_period_ns is adjusted to 200000000 based on min/max delay_ns
06-11 07:05:52.181  1938  1938 I sensors-hal: batch:511, android.sensor.pressure/61, period=200000000, max_latency=0 request completed
06-11 07:05:52.182  2745  3528 D SensorManager: unregisterListener :: com.samsung.android.server.wifi.wcm.SemWifiEleGeoMagnetic$1@293ef5b
06-11 07:05:52.182  2745  3528 D SemWifiEleStateTracker: unregisterGeomagneticListener done
06-11 07:05:52.183  1938  1938 I sensors-hal: activate:427, android.sensor.pressure/61 en=0
06-11 07:05:52.184  1938  1938 I sensors-hal: deactivate:380, disconnect qmi to disable sensor
06-11 07:05:52.184  1938  1938 I sensors-hal: deactivate:81, deactivate pressure
06-11 07:05:52.184  1938  1938 I sensors-hal: activate:445, android.sensor.pressure/61 en=0 completed
06-11 07:05:52.184  1915  2083 E minksocket: MinkIPC_QRTR_Service: client with node 1 port 6dca went down
06-11 07:05:52.184  2745  3528 D SensorManager: unregisterListener :: com.samsung.android.server.wifi.wcm.SemWifiEleStateTracker$BarometerReader@d50faf3
06-11 07:05:52.185  2745  3528 D SemWifiEleStateTracker: Stop Reading Baro
06-11 07:05:52.185  2745  3528 I WifiConnectivityMonitor: determineMode : MODE_AGG_BY_SWITCH_TO_MOBILE_DATA_OPTION
06-11 07:05:52.220 15474 15474 I wpa_supplicant: Heartbeat 2373
06-11 07:05:52.390  2034  2073 E HeatmapThread: ECT Thread time in milliseconds: 1781129152
06-11 07:05:52.390  2034  2073 D HeatmapThread: !@ batteryplugType : 0
06-11 07:05:52.390  2034  2073 D HeatmapThread: !@ batteryLevel : 0  batteryTemperature : 0 
06-11 07:05:52.390  2034  2073 D HeatmapThread: !@ Heatmap currtime: 29685485
06-11 07:05:52.390  2034  2073 D HeatmapThread: !@ Heatmap prevtime: 29685471
06-11 07:05:52.390  2034  2073 D HeatmapThread: !@ Heatmap plugstarttime: 35791394
06-11 07:05:52.390  2034  2073 D HeatmapThread: !@ Heatmap prevv_dsoh_update_time: 29682402
06-11 07:05:52.391  2034  2073 E HeatmapThread: !@Could not open '/efs/FactoryApp/bsoh', errno = 13
06-11 07:05:52.391  2034  2073 E HeatmapThread: !@ CAM Could not access BSOH EFS
06-11 07:05:52.391  2034  2073 E HeatmapThread: !@ CAM New BSOH: 0
06-11 07:05:52.926  2745  3405 D WifiStaIfaceHidlImpl: getCachedScanData is not implemented by HIDL
06-11 07:05:52.970  2745  5646 D SemWifiUsabilityStatsMonitor: onWifiUsabilityStats - seqNum 9779, isSameBssidAndFreq true
06-11 07:05:53.026  1938 15886 I sensors-hal: handle_sns_client_event:185, auto_rotation_debug_2 mode,255, type,1,0 acc,0.141,-0.148,9.964, ar,0, ver,14, pedo,1,e,1,i,3
06-11 07:05:53.035  3749 15478 D IpClient/wlan0: interfaceLinkStateChanged: ifindex 16 up
06-11 07:05:53.389  2034  2073 E HeatmapThread: ECT Thread time in milliseconds: 1781129153
06-11 07:05:53.389  2034  2073 D HeatmapThread: !@ batteryplugType : 0
06-11 07:05:53.390  2034  2073 D HeatmapThread: !@ batteryLevel : 0  batteryTemperature : 0 
06-11 07:05:53.390  2034  2073 D HeatmapThread: !@ Heatmap currtime: 29685485
06-11 07:05:53.390  2034  2073 D HeatmapThread: !@ Heatmap prevtime: 29685471
06-11 07:05:53.390  2034  2073 D HeatmapThread: !@ Heatmap plugstarttime: 35791394
06-11 07:05:53.390  2034  2073 D HeatmapThread: !@ Heatmap prevv_dsoh_update_time: 29682402
06-11 07:05:53.390  2034  2073 E HeatmapThread: !@Could not open '/efs/FactoryApp/bsoh', errno = 13
06-11 07:05:53.390  2034  2073 E HeatmapThread: !@ CAM Could not access BSOH EFS
06-11 07:05:53.390  2034  2073 E HeatmapThread: !@ CAM New BSOH: 0
06-11 07:05:53.633  1153  1153 D io_stats: !@ Write_top(KB): kworker/u16:0(29237) 4
06-11 07:05:54.379  2745  3534 D WifiConnectivityMonitor.NetworkStatsAnalyzer: Backhaul result - RSSI:-38, CE:35, PE:35, TI:44, PTI:44, TW:0, PTW:0, Tx:16, Rx:16, TxS:15, RxS:14, RESULT:true, IC:1, ICT:5, WC:10, WCT:5, R:2, RC:0, IE:0, EC:0
06-11 07:05:54.388  2034  2073 E HeatmapThread: ECT Thread time in milliseconds: 1781129154
06-11 07:05:54.388  2034  2073 D HeatmapThread: !@ batteryplugType : 0
06-11 07:05:54.388  2034  2073 D HeatmapThread: !@ batteryLevel : 0  batteryTemperature : 0 
06-11 07:05:54.388  2034  2073 D HeatmapThread: !@ Heatmap currtime: 29685485
06-11 07:05:54.388  2034  2073 D HeatmapThread: !@ Heatmap prevtime: 29685471
06-11 07:05:54.388  2034  2073 D HeatmapThread: !@ Heatmap plugstarttime: 35791394
06-11 07:05:54.389  2034  2073 D HeatmapThread: !@ Heatmap prevv_dsoh_update_time: 29682402
06-11 07:05:54.389  2034  2073 E HeatmapThread: !@Could not open '/efs/FactoryApp/bsoh', errno = 13
06-11 07:05:54.389  2034  2073 E HeatmapThread: !@ CAM Could not access BSOH EFS
06-11 07:05:54.389  2034  2073 E HeatmapThread: !@ CAM New BSOH: 0
06-11 07:05:54.728  2745  3426 W DeviceStorageMonitorService: updateBroadcasts(/data) oldLevel:0, newLevel:0, seq:1
06-11 07:05:54.731  2745  3426 D DeviceStorageMonitorService: Available File Node Number is [10655785]
06-11 07:05:54.731  2745  3426 W DeviceStorageMonitorService: updateBroadcasts_filenode(/data) fn_oldLevel:0, fn_newLevel:0, seq:1
06-11 07:05:54.744  3693  3796 D SatelliteController: isInCarrierRoamingNbIotNtn: satellite is disabled
06-11 07:05:54.831  1938 15888 I sensors-hal: handle_sns_std_sensor_event:311, [SSC_LIGHT] P: 79(79),m:7,c:12,b:72,c0:3792,l:79,f(r):100,u(bl):100,j:69
06-11 07:05:55.292  2745  3556 D NetdEventListenerService: DNS Requested by 169, 10875(com.lgt.tmoney), SUCCESS, 1ms
06-11 07:05:55.388  2034  2073 E HeatmapThread: ECT Thread time in milliseconds: 1781129155
06-11 07:05:55.388  2034  2073 D HeatmapThread: !@ batteryplugType : 0
06-11 07:05:55.388  2034  2073 D HeatmapThread: !@ batteryLevel : 0  batteryTemperature : 0 
06-11 07:05:55.388  2034  2073 D HeatmapThread: !@ Heatmap currtime: 29685485
06-11 07:05:55.388  2034  2073 D HeatmapThread: !@ Heatmap prevtime: 29685471
06-11 07:05:55.388  2034  2073 D HeatmapThread: !@ Heatmap plugstarttime: 35791394
06-11 07:05:55.388  2034  2073 D HeatmapThread: !@ Heatmap prevv_dsoh_update_time: 29682402
06-11 07:05:55.388  2034  2073 E HeatmapThread: !@Could not open '/efs/FactoryApp/bsoh', errno = 13
06-11 07:05:55.388  2034  2073 E HeatmapThread: !@ CAM Could not access BSOH EFS
06-11 07:05:55.388  2034  2073 E HeatmapThread: !@ CAM New BSOH: 0
06-11 07:05:55.878  2745  2815 I ActivityManager: Killing PhantomProcessRecord {671f824 16350:16303:libkatago.so/u0a1444}: excessive cpu 87630 during 300125 dur=46640 limit=25
06-11 07:05:55.879  2745  2815 I ActivityManager: Killing 16303:com.worksoc.goaicoach/u0a1444 (adj 900): Caused by child process: excessive cpu 87630 during 300125 dur=46640 limit=25
06-11 07:05:55.879  2745  2817 E libprocessgroup: Failed to open /sys/fs/cgroup/apps/uid_11444/pid_16350/cgroup.procs: No such file or directory
06-11 07:05:55.985  2745  3196 D InputTransport: Input channel destroyed: 'dc5e291', fd=1485
06-11 07:05:55.986  2745  3095 D InputTransport: Input channel destroyed: 'ClientS', fd=1053
06-11 07:05:55.987  2745  3095 D InputMethodManagerService: onClientRemovedInternalLocked
06-11 07:05:55.987  2745  5241 I WindowManager: WIN DEATH: Window{dc5e291 u0 com.worksoc.goaicoach/com.worksoc.goaicoach.MainActivity}
06-11 07:05:55.988  4695  4695 I adbd    : Remote process closed the socket (on MSG_PEEK)
06-11 07:05:55.988  2745  5241 V WindowManager: Remove Window{dc5e291 u0 com.worksoc.goaicoach/com.worksoc.goaicoach.MainActivity}: mSurfaceControl=null mAnimatingExit=false mRemoveOnExit=false mHasSurface=false surfaceShowing=false animating=false app-animation=false callers=com.android.server.wm.Session.binderDied:85 android.os.IBinder$DeathRecipient.binderDied:346 android.os.BinderProxy.sendDeathNotice:848 <bottom of call stack> <bottom of call stack> <bottom of call stack> 
06-11 07:05:55.988  2745  5241 D RestrictionPolicy: isScreenCaptureEnabled : ret=true userId=0
06-11 07:05:55.989  2745  5241 D SurfaceComposerClient: setCornerRadius ## e16f0c5 com.sec.android.app.launcher/com.sec.android.app.launcher.activities.LauncherActivity#187 cornerRadius=0.000000
06-11 07:05:55.989  2745  5241 D SurfaceComposerClient: setCornerRadius ## e16f0c5 com.sec.android.app.launcher/com.sec.android.app.launcher.activities.LauncherActivity#187 cornerRadius=0.000000
06-11 07:05:55.993  2062  2266 I VSyncReactor: Current= 60, Period= 60, Distance= 0
06-11 07:05:55.994  1866  1866 I Zygote  : Process 16303 exited due to signal 9 (Killed)
06-11 07:05:55.997  2745  2805 W ActivityManager: setHasOverlayUi called on unknown pid: 16303
06-11 07:05:55.998  2745  2805 D SGM:FgCheckThread: getForegroundApp(), foregroundPkgName=com.sec.android.app.launcher
06-11 07:05:55.999  2745  3142 W UsageStatsService: Unexpected activity event reported! (com.worksoc.goaicoach/com.worksoc.goaicoach.MainActivity event : 23 instanceId : 246722383)
06-11 07:05:55.999 10224 13340 I Routine@Core[4.9.07.7]: ActivityWatcherListenerImpl: onStopComponent: componentName - com.worksoc.goaicoach, userId: 0
06-11 07:05:55.999  2745  2805 D SGM:FgCheckThread: pkgName: com.worksoc.goaicoach is not in foreground
06-11 07:05:56.000  2745  2805 D SGM:FgCheckThread: noteStopComponent(), received pkgName: com.worksoc.goaicoach, focusedPkgName: com.sec.android.app.launcher, userId: 0
06-11 07:05:56.000 10224 13340 I Routine@Core[4.9.07.7]: Pref: putSharedPrefsData: key=condition_launch_app_data_resume_pkg, data.size=68
06-11 07:05:56.004  5757  5800 V OsAgent : broadcastSystemEvent - 7
06-11 07:05:56.009  2062  2266 I VSyncReactor: Current= 60, Period= 60, Distance= 60
06-11 07:05:56.014  2062  2062 I SurfaceFlinger: SFWD update time=121009549553992
06-11 07:05:56.016  2062  2062 I SurfaceFlinger: [LayerHierarchy{RequestedLayerState{dc5e291 com.worksoc.goaicoach/com.worksoc.goaicoach.MainActivity#23900} no children}] reparent to OffscreenRoot
06-11 07:05:56.016  2062  2062 I SurfaceFlinger: [LayerHierarchy{RequestedLayerState{dc5e291 com.worksoc.goaicoach/com.worksoc.goaicoach.MainActivity#23900} no children}] RelativeParent to null
06-11 07:05:56.020  2062  2062 I SurfaceFlinger: id=23900 Removed dc5e291 com.worksoc.goaicoach/com.worksoc.goaicoach.MainActivity#23900 (336)
06-11 07:05:56.021  2745  3405 D WifiStaIfaceHidlImpl: getCachedScanData is not implemented by HIDL
06-11 07:05:56.043  2062  2062 I SurfaceFlinger: destroyed dc5e291 com.worksoc.goaicoach/com.worksoc.goaicoach.MainActivity#23900 form LifecycleManager
06-11 07:05:56.043  2062  2062 I SurfaceFlinger: id=23900 onLayerDestroyed from LayerHierarchyBuilder(RequestedLayerState{dc5e291 com.worksoc.goaicoach/com.worksoc.goaicoach.MainActivity#23900 !handle})
06-11 07:05:56.046  2062  2062 I Layer   : id=23900 Destroyed dc5e291 com.worksoc.goaicoach/com.worksoc.goaicoach.MainActivity#23900
06-11 07:05:56.050  2745  5646 D SemWifiUsabilityStatsMonitor: onWifiUsabilityStats - seqNum 9780, isSameBssidAndFreq true
06-11 07:05:56.127  2745  2817 I libprocessgroup: Removed cgroup /sys/fs/cgroup/apps/uid_11444/pid_16303
06-11 07:05:56.127  2745  2817 I ActivityManager: Process PhantomProcessRecord {671f824 16350:16303:libkatago.so/u0a1444} died
06-11 07:05:56.389  2034  2073 E HeatmapThread: ECT Thread time in milliseconds: 1781129156
06-11 07:05:56.390  2034  2073 D HeatmapThread: !@ batteryplugType : 0
06-11 07:05:56.390  2034  2073 D HeatmapThread: !@ batteryLevel : 0  batteryTemperature : 0 
06-11 07:05:56.390  2034  2073 D HeatmapThread: !@ Heatmap currtime: 29685485
06-11 07:05:56.390  2034  2073 D HeatmapThread: !@ Heatmap prevtime: 29685471
06-11 07:05:56.390  2034  2073 D HeatmapThread: !@ Heatmap plugstarttime: 35791394
06-11 07:05:56.390  2034  2073 D HeatmapThread: !@ Heatmap prevv_dsoh_update_time: 29682402
06-11 07:05:56.391  2034  2073 E HeatmapThread: !@Could not open '/efs/FactoryApp/bsoh', errno = 13
06-11 07:05:56.391  2034  2073 E HeatmapThread: !@ CAM Could not access BSOH EFS
06-11 07:05:56.391  2034  2073 E HeatmapThread: !@ CAM New BSOH: 0
06-11 07:05:56.755  2745  4736 I NSLocationMonitor: getGPSUsingApps() called
06-11 07:05:56.757  4710  4768 I NSLocationManager_FLP: getGPSUsingApps, No change
06-11 07:05:56.776  2745  4736 D FreecessHandler: freeze com.kakao.page(15010371) result : 2
06-11 07:05:57.306  3693  3796 D SatelliteController: isInCarrierRoamingNbIotNtn: satellite is disabled
06-11 07:05:57.389  2034  2073 E HeatmapThread: ECT Thread time in milliseconds: 1781129157
06-11 07:05:57.389  2034  2073 D HeatmapThread: !@ batteryplugType : 0
06-11 07:05:57.389  2034  2073 D HeatmapThread: !@ batteryLevel : 0  batteryTemperature : 0 
06-11 07:05:57.390  2034  2073 D HeatmapThread: !@ Heatmap currtime: 29685485
06-11 07:05:57.390  2034  2073 D HeatmapThread: !@ Heatmap prevtime: 29685471
06-11 07:05:57.390  2034  2073 D HeatmapThread: !@ Heatmap plugstarttime: 35791394
06-11 07:05:57.390  2034  2073 D HeatmapThread: !@ Heatmap prevv_dsoh_update_time: 29682402
06-11 07:05:57.390  2034  2073 E HeatmapThread: !@Could not open '/efs/FactoryApp/bsoh', errno = 13
06-11 07:05:57.390  2034  2073 E HeatmapThread: !@ CAM Could not access BSOH EFS
06-11 07:05:57.390  2034  2073 E HeatmapThread: !@ CAM New BSOH: 0
06-11 07:05:57.636  1153  1153 D io_stats: !@   8,0 r 22655531 411357035 w 5871182 93077036 d 1576905 220341080 f 0 680754 iot 9194492 0 th 0 0 0 pt 0 inp 0 0 121011.170
06-11 07:05:57.636  1153  1153 D io_stats: !@ Read_top(KB): loop49(4925) 1536 system_server(2745) 104
06-11 07:05:57.637  1153  1153 D io_stats: !@ Write_top(KB): kworker/u16:3(17869) 20
06-11 07:05:58.390  2034  2073 E HeatmapThread: ECT Thread time in milliseconds: 1781129158
06-11 07:05:58.390  2034  2073 D HeatmapThread: !@ batteryplugType : 0
06-11 07:05:58.390  2034  2073 D HeatmapThread: !@ batteryLevel : 0  batteryTemperature : 0 
06-11 07:05:58.391  2034  2073 D HeatmapThread: !@ Heatmap currtime: 29685485
06-11 07:05:58.391  2034  2073 D HeatmapThread: !@ Heatmap prevtime: 29685471
06-11 07:05:58.391  2034  2073 D HeatmapThread: !@ Heatmap plugstarttime: 35791394
06-11 07:05:58.391  2034  2073 D HeatmapThread: !@ Heatmap prevv_dsoh_update_time: 29682402
06-11 07:05:58.391  2034  2073 E HeatmapThread: !@Could not open '/efs/FactoryApp/bsoh', errno = 13
06-11 07:05:58.391  2034  2073 E HeatmapThread: !@ CAM Could not access BSOH EFS
06-11 07:05:58.391  2034  2073 E HeatmapThread: !@ CAM New BSOH: 0
06-11 07:05:59.115  2745  3405 D WifiStaIfaceHidlImpl: getCachedScanData is not implemented by HIDL
06-11 07:05:59.148  2745  5646 D SemWifiUsabilityStatsMonitor: onWifiUsabilityStats - seqNum 9781, isSameBssidAndFreq true
06-11 07:05:59.280  2745  3457 D UsbStatsMonitor: 0 0 0 0 0 0 0 0 0 0 0 0 2 0 0 0 0 0 0 0 0 0 0 0 0 0 0 0 0 0 0 0 0 0 0 0 0 0 4 0 0 1 1 0 0 0 0 0 0 0 0 0 0 0 70841190580250
06-11 07:05:59.388  2034  2073 E HeatmapThread: ECT Thread time in milliseconds: 1781129159
06-11 07:05:59.388  2034  2073 D HeatmapThread: !@ batteryplugType : 0
06-11 07:05:59.388  2034  2073 D HeatmapThread: !@ batteryLevel : 0  batteryTemperature : 0 
06-11 07:05:59.388  2034  2073 D HeatmapThread: !@ Heatmap currtime: 29685485
06-11 07:05:59.389  2034  2073 D HeatmapThread: !@ Heatmap prevtime: 29685471
06-11 07:05:59.389  2034  2073 D HeatmapThread: !@ Heatmap plugstarttime: 35791394
06-11 07:05:59.389  2034  2073 D HeatmapThread: !@ Heatmap prevv_dsoh_update_time: 29682402
06-11 07:05:59.389  2034  2073 E HeatmapThread: !@Could not open '/efs/FactoryApp/bsoh', errno = 13
06-11 07:05:59.389  2034  2073 E HeatmapThread: !@ CAM Could not access BSOH EFS
06-11 07:05:59.389  2034  2073 E HeatmapThread: !@ CAM New BSOH: 0
06-11 07:05:59.596  2745  3556 D NetdEventListenerService: DNS Requested by 169, 10875(com.lgt.tmoney), SUCCESS, 1ms
06-11 07:05:59.637  1153  1153 D io_stats: !@   8,0 r 22655531 411357035 w 5871217 93077176 d 1576923 220341184 f 0 680759 iot 9194508 0 th 0 0 0 pt 0 inp 0 0 121013.172
06-11 07:05:59.863  3693  3796 D SatelliteController: isInCarrierRoamingNbIotNtn: satellite is disabled
06-11 07:06:00.010  4231  4540 I DateTimeView: updateAll - getTimeFormat
06-11 07:06:00.013  4231  4231 D ClockFaceEvents: onTimeTick. callers : com.android.keyguard.ClockEventController$keyguardUpdateMonitorCallback$1.refreshTime:19
06-11 07:06:00.013  4231  4231 D ClockFaceEvents: com.android.keyguard.ClockEventController$keyguardUpdateMonitorCallback$1.onTimeChanged:1
06-11 07:06:00.013  4231  4231 D ClockFaceEvents: com.android.keyguard.KeyguardUpdateMonitor$16.handleMessage:732
06-11 07:06:00.014  4231  4231 D ClockFaceEvents: onTimeTick. callers : com.android.keyguard.ClockEventController$keyguardUpdateMonitorCallback$1.refreshTime:38
06-11 07:06:00.014  4231  4231 D ClockFaceEvents: com.android.keyguard.ClockEventController$keyguardUpdateMonitorCallback$1.onTimeChanged:1
06-11 07:06:00.014  4231  4231 D ClockFaceEvents: com.android.keyguard.KeyguardUpdateMonitor$16.handleMessage:732
06-11 07:06:00.014  4231  4540 D QSClockBellTower: onReceive(android.intent.action.TIME_TICK) mTimeZoneString:Asia/Seoul
06-11 07:06:00.014  4231  4231 D FaceWidgetPagesController: onTimeChanged()
06-11 07:06:00.018  4231  4231 D QSClockBellTower: He is ready to ring the bell. (((QSClockBellSound - TimeText:7:06, TimeContentDescription:오전 7:06, DateText:6월 11일 목요일, ShortDateText:6월 11일 (목), Demo:false)))
06-11 07:06:00.020  4231  4231 D QSClock : StatusBar clock=7:06 notifyTimeChanged(QSClockBellSound - TimeText:7:06, TimeContentDescription:오전 7:06, DateText:6월 11일 목요일, ShortDateText:6월 11일 (목), Demo:false) clockVisibleByPolicy=true, clockVisibleByUser=true, visible=true, parent=android.widget.LinearLayout{e892ab1 V.E...... ......ID 0,0-69,56 #7f0a069b app:id/left_clock_container} caller=com.android.systemui.statusbar.phone.fragment.CollapsedStatusBarFragment.animateShow:52 com.android.systemui.statusbar.phone.fragment.CollapsedStatusBarFragment.updateStatusBarVisibilitiesInner:230 com.android.systemui.statusbar.phone.fragment.CollapsedStatusBarFragment.updateStatusBarVisibilities:65 com.android.systemui.statusbar.phone.fragment.CollapsedStatusBarFragment.disable:71 com.android.systemui.statusbar.CommandQueue$H.handleMessage:2997  
06-11 07:06:00.021  4231  4231 D QSClockBellTower: Everyone heard the bell. run(currentTime:1781129160016, getTime():Thu Jun 11 07:06:00 GMT+09:00 2026, getTimeZone():libcore.util.ZoneInfo[mDstSavings=0,mUseDst=false,mDelegate=[id="Asia/Seoul",mRawOffset=32400000,mEarliestRawOffset=30472000,transitions=29]])
06-11 07:06:00.022  2745  2745 I EyeComfortSolutionService: action  :  android.intent.action.TIME_TICK
06-11 07:06:00.031  2062  2266 I VSyncReactor: Current= 60, Period= 60, Distance= 0
06-11 07:06:00.036  4231  4231 W RefactorFlag: New code path expects SceneContainerFlag to be enabled.
06-11 07:06:00.048  2062  2266 I VSyncReactor: Current= 60, Period= 60, Distance= 60
06-11 07:06:00.388  2034  2073 E HeatmapThread: ECT Thread time in milliseconds: 1781129160
06-11 07:06:00.388  2034  2073 D HeatmapThread: !@ batteryplugType : 0
06-11 07:06:00.389  2034  2073 D HeatmapThread: !@ batteryLevel : 0  batteryTemperature : 0 
06-11 07:06:00.389  2034  2073 D HeatmapThread: !@ Heatmap currtime: 29685486
06-11 07:06:00.389  2034  2073 D HeatmapThread: !@ Heatmap prevtime: 29685471
06-11 07:06:00.389  2034  2073 D HeatmapThread: !@ Heatmap plugstarttime: 35791394
06-11 07:06:00.389  2034  2073 D HeatmapThread: !@ Heatmap prevv_dsoh_update_time: 29682402
06-11 07:06:00.389  2034  2073 E HeatmapThread: !@Could not open '/efs/FactoryApp/bsoh', errno = 13
06-11 07:06:00.389  2034  2073 E HeatmapThread: !@ CAM Could not access BSOH EFS
06-11 07:06:00.390  2034  2073 E HeatmapThread: !@ CAM New BSOH: 0
06-11 07:06:01.004  4527  5730 I HoneySpace.LiveIconSupplier: time tick - 3, CLOCK, 07:06 - 07:05, view: #c9c0e41, parent: WorkspaceCellLayout#2100fe6
06-11 07:06:01.005  4527  8647 I HoneySpace.LiveIconSupplier: time tick - 78, CLOCK, 07:06 - 07:05, view: #f7e5c15, parent: ApplistCellLayout#d3baeb8
06-11 07:06:01.010  4527  5730 I LauncherActivityInfo: Trying to load live icon for com.sec.android.app.clockpackage
06-11 07:06:01.013  4527  5730 I ApplicationPackageManager: package : com.sec.android.app.clockpackage, useAppIconResources : false
06-11 07:06:01.013  4527  5730 I LiveIconUtil: getLiveIcon was called in ClockPackage
06-11 07:06:01.015  4527  5730 I LiveIconUtil: getLiveIcon res = com.sec.android.app.clockpackage
06-11 07:06:01.021  4527  5730 I LiveIconUtil: stdIconSize : 126 , targetIconSize : 152
06-11 07:06:01.021  4527  5730 I LiveIconUtil: iconDpi : 640 , mTargetIconDpi : 420
06-11 07:06:01.090  4527  5730 E AppIconSolution: Couldn't get theme package resources, package is null
06-11 07:06:01.090  4527  5730 I AppIconSolution: load= live icon for com.sec.android.app.clockpackage, from overlay = false
06-11 07:06:01.090  4527  5730 I LauncherActivityInfo: packageName: com.sec.android.app.clockpackage, useThemeIcon: false, height: 288, width: 288, density: 640
06-11 07:06:01.093  4527  5730 I HoneySpace.LiveIconSupplier: updateIcon - 3, CLOCK, true - 07:06, view: #c9c0e41, parent: WorkspaceCellLayout#2100fe6
06-11 07:06:01.093  4527  8647 I HoneySpace.LiveIconSupplier: updateIcon - 78, CLOCK, true - 07:06, view: #f7e5c15, parent: ApplistCellLayout#d3baeb8
06-11 07:06:01.115  2062  2266 I VSyncReactor: Current= 60, Period= 60, Distance= 1
06-11 07:06:01.130  2062  2266 I VSyncReactor: Current= 60, Period= 60, Distance= 60
06-11 07:06:01.389  2034  2073 E HeatmapThread: ECT Thread time in milliseconds: 1781129161
06-11 07:06:01.389  2034  2073 D HeatmapThread: !@ batteryplugType : 0
06-11 07:06:01.390  2034  2073 D HeatmapThread: !@ batteryLevel : 0  batteryTemperature : 0 
06-11 07:06:01.390  2034  2073 D HeatmapThread: !@ Heatmap currtime: 29685486
06-11 07:06:01.390  2034  2073 D HeatmapThread: !@ Heatmap prevtime: 29685471
06-11 07:06:01.390  2034  2073 D HeatmapThread: !@ Heatmap plugstarttime: 35791394
06-11 07:06:01.390  2034  2073 D HeatmapThread: !@ Heatmap prevv_dsoh_update_time: 29682402
06-11 07:06:01.390  2034  2073 E HeatmapThread: !@Could not open '/efs/FactoryApp/bsoh', errno = 13
06-11 07:06:01.391  2034  2073 E HeatmapThread: !@ CAM Could not access BSOH EFS
06-11 07:06:01.391  2034  2073 E HeatmapThread: !@ CAM New BSOH: 0
06-11 07:06:01.393  1938 15888 I sensors-hal: handle_sns_std_sensor_event:311, [SSC_LIGHT] P: 99(99),m:7,c:12,b:72,c0:4720,l:99,f(r):100,u(bl):100,j:89
06-11 07:06:01.640  1153  1153 D io_stats: !@   8,0 r 22655531 411357035 w 5871218 93077180 d 1576923 220341184 f 0 680759 iot 9194516 0 th 0 0 0 pt 0 inp 0 0 121015.174
06-11 07:06:01.640  1153  1153 D io_stats: !@ Write_top(KB): init(1) 28 f2fs_ckpt-254:5(4519) 20 kworker/u16:0(29237) 4
06-11 07:06:01.709 16149 17628 I NearbyMediums: No BLE Fast/GATT advertisements found in the latest cycle.
06-11 07:06:01.710 16149 17628 I NearbyMediums: Current Tracked Scanning Clients are : {NearbyConnections.EnvironmentMonitor, NearbyConnections.TxAdvertisement}
06-11 07:06:01.834  4695  4695 I adbd    : adbd service requested 'shell,v2,TERM=dumb,raw:run-as com.worksoc.goaicoach cat files/engine_benchmark_profile.json'
06-11 07:06:01.966  4695  4695 I adbd    : adbd service requested 'shell,v2,TERM=dumb:export ANDROID_LOG_TAGS=''; exec logcat '-d' '-t' '1200''
