06-11 07:07:49.226  2745  3845 W CAE     : registerCallback(ContextAwareService.java:188) - [regi 01] Mutex is locked for TEST_FLAT_MOTION
06-11 07:07:49.226  2745  3845 W CAE     : registerCallback(ContextAwareService.java:195) - [regi 04]  com.samsung.android.contextaware.ContextAwareManager$CaListenerDelegate@ecd38db
06-11 07:07:49.226  2745  3845 W CAE     : getListener(ListenerListManager.java:127) - [getListener1]  com.samsung.android.contextaware.ContextAwareManager$CaListenerDelegate@ecd38db
06-11 07:07:49.226  2745  3845 W CAE     : getListener(ListenerListManager.java:128) - [getListener2]  com.samsung.android.contextaware.manager.ContextAwareService$Listener@6e31dea
06-11 07:07:49.227  2745  3845 V CAE     : start(ContextProvider.java:128)
06-11 07:07:49.227  2745  3845 V CAE     : clear(TestFlatMotionRunner.java:126)
06-11 07:07:49.227  2745  3845 V CAE     : enable(TestFlatMotionRunner.java:102)
06-11 07:07:49.228  2745  3392 D SensorService: setSContextDataLocked ints length 2 , byte length 4
06-11 07:07:49.228  2745  3392 D SensorService: setSContextDataLocked 17b1
06-11 07:07:49.228  1938  1938 I sensors-hal: inject_sensor_data:555, handle 1501 send inject
06-11 07:07:49.228  1938  1938 I sensors-hal: sendContextData:285, sensor hal 4, (0xb1, 0x17, 0x0, 0x0)
06-11 07:07:49.228  1938  1938 I sensors-hal: sendContextData:343, enable:177, handle:8, algo:26279936
06-11 07:07:49.229  1938  1938 E sensors-hal: is_restrict_mode:137, fread fail
06-11 07:07:49.230  1938  1938 I sensors-hal: sendContextData:106, device_position 4
06-11 07:07:49.230  1938  1938 I sensors-hal: get_qmi_debug_flag:239, support_qmi_debug : false
06-11 07:07:49.232  1915  2083 E minksocket: MinkIPC_QRTR_Service: client with node 1 port 6e61 went down
06-11 07:07:49.232  1938 18343 I sensors-hal: handle_indication_realtime:467,  SCHED_FIFO(10) for qmi_cbk
06-11 07:07:49.232  1938 18343 I sensors-hal: handle_sns_std_sensor_event:135, [SSC_LIGHT] A: 79(79),m:7,c:267,b:72,c0:6112,l:80,r:100,bl:100,j:77
06-11 07:07:49.234  1915  2083 E minksocket: MinkIPC_QRTR_Service: client with node 1 port 6e62 went down
06-11 07:07:49.234  1915  2083 E minksocket: MinkIPC_QRTR_Service: client with node 1 port 6e63 went down
06-11 07:07:49.235  1938  1938 I sensors-hal: create_sensor_config_request:46, device_position create_sensor_config_request
06-11 07:07:49.236  1938  1938 I sensors-hal: send_sensor_config_request:576, dt=device_position: convert sample_period=0 to batch_period=0
06-11 07:07:49.236  1938  1938 I sensors-hal: send_sync_sensor_request:448, send sync request
06-11 07:07:49.236  1938  1938 I sensors-hal: send_sync_sensor_request:474, wait for notification of response
06-11 07:07:49.236  1915  2083 E minksocket: MinkIPC_QRTR_Service: client with node 1 port 6e64 went down
06-11 07:07:49.243  1938 18345 I sensors-hal: ssc_conn_resp_cb:833, resp_value = 0
06-11 07:07:49.244  1938  1938 I sensors-hal: send_sync_sensor_request:480, takes 8 ms to receive the response with 0
06-11 07:07:49.245  2745  3845 D CAE     : getFaultDetectionResult(TestFlatMotionRunner.java:139) - true
06-11 07:07:49.246  2745  3845 I CAE     : notifyCmdProcessResultObserver(ContextProvider.java:627) - CheckResult = 0, Cause = Success
06-11 07:07:49.249  2745  3845 D CAE     : doCommendProcess(ContextAwareService.java:396) - complete notify the operation result.
06-11 07:07:49.249  2745  3845 I CAE     : displayUsedCountForService(ContextAwareService.java:460) - totalCnt = 1, serviceCount = 1, subCollectionCount = 0
06-11 07:07:49.250  2745  3845 D CAE     : showListenerList(ContextAwareService.java:325) - ===== Context Aware Service List =====
06-11 07:07:49.250  2745  3845 I CAE     : showListenerList(ContextAwareService.java:334) - Listener : com.samsung.android.contextaware.manager.ContextAwareService$Listener@6e31dea, Service : ACTIVITY_TRACKER_INTERRUPT(1)
06-11 07:07:49.250  2745  3845 I CAE     : showListenerList(ContextAwareService.java:334) - Listener : com.samsung.android.contextaware.manager.ContextAwareService$Listener@6e31dea, Service : ACTIVITY_TRACKER_CURRENT_INFO(1)
06-11 07:07:49.251  2745  3845 I CAE     : showListenerList(ContextAwareService.java:334) - Listener : com.samsung.android.contextaware.manager.ContextAwareService$Listener@6e31dea, Service : ACTIVITY_TRACKER_BATCH(1)
06-11 07:07:49.251  2745  3845 I CAE     : showListenerList(ContextAwareService.java:334) - Listener : com.samsung.android.contextaware.manager.ContextAwareService$Listener@6e31dea, Service : PEDOMETER(1)
06-11 07:07:49.251  2745  3845 I CAE     : showListenerList(ContextAwareService.java:334) - Listener : com.samsung.android.contextaware.manager.ContextAwareService$Listener@6e31dea, Service : SLOCATION_RUNNER(1)
06-11 07:07:49.251  2745  3845 I CAE     : showListenerList(ContextAwareService.java:334) - Listener : com.samsung.android.contextaware.manager.ContextAwareService$Listener@6e31dea, Service : CH_LOC_TRIGGER(1)
06-11 07:07:49.252  2745  3845 I CAE     : showListenerList(ContextAwareService.java:334) - Listener : com.samsung.android.contextaware.manager.ContextAwareService$Listener@6e31dea, Service : FREE_FALL_DETECTION(1)
06-11 07:07:49.252  2745  3845 I CAE     : showListenerList(ContextAwareService.java:334) - Listener : com.samsung.android.contextaware.manager.ContextAwareService$Listener@6e31dea, Service : TEST_FLAT_MOTION(1)
06-11 07:07:49.252  2745  3845 I CAE     : showListenerList(ContextAwareService.java:334) - Listener : com.samsung.android.contextaware.manager.ContextAwareService$Listener@6e31dea, Service : SENSOR_STATUS_CHECK_RUNNER(1)
06-11 07:07:49.253  2745  3845 W CAE     : registerCallback(ContextAwareService.java:209) - [regi 02] Mutex is unlocked for TEST_FLAT_MOTION
06-11 07:07:49.253  2745  3845 E SemContext.CaeProvider: setAttribute() : attribute is null!
06-11 07:07:49.253  2745  3845 D SemContextService: 	.registerCallback : 10, client= com.sec.android.sdhms
06-11 07:07:49.253  2745  3845 D SemContextService: unlock : registerCallback
06-11 07:07:49.256  2745  5241 E SensorService: BigData:Pakage) 5 already enabled. 
06-11 07:07:49.311 16906 16970 I PlayCommon: [219] Successfully uploaded logs.
06-11 07:07:49.356  1938  1938 D SensorsFlicker: Als_common::setDelay, handle : 1 time : 10000000ns
06-11 07:07:49.359  1938  1938 D SensorsFlicker: Als_common::enable, handle : 1, mode : 1, en : 0
06-11 07:07:49.359  1938  1938 D SensorsFlicker: Als_common::sendCommand, send disable command
06-11 07:07:49.388  2034  2073 E HeatmapThread: ECT Thread time in milliseconds: 1781129269
06-11 07:07:49.388  2034  2073 D HeatmapThread: !@ batteryplugType : 0
06-11 07:07:49.388  2034  2073 D HeatmapThread: !@ batteryLevel : 0  batteryTemperature : 0 
06-11 07:07:49.388  2034  2073 D HeatmapThread: !@ Heatmap currtime: 29685487
06-11 07:07:49.388  2034  2073 D HeatmapThread: !@ Heatmap prevtime: 29685471
06-11 07:07:49.388  2034  2073 D HeatmapThread: !@ Heatmap plugstarttime: 35791394
06-11 07:07:49.388  2034  2073 D HeatmapThread: !@ Heatmap prevv_dsoh_update_time: 29682402
06-11 07:07:49.389  2034  2073 E HeatmapThread: !@Could not open '/efs/FactoryApp/bsoh', errno = 13
06-11 07:07:49.389  2034  2073 E HeatmapThread: !@ CAM Could not access BSOH EFS
06-11 07:07:49.389  2034  2073 E HeatmapThread: !@ CAM New BSOH: 0
06-11 07:07:49.390  1938 18343 I sensors-hal: handle_sns_std_sensor_event:135, [SSC_LIGHT] A: 83(83),m:7,c:267,b:72,c0:6080,l:79,r:100,bl:100,j:83
06-11 07:07:49.392  1938  1938 I sensors-hal: set_config:65, no need to adjust sample_period_ns due to reporting_mode = 2
06-11 07:07:49.392  1938  1938 I sensors-hal: batch:511, android.sensor.light/51, period=200000000, max_latency=0 request completed
06-11 07:07:49.394  2745  5241 E SensorService: BigData:Pakage) 5 already disabled. 
06-11 07:07:49.395  1938  1938 I sensors-hal: activate:427, android.sensor.light/51 en=0
06-11 07:07:49.397  1938  1938 I sensors-hal: deactivate:380, disconnect qmi to disable sensor
06-11 07:07:49.397  1938  1938 I sensors-hal: activate:445, android.sensor.light/51 en=0 completed
06-11 07:07:49.397  1915  2083 E minksocket: MinkIPC_QRTR_Service: client with node 1 port 6e60 went down
06-11 07:07:49.506  1938 18345 I sensors-hal: handle_indication_realtime:467,  SCHED_FIFO(10) for qmi_cbk
06-11 07:07:49.507  1938 18345 I sensors-hal: handle_sns_client_event:76, device_position_event: msgid:1025
06-11 07:07:49.507  1938 18345 I sensors-hal: handle_sns_client_event:95, device_position_event: 1
06-11 07:07:49.511  2745  3386 D CAE     : onGetSensorHubData(SensorHubParserProvider.java:92) - onGetSensorHubData Event [event buffer len :4], AP_WAKEUP
06-11 07:07:49.512  2745  3386 I CAE     : parse(SensorHubParserProvider.java:188) - buffer size = 4
06-11 07:07:49.512  2745  3386 I CAE     : parse(SensorHubParserProvider.java:199) - 1, 1, 23, 1,
06-11 07:07:49.512  2745  3386 D CAE     : display(ContextProvider.java:375) - ================= TEST_FLAT_MOTION =================
06-11 07:07:49.513  2745  3386 I CAE     : display(ContextProvider.java:391) - Action=[1]
06-11 07:07:49.514  2745  3383 D SemContextService: Service.updateContext() : service = Device Position
06-11 07:07:49.520  2745  5241 D SemContextService: lock : unregisterCallback
06-11 07:07:49.521  2745  5241 D SemContextService: Service.removeListenerLocked() : listener = com.samsung.android.hardware.context.SemContextService$Listener@50c0841, service = Device Position, used = 0
06-11 07:07:49.521  2745  5241 W CAE     : unregisterCallback(ContextAwareService.java:230) - [unregi 01] Mutex is locked for TEST_FLAT_MOTION
06-11 07:07:49.522  2745  5241 W CAE     : getListener(ListenerListManager.java:127) - [getListener1]  com.samsung.android.contextaware.ContextAwareManager$CaListenerDelegate@ecd38db
06-11 07:07:49.522  2745  5241 W CAE     : getListener(ListenerListManager.java:128) - [getListener2]  com.samsung.android.contextaware.manager.ContextAwareService$Listener@6e31dea
06-11 07:07:49.522  2745  5241 V CAE     : stop(ContextProvider.java:155)
06-11 07:07:49.523  2745  5241 V CAE     : clear(TestFlatMotionRunner.java:126)
06-11 07:07:49.523  2745  5241 V CAE     : disable(TestFlatMotionRunner.java:115)
06-11 07:07:49.524  2745  3392 D SensorService: setSContextDataLocked ints length 2 , byte length 4
06-11 07:07:49.524  2745  3392 D SensorService: setSContextDataLocked 17b2
06-11 07:07:49.524  1938  1938 I sensors-hal: inject_sensor_data:555, handle 1501 send inject
06-11 07:07:49.525  1938  1938 I sensors-hal: sendContextData:285, sensor hal 4, (0xb2, 0x17, 0x0, 0x0)
06-11 07:07:49.525  1938  1938 I sensors-hal: sendContextData:343, enable:178, handle:8, algo:26280192
06-11 07:07:49.525  1938  1938 I sensors-hal: sendContextData:106, device_position 4
06-11 07:07:49.526  1938  1938 I sensors-hal: deactivate:380, disconnect qmi to disable sensor
06-11 07:07:49.527  1915  2083 E minksocket: MinkIPC_QRTR_Service: client with node 1 port 6e65 went down
06-11 07:07:49.527  2745  5241 D CAE     : getFaultDetectionResult(TestFlatMotionRunner.java:139) - true
06-11 07:07:49.528  2745  5241 I CAE     : notifyCmdProcessResultObserver(ContextProvider.java:627) - CheckResult = 0, Cause = Success
06-11 07:07:49.530  2745  5241 D CAE     : doCommendProcess(ContextAwareService.java:396) - complete notify the operation result.
06-11 07:07:49.531  2745  5241 I CAE     : displayUsedCountForService(ContextAwareService.java:460) - totalCnt = 0, serviceCount = 0, subCollectionCount = 0
06-11 07:07:49.531  2745  5241 D CAE     : showListenerList(ContextAwareService.java:325) - ===== Context Aware Service List =====
06-11 07:07:49.532  2745  5241 I CAE     : showListenerList(ContextAwareService.java:334) - Listener : com.samsung.android.contextaware.manager.ContextAwareService$Listener@6e31dea, Service : ACTIVITY_TRACKER_INTERRUPT(1)
06-11 07:07:49.532  2745  5241 I CAE     : showListenerList(ContextAwareService.java:334) - Listener : com.samsung.android.contextaware.manager.ContextAwareService$Listener@6e31dea, Service : ACTIVITY_TRACKER_CURRENT_INFO(1)
06-11 07:07:49.532  2745  5241 I CAE     : showListenerList(ContextAwareService.java:334) - Listener : com.samsung.android.contextaware.manager.ContextAwareService$Listener@6e31dea, Service : ACTIVITY_TRACKER_BATCH(1)
06-11 07:07:49.533  2745  5241 I CAE     : showListenerList(ContextAwareService.java:334) - Listener : com.samsung.android.contextaware.manager.ContextAwareService$Listener@6e31dea, Service : PEDOMETER(1)
06-11 07:07:49.533  2745  5241 I CAE     : showListenerList(ContextAwareService.java:334) - Listener : com.samsung.android.contextaware.manager.ContextAwareService$Listener@6e31dea, Service : SLOCATION_RUNNER(1)
06-11 07:07:49.533  2745  5241 I CAE     : showListenerList(ContextAwareService.java:334) - Listener : com.samsung.android.contextaware.manager.ContextAwareService$Listener@6e31dea, Service : CH_LOC_TRIGGER(1)
06-11 07:07:49.534  2745  5241 I CAE     : showListenerList(ContextAwareService.java:334) - Listener : com.samsung.android.contextaware.manager.ContextAwareService$Listener@6e31dea, Service : FREE_FALL_DETECTION(1)
06-11 07:07:49.534  2745  5241 I CAE     : showListenerList(ContextAwareService.java:334) - Listener : com.samsung.android.contextaware.manager.ContextAwareService$Listener@6e31dea, Service : SENSOR_STATUS_CHECK_RUNNER(1)
06-11 07:07:49.534  2745  5241 W CAE     : unregisterCallback(ContextAwareService.java:251) - [unregi 02] Mutex is unlocked for TEST_FLAT_MOTION
06-11 07:07:49.534  2745  5241 D SemContextService: 	.unregisterCallback : 10, client= com.sec.android.sdhms
06-11 07:07:49.535  2745  5241 D SemContextService: unlock : unregisterCallback
06-11 07:07:49.693  1938 15886 I sensors-hal: handle_sns_client_event:185, auto_rotation_debug_2 mode,255, type,1,0 acc,0.136,-0.151,9.949, ar,0, ver,14, pedo,1,e,1,i,3
06-11 07:07:49.729  1153  1153 D io_stats: !@   8,0 r 22657254 411385011 w 5871884 93080656 d 1577138 220343480 f 0 680853 iot 9196100 0 th 0 0 0 pt 0 inp 0 0 121123.264
06-11 07:07:49.730  1153  1153 D io_stats: !@ Read_top(KB): android.vending(16906) 24
06-11 07:07:49.730  1153  1153 D io_stats: !@ Write_top(KB): init(1) 28 f2fs_ckpt-254:5(4519) 16 kworker/u16:5(31446) 4
06-11 07:07:50.389  2034  2073 E HeatmapThread: ECT Thread time in milliseconds: 1781129270
06-11 07:07:50.389  2034  2073 D HeatmapThread: !@ batteryplugType : 0
06-11 07:07:50.389  2034  2073 D HeatmapThread: !@ batteryLevel : 0  batteryTemperature : 0 
06-11 07:07:50.390  2034  2073 D HeatmapThread: !@ Heatmap currtime: 29685487
06-11 07:07:50.390  2034  2073 D HeatmapThread: !@ Heatmap prevtime: 29685471
06-11 07:07:50.390  2034  2073 D HeatmapThread: !@ Heatmap plugstarttime: 35791394
06-11 07:07:50.390  2034  2073 D HeatmapThread: !@ Heatmap prevv_dsoh_update_time: 29682402
06-11 07:07:50.390  2034  2073 E HeatmapThread: !@Could not open '/efs/FactoryApp/bsoh', errno = 13
06-11 07:07:50.390  2034  2073 E HeatmapThread: !@ CAM Could not access BSOH EFS
06-11 07:07:50.390  2034  2073 E HeatmapThread: !@ CAM New BSOH: 0
06-11 07:07:51.265  2745  4736 I NSLocationMonitor: getGPSUsingApps() called
06-11 07:07:51.267  4710  4768 I NSLocationManager_FLP: getGPSUsingApps, No change
06-11 07:07:51.285  2745  4736 D FreecessHandler: freeze com.kakao.page(15010371) result : 2
06-11 07:07:51.354  2745  3556 D NetdEventListenerService: DNS Requested by 169, 10875(com.lgt.tmoney), SUCCESS, 1ms
06-11 07:07:51.360  2745  3405 D WifiStaIfaceHidlImpl: getCachedScanData is not implemented by HIDL
06-11 07:07:51.388  2034  2073 E HeatmapThread: ECT Thread time in milliseconds: 1781129271
06-11 07:07:51.388  2034  2073 D HeatmapThread: !@ batteryplugType : 0
06-11 07:07:51.388  2034  2073 D HeatmapThread: !@ batteryLevel : 0  batteryTemperature : 0 
06-11 07:07:51.388  2034  2073 D HeatmapThread: !@ Heatmap currtime: 29685487
06-11 07:07:51.388  2034  2073 D HeatmapThread: !@ Heatmap prevtime: 29685471
06-11 07:07:51.388  2034  2073 D HeatmapThread: !@ Heatmap plugstarttime: 35791394
06-11 07:07:51.388  2034  2073 D HeatmapThread: !@ Heatmap prevv_dsoh_update_time: 29682402
06-11 07:07:51.388  2034  2073 E HeatmapThread: !@Could not open '/efs/FactoryApp/bsoh', errno = 13
06-11 07:07:51.388  2034  2073 E HeatmapThread: !@ CAM Could not access BSOH EFS
06-11 07:07:51.388  2034  2073 E HeatmapThread: !@ CAM New BSOH: 0
06-11 07:07:51.408  2745  5646 D SemWifiUsabilityStatsMonitor: onWifiUsabilityStats - seqNum 9817, isSameBssidAndFreq true
06-11 07:07:51.410  2745  3502 E SemWifiLinkQualityMonitor: Too old or invalid TMI: currentTime=1781129271410 lastDateWindow=1781129197000
06-11 07:07:51.411  2745  3502 I SemWifiLinkQualityMonitor: Link stat: 1510 / 50 / 1.04 (24) / 780 / -37.0 || 100.0 : 780.00 / 0.5 : 0.96 / 0.55 : 0.03 / G (G) || 4f731b0d5785: 0.085 / 94.426 / N || N N / 0 0 / N 2.0 / N X 0 / 121124943 0 || 2026-06-11 07:06:37  / 0: 0 0 0 0 0 0 / 0: 0 0 0 0 0 0 / 0: 0 0 0 0 0 0
06-11 07:07:51.571  2745  3500 I SemWifiServiceDetector: Service det. resumed: T / T / 15562
06-11 07:07:51.791  1938 15888 I sensors-hal: handle_sns_std_sensor_event:311, [SSC_LIGHT] P: 85(85),m:7,c:267,b:72,c0:6112,l:80,f(r):100,u(bl):100,j:84
06-11 07:07:52.244 15474 15474 I wpa_supplicant: Heartbeat 2385
06-11 07:07:52.389  2034  2073 E HeatmapThread: ECT Thread time in milliseconds: 1781129272
06-11 07:07:52.389  2034  2073 D HeatmapThread: !@ batteryplugType : 0
06-11 07:07:52.390  2034  2073 D HeatmapThread: !@ batteryLevel : 0  batteryTemperature : 0 
06-11 07:07:52.390  2034  2073 D HeatmapThread: !@ Heatmap currtime: 29685487
06-11 07:07:52.390  2034  2073 D HeatmapThread: !@ Heatmap prevtime: 29685471
06-11 07:07:52.390  2034  2073 D HeatmapThread: !@ Heatmap plugstarttime: 35791394
06-11 07:07:52.390  2034  2073 D HeatmapThread: !@ Heatmap prevv_dsoh_update_time: 29682402
06-11 07:07:52.390  2034  2073 E HeatmapThread: !@Could not open '/efs/FactoryApp/bsoh', errno = 13
06-11 07:07:52.390  2034  2073 E HeatmapThread: !@ CAM Could not access BSOH EFS
06-11 07:07:52.390  2034  2073 E HeatmapThread: !@ CAM New BSOH: 0
06-11 07:07:53.349  3749 15478 D IpClient/wlan0: interfaceLinkStateChanged: ifindex 16 up
06-11 07:07:53.389  2034  2073 E HeatmapThread: ECT Thread time in milliseconds: 1781129273
06-11 07:07:53.390  2034  2073 D HeatmapThread: !@ batteryplugType : 0
06-11 07:07:53.390  2034  2073 D HeatmapThread: !@ batteryLevel : 0  batteryTemperature : 0 
06-11 07:07:53.390  2034  2073 D HeatmapThread: !@ Heatmap currtime: 29685487
06-11 07:07:53.390  2034  2073 D HeatmapThread: !@ Heatmap prevtime: 29685471
06-11 07:07:53.390  2034  2073 D HeatmapThread: !@ Heatmap plugstarttime: 35791394
06-11 07:07:53.390  2034  2073 D HeatmapThread: !@ Heatmap prevv_dsoh_update_time: 29682402
06-11 07:07:53.391  2034  2073 E HeatmapThread: !@Could not open '/efs/FactoryApp/bsoh', errno = 13
06-11 07:07:53.391  2034  2073 E HeatmapThread: !@ CAM Could not access BSOH EFS
06-11 07:07:53.391  2034  2073 E HeatmapThread: !@ CAM New BSOH: 0
06-11 07:07:53.732  1153  1153 D io_stats: !@   8,0 r 22657254 411385011 w 5871886 93080664 d 1577138 220343480 f 0 680853 iot 9196108 0 th 0 0 0 pt 0 inp 0 0 121127.266
06-11 07:07:53.732  1153  1153 D io_stats: !@ Write_top(KB): kworker/u16:5(31446) 8
06-11 07:07:54.390  2034  2073 E HeatmapThread: ECT Thread time in milliseconds: 1781129274
06-11 07:07:54.390  2034  2073 D HeatmapThread: !@ batteryplugType : 0
06-11 07:07:54.390  2034  2073 D HeatmapThread: !@ batteryLevel : 0  batteryTemperature : 0 
06-11 07:07:54.391  2034  2073 D HeatmapThread: !@ Heatmap currtime: 29685487
06-11 07:07:54.391  2034  2073 D HeatmapThread: !@ Heatmap prevtime: 29685471
06-11 07:07:54.391  2034  2073 D HeatmapThread: !@ Heatmap plugstarttime: 35791394
06-11 07:07:54.391  2034  2073 D HeatmapThread: !@ Heatmap prevv_dsoh_update_time: 29682402
06-11 07:07:54.392  2034  2073 E HeatmapThread: !@Could not open '/efs/FactoryApp/bsoh', errno = 13
06-11 07:07:54.392  2034  2073 E HeatmapThread: !@ CAM Could not access BSOH EFS
06-11 07:07:54.392  2034  2073 E HeatmapThread: !@ CAM New BSOH: 0
06-11 07:07:54.463  2745  3534 D WifiConnectivityMonitor.NetworkStatsAnalyzer: Backhaul result - RSSI:-37, CE:33, PE:35, TI:42, PTI:44, TW:0, PTW:0, Tx:35, Rx:42, TxS:33, RxS:37, RESULT:true, IC:2, ICT:5, WC:22, WCT:5, R:2, RC:0, IE:0, EC:0
06-11 07:07:54.513  2745  3405 D WifiStaIfaceHidlImpl: getCachedScanData is not implemented by HIDL
06-11 07:07:54.572  2745  5646 D SemWifiUsabilityStatsMonitor: onWifiUsabilityStats - seqNum 9818, isSameBssidAndFreq true
06-11 07:07:54.574  2745  3502 E SemWifiLinkQualityMonitor: Too old or invalid TMI: currentTime=1781129274574 lastDateWindow=1781129197000
06-11 07:07:54.584  2745  3500 I SemWifiServiceDetector: Service det. suspended: T / T / 15562
06-11 07:07:54.680 15562 15562 I android.wifi.ai: Explicit concurrent mark compact GC freed 5122KB AllocSpace bytes, 0(0B) LOS objects, 85% free, 4228KB/28MB, paused 144us,1.667ms total 87.074ms
06-11 07:07:54.922  2745  3426 W DeviceStorageMonitorService: updateBroadcasts(/data) oldLevel:0, newLevel:0, seq:1
06-11 07:07:54.925  2745  3426 D DeviceStorageMonitorService: Available File Node Number is [10655791]
06-11 07:07:54.925  2745  3426 W DeviceStorageMonitorService: updateBroadcasts_filenode(/data) fn_oldLevel:0, fn_newLevel:0, seq:1
06-11 07:07:54.994  1938 15888 I sensors-hal: handle_sns_std_sensor_event:311, [SSC_LIGHT] P: 82(82),m:7,c:267,b:72,c0:6112,l:80,f(r):100,u(bl):100,j:81
06-11 07:07:55.389  2034  2073 E HeatmapThread: ECT Thread time in milliseconds: 1781129275
06-11 07:07:55.390  2034  2073 D HeatmapThread: !@ batteryplugType : 0
06-11 07:07:55.390  2034  2073 D HeatmapThread: !@ batteryLevel : 0  batteryTemperature : 0 
06-11 07:07:55.390  2034  2073 D HeatmapThread: !@ Heatmap currtime: 29685487
06-11 07:07:55.390  2034  2073 D HeatmapThread: !@ Heatmap prevtime: 29685471
06-11 07:07:55.390  2034  2073 D HeatmapThread: !@ Heatmap plugstarttime: 35791394
06-11 07:07:55.390  2034  2073 D HeatmapThread: !@ Heatmap prevv_dsoh_update_time: 29682402
06-11 07:07:55.390  2034  2073 E HeatmapThread: !@Could not open '/efs/FactoryApp/bsoh', errno = 13
06-11 07:07:55.391  2034  2073 E HeatmapThread: !@ CAM Could not access BSOH EFS
06-11 07:07:55.391  2034  2073 E HeatmapThread: !@ CAM New BSOH: 0
06-11 07:07:55.660  2745  3556 D NetdEventListenerService: DNS Requested by 169, 10875(com.lgt.tmoney), SUCCESS, 2ms
06-11 07:07:55.733  1153  1153 D io_stats: !@   8,0 r 22657270 411389107 w 5871886 93080664 d 1577138 220343480 f 0 680853 iot 9196168 0 th 0 0 0 pt 0 inp 0 0 121129.268
06-11 07:07:56.388  2034  2073 E HeatmapThread: ECT Thread time in milliseconds: 1781129276
06-11 07:07:56.388  2034  2073 D HeatmapThread: !@ batteryplugType : 0
06-11 07:07:56.388  2034  2073 D HeatmapThread: !@ batteryLevel : 0  batteryTemperature : 0 
06-11 07:07:56.388  2034  2073 D HeatmapThread: !@ Heatmap currtime: 29685487
06-11 07:07:56.388  2034  2073 D HeatmapThread: !@ Heatmap prevtime: 29685471
06-11 07:07:56.388  2034  2073 D HeatmapThread: !@ Heatmap plugstarttime: 35791394
06-11 07:07:56.388  2034  2073 D HeatmapThread: !@ Heatmap prevv_dsoh_update_time: 29682402
06-11 07:07:56.388  2034  2073 E HeatmapThread: !@Could not open '/efs/FactoryApp/bsoh', errno = 13
06-11 07:07:56.389  2034  2073 E HeatmapThread: !@ CAM Could not access BSOH EFS
06-11 07:07:56.389  2034  2073 E HeatmapThread: !@ CAM New BSOH: 0
06-11 07:07:56.659   990   990 I lmkd    : cached 6, sandbox(not0) 0
06-11 07:07:56.661   990   990 I lmkd    : Reclaim 'com.sec.android.app.clockpackage' (16406), uid 10176, oom_score_adj 985, state 19 to free 152652kB rss, 24856kB swap; reason: low watermark is breached or filecache is low (3670932kB).
06-11 07:07:56.666   990  1003 E lowmemorykiller: process_mrelease 16406 failed: No such process
06-11 07:07:56.665  2745  2854 D DmaBufLeakDetector: system:           245452 kB
06-11 07:07:56.667  2745  2854 I DmaBufLeakDetector: DmaBuf : 245452 KB
06-11 07:07:56.743  2745  5241 D InputMethodManagerService: onClientRemovedInternalLocked
06-11 07:07:56.743  2745  3760 I ActivityManager: Process com.sec.android.app.clockpackage (pid 16406) has died: cch+85 CEM (908,4038)
06-11 07:07:56.743  2030  2189 I AudioFlinger: removeDlbCodecCallback pid:16406 type:-1
06-11 07:07:56.743  1866  1866 I Zygote  : Process 16406 exited due to signal 9 (Killed)
06-11 07:07:56.746  2745  2817 I libprocessgroup: Removed cgroup /sys/fs/cgroup/apps/uid_10176/pid_16406
06-11 07:07:56.748  2745  2805 W ActivityManager: setHasOverlayUi called on unknown pid: 16406
06-11 07:07:56.752  5757  5800 V OsAgent : broadcastSystemEvent - 7
06-11 07:07:56.753  2364  3738 I ResourceManagerMetrics: pushConcurrentUsageReport: No Video Codec Entry for Application[pid(16406): uid(10176)]
06-11 07:07:56.753  2364  3738 I ResourceManagerMetrics: pushConcurrentUsageReport: Concurrent Codec Usage Report for the Process[pid(16406): uid(10176)] is Peak { AudioDec[ SW: 1 ] } Peak Pixels: 0
06-11 07:07:56.766   990   990 I lmkd    : 2(delay), 0(swap), 0(freelimit), 0(reentrymode) memory pressure events were skipped after a kill!
06-11 07:07:56.949  2745  3556 D NetdEventListenerService: DNS Requested by 169, 10393(org.telegram.messenger), 4(FAIL), isBlocked=true, 0ms
06-11 07:07:56.956  2745  3556 D NetdEventListenerService: DNS Requested by 169, 10393(org.telegram.messenger), 4(FAIL), isBlocked=true, 0ms
06-11 07:07:56.958  2745  3556 D NetdEventListenerService: DNS Requested by 169, 10393(org.telegram.messenger), 4(FAIL), isBlocked=true, 0ms
06-11 07:07:56.968   990   990 I lmkd    : 1(delay), 0(swap), 0(freelimit), 0(reentrymode) memory pressure events were skipped after a kill!
06-11 07:07:57.169   990   990 I lmkd    : 1(delay), 0(swap), 0(freelimit), 0(reentrymode) memory pressure events were skipped after a kill!
06-11 07:07:57.292  2745  4736 I NSLocationMonitor: getGPSUsingApps() called
06-11 07:07:57.293  4710  4768 I NSLocationManager_FLP: getGPSUsingApps, No change
06-11 07:07:57.302  2745  4736 D FreecessHandler: freeze com.kakao.page(15010371) result : 2
06-11 07:07:57.388  2034  2073 E HeatmapThread: ECT Thread time in milliseconds: 1781129277
06-11 07:07:57.388  2034  2073 D HeatmapThread: !@ batteryplugType : 0
06-11 07:07:57.388  2034  2073 D HeatmapThread: !@ batteryLevel : 0  batteryTemperature : 0 
06-11 07:07:57.388  2034  2073 D HeatmapThread: !@ Heatmap currtime: 29685487
06-11 07:07:57.388  2034  2073 D HeatmapThread: !@ Heatmap prevtime: 29685471
06-11 07:07:57.388  2034  2073 D HeatmapThread: !@ Heatmap plugstarttime: 35791394
06-11 07:07:57.388  2034  2073 D HeatmapThread: !@ Heatmap prevv_dsoh_update_time: 29682402
06-11 07:07:57.388  2034  2073 E HeatmapThread: !@Could not open '/efs/FactoryApp/bsoh', errno = 13
06-11 07:07:57.388  2034  2073 E HeatmapThread: !@ CAM Could not access BSOH EFS
06-11 07:07:57.389  2034  2073 E HeatmapThread: !@ CAM New BSOH: 0
06-11 07:07:57.620  4695  4695 I adbd    : adbd service requested 'exec:screencap '-p''
06-11 07:07:57.621  3693  3796 D SatelliteController: isInCarrierRoamingNbIotNtn: satellite is disabled
06-11 07:07:57.658  2745  3405 D WifiStaIfaceHidlImpl: getCachedScanData is not implemented by HIDL
06-11 07:07:57.682  2745  5646 D SemWifiUsabilityStatsMonitor: onWifiUsabilityStats - seqNum 9819, isSameBssidAndFreq true
06-11 07:07:57.684  2745  3502 E SemWifiLinkQualityMonitor: Too old or invalid TMI: currentTime=1781129277684 lastDateWindow=1781129197000
06-11 07:07:57.734  1153  1153 D io_stats: !@   8,0 r 22661081 411407623 w 5871886 93080664 d 1577138 220343480 f 0 680853 iot 9197560 0 th 0 0 0 pt 0 inp 0 0 121131.269
06-11 07:07:57.734  1153  1153 D io_stats: !@ Read_top(KB): com.kakao.talk(31289) 16204 loop49(4925) 6400 system_server(2745) 16
06-11 07:07:57.753 18373 18373 W screencap: Thread Pool max thread count is 0. Cannot cache binder as linkToDeath cannot be implemented. serviceName: SurfaceFlingerAIDL
06-11 07:07:57.753 18373 18373 W BpBinder: Linking to death on android.gui.ISurfaceComposer but there are no threads (yet?) listening to incoming transactions. See ProcessState::startThreadPool and ProcessState::setThreadPoolMaxThreadCount. Generally you should setup the binder threadpool before other initialization steps.
06-11 07:07:57.754 18373 18373 W screencap: Thread Pool max thread count is 0. Cannot cache binder as linkToDeath cannot be implemented. serviceName: edmnativehelper
06-11 07:07:57.754  2745  3760 I EDMNativeHelperService: isScreenCaptureEnabled
06-11 07:07:57.754  2745  3760 D RestrictionPolicy: isScreenCaptureEnabled : ret=true userId=0
06-11 07:07:57.754 18373 18373 W ProcessState: Extra binder thread started, but 0 threads requested. Do not use *startThreadPool when zero threads are requested.
06-11 07:07:57.754 18373 18373 I SurfaceComposerClient: captureDisplay:Display-4630947232161729154
06-11 07:07:57.756  2062  3191 I SurfaceFlinger: Capture layer list: 	 com.worksoc.goaicoach/com.worksoc.goaicoach.MainActivity$_18096#24026(seamlessTransition:0)
06-11 07:07:57.757  2062  3191 I SurfaceFlinger: Capture layer list: 	 StatusBar$_4231#109(seamlessTransition:0)
06-11 07:07:57.757  2062  3191 I SurfaceFlinger: Capture layer list: 	 com.sec.android.app.launcher/com.samsung.app.honeyspace.edge.edgepanel.app.CocktailBarService$_4527#23988(seamlessTransition:0)
06-11 07:07:57.757  2062  3191 I SurfaceFlinger: Capture layer list: 	 NavigationBar0$_4231#107(seamlessTransition:0)
06-11 07:07:57.757  2062  3191 I CompositionEngine: [setDisplaySize] size=(1080, 2316)
06-11 07:07:57.757  2062  3191 E HWComposer: getLuts: getLuts failed for display 4630947232161729154: UNSUPPORTED (8)
06-11 07:07:57.758  2062  2201 D RenderEngine: [SEC_SF_EFFECTS] drawLayersInternal,1483, Rendering layer ScreenCaptureFillLayer at index 0
06-11 07:07:57.758  2062  2201 D RenderEngine: [SEC_SF_EFFECTS] drawLayersInternal,1483, Rendering layer com.worksoc.goaicoach/com.worksoc.goaicoach.MainActivity$_18096#24026 at index 1
06-11 07:07:57.759  2062  2201 D RenderEngine: [SEC_SF_EFFECTS] drawLayersInternal,1483, Rendering layer StatusBar$_4231#109 at index 2
06-11 07:07:57.759  2062  2201 D RenderEngine: [SEC_SF_EFFECTS] drawLayersInternal,1483, Rendering layer com.sec.android.app.launcher/com.samsung.app.honeyspace.edge.edgepanel.app.CocktailBarService$_4527#23988 at index 3
06-11 07:07:57.759  2062  2201 D RenderEngine: [SEC_SF_EFFECTS] drawLayersInternal,1483, Rendering layer NavigationBar0$_4231#107 at index 4
06-11 07:07:57.803   990   990 I lmkd    : cached 6, sandbox(not0) 0
06-11 07:07:57.804   990   990 I lmkd    : Reclaim 'com.android.systemui:edgelighting' (16623), uid 10038, oom_score_adj 975, state 19 to free 143100kB rss, 25608kB swap; reason: low watermark is breached or filecache is low (3684428kB).
06-11 07:07:57.807   990  1004 E lowmemorykiller: process_mrelease 16623 failed: No such process
06-11 07:07:57.838  2745  3728 D InputMethodManagerService: onClientRemovedInternalLocked
06-11 07:07:57.839  1866  1866 I Zygote  : Process 16623 exited due to signal 9 (Killed)
06-11 07:07:57.840  2745  3841 I ActivityManager: Process com.android.systemui:edgelighting (pid 16623) has died: cch+75 CEM (917,4051)
06-11 07:07:57.840  2745  2817 I libprocessgroup: Removed cgroup /sys/fs/cgroup/apps/uid_10038/pid_16623
06-11 07:07:57.842  2745  2805 W ActivityManager: setHasOverlayUi called on unknown pid: 16623
06-11 07:07:57.910   990   990 I lmkd    : 6(delay), 0(swap), 0(freelimit), 0(reentrymode) memory pressure events were skipped after a kill!
06-11 07:07:58.029  1938 15888 I sensors-hal: handle_sns_std_sensor_event:311, [SSC_LIGHT] P: 88(88),m:7,c:267,b:72,c0:6096,l:79,f(r):100,u(bl):100,j:91
06-11 07:07:58.111   990   990 I lmkd    : 1(delay), 0(swap), 0(freelimit), 0(reentrymode) memory pressure events were skipped after a kill!
06-11 07:07:58.338  4695  4695 I adbd    : adbd service requested 'shell,v2,TERM=dumb:export ANDROID_LOG_TAGS=''; exec logcat '-d' '-t' '2200''
