06-11 07:06:52.391  2034  2073 E HeatmapThread: ECT Thread time in milliseconds: 1781129212
06-11 07:06:52.391  2034  2073 D HeatmapThread: !@ batteryplugType : 0
06-11 07:06:52.391  2034  2073 D HeatmapThread: !@ batteryLevel : 0  batteryTemperature : 0 
06-11 07:06:52.391  2034  2073 D HeatmapThread: !@ Heatmap currtime: 29685486
06-11 07:06:52.392  2034  2073 D HeatmapThread: !@ Heatmap prevtime: 29685471
06-11 07:06:52.392  2034  2073 D HeatmapThread: !@ Heatmap plugstarttime: 35791394
06-11 07:06:52.392  2034  2073 D HeatmapThread: !@ Heatmap prevv_dsoh_update_time: 29682402
06-11 07:06:52.392  2034  2073 E HeatmapThread: !@Could not open '/efs/FactoryApp/bsoh', errno = 13
06-11 07:06:52.392  2034  2073 E HeatmapThread: !@ CAM Could not access BSOH EFS
06-11 07:06:52.392  2034  2073 E HeatmapThread: !@ CAM New BSOH: 0
06-11 07:06:53.205  3749 15478 D IpClient/wlan0: interfaceLinkStateChanged: ifindex 16 up
06-11 07:06:53.389  2034  2073 E HeatmapThread: ECT Thread time in milliseconds: 1781129213
06-11 07:06:53.390  2034  2073 D HeatmapThread: !@ batteryplugType : 0
06-11 07:06:53.390  2034  2073 D HeatmapThread: !@ batteryLevel : 0  batteryTemperature : 0 
06-11 07:06:53.390  2034  2073 D HeatmapThread: !@ Heatmap currtime: 29685486
06-11 07:06:53.390  2034  2073 D HeatmapThread: !@ Heatmap prevtime: 29685471
06-11 07:06:53.390  2034  2073 D HeatmapThread: !@ Heatmap plugstarttime: 35791394
06-11 07:06:53.390  2034  2073 D HeatmapThread: !@ Heatmap prevv_dsoh_update_time: 29682402
06-11 07:06:53.391  2034  2073 E HeatmapThread: !@Could not open '/efs/FactoryApp/bsoh', errno = 13
06-11 07:06:53.391  2034  2073 E HeatmapThread: !@ CAM Could not access BSOH EFS
06-11 07:06:53.391  2034  2073 E HeatmapThread: !@ CAM New BSOH: 0
06-11 07:06:53.687  1153  1153 D io_stats: !@   8,0 r 22657228 411384719 w 5871639 93079360 d 1577053 220342568 f 0 680821 iot 9195864 0 th 0 0 0 pt 0 inp 0 0 121067.221
06-11 07:06:53.687  1153  1153 D io_stats: !@ Write_top(KB): kworker/u16:5(31446) 4
06-11 07:06:53.706  4030  4625 W l2c_ble : system/stack/l2cap/l2c_ble.cc:111 l2cble_notify_le_connection: 
06-11 07:06:53.707  4030  4625 W l2c_ble : system/stack/l2cap/l2c_ble.cc:111 l2cble_notify_le_connection: 
06-11 07:06:53.707  4030  5321 W bt_btif_gattc: system/btif/src/btif_gatt_client.cc:224 btif_gattc_upstreams_evt: Event BTA_GATTC_NOTIF_EVT [10]
06-11 07:06:53.709  4030  5321 W bt_btif_gattc: system/btif/src/btif_gatt_client.cc:224 btif_gattc_upstreams_evt: Event BTA_GATTC_NOTIF_EVT [10]
06-11 07:06:53.712  7492  7302 I [AirCmd]_BleDriver: GattCallback : onCharacteristicChanged : D2.d@689e96c / UUID_CHARGE_STATUS, RAWDATA : [0]
06-11 07:06:53.715  7492  7302 I [AirCmd]_SpenCommonDriver: onCharacteristicChanged : Charge:DISCHARGING
06-11 07:06:53.715  7492  7302 I [AirCmd]_BleSpenGenericChargeController: onChargeStateChanged : spenInstanceId=BUILTIN, chargeState=DISCHARGING
06-11 07:06:53.717  7492  7302 I [AirCmd]_BleDriver: GattCallback : onCharacteristicChanged : D2.d@689e96c / UUID_BATTERY_LEVEL, RAWDATA : [100 0]
06-11 07:06:53.719  7492  7302 I [AirCmd]_SpenCommonDriver: onCharacteristicChanged : Battery:100
06-11 07:06:53.720  7492  7302 I [AirCmd]_BleSpenGenericChargeController: onBatteryLevelChanged : 100->100
06-11 07:06:53.721  7492  7302 I [AirCmd]_BleSpenGenericChargeController: reserveLongTimeCharge : WakeLock acquire 60secs
06-11 07:06:53.732  7492  7302 I [AirCmd]_PowerWakeLocker: acquire wake lock 60000, tag=AirCmd:SpenCharging
06-11 07:06:53.746  2745  3556 D NetdEventListenerService: DNS Requested by 169, 10393(org.telegram.messenger), 4(FAIL), isBlocked=true, 0ms
06-11 07:06:53.751  2745  3556 D NetdEventListenerService: DNS Requested by 169, 10393(org.telegram.messenger), 4(FAIL), isBlocked=true, 0ms
06-11 07:06:53.753  2745  3556 D NetdEventListenerService: DNS Requested by 169, 10393(org.telegram.messenger), 4(FAIL), isBlocked=true, 0ms
06-11 07:06:54.389  2034  2073 E HeatmapThread: ECT Thread time in milliseconds: 1781129214
06-11 07:06:54.390  2034  2073 D HeatmapThread: !@ batteryplugType : 0
06-11 07:06:54.390  2034  2073 D HeatmapThread: !@ batteryLevel : 0  batteryTemperature : 0 
06-11 07:06:54.390  2034  2073 D HeatmapThread: !@ Heatmap currtime: 29685486
06-11 07:06:54.390  2034  2073 D HeatmapThread: !@ Heatmap prevtime: 29685471
06-11 07:06:54.390  2034  2073 D HeatmapThread: !@ Heatmap plugstarttime: 35791394
06-11 07:06:54.390  2034  2073 D HeatmapThread: !@ Heatmap prevv_dsoh_update_time: 29682402
06-11 07:06:54.390  2034  2073 E HeatmapThread: !@Could not open '/efs/FactoryApp/bsoh', errno = 13
06-11 07:06:54.390  2034  2073 E HeatmapThread: !@ CAM Could not access BSOH EFS
06-11 07:06:54.391  2034  2073 E HeatmapThread: !@ CAM New BSOH: 0
06-11 07:06:54.421  2745  3534 D WifiConnectivityMonitor.NetworkStatsAnalyzer: Backhaul result - RSSI:-45, CE:35, PE:35, TI:43, PTI:44, TW:0, PTW:0, Tx:20, Rx:21, TxS:19, RxS:19, RESULT:true, IC:1, ICT:5, WC:16, WCT:5, R:2, RC:0, IE:0, EC:0
06-11 07:06:54.720  2745  3845 I SpenGestureManagerService: getBleSpenAddress
06-11 07:06:54.727  7492  7492 W [AirCmd]_PairedSpenManager: getSpenNickName : BT device nickName is null.
06-11 07:06:54.728  7492  7492 I [AirCmd]_DeviceBatteryInfoHandler: setDeviceBatteryInfo : Address = BC:06:2D:AD:0E:B6, BatteryLevel = 100, BatteryStatus = 3
06-11 07:06:54.728  2745  3845 I BatteryStatsService: setDeviceBatteryInfo()
06-11 07:06:54.729  2745  3845 I DeviceBatteryInfoService: setDeviceBatteryInfo()
06-11 07:06:54.730  2745  3549 I DeviceBatteryInfoService: address : BC062D_6
06-11 07:06:54.730  2745  3549 I DeviceBatteryInfoService: semGetBatteryInfo() : BC062D_6
06-11 07:06:54.734  7492  8776 I [AirCmd]_BleSpenGenericChargeController: performLongTimeCharge : Battery : 100, Starting additional charge for 100% battery level 
06-11 07:06:54.735  7492  8776 I [AirCmd]_BleSpenGenericChargeController: startCharge : start 90 sec Charging
06-11 07:06:54.735  7492  8776 I [AirCmd]_WacomDriver: stopCharge
06-11 07:06:54.736  7492  8776 I [AirCmd]_WacomDriver: writeBleSpenCommand : 5 (mLastCommand=3)
06-11 07:06:54.737  2745  5241 I SpenGestureManagerService: writeBleSpenCommand : 5
06-11 07:06:54.737  2745  5241 D SemInputDeviceManager: setProperty: SPEN(11) CMD,SPEN_BLE_CHARGING,5
06-11 07:06:54.738  2745  3208 D SemInputDevice:SPEN: SetPropertyTask: CMD,epen_ble_charging_mode,5 [06-11 07:06:54.737]
06-11 07:06:54.738  7492  8776 I [AirCmd]_WacomDriver: startCharge
06-11 07:06:54.754  1993  1993 I sysinput:SPen: writeInformation:137, OK
06-11 07:06:54.755  2745  3208 D SysinputHAL_V1_3(V1_2): runSpenCmdNoRead: epen_ble_charging_mode,5 ret=0
06-11 07:06:54.827  2745  3426 W DeviceStorageMonitorService: updateBroadcasts(/data) oldLevel:0, newLevel:0, seq:1
06-11 07:06:54.830  2745  3426 D DeviceStorageMonitorService: Available File Node Number is [10655783]
06-11 07:06:54.831  2745  3426 W DeviceStorageMonitorService: updateBroadcasts_filenode(/data) fn_oldLevel:0, fn_newLevel:0, seq:1
06-11 07:06:54.831  1938 15888 I sensors-hal: handle_sns_std_sensor_event:311, [SSC_LIGHT] P: 60(60),m:7,c:267,b:72,c0:5200,l:60,f(r):100,u(bl):100,j:59
06-11 07:06:54.866  2745  2814 I ActivityManager: Changes in 10103 7 to 15, 128 to 0
06-11 07:06:55.283  2745  3405 D WifiStaIfaceHidlImpl: getCachedScanData is not implemented by HIDL
06-11 07:06:55.324  2745  5646 D SemWifiUsabilityStatsMonitor: onWifiUsabilityStats - seqNum 9799, isSameBssidAndFreq true
06-11 07:06:55.327  2745  3502 E SemWifiLinkQualityMonitor: Too old or invalid TMI: currentTime=1781129215327 lastDateWindow=1781129197000
06-11 07:06:55.341  7492  8776 I [AirCmd]_WacomDriver: writeBleSpenCommand : 3 (mLastCommand=5)
06-11 07:06:55.342  2745  5241 I SpenGestureManagerService: writeBleSpenCommand : 3
06-11 07:06:55.342  2745  5241 D SemInputDeviceManager: setProperty: SPEN(11) CMD,SPEN_BLE_CHARGING,3
06-11 07:06:55.343  2745  3208 D SemInputDevice:SPEN: SetPropertyTask: CMD,epen_ble_charging_mode,3 [06-11 07:06:55.342]
06-11 07:06:55.357  1993  1993 I sysinput:SPen: writeInformation:137, OK
06-11 07:06:55.358  2745  3208 D SysinputHAL_V1_3(V1_2): runSpenCmdNoRead: epen_ble_charging_mode,3 ret=0
06-11 07:06:55.388  2034  2073 E HeatmapThread: ECT Thread time in milliseconds: 1781129215
06-11 07:06:55.389  2034  2073 D HeatmapThread: !@ batteryplugType : 0
06-11 07:06:55.389  2034  2073 D HeatmapThread: !@ batteryLevel : 0  batteryTemperature : 0 
06-11 07:06:55.389  2034  2073 D HeatmapThread: !@ Heatmap currtime: 29685486
06-11 07:06:55.389  2034  2073 D HeatmapThread: !@ Heatmap prevtime: 29685471
06-11 07:06:55.389  2034  2073 D HeatmapThread: !@ Heatmap plugstarttime: 35791394
06-11 07:06:55.389  2034  2073 D HeatmapThread: !@ Heatmap prevv_dsoh_update_time: 29682402
06-11 07:06:55.390  2034  2073 E HeatmapThread: !@Could not open '/efs/FactoryApp/bsoh', errno = 13
06-11 07:06:55.390  2034  2073 E HeatmapThread: !@ CAM Could not access BSOH EFS
06-11 07:06:55.390  2034  2073 E HeatmapThread: !@ CAM New BSOH: 0
06-11 07:06:55.433  2745  3556 D NetdEventListenerService: DNS Requested by 169, 10875(com.lgt.tmoney), SUCCESS, 1ms
06-11 07:06:55.795  4030  4625 W l2c_ble : system/stack/l2cap/l2c_ble.cc:111 l2cble_notify_le_connection: 
06-11 07:06:55.796  4030  4625 W l2c_ble : system/stack/l2cap/l2c_ble.cc:111 l2cble_notify_le_connection: 
06-11 07:06:55.796  4030  5321 W bt_btif_gattc: system/btif/src/btif_gatt_client.cc:224 btif_gattc_upstreams_evt: Event BTA_GATTC_NOTIF_EVT [10]
06-11 07:06:55.797  4030  5321 W bt_btif_gattc: system/btif/src/btif_gatt_client.cc:224 btif_gattc_upstreams_evt: Event BTA_GATTC_NOTIF_EVT [10]
06-11 07:06:55.802  7492  7302 I [AirCmd]_BleDriver: GattCallback : onCharacteristicChanged : D2.d@689e96c / UUID_CHARGE_STATUS, RAWDATA : [1]
06-11 07:06:55.804  7492  7302 I [AirCmd]_SpenCommonDriver: onCharacteristicChanged : Charge:CHARGING
06-11 07:06:55.804  7492  7302 I [AirCmd]_BleSpenGenericChargeController: onChargeStateChanged : spenInstanceId=BUILTIN, chargeState=CHARGING
06-11 07:06:55.805  7492  7302 I [AirCmd]_BleDriver: GattCallback : onCharacteristicChanged : D2.d@689e96c / UUID_BUTTON_EVENT, RAWDATA : [255 4 2]
06-11 07:06:55.806  2745  5241 I SpenGestureManagerService: getBleSpenAddress
06-11 07:06:55.809  7492  7492 W [AirCmd]_PairedSpenManager: getSpenNickName : BT device nickName is null.
06-11 07:06:55.809  7492  7492 I [AirCmd]_DeviceBatteryInfoHandler: setDeviceBatteryInfo : Address = BC:06:2D:AD:0E:B6, BatteryLevel = 100, BatteryStatus = 3
06-11 07:06:55.810  2745  5241 I BatteryStatsService: setDeviceBatteryInfo()
06-11 07:06:55.810  2745  5241 I DeviceBatteryInfoService: setDeviceBatteryInfo()
06-11 07:06:55.811  2745  3549 I DeviceBatteryInfoService: address : BC062D_6
06-11 07:06:55.812  2745  3549 I DeviceBatteryInfoService: semGetBatteryInfo() : BC062D_6
06-11 07:06:55.878  4710  4840 I RequestManager_FLP: onOpChanged, op=0 / packageName=com.osp.app.signin
06-11 07:06:55.913  4030  4625 W l2c_ble : system/stack/l2cap/l2c_ble.cc:111 l2cble_notify_le_connection: 
06-11 07:06:55.914  4030  5321 W bt_btif_gattc: system/btif/src/btif_gatt_client.cc:224 btif_gattc_upstreams_evt: Event BTA_GATTC_NOTIF_EVT [10]
06-11 07:06:55.918  7492  7302 I [AirCmd]_BleDriver: GattCallback : onCharacteristicChanged : D2.d@689e96c / UUID_BATTERY_LEVEL, RAWDATA : [100 0]
06-11 07:06:55.920  7492  7302 I [AirCmd]_SpenCommonDriver: onCharacteristicChanged : Battery:100
06-11 07:06:55.922  7492  7302 I [AirCmd]_BleSpenGenericChargeController: onBatteryLevelChanged : 100->100
06-11 07:06:55.923  7492  7302 I [AirCmd]_BleSpenGenericChargeController: reserveLongTimeCharge : WakeLock acquire 60secs
06-11 07:06:56.389  2034  2073 E HeatmapThread: ECT Thread time in milliseconds: 1781129216
06-11 07:06:56.389  2034  2073 D HeatmapThread: !@ batteryplugType : 0
06-11 07:06:56.390  2034  2073 D HeatmapThread: !@ batteryLevel : 0  batteryTemperature : 0 
06-11 07:06:56.390  2034  2073 D HeatmapThread: !@ Heatmap currtime: 29685486
06-11 07:06:56.390  2034  2073 D HeatmapThread: !@ Heatmap prevtime: 29685471
06-11 07:06:56.390  2034  2073 D HeatmapThread: !@ Heatmap plugstarttime: 35791394
06-11 07:06:56.390  2034  2073 D HeatmapThread: !@ Heatmap prevv_dsoh_update_time: 29682402
06-11 07:06:56.390  2034  2073 E HeatmapThread: !@Could not open '/efs/FactoryApp/bsoh', errno = 13
06-11 07:06:56.390  2034  2073 E HeatmapThread: !@ CAM Could not access BSOH EFS
06-11 07:06:56.390  2034  2073 E HeatmapThread: !@ CAM New BSOH: 0
06-11 07:06:56.596  4030  5321 I ScanController: onScanResult to scannerId: 4- eventType=0x10, addressType=1, address=XX:XX:XX:XX:E6:0A, primaryPhy=1, secondaryPhy=0, advertisingSid=0xff, txPower=127, rssi=-92, periodicAdvInt=0x0
06-11 07:06:56.930  7492  8776 I [AirCmd]_BleSpenGenericChargeController: performLongTimeCharge : Battery : 100, Starting additional charge for 100% battery level 
06-11 07:06:56.932  7492  8776 I [AirCmd]_BleSpenGenericChargeController: startCharge : start 90 sec Charging
06-11 07:06:56.932  7492  8776 I [AirCmd]_WacomDriver: stopCharge
06-11 07:06:56.934  7492  8776 I [AirCmd]_WacomDriver: writeBleSpenCommand : 5 (mLastCommand=3)
06-11 07:06:56.935  2745  5241 I SpenGestureManagerService: writeBleSpenCommand : 5
06-11 07:06:56.935  2745  5241 D SemInputDeviceManager: setProperty: SPEN(11) CMD,SPEN_BLE_CHARGING,5
06-11 07:06:56.937  2745  3208 D SemInputDevice:SPEN: SetPropertyTask: CMD,epen_ble_charging_mode,5 [06-11 07:06:56.935]
06-11 07:06:56.937  7492  8776 I [AirCmd]_WacomDriver: startCharge
06-11 07:06:56.939  1993  1993 I sysinput:SPen: writeInformation:137, OK
06-11 07:06:56.940  2745  3208 D SysinputHAL_V1_3(V1_2): runSpenCmdNoRead: epen_ble_charging_mode,5 ret=0
06-11 07:06:57.008  2745  4736 I NSLocationMonitor: getGPSUsingApps() called
06-11 07:06:57.010  4710  4768 I NSLocationManager_FLP: getGPSUsingApps, No change
06-11 07:06:57.030  2745  4736 D FreecessHandler: freeze com.kakao.page(15010371) result : 2
06-11 07:06:57.313  7599  7599 I SDHMS:LOAD: type: LoadsFreqs, value: 14:9:0:909695:2630400:806400:681984:1651200:633600:271:285:220
06-11 07:06:57.390  2034  2073 E HeatmapThread: ECT Thread time in milliseconds: 1781129217
06-11 07:06:57.390  2034  2073 D HeatmapThread: !@ batteryplugType : 0
06-11 07:06:57.390  2034  2073 D HeatmapThread: !@ batteryLevel : 0  batteryTemperature : 0 
06-11 07:06:57.390  2034  2073 D HeatmapThread: !@ Heatmap currtime: 29685486
06-11 07:06:57.390  2034  2073 D HeatmapThread: !@ Heatmap prevtime: 29685471
06-11 07:06:57.390  2034  2073 D HeatmapThread: !@ Heatmap plugstarttime: 35791394
06-11 07:06:57.390  2034  2073 D HeatmapThread: !@ Heatmap prevv_dsoh_update_time: 29682402
06-11 07:06:57.391  2034  2073 E HeatmapThread: !@Could not open '/efs/FactoryApp/bsoh', errno = 13
06-11 07:06:57.391  2034  2073 E HeatmapThread: !@ CAM Could not access BSOH EFS
06-11 07:06:57.391  2034  2073 E HeatmapThread: !@ CAM New BSOH: 0
06-11 07:06:57.508  4030  4625 W l2c_ble : system/stack/l2cap/l2c_ble.cc:111 l2cble_notify_le_connection: 
06-11 07:06:57.509  4030  5321 W bt_btif_gattc: system/btif/src/btif_gatt_client.cc:224 btif_gattc_upstreams_evt: Event BTA_GATTC_NOTIF_EVT [10]
06-11 07:06:57.514  7492  7302 I [AirCmd]_BleDriver: GattCallback : onCharacteristicChanged : D2.d@689e96c / UUID_CHARGE_STATUS, RAWDATA : [0]
06-11 07:06:57.515  7492  7302 I [AirCmd]_SpenCommonDriver: onCharacteristicChanged : Charge:DISCHARGING
06-11 07:06:57.516  7492  7302 I [AirCmd]_BleSpenGenericChargeController: onChargeStateChanged : spenInstanceId=BUILTIN, chargeState=DISCHARGING
06-11 07:06:57.540  7492  8776 I [AirCmd]_WacomDriver: writeBleSpenCommand : 3 (mLastCommand=5)
06-11 07:06:57.541  2745  5241 I SpenGestureManagerService: writeBleSpenCommand : 3
06-11 07:06:57.542  2745  5241 D SemInputDeviceManager: setProperty: SPEN(11) CMD,SPEN_BLE_CHARGING,3
06-11 07:06:57.543  2745  3208 D SemInputDevice:SPEN: SetPropertyTask: CMD,epen_ble_charging_mode,3 [06-11 07:06:57.542]
06-11 07:06:57.549  7492  8776 I [AirCmd]_PowerWakeLocker: release wake lock AirCmd:SpenCharging
06-11 07:06:57.558  1993  1993 I sysinput:SPen: writeInformation:137, OK
06-11 07:06:57.558  2745  3208 D SysinputHAL_V1_3(V1_2): runSpenCmdNoRead: epen_ble_charging_mode,3 ret=0
06-11 07:06:57.689  1153  1153 D io_stats: !@   8,0 r 22657228 411384719 w 5871646 93079620 d 1577053 220342568 f 0 680821 iot 9195868 0 th 0 0 0 pt 0 inp 0 0 121071.223
06-11 07:06:57.690  1153  1153 D io_stats: !@ Write_top(KB): kworker/u16:1(17755) 260
06-11 07:06:57.871  1938 15888 I sensors-hal: handle_sns_std_sensor_event:311, [SSC_LIGHT] P: 71(71),m:7,c:267,b:72,c0:5184,l:60,f(r):100,u(bl):100,j:70
06-11 07:06:57.997  4030  4625 W l2c_ble : system/stack/l2cap/l2c_ble.cc:111 l2cble_notify_le_connection: 
06-11 07:06:57.998  4030  4625 W l2c_ble : system/stack/l2cap/l2c_ble.cc:111 l2cble_notify_le_connection: 
06-11 07:06:57.998  4030  5321 W bt_btif_gattc: system/btif/src/btif_gatt_client.cc:224 btif_gattc_upstreams_evt: Event BTA_GATTC_NOTIF_EVT [10]
06-11 07:06:57.999  4030  5321 W bt_btif_gattc: system/btif/src/btif_gatt_client.cc:224 btif_gattc_upstreams_evt: Event BTA_GATTC_NOTIF_EVT [10]
06-11 07:06:58.003  7492  7302 I [AirCmd]_BleDriver: GattCallback : onCharacteristicChanged : D2.d@689e96c / UUID_CHARGE_STATUS, RAWDATA : [1]
06-11 07:06:58.004  7492  7302 I [AirCmd]_SpenCommonDriver: onCharacteristicChanged : Charge:CHARGING
06-11 07:06:58.005  7492  7302 I [AirCmd]_BleSpenGenericChargeController: onChargeStateChanged : spenInstanceId=BUILTIN, chargeState=CHARGING
06-11 07:06:58.005  7492  7302 I [AirCmd]_BleDriver: GattCallback : onCharacteristicChanged : D2.d@689e96c / UUID_BUTTON_EVENT, RAWDATA : [255 4 2]
06-11 07:06:58.006  2745  5241 I SpenGestureManagerService: getBleSpenAddress
06-11 07:06:58.009  7492  7492 W [AirCmd]_PairedSpenManager: getSpenNickName : BT device nickName is null.
06-11 07:06:58.010  7492  7492 I [AirCmd]_DeviceBatteryInfoHandler: setDeviceBatteryInfo : Address = BC:06:2D:AD:0E:B6, BatteryLevel = 100, BatteryStatus = 3
06-11 07:06:58.011  2745  5241 I BatteryStatsService: setDeviceBatteryInfo()
06-11 07:06:58.011  2745  5241 I DeviceBatteryInfoService: setDeviceBatteryInfo()
06-11 07:06:58.012  2745  3549 I DeviceBatteryInfoService: address : BC062D_6
06-11 07:06:58.013  2745  3549 I DeviceBatteryInfoService: semGetBatteryInfo() : BC062D_6
06-11 07:06:58.389  2034  2073 E HeatmapThread: ECT Thread time in milliseconds: 1781129218
06-11 07:06:58.389  2034  2073 D HeatmapThread: !@ batteryplugType : 0
06-11 07:06:58.389  2034  2073 D HeatmapThread: !@ batteryLevel : 0  batteryTemperature : 0 
06-11 07:06:58.389  2034  2073 D HeatmapThread: !@ Heatmap currtime: 29685486
06-11 07:06:58.389  2034  2073 D HeatmapThread: !@ Heatmap prevtime: 29685471
06-11 07:06:58.390  2034  2073 D HeatmapThread: !@ Heatmap plugstarttime: 35791394
06-11 07:06:58.390  2034  2073 D HeatmapThread: !@ Heatmap prevv_dsoh_update_time: 29682402
06-11 07:06:58.390  2034  2073 E HeatmapThread: !@Could not open '/efs/FactoryApp/bsoh', errno = 13
06-11 07:06:58.390  2034  2073 E HeatmapThread: !@ CAM Could not access BSOH EFS
06-11 07:06:58.390  2034  2073 E HeatmapThread: !@ CAM New BSOH: 0
06-11 07:06:58.429  2745  3405 D WifiStaIfaceHidlImpl: getCachedScanData is not implemented by HIDL
06-11 07:06:58.468  2745  5646 D SemWifiUsabilityStatsMonitor: onWifiUsabilityStats - seqNum 9800, isSameBssidAndFreq true
06-11 07:06:58.471  2745  3502 E SemWifiLinkQualityMonitor: Too old or invalid TMI: currentTime=1781129218471 lastDateWindow=1781129197000
06-11 07:06:59.343  2745  3457 D UsbStatsMonitor: 0 0 0 0 0 0 0 0 0 0 0 0 2 0 0 0 0 0 0 0 0 0 0 0 0 0 0 0 0 0 0 0 0 0 0 0 0 0 4 0 0 1 1 0 0 0 0 0 0 0 0 0 0 0 70841190580250
06-11 07:06:59.389  2034  2073 E HeatmapThread: ECT Thread time in milliseconds: 1781129219
06-11 07:06:59.389  2034  2073 D HeatmapThread: !@ batteryplugType : 0
06-11 07:06:59.390  2034  2073 D HeatmapThread: !@ batteryLevel : 0  batteryTemperature : 0 
06-11 07:06:59.390  2034  2073 D HeatmapThread: !@ Heatmap currtime: 29685486
06-11 07:06:59.390  2034  2073 D HeatmapThread: !@ Heatmap prevtime: 29685471
06-11 07:06:59.390  2034  2073 D HeatmapThread: !@ Heatmap plugstarttime: 35791394
06-11 07:06:59.390  2034  2073 D HeatmapThread: !@ Heatmap prevv_dsoh_update_time: 29682402
06-11 07:06:59.390  2034  2073 E HeatmapThread: !@Could not open '/efs/FactoryApp/bsoh', errno = 13
06-11 07:06:59.390  2034  2073 E HeatmapThread: !@ CAM Could not access BSOH EFS
06-11 07:06:59.390  2034  2073 E HeatmapThread: !@ CAM New BSOH: 0
06-11 07:06:59.691  1153  1153 D io_stats: !@   8,0 r 22657229 411384723 w 5871692 93079824 d 1577078 220342956 f 0 680827 iot 9195888 0 th 0 0 0 pt 0 inp 0 0 121073.225
06-11 07:06:59.742  2745  3556 D NetdEventListenerService: DNS Requested by 169, 10875(com.lgt.tmoney), SUCCESS, 1ms
06-11 07:07:00.010  4231  4540 I DateTimeView: updateAll - getTimeFormat
06-11 07:07:00.011  4231  4540 D QSClockBellTower: onReceive(android.intent.action.TIME_TICK) mTimeZoneString:Asia/Seoul
06-11 07:07:00.012  4231  4231 D ClockFaceEvents: onTimeTick. callers : com.android.keyguard.ClockEventController$keyguardUpdateMonitorCallback$1.refreshTime:19
06-11 07:07:00.012  4231  4231 D ClockFaceEvents: com.android.keyguard.ClockEventController$keyguardUpdateMonitorCallback$1.onTimeChanged:1
06-11 07:07:00.012  4231  4231 D ClockFaceEvents: com.android.keyguard.KeyguardUpdateMonitor$16.handleMessage:732
06-11 07:07:00.013  4231  4231 D ClockFaceEvents: onTimeTick. callers : com.android.keyguard.ClockEventController$keyguardUpdateMonitorCallback$1.refreshTime:38
06-11 07:07:00.013  4231  4231 D ClockFaceEvents: com.android.keyguard.ClockEventController$keyguardUpdateMonitorCallback$1.onTimeChanged:1
06-11 07:07:00.013  4231  4231 D ClockFaceEvents: com.android.keyguard.KeyguardUpdateMonitor$16.handleMessage:732
06-11 07:07:00.013  4231  4231 D FaceWidgetPagesController: onTimeChanged()
06-11 07:07:00.016  4231  4231 D QSClockBellTower: He is ready to ring the bell. (((QSClockBellSound - TimeText:7:07, TimeContentDescription:오전 7:07, DateText:6월 11일 목요일, ShortDateText:6월 11일 (목), Demo:false)))
06-11 07:07:00.018  4231  4231 D QSClock : StatusBar clock=7:07 notifyTimeChanged(QSClockBellSound - TimeText:7:07, TimeContentDescription:오전 7:07, DateText:6월 11일 목요일, ShortDateText:6월 11일 (목), Demo:false) clockVisibleByPolicy=true, clockVisibleByUser=true, visible=true, parent=android.widget.LinearLayout{e892ab1 V.E...... ......ID 0,0-69,56 #7f0a069b app:id/left_clock_container} caller=com.android.systemui.statusbar.phone.fragment.CollapsedStatusBarFragment.animateShow:52 com.android.systemui.statusbar.phone.fragment.CollapsedStatusBarFragment.updateStatusBarVisibilitiesInner:230 com.android.systemui.statusbar.phone.fragment.CollapsedStatusBarFragment.updateStatusBarVisibilities:65 com.android.systemui.statusbar.phone.fragment.CollapsedStatusBarFragment.disable:71 com.android.systemui.statusbar.CommandQueue$H.handleMessage:2997  
06-11 07:07:00.019  4231  4231 D QSClockBellTower: Everyone heard the bell. run(currentTime:1781129220015, getTime():Thu Jun 11 07:07:00 GMT+09:00 2026, getTimeZone():libcore.util.ZoneInfo[mDstSavings=0,mUseDst=false,mDelegate=[id="Asia/Seoul",mRawOffset=32400000,mEarliestRawOffset=30472000,transitions=29]])
06-11 07:07:00.019  2745  2745 I EyeComfortSolutionService: action  :  android.intent.action.TIME_TICK
06-11 07:07:00.038  2062  2266 I VSyncReactor: Current= 60, Period= 60, Distance= 0
06-11 07:07:00.041  4231  4231 W RefactorFlag: New code path expects SceneContainerFlag to be enabled.
06-11 07:07:00.055  2062  2266 I VSyncReactor: Current= 60, Period= 60, Distance= 60
06-11 07:07:00.389  2034  2073 E HeatmapThread: ECT Thread time in milliseconds: 1781129220
06-11 07:07:00.390  2034  2073 D HeatmapThread: !@ batteryplugType : 0
06-11 07:07:00.390  2034  2073 D HeatmapThread: !@ batteryLevel : 0  batteryTemperature : 0 
06-11 07:07:00.390  2034  2073 D HeatmapThread: !@ Heatmap currtime: 29685487
06-11 07:07:00.390  2034  2073 D HeatmapThread: !@ Heatmap prevtime: 29685471
06-11 07:07:00.390  2034  2073 D HeatmapThread: !@ Heatmap plugstarttime: 35791394
06-11 07:07:00.390  2034  2073 D HeatmapThread: !@ Heatmap prevv_dsoh_update_time: 29682402
06-11 07:07:00.391  2034  2073 E HeatmapThread: !@Could not open '/efs/FactoryApp/bsoh', errno = 13
06-11 07:07:00.391  2034  2073 E HeatmapThread: !@ CAM Could not access BSOH EFS
06-11 07:07:00.391  2034  2073 E HeatmapThread: !@ CAM New BSOH: 0
06-11 07:07:00.912  1938 15888 I sensors-hal: handle_sns_std_sensor_event:311, [SSC_LIGHT] P: 64(64),m:7,c:267,b:72,c0:5200,l:60,f(r):100,u(bl):100,j:63
06-11 07:07:01.078  1938 15886 I sensors-hal: handle_sns_client_event:185, auto_rotation_debug_2 mode,255, type,1,0 acc,0.148,-0.163,9.964, ar,0, ver,14, pedo,1,e,1,i,3
06-11 07:07:01.308  3693  3796 D SatelliteController: isInCarrierRoamingNbIotNtn: satellite is disabled
06-11 07:07:01.388  2034  2073 E HeatmapThread: ECT Thread time in milliseconds: 1781129221
06-11 07:07:01.388  2034  2073 D HeatmapThread: !@ batteryplugType : 0
06-11 07:07:01.388  2034  2073 D HeatmapThread: !@ batteryLevel : 0  batteryTemperature : 0 
06-11 07:07:01.388  2034  2073 D HeatmapThread: !@ Heatmap currtime: 29685487
06-11 07:07:01.388  2034  2073 D HeatmapThread: !@ Heatmap prevtime: 29685471
06-11 07:07:01.389  2034  2073 D HeatmapThread: !@ Heatmap plugstarttime: 35791394
06-11 07:07:01.389  2034  2073 D HeatmapThread: !@ Heatmap prevv_dsoh_update_time: 29682402
06-11 07:07:01.389  2034  2073 E HeatmapThread: !@Could not open '/efs/FactoryApp/bsoh', errno = 13
06-11 07:07:01.389  2034  2073 E HeatmapThread: !@ CAM Could not access BSOH EFS
06-11 07:07:01.389  2034  2073 E HeatmapThread: !@ CAM New BSOH: 0
06-11 07:07:01.542  2745  3405 D WifiStaIfaceHidlImpl: getCachedScanData is not implemented by HIDL
06-11 07:07:01.583  2745  5646 D SemWifiUsabilityStatsMonitor: onWifiUsabilityStats - seqNum 9801, isSameBssidAndFreq true
06-11 07:07:01.585  2745  3502 E SemWifiLinkQualityMonitor: Too old or invalid TMI: currentTime=1781129221585 lastDateWindow=1781129197000
06-11 07:07:01.692  1153  1153 D io_stats: !@ Read_top(KB): f2fs_ckpt-254:5(4519) 4
06-11 07:07:01.692  1153  1153 D io_stats: !@ Write_top(KB): f2fs_ckpt-254:5(4519) 28 init(1) 28
06-11 07:07:01.726 16149 17628 I NearbyMediums: No BLE Fast/GATT advertisements found in the latest cycle.
06-11 07:07:01.727 16149 17628 I NearbyMediums: Current Tracked Scanning Clients are : {NearbyConnections.EnvironmentMonitor, NearbyConnections.TxAdvertisement}
06-11 07:07:02.233 15474 15474 I wpa_supplicant: Heartbeat 2380
06-11 07:07:02.391  2034  2073 E HeatmapThread: ECT Thread time in milliseconds: 1781129222
06-11 07:07:02.392  2034  2073 D HeatmapThread: !@ batteryplugType : 0
06-11 07:07:02.392  2034  2073 D HeatmapThread: !@ batteryLevel : 0  batteryTemperature : 0 
06-11 07:07:02.392  2034  2073 D HeatmapThread: !@ Heatmap currtime: 29685487
06-11 07:07:02.392  2034  2073 D HeatmapThread: !@ Heatmap prevtime: 29685471
06-11 07:07:02.392  2034  2073 D HeatmapThread: !@ Heatmap plugstarttime: 35791394
06-11 07:07:02.392  2034  2073 D HeatmapThread: !@ Heatmap prevv_dsoh_update_time: 29682402
06-11 07:07:02.392  2034  2073 E HeatmapThread: !@Could not open '/efs/FactoryApp/bsoh', errno = 13
06-11 07:07:02.393  2034  2073 E HeatmapThread: !@ CAM Could not access BSOH EFS
06-11 07:07:02.393  2034  2073 E HeatmapThread: !@ CAM New BSOH: 0
06-11 07:07:03.038  2745  4736 I NSLocationMonitor: getGPSUsingApps() called
06-11 07:07:03.040  4710  4768 I NSLocationManager_FLP: getGPSUsingApps, No change
06-11 07:07:03.059  2745  4736 D FreecessHandler: freeze com.kakao.page(15010371) result : 2
06-11 07:07:03.391  2034  2073 E HeatmapThread: ECT Thread time in milliseconds: 1781129223
06-11 07:07:03.391  2034  2073 D HeatmapThread: !@ batteryplugType : 0
06-11 07:07:03.391  2034  2073 D HeatmapThread: !@ batteryLevel : 0  batteryTemperature : 0 
06-11 07:07:03.391  2034  2073 D HeatmapThread: !@ Heatmap currtime: 29685487
06-11 07:07:03.392  2034  2073 D HeatmapThread: !@ Heatmap prevtime: 29685471
06-11 07:07:03.392  2034  2073 D HeatmapThread: !@ Heatmap plugstarttime: 35791394
06-11 07:07:03.392  2034  2073 D HeatmapThread: !@ Heatmap prevv_dsoh_update_time: 29682402
06-11 07:07:03.392  2034  2073 E HeatmapThread: !@Could not open '/efs/FactoryApp/bsoh', errno = 13
06-11 07:07:03.392  2034  2073 E HeatmapThread: !@ CAM Could not access BSOH EFS
06-11 07:07:03.392  2034  2073 E HeatmapThread: !@ CAM New BSOH: 0
06-11 07:07:03.693  1153  1153 D io_stats: !@   8,0 r 22657229 411384723 w 5871696 93079848 d 1577078 220342956 f 0 680827 iot 9195896 0 th 0 0 0 pt 0 inp 0 0 121077.228
06-11 07:07:03.794  1938 15888 I sensors-hal: handle_sns_std_sensor_event:311, [SSC_LIGHT] P: 66(66),m:7,c:267,b:72,c0:5200,l:60,f(r):100,u(bl):100,j:66
06-11 07:07:04.028  2745  5241 D NetdEventListenerService: CSC Feature value: true
06-11 07:07:04.029  2745  5241 D NetdEventListenerService: CSC Feature value: true
06-11 07:07:04.031  2745  3556 D NetdEventListenerService: DNS Requested by 169, 10875(com.lgt.tmoney), SUCCESS, 1ms
06-11 07:07:04.390  2034  2073 E HeatmapThread: ECT Thread time in milliseconds: 1781129224
06-11 07:07:04.390  2034  2073 D HeatmapThread: !@ batteryplugType : 0
06-11 07:07:04.390  2034  2073 D HeatmapThread: !@ batteryLevel : 0  batteryTemperature : 0 
06-11 07:07:04.390  2034  2073 D HeatmapThread: !@ Heatmap currtime: 29685487
06-11 07:07:04.390  2034  2073 D HeatmapThread: !@ Heatmap prevtime: 29685471
06-11 07:07:04.391  2034  2073 D HeatmapThread: !@ Heatmap plugstarttime: 35791394
06-11 07:07:04.391  2034  2073 D HeatmapThread: !@ Heatmap prevv_dsoh_update_time: 29682402
06-11 07:07:04.391  2034  2073 E HeatmapThread: !@Could not open '/efs/FactoryApp/bsoh', errno = 13
06-11 07:07:04.391  2034  2073 E HeatmapThread: !@ CAM Could not access BSOH EFS
06-11 07:07:04.391  2034  2073 E HeatmapThread: !@ CAM New BSOH: 0
06-11 07:07:04.428  2745  3534 D WifiConnectivityMonitor.NetworkStatsAnalyzer: Backhaul result - RSSI:-43, CE:35, PE:35, TI:44, PTI:43, TW:0, PTW:0, Tx:17, Rx:17, TxS:18, RxS:17, RESULT:true, IC:2, ICT:5, WC:17, WCT:5, R:3, RC:0, IE:0, EC:0
06-11 07:07:04.648  2745  3405 D WifiStaIfaceHidlImpl: getCachedScanData is not implemented by HIDL
06-11 07:07:04.688  2745  5646 D SemWifiUsabilityStatsMonitor: onWifiUsabilityStats - seqNum 9802, isSameBssidAndFreq true
06-11 07:07:04.690  2745  3502 E SemWifiLinkQualityMonitor: Too old or invalid TMI: currentTime=1781129224690 lastDateWindow=1781129197000
06-11 07:07:05.164  2745 11711 I AfterimageCompensationService: AfcThread mLuminance : 98 , AfpcPeriodCount : 1654 , rotation : 0 , AOD : false
06-11 07:07:05.165  2745 11711 I SurfaceComposerClient: captureDisplay:Display-4630947232161729154
06-11 07:07:05.170  2062  3259 I SurfaceFlinger: Capture layer list: 	 com.worksoc.goaicoach/com.worksoc.goaicoach.MainActivity$_18096#24026(seamlessTransition:0)
06-11 07:07:05.170  2062  3259 I SurfaceFlinger: Capture layer list: 	 StatusBar$_4231#109(seamlessTransition:0)
06-11 07:07:05.170  2062  3259 I SurfaceFlinger: Capture layer list: 	 com.sec.android.app.launcher/com.samsung.app.honeyspace.edge.edgepanel.app.CocktailBarService$_4527#23988(seamlessTransition:0)
06-11 07:07:05.170  2062  3259 I SurfaceFlinger: Capture layer list: 	 NavigationBar0$_4231#107(seamlessTransition:0)
06-11 07:07:05.170  2062  3259 I CompositionEngine: [setDisplaySize] size=(1080, 2316)
06-11 07:07:05.171  2062  3259 E HWComposer: getLuts: getLuts failed for display 4630947232161729154: UNSUPPORTED (8)
06-11 07:07:05.173  2062  2201 D RenderEngine: [SEC_SF_EFFECTS] drawLayersInternal,1483, Rendering layer ScreenCaptureFillLayer at index 0
06-11 07:07:05.173  2062  2201 D RenderEngine: [SEC_SF_EFFECTS] drawLayersInternal,1483, Rendering layer com.worksoc.goaicoach/com.worksoc.goaicoach.MainActivity$_18096#24026 at index 1
06-11 07:07:05.174  2062  2201 D RenderEngine: [SEC_SF_EFFECTS] drawLayersInternal,1483, Rendering layer StatusBar$_4231#109 at index 2
06-11 07:07:05.175  2062  2201 D RenderEngine: [SEC_SF_EFFECTS] drawLayersInternal,1483, Rendering layer com.sec.android.app.launcher/com.samsung.app.honeyspace.edge.edgepanel.app.CocktailBarService$_4527#23988 at index 3
06-11 07:07:05.175  2062  2201 D RenderEngine: [SEC_SF_EFFECTS] drawLayersInternal,1483, Rendering layer NavigationBar0$_4231#107 at index 4
06-11 07:07:05.186  2745 11711 D system_server: mAFPC_Read - w = 1080, h = 2316, s = 8, f = 4, s_size = 10079232, luminance = 98, count = 1654, captureOrientation = 0
06-11 07:07:05.388  2034  2073 E HeatmapThread: ECT Thread time in milliseconds: 1781129225
06-11 07:07:05.388  2034  2073 D HeatmapThread: !@ batteryplugType : 0
06-11 07:07:05.388  2034  2073 D HeatmapThread: !@ batteryLevel : 0  batteryTemperature : 0 
06-11 07:07:05.388  2034  2073 D HeatmapThread: !@ Heatmap currtime: 29685487
06-11 07:07:05.388  2034  2073 D HeatmapThread: !@ Heatmap prevtime: 29685471
06-11 07:07:05.388  2034  2073 D HeatmapThread: !@ Heatmap plugstarttime: 35791394
06-11 07:07:05.388  2034  2073 D HeatmapThread: !@ Heatmap prevv_dsoh_update_time: 29682402
06-11 07:07:05.389  2034  2073 E HeatmapThread: !@Entered the read from path function
06-11 07:07:05.389  2034  2073 E HeatmapThread: !@Could not open '/efs/FactoryApp/extended_heatmap', errno = 13
06-11 07:07:05.389  2034  2073 E HeatmapThread: !@Extended_heatmap efs Forced Reset
06-11 07:07:05.390  2034  2073 E HeatmapThread: !@Read Extended_heatmap from efs is: 
06-11 07:07:05.390  2034  2073 E HeatmapThread: !@Write Extended Heatmap to efs is: 0 0 0 0 0 0 0 0 0 0 0 0 0 0 0 0 0 0 0 0 0 0 0 0 0 0 0 0 0 0 0 0 0 0 0 0 0 0 0 0 0 0 0 0 0 0 0 0 0 0 0 0 0 0 0 0 0 0 0 0 0 0 0 0 0 0 0 0 0 0 0 0 0 0 0 0 0 0 0 0 0 0 0 0 0 0 0 0 0 0 0 0 0 0 0 0 0 0 0 0 0 0 0 0 0 0 0 0 0 0 0 0 0 0 0 0 0 0 0 0 0 0 0 0 0 0 0 0 0 0 0 0 0 0 0 0 0 0 0 0 0 0 0 0 0 0 0 0 0 0 0 0 0 0 0 0 0 0 0 0 0 0 0 0 0 0 0 0 0 0 0 0 0 0 0 0 0 0 0 0 0 0 0 0 0 0 0 0 0 0 0 0 0 0 0 0 0 0 0 0 0 0 0 0 0 0 0 0 0 0 0 0 0 0 0 0 0 0 0 0 0 0 0 0 0 0 0 0 0 0 0 0 0 0 0 0 0 0 0 0 0 0 0 0 0 0 0 0 0 0 0 0 0 0 0 0 0 0 0 0 0 0 0 0 0 0 0 0 0 0 0 0 0 0 0 0 0 0 0 0 0 0 0 0 0 0 0 0 0 0 0 0 0 0 0 0 0 0 0 0 0 0 0 0 0 0 0 0 0 0 0 0 0 0 0 0 0 0 0 0 0 0 0 0 0 0 0 0 0 0 0 0 0 0 0 0 0 0 0 0 0 0 0 0 0 0 0 0 0 0 0 0 0 0 0 0 0 0 0 0 0 0 0 0 0 0 0 0 0 0 0 0 0 0 0 0 0 0 0 0 0 0 0 0 0 0 0 0 0 0 0 0 0 0 0 0 0 0 0 0 0 0 0 0 0 0 0 0 0 0 0 0 0 0 0 0 0 0 0 0 0 0 0 0 0 0 0 0 0 0 0 0 0 0 0 0 0 0 0 0 0 0 0 0 0 0 0 0 0 0 0 0 0 0 0 0 0 0 0 0 0 0 0 0 0 0 0 0 0 0 0 0 0 0 0 0 0 0 0 0 0 0 0 0 0 0 0 0 0 0 0 0 0 0
06-11 07:07:05.390  2034  2073 E HeatmapThread: !@Could not open '/efs/FactoryApp/extended_heatmap', errno = 13
06-11 07:07:05.391  2034  2073 E HeatmapThread: !@Could not open '/efs/FactoryApp/bsoh', errno = 13
06-11 07:07:05.391  2034  2073 E HeatmapThread: !@ CAM Could not access BSOH EFS
06-11 07:07:05.391  2034  2073 E HeatmapThread: !@ CAM New BSOH: 0
06-11 07:07:05.696  1153  1153 D io_stats: !@ Write_top(KB): kworker/u16:7(9037) 24
06-11 07:07:05.795  2745  3556 D NetdEventListenerService: DNS Requested by 169, 10393(org.telegram.messenger), 4(FAIL), isBlocked=true, 0ms
06-11 07:07:05.799  2745  3556 D NetdEventListenerService: DNS Requested by 169, 10393(org.telegram.messenger), 4(FAIL), isBlocked=true, 0ms
06-11 07:07:05.803  2745  3556 D NetdEventListenerService: DNS Requested by 169, 10393(org.telegram.messenger), 4(FAIL), isBlocked=true, 0ms
06-11 07:07:05.880  4695  4695 I adbd    : adbd service requested 'exec:screencap '-p''
06-11 07:07:06.028 18219 18219 W screencap: Thread Pool max thread count is 0. Cannot cache binder as linkToDeath cannot be implemented. serviceName: SurfaceFlingerAIDL
06-11 07:07:06.029 18219 18219 W BpBinder: Linking to death on android.gui.ISurfaceComposer but there are no threads (yet?) listening to incoming transactions. See ProcessState::startThreadPool and ProcessState::setThreadPoolMaxThreadCount. Generally you should setup the binder threadpool before other initialization steps.
06-11 07:07:06.029 18219 18219 W screencap: Thread Pool max thread count is 0. Cannot cache binder as linkToDeath cannot be implemented. serviceName: edmnativehelper
06-11 07:07:06.030  2745  3845 I EDMNativeHelperService: isScreenCaptureEnabled
06-11 07:07:06.030  2745  3845 D RestrictionPolicy: isScreenCaptureEnabled : ret=true userId=0
06-11 07:07:06.030 18219 18219 W ProcessState: Extra binder thread started, but 0 threads requested. Do not use *startThreadPool when zero threads are requested.
06-11 07:07:06.030 18219 18219 I SurfaceComposerClient: captureDisplay:Display-4630947232161729154
06-11 07:07:06.032  2062  3191 I SurfaceFlinger: Capture layer list: 	 com.worksoc.goaicoach/com.worksoc.goaicoach.MainActivity$_18096#24026(seamlessTransition:0)
06-11 07:07:06.032  2062  3191 I SurfaceFlinger: Capture layer list: 	 StatusBar$_4231#109(seamlessTransition:0)
06-11 07:07:06.032  2062  3191 I SurfaceFlinger: Capture layer list: 	 com.sec.android.app.launcher/com.samsung.app.honeyspace.edge.edgepanel.app.CocktailBarService$_4527#23988(seamlessTransition:0)
06-11 07:07:06.033  2062  3191 I SurfaceFlinger: Capture layer list: 	 NavigationBar0$_4231#107(seamlessTransition:0)
06-11 07:07:06.033  2062  3191 I CompositionEngine: [setDisplaySize] size=(1080, 2316)
06-11 07:07:06.033  2062  3191 E HWComposer: getLuts: getLuts failed for display 4630947232161729154: UNSUPPORTED (8)
06-11 07:07:06.034  2062  2201 D RenderEngine: [SEC_SF_EFFECTS] drawLayersInternal,1483, Rendering layer ScreenCaptureFillLayer at index 0
06-11 07:07:06.035  2062  2201 D RenderEngine: [SEC_SF_EFFECTS] drawLayersInternal,1483, Rendering layer com.worksoc.goaicoach/com.worksoc.goaicoach.MainActivity$_18096#24026 at index 1
06-11 07:07:06.035  2062  2201 D RenderEngine: [SEC_SF_EFFECTS] drawLayersInternal,1483, Rendering layer StatusBar$_4231#109 at index 2
06-11 07:07:06.035  2062  2201 D RenderEngine: [SEC_SF_EFFECTS] drawLayersInternal,1483, Rendering layer com.sec.android.app.launcher/com.samsung.app.honeyspace.edge.edgepanel.app.CocktailBarService$_4527#23988 at index 3
06-11 07:07:06.035  2062  2201 D RenderEngine: [SEC_SF_EFFECTS] drawLayersInternal,1483, Rendering layer NavigationBar0$_4231#107 at index 4
06-11 07:07:06.388  2034  2073 E HeatmapThread: ECT Thread time in milliseconds: 1781129226
06-11 07:07:06.388  2034  2073 D HeatmapThread: !@ batteryplugType : 0
06-11 07:07:06.388  2034  2073 D HeatmapThread: !@ batteryLevel : 0  batteryTemperature : 0 
06-11 07:07:06.388  2034  2073 D HeatmapThread: !@ Heatmap currtime: 29685487
06-11 07:07:06.388  2034  2073 D HeatmapThread: !@ Heatmap prevtime: 29685471
06-11 07:07:06.388  2034  2073 D HeatmapThread: !@ Heatmap plugstarttime: 35791394
06-11 07:07:06.388  2034  2073 D HeatmapThread: !@ Heatmap prevv_dsoh_update_time: 29682402
06-11 07:07:06.389  2034  2073 E HeatmapThread: !@Could not open '/efs/FactoryApp/bsoh', errno = 13
06-11 07:07:06.389  2034  2073 E HeatmapThread: !@ CAM Could not access BSOH EFS
06-11 07:07:06.389  2034  2073 E HeatmapThread: !@ CAM New BSOH: 0
06-11 07:07:06.430  2745  3500 I SemWifiServiceDetector: Service det. resumed: T / T / 15562
06-11 07:07:06.527  4695  4695 I adbd    : adbd service requested 'shell,v2,TERM=dumb:export ANDROID_LOG_TAGS=''; exec logcat '-d' '-t' '1600''
