06-11 07:08:35.481  2062  2201 D RenderEngine: [SEC_SF_EFFECTS] drawLayersInternal,1483, Rendering layer com.worksoc.goaicoach/com.worksoc.goaicoach.MainActivity$_18096#24026 at index 1
06-11 07:08:35.482  2062  2201 D RenderEngine: [SEC_SF_EFFECTS] drawLayersInternal,1483, Rendering layer StatusBar$_4231#109 at index 2
06-11 07:08:35.482  2062  2201 D RenderEngine: [SEC_SF_EFFECTS] drawLayersInternal,1483, Rendering layer com.sec.android.app.launcher/com.samsung.app.honeyspace.edge.edgepanel.app.CocktailBarService$_4527#23988 at index 3
06-11 07:08:35.483  2062  2201 D RenderEngine: [SEC_SF_EFFECTS] drawLayersInternal,1483, Rendering layer NavigationBar0$_4231#107 at index 4
06-11 07:08:35.493  2745 11711 D system_server: mAFPC_Read - w = 1080, h = 2316, s = 8, f = 4, s_size = 10079232, luminance = 98, count = 1657, captureOrientation = 0
06-11 07:08:35.768  1153  1153 D io_stats: !@   8,0 r 22737151 411745431 w 5872907 93085892 d 1577513 220346924 f 0 680946 iot 9221432 0 th 0 0 0 pt 0 inp 0 0 121169.303
06-11 07:08:36.028  3693  3796 D SatelliteController: isInCarrierRoamingNbIotNtn: satellite is disabled
06-11 07:08:36.391  2034  2073 E HeatmapThread: ECT Thread time in milliseconds: 1781129316
06-11 07:08:36.391  2034  2073 D HeatmapThread: !@ batteryplugType : 0
06-11 07:08:36.392  2034  2073 D HeatmapThread: !@ batteryLevel : 0  batteryTemperature : 0 
06-11 07:08:36.392  2034  2073 D HeatmapThread: !@ Heatmap currtime: 29685488
06-11 07:08:36.392  2034  2073 D HeatmapThread: !@ Heatmap prevtime: 29685471
06-11 07:08:36.392  2034  2073 D HeatmapThread: !@ Heatmap plugstarttime: 35791394
06-11 07:08:36.392  2034  2073 D HeatmapThread: !@ Heatmap prevv_dsoh_update_time: 29682402
06-11 07:08:36.392  2034  2073 E HeatmapThread: !@Could not open '/efs/FactoryApp/bsoh', errno = 13
06-11 07:08:36.393  2034  2073 E HeatmapThread: !@ CAM Could not access BSOH EFS
06-11 07:08:36.393  2034  2073 E HeatmapThread: !@ CAM New BSOH: 0
06-11 07:08:37.072  1938 15888 I sensors-hal: handle_sns_std_sensor_event:311, [SSC_LIGHT] P: 83(83),m:7,c:248,b:72,c0:6000,l:81,f(r):100,u(bl):100,j:84
06-11 07:08:37.388  2034  2073 E HeatmapThread: ECT Thread time in milliseconds: 1781129317
06-11 07:08:37.388  2034  2073 D HeatmapThread: !@ batteryplugType : 0
06-11 07:08:37.388  2034  2073 D HeatmapThread: !@ batteryLevel : 0  batteryTemperature : 0 
06-11 07:08:37.388  2034  2073 D HeatmapThread: !@ Heatmap currtime: 29685488
06-11 07:08:37.388  2034  2073 D HeatmapThread: !@ Heatmap prevtime: 29685471
06-11 07:08:37.388  2034  2073 D HeatmapThread: !@ Heatmap plugstarttime: 35791394
06-11 07:08:37.389  2034  2073 D HeatmapThread: !@ Heatmap prevv_dsoh_update_time: 29682402
06-11 07:08:37.389  2034  2073 E HeatmapThread: !@Could not open '/efs/FactoryApp/bsoh', errno = 13
06-11 07:08:37.389  2034  2073 E HeatmapThread: !@ CAM Could not access BSOH EFS
06-11 07:08:37.389  2034  2073 E HeatmapThread: !@ CAM New BSOH: 0
06-11 07:08:37.710  4695  4695 I adbd    : adbd service requested 'shell,v2,TERM=dumb,raw:input tap 542 1308'
06-11 07:08:37.735  2745  2810 E Watchdog: !@Sync: 4035 heap(MB): 188 / 222 FD: 1552 [2026-06-11 07:08:37.734]
06-11 07:08:37.766  2745  4896 D InputDispatcher: Inject motion (18734/2000): action=0x0, time=121171300000000, f=0x0, d=0 dsdx=1.000000 dtdx=0.000000
06-11 07:08:37.769  1153  1153 D io_stats: !@   8,0 r 22737153 411745491 w 5872907 93085892 d 1577513 220346924 f 0 680946 iot 9221444 0 th 0 0 0 pt 0 inp 0 0 121171.304
06-11 07:08:37.770  1153  1153 D io_stats: !@ Read_top(KB): com.kakao.talk(31289) 60
06-11 07:08:37.770  1153  1153 D io_stats: !@ Write_top(KB): kworker/u16:5(31446) 220 ding:background(18642) 12 f2fs_ckpt-254:5(4519) 8
06-11 07:08:37.771  2745  3196 I InputDispatcher: Delivering touch to (4231): action: 0x4, f=0x0, d=0, '2a57a0a', t=1 
06-11 07:08:37.772  2745  3196 I InputDispatcher: Delivering touch to (18096): action: 0x0, f=0x0, d=0, '5ab3166', t=1 
06-11 07:08:37.773  2745  3196 D PowerManagerService: [api] userActivityFromNative : touch displayId=0 eventTime=121171300
06-11 07:08:37.773 18096 18096 I VRI[MainActivity]@758d426: ViewPostIme pointer 0
06-11 07:08:37.774  2745  3196 D PowerManagerService: UserActivityStateListenerState: 1
06-11 07:08:37.776  2745  2803 I GestureDetector: obtain mCurrentDownEvent. id: -497168242 caller: com.android.server.wm.SystemGesturesPointerEventListener.onPointerEvent:17 com.android.server.wm.PointerEventDispatcher.onInputEvent:51 android.view.InputEventReceiver.dispatchInputEvent:392 
06-11 07:08:37.776  2745  2803 I GestureDetector: obtain mCurrentDownEvent. id: -497168242 caller: com.android.server.wm.SystemPerformancePointerEventListener.onPointerEvent:13 com.android.server.wm.PointerEventDispatcher.onInputEvent:51 android.view.InputEventReceiver.dispatchInputEvent:392 
06-11 07:08:37.795 18096 18096 I VRI[MainActivity]@758d426: call setFrameRateCategory for touch hint category=high hint, reason=touch, vri=VRI[MainActivity]@758d426
06-11 07:08:37.796  2745  4896 D InputDispatcher: Inject motion (18734/2000): action=0x1, time=121171300000000, f=0x0, d=0 dsdx=1.000000 dtdx=0.000000
06-11 07:08:37.796  2745  3196 I InputDispatcher: Delivering touch to (18096): action: 0x1, f=0x0, d=0, '5ab3166', t=1 
06-11 07:08:37.797  2745  2803 I GestureDetector: obtain mCurrentMotionEventRaw. action: 1 id: -340693649
06-11 07:08:37.798  2745  2803 I GestureDetector: obtain mCurrentMotionEventRaw. action: 1 id: -340693649
06-11 07:08:37.799 18096 18096 I VRI[MainActivity]@758d426: ViewPostIme pointer 1
06-11 07:08:37.801  2062  2266 I VSyncReactor: Current= 60, Period= 60, Distance= 0
06-11 07:08:37.812  2062  2062 I SurfaceFlinger: [com.worksoc.goaicoach/com.worksoc.goaicoach.MainActivity$_18096#24026] setFrameRateCategory: HighHint
06-11 07:08:37.818  2062  2266 I VSyncReactor: Current= 60, Period= 60, Distance= 60
06-11 07:08:37.830  2745  5241 E ClipboardService: Denying clipboard access to com.kakao.talk, application is not in focus nor is it a system service for user 0
06-11 07:08:37.831  2745  5241 E ClipboardService: Denying clipboard access to com.kakao.page, application is not in focus nor is it a system service for user 0
06-11 07:08:37.831  2745  5241 E ClipboardService: Denying clipboard access to com.android.chrome, application is not in focus nor is it a system service for user 0
06-11 07:08:37.831  2745  5241 E ClipboardService: Denying clipboard access to com.google.android.as, application is not in focus nor is it a system service for user 0
06-11 07:08:37.832  2745  5241 E ClipboardService: Denying clipboard access to com.google.android.gm, application is not in focus nor is it a system service for user 0
06-11 07:08:37.834  2745  5241 E ClipboardService: Denying clipboard access to com.google.android.as, application is not in focus nor is it a system service for user 150
06-11 07:08:37.835  2745  5241 E ClipboardService: Denying clipboard access to com.kakao.page, application is not in focus nor is it a system service for user 150
06-11 07:08:37.837  2745  5241 I ActivityManager: Changes in 10192 7 to 5, 128 to 144
06-11 07:08:37.839  2327  2564 I CameraService: onUidStateChanged: uid=10192, procState is changed. (7 -> 5)
06-11 07:08:37.842 17439 17464 I elpq    : (REDACTED) HDM. appOpsListener %s %s
06-11 07:08:37.843 17439 17464 I elpq    : (REDACTED) HDM. Ignoring irrelevant audio permission changes for package %s
06-11 07:08:37.845  2745  3480 D BackgroundInstallControlService: Package event received: 0
06-11 07:08:37.897  2745  3405 D WifiStaIfaceHidlImpl: getCachedScanData is not implemented by HIDL
06-11 07:08:37.922  4231  4231 I SemClipboardToastController: ClipLabel is not empty but not for remote service. com.worksoc.goaicoach
06-11 07:08:37.922  2745  5646 D SemWifiUsabilityStatsMonitor: onWifiUsabilityStats - seqNum 9832, isSameBssidAndFreq true
06-11 07:08:37.923  2745  3502 E SemWifiLinkQualityMonitor: Too old or invalid TMI: currentTime=1781129317923 lastDateWindow=1781129197000
06-11 07:08:37.928 18096 18096 I Toast   : show: caller = com.worksoc.goaicoach.ui.GoCoachAppKt.GoCoachScreen$copyDebugReport:1267 
06-11 07:08:37.930 18096 18096 I Toast   : show: contextDispId = 0 mCustomDisplayId = -1 focusedDisplayId = 0 isActivityContext = true
06-11 07:08:37.931  8779 28844 I IceCone : a Clip is created successfully. ty(1), cid(11444), or(0 callerPackageNames : com.worksoc.goaicoach 
06-11 07:08:37.934  2745  3843 W ContextImpl: Calling a method in the system process without a qualified user: android.app.ContextImpl.sendBroadcast:1335 com.android.server.notification.NotificationManagerService$17.enqueueToastForDex:62 com.android.server.notification.NotificationManagerService$17.enqueueTextToastForDex:17 android.app.INotificationManager$Stub.onTransact:4630 android.os.Binder.execTransactInternal:1457 
06-11 07:08:37.934  4231  4231 I Toast   : show: caller = com.android.systemui.clipboardoverlay.ClipboardListener.showCopyToast:467 
06-11 07:08:37.936  2062  3191 I SurfaceFlinger: id=24042 createSurf, flag=84004, WindowToken{8bb0e12 type=2005 android.os.Binder@b30b99d}#24042
06-11 07:08:37.938  4231  4231 I Toast   : show: contextDispId = 0 mCustomDisplayId = -1 focusedDisplayId = 0 isActivityContext = false
06-11 07:08:37.940  2745  5241 W ContextImpl: Calling a method in the system process without a qualified user: android.app.ContextImpl.sendBroadcast:1335 com.android.server.notification.NotificationManagerService$17.enqueueToastForDex:62 com.android.server.notification.NotificationManagerService$17.enqueueTextToastForDex:17 android.app.INotificationManager$Stub.onTransact:4630 android.os.Binder.execTransactInternal:1462 
06-11 07:08:37.941  2062  3259 I SurfaceFlinger: id=24043 createSurf, flag=84004, WindowToken{a6fafe0 type=2005 android.os.Binder@9daa9e3}#24043
06-11 07:08:37.942  4231  4231 I SemClipboardToastController: Copy toast is shown by 11444
06-11 07:08:37.942  4231  4231 I SemRemoteServiceStateManager: remote service connection state. dop(0), mcf(0), sf(0), ltw(0), mc(0)
06-11 07:08:37.957  4231  4231 I AppIconSolution: return adaptive icon for com.worksoc.goaicoach, isNight = false
06-11 07:08:37.963  4231  4231 V ToastPresenter: yOffset = 168
06-11 07:08:37.963  4231  4231 V ToastPresenter: Text: Eebu in android.widget.ToastPresenter@a09cdf7
06-11 07:08:37.964  4231  4231 I WindowManager: WindowManagerGlobal#addView, ty=2005, view=android.widget.LinearLayout{6f82464 V.E...... ......I. 0,0-0,0}, caller=android.view.WindowManagerImpl.addView:158 android.widget.ToastPresenter.addToastView:424 android.widget.ToastPresenter.show:325 
06-11 07:08:37.964  4231  4231 D ViewRootImpl: desktopMode is false
06-11 07:08:37.964  4231  4231 I ViewRootImpl: dVRR is disabled
06-11 07:08:37.965  4231  4364 D NativeCustomFrequencyManager: [NativeCFMS] BpCustomFrequencyManager::BpCustomFrequencyManager()
06-11 07:08:37.966  8779 28844 I IceCone : g success to copy to clipboard. 
06-11 07:08:37.968  2062  2062 I SurfaceFlinger: RequestedLayer [WindowToken{8bb0e12 type=2005 android.os.Binder@b30b99d}#24042] hidden!! flag  from(1) --> to(0)
06-11 07:08:37.968  2062  2062 I SurfaceFlinger: RequestedLayer [WindowToken{a6fafe0 type=2005 android.os.Binder@9daa9e3}#24043] hidden!! flag  from(1) --> to(0)
06-11 07:08:37.968  2062  2062 I SurfaceFlinger: [WindowToken{8bb0e12 type=2005 android.os.Binder@b30b99d}#24042] attach to parent LayerHierarchy{RequestedLayerState{Leaf:20:21#30 parentId=29} 1 children}
06-11 07:08:37.968  2062  2062 I SurfaceFlinger: [WindowToken{a6fafe0 type=2005 android.os.Binder@9daa9e3}#24043] attach to parent LayerHierarchy{RequestedLayerState{Leaf:20:21#30 parentId=29} 2 children}
06-11 07:08:37.969  8779 22070 I HBD     : a clipType - 1 
06-11 07:08:37.970  2745  4896 D InputTransport: Input channel constructed: 'f4fea0c', fd=893
06-11 07:08:37.970  2745  4896 D InputTransport: Input channel constructed: 'f4fea0c', fd=1005
06-11 07:08:37.970  2745  4896 D InputTransport: Input channel constructed: 'f4fea0c', fd=1040
06-11 07:08:37.970  2745  4896 D InputTransport: Input channel destroyed: 'f4fea0c', fd=1005
06-11 07:08:37.971  2062  3191 I SurfaceFlinger: id=24044 createSurf, flag=84004, f4fea0c Toast#24044
06-11 07:08:37.972  2745  4896 D RestrictionPolicy: isScreenCaptureEnabled : ret=true userId=0
06-11 07:08:37.973  2745  4896 D InputTransport: Input channel destroyed: 'f4fea0c', fd=1040
06-11 07:08:37.974  4231  4231 D InputTransport: Input channel constructed: 'f4fea0c', fd=431
06-11 07:08:37.974  4231  4231 I InsetsController: onStateChanged: host=Toast, from=android.view.ViewRootImpl.onInsetsStateChanged:3026, state=InsetsState: {mDisplayFrame=Rect(0, 0 - 1080, 2316), mDisplayCutout=DisplayCutout{insets=Rect(0, 75 - 0, 0) waterfall=Insets{left=0, top=0, right=0, bottom=0} boundingRect={Bounds=[Rect(0, 0 - 0, 0), Rect(512, 0 - 568, 75), Rect(0, 0 - 0, 0), Rect(0, 0 - 0, 0)]} cutoutPathParserInfo={CutoutPathParserInfo{displayWidth=1080 displayHeight=2316 physicalDisplayWidth=1080 physicalDisplayHeight=2316 density={2.8125} cutoutSpec={M 0,0 H -10 V 26.66666666666667 H 10 V 0 H 0 Z @dp} rotation={0} scale={1.0} physicalPixelDisplaySizeRatio={1.0}}} sideOverrides={}}, mRoundedCorners=RoundedCorners{[RoundedCorner{position=TopLeft, radius=11, center=Point(11, 11)}, RoundedCorner{position=TopRight, radius=11, center=Point(1069, 11)}, RoundedCorner{position=BottomRight, radius=11, center=Point(1069, 2305)}, RoundedCorner{position=BottomLeft, radius=11, center=Point(11, 2305)}]}  mRoundedCornerFrame=Rect(0, 0 - 0, 0), mPrivacyIndicatorBounds=PrivacyIndicatorBounds {static bounds=Rect(964, 0 - 1080, 75) rotation=0}, mDisplayShape=DisplayShape{ spec=-311912193 displayWidth=1080 displayHeight=2316 physicalPixelDisplaySizeRatio=0.75 rotation=0 offsetX=0 offsetY=0 scale=1.0}, mSources= { InsetsSource: {da4d0000 mType=statusBars mFrame=[0,0][1080,75] mVisible=true mFlags= mSideHint=TOP mBoundingRects=null}, InsetsSource: {da4d0005 mType=mandatorySystemGestures mFrame=[0,0][1080,107] mVisible=true mFlags= mSideHint=TOP mBoundingRects=null}, InsetsSource: {da4d0006 mType=tappableElement mFrame=[0,0][1080,75] mVisible=true mFlags= mSideHint=TOP mBoundingRects=null}, InsetsSource: {3 mType=ime mFrame=[0,0][0,0] mVisible=false mFlags= mSideHint=NONE mBoundingRects=null}, InsetsSource: {27 mType=displayCutout mFrame=[0,0][1080,75] mVisible=true mFlags= mSideHint=TOP mBoundingRects=null}, InsetsSource: {10c70001 mType=navigationBars mFrame=[0,2190][1080,2316] mVisible=true mFlags= mSideHint=BOTTOM mBoundingRects=null}, InsetsSource: {10c70004 mType=systemGestures mFrame=[0,0][0,0] mVisible=true mFlags= mSideHint=NONE mBoundingRects=null}, InsetsSource: {10c70005 mType=mandatorySystemGestures mFrame=[0,2190][1080,2316] mVisible=true mFlags= mSideHint=BOTTOM mBoundingRects=null}, InsetsSource: {10c70006 mType=tappableElement mFrame=[0,2190][1080,2316] mVisible=true mFlags= mSideHint=BOTTOM mBoundingRects=null}, InsetsSource: {10c70024 mType=systemGestures mFrame=[0,0][0,0] mVisible=true mFlags= mSideHint=NONE mBoundingRects=null} }
06-11 07:08:37.974  4231  4231 I VRI[Toast]@c1626cd: synced displayState. AttachInfo displayState=2
06-11 07:08:37.975  4231  4231 I VRI[Toast]@c1626cd: setView = android.widget.LinearLayout@6f82464 IsHRR=false mFlingFrameRateChange=0 TM=true
06-11 07:08:37.975  8779 22070 I IceCone : b start remote copy. 
06-11 07:08:37.978  4231  4364 D HWUI    : HWUI - treat SMPTE_170M as sRGB
06-11 07:08:37.979  2745  4896 I WindowManager: Relayout Window{f4fea0c u0 Toast}: viewVisibility=0 req=615x116 ty=2005 d0
06-11 07:08:37.979  2062  3191 I SurfaceFlinger: id=24045 createSurf, flag=44004, Toast$_4231#24045
06-11 07:08:37.981  2745  4896 D WindowManager: makeSurface duration=2 name=Toast$_4231
06-11 07:08:37.982  2745  4896 D SurfaceComposerClient: setCornerRadius ## 5ab3166 com.worksoc.goaicoach/com.worksoc.goaicoach.MainActivity#24025 cornerRadius=0.000000
06-11 07:08:37.982  2745  4896 D SurfaceComposerClient: setCornerRadius ## 5ab3166 com.worksoc.goaicoach/com.worksoc.goaicoach.MainActivity#24025 cornerRadius=0.000000
06-11 07:08:37.983  2745  4896 I WindowManager: Relayout hash=f4fea0c, pid=4231, syncId=-1: mAttrs={(0,168)(wrapxwrap) gr=BOTTOM CENTER sim={adjust=pan} ty=TOAST fmt=TRANSLUCENT wanim=0x1030004 receive insets ignoring z-order
06-11 07:08:37.983  2745  4896 I WindowManager:   fl=1000098
06-11 07:08:37.983  2745  4896 I WindowManager:   pfl=30000000
06-11 07:08:37.983  2745  4896 I WindowManager:   bhv=1
06-11 07:08:37.983  2745  4896 I WindowManager:   fitTypes=20f
06-11 07:08:37.983  2745  4896 I WindowManager:   fitIgnoreVis
06-11 07:08:37.983  2745  4896 I WindowManager:   frameRateBoostOnTouch=true
06-11 07:08:37.983  2745  4896 I WindowManager:   dvrrWindowFrameRateHint=true naviIconColor=0}
06-11 07:08:37.985  2062  2062 I SurfaceFlinger: [f4fea0c Toast#24044] attach to parent LayerHierarchy{RequestedLayerState{WindowToken{8bb0e12 type=2005 android.os.Binder@b30b99d}#24042 parentId=30} 1 children}
06-11 07:08:37.985  2062  2062 I SurfaceFlinger: [Toast$_4231#24045] attach to parent LayerHierarchy{RequestedLayerState{f4fea0c Toast#24044 parentId=24042} 1 children}
06-11 07:08:37.985  4231  4231 W libc    : Access denied finding property "vendor.display.enable_optimal_refresh_rate"
06-11 07:08:37.985  4231  4231 I BufferQueueProducer: [](id:10870000031c,api:0,p:-936604464,c:4231) setDequeueTimeout:2077252342
06-11 07:08:37.989  4231  4231 I BLASTBufferQueue_Java: new BLASTBufferQueue, mName= VRI[Toast]@c1626cd mNativeObject= 0xb400007198f3b960 caller= android.view.ViewRootImpl.updateBlastSurfaceIfNeeded:3585 android.view.ViewRootImpl.relayoutWindow:11685 android.view.ViewRootImpl.performTraversals:4804 android.view.ViewRootImpl.doTraversal:3924 android.view.ViewRootImpl$TraversalRunnable.run:12903 android.view.Choreographer$CallbackRecord.run:1901 android.view.Choreographer$CallbackRecord.run:1910 android.view.Choreographer.doCallbacks:1367 android.view.Choreographer.doFrame:1292 android.view.Choreographer$FrameDisplayEventReceiver.run:1870 
06-11 07:08:37.989  4231  4231 I BLASTBufferQueue_Java: update, w= 615 h= 116 mName = VRI[Toast]@c1626cd mNativeObject= 0xb400007198f3b960 sc.mNativeObject= 0xb4000071582f2c90 format= -3 caller= android.view.ViewRootImpl.updateBlastSurfaceIfNeeded:3590 android.view.ViewRootImpl.relayoutWindow:11685 android.view.ViewRootImpl.performTraversals:4804 android.view.ViewRootImpl.doTraversal:3924 android.view.ViewRootImpl$TraversalRunnable.run:12903 android.view.Choreographer$CallbackRecord.run:1901 
06-11 07:08:37.989  4231  4231 W libc    : Access denied finding property "vendor.display.enable_optimal_refresh_rate"
06-11 07:08:37.990  4231  4231 I VRI[Toast]@c1626cd: Relayout returned: old=(0,75,1080,2190) new=(232,1906,847,2022) relayoutAsync=false req=(615,116)0 dur=6 res=0x3 s={true 0xb40000735875cae0} ch=true seqId=0
06-11 07:08:37.990  4231  4231 I VRI[Toast]@c1626cd: performConfigurationChange setNightDimText nightDimLevel=0
06-11 07:08:37.991  4231  4231 D VRI[Toast]@c1626cd: mThreadedRenderer.initialize() mSurface={isValid=true 0xb40000735875cae0} hwInitialized=true
06-11 07:08:37.991  4231  4231 D VRI[Toast]@c1626cd: reportNextDraw android.view.ViewRootImpl.performTraversals:5443 android.view.ViewRootImpl.doTraversal:3924 android.view.ViewRootImpl$TraversalRunnable.run:12903 android.view.Choreographer$CallbackRecord.run:1901 android.view.Choreographer$CallbackRecord.run:1910 
06-11 07:08:37.992  4231  4231 D VRI[Toast]@c1626cd: Setup new sync=wmsSync-VRI[Toast]@c1626cd#97
06-11 07:08:37.992  4231  4231 I VRI[Toast]@c1626cd: Creating new active sync group VRI[Toast]@c1626cd#98
06-11 07:08:37.992  4231  4231 D VRI[Toast]@c1626cd: registerCallbacksForSync syncBuffer=false
06-11 07:08:37.998  4231  4360 D VRI[Toast]@c1626cd: Received frameDrawingCallback syncResult=0 frameNum=1.
06-11 07:08:37.998  4231  4360 I VRI[Toast]@c1626cd: mWNT: t=0xb4000071885b2dd0 mBlastBufferQueue=0xb400007198f3b960 fn= 1 HdrRenderState mRenderHdrSdrRatio=1.0 caller= android.view.ViewRootImpl$12.onFrameDraw:15441 android.view.ThreadedRenderer$1.onFrameDraw:718 <bottom of call stack> 
06-11 07:08:37.998  4231  4360 I VRI[Toast]@c1626cd: Setting up sync and frameCommitCallback
06-11 07:08:37.998  2745  5241 I ClipboardService: adding mcfds
06-11 07:08:37.999  8779 22070 E IceCone : b mimetype = text/plain 
06-11 07:08:38.001  2062  2062 I SurfaceFlinger: RequestedLayer [f4fea0c Toast#24044] hidden!! flag  from(1) --> to(0)
06-11 07:08:38.006  2745  5241 I ActivityManager: Changes in 10081 6 to 5, 128 to 144
06-11 07:08:38.006  4231  4364 I BLASTBufferQueue: [VRI[Toast]@c1626cd#796](f:0,a:0,s:0) onFrameAvailable the first frame is available
06-11 07:08:38.007  4231  4364 I SurfaceComposerClient: apply transaction with the first frame. layerId: 24045, bufferData(ID: 18172006688057, frameNumber: 1)
06-11 07:08:38.008  2062  3191 I SurfaceFlinger: [Toast$_4231#24045] setTransactionState with the first frame. bufferData(ID: 18172006688057, frameNumber: 1)
06-11 07:08:38.009  4231  4364 I VRI[Toast]@c1626cd: Received frameCommittedCallback lastAttemptedDrawFrameNum=1 didProduceBuffer=true
06-11 07:08:38.012  4231  4364 D HWUI    : CFMS:: SetUp Pid : 4231    Tid : 4364
06-11 07:08:38.013  4231  4231 D VRI[Toast]@c1626cd: reportDrawFinished seqId=0
06-11 07:08:38.013  2745  5241 D WindowManager: finishDrawingWindow: Window{f4fea0c u0 Toast} mDrawState=DRAW_PENDING seqId=0
06-11 07:08:38.014  2745  2806 D SurfaceComposerClient: setCornerRadius ## 5ab3166 com.worksoc.goaicoach/com.worksoc.goaicoach.MainActivity#24025 cornerRadius=0.000000
06-11 07:08:38.018  2745  2806 I WindowManager: Reparenting to leash, surface=Surface(name=f4fea0c Toast)/@0x314bbd1, leashParent=Surface(name=WindowToken{8bb0e12 type=2005 android.os.Binder@b30b99d})/@0x5b3d636
06-11 07:08:38.019  2062  3191 I SurfaceFlinger: id=24046 createSurf, flag=24004, Surface(name=f4fea0c Toast)/@0x314bbd1 - animation-leash of window_animation#24046
06-11 07:08:38.021  8779 22070 I IceCone : b result for METHOD_SET_LOCAL_CLIP: true 
06-11 07:08:38.022  2745  2806 D WindowManager: makeSurface duration=4 leash=Surface(name=Surface(name=f4fea0c Toast)/@0x314bbd1 - animation-leash of window_animation)/@0xc9ad937
06-11 07:08:38.024  2745  2806 V WindowManager: performShowLocked: mDrawState=HAS_DRAWN in Window{f4fea0c u0 Toast}
06-11 07:08:38.025  2745  2806 D SurfaceComposerClient: setCornerRadius ## 5ab3166 com.worksoc.goaicoach/com.worksoc.goaicoach.MainActivity#24025 cornerRadius=0.000000
06-11 07:08:38.026  2745  2806 D PowerManagerService: [api] acquire WakeLock SCREEN_BRIGHT_WAKE_LOCK           'WindowManager/displayId:0' ON_AFTER_RELEASE (uid=1000 pid=2745 ws=WorkSource{10038 com.android.systemui} displayId=0 lock=8448f12)
06-11 07:08:38.026  7745  7745 W [MCFDs]_DeviceSyncLibCommandImpl: runCommand - CMD_COPY_PASTE_UPDATE_CLIPDATA, appId=0, ret=-1
06-11 07:08:38.035  2062  2062 I SurfaceFlinger: [Surface(name=f4fea0c Toast)/@0x314bbd1 - animation-leash of window_animation#24046] attach to parent LayerHierarchy{RequestedLayerState{WindowToken{8bb0e12 type=2005 android.os.Binder@b30b99d}#24042 parentId=30} 2 children}
06-11 07:08:38.035  2745  2807 D PowerManagerService: [api] setPowerBoost(L) boost:0, durationMs:0, caller (uid: 1000 pid: 2745) <- m() in com.android.server.display.DisplayManagerService$BinderService$$ExternalSyntheticOutline0:1
06-11 07:08:38.038  2745  5241 D SecContentProvider: query(), uri = 15 selection = isClipboardShareAllowedAsUser
06-11 07:08:38.038  2745  5241 D SecContentProvider: called from android.uid.honeyboard:10192
06-11 07:08:38.038  2745  5241 D RestrictionPolicy: isClipboardShareAllowed : true
06-11 07:08:38.043  8779 22070 I IceCone : RichcontentProvider query : 3, null, false 
06-11 07:08:38.051  2062  2062 I SurfaceFlinger: [Display 0 name="기본으로 제공되는 화면"#49] setFrameRateCategory: High
06-11 07:08:38.051  2062  2062 E SurfaceFlinger: alpha changed 1.000 -> 0.000 - Surface(name=f4fea0c Toast)/@0x314bbd1 - animation-leash of window_animation#24046
06-11 07:08:38.051  2062  2062 I SurfaceFlinger: RequestedLayer [Surface(name=f4fea0c Toast)/@0x314bb[...]tion-leash of window_animation#24046] hidden!! flag  from(1) --> to(0)
06-11 07:08:38.051  2062  2062 E SurfaceFlinger: alpha changed 0.000 -> 0.000 - Surface(name=f4fea0c Toast)/@0x314bbd1 - animation-leash of window_animation#24046
06-11 07:08:38.051  2062  2062 I SurfaceFlinger: RequestedLayer [Toast$_4231#24045] hidden!! flag  from(1) --> to(0)
06-11 07:08:38.052  2062  2062 I SurfaceFlinger: [LayerHierarchy{RequestedLayerState{f4fea0c Toast#24044 parentId=24046} 1 children}] reparent to LayerHierarchy{RequestedLayerState{Surface(name=f4fea0c Toast)/@0x314bbd1 - animation-leash of window_animation#24046 parentId=24042} 1 children}
06-11 07:08:38.059  2745  2805 I DisplayDeviceRepository: Display device changed render timings: "기본으로 제공되는 화면", renderFrameRate=60.000004, presentationDeadlineNanos=17666666, appVsyncOffsetNanos=16666666, frameRateOverrides=[{uid=10038 frameRateHz=60.000004}, {uid=10144 frameRateHz=60.000004}, {uid=11444 frameRateHz=60.000004}]
06-11 07:08:38.061  4231  4231 D DisplayLifecycle: updateDisplay id = 0
06-11 07:08:38.061  4527 18500 I HoneySpace.Memory-Monitor: current state = 2, didTrim = false
06-11 07:08:38.061  4231  4330 D StackScroller: onDisplayChanged for predraw skip to 2
06-11 07:08:38.062  2745  4896 D WifiDisplayAdapter: isFitToActiveDisplayLocked : false
06-11 07:08:38.063  2745  2806 D SurfaceComposerClient: setCornerRadius ## 5ab3166 com.worksoc.goaicoach/com.worksoc.goaicoach.MainActivity#24025 cornerRadius=0.000000
06-11 07:08:38.068  2062  2062 E SurfaceFlinger: alpha changed 0.000 -> 0.067 - Surface(name=f4fea0c Toast)/@0x314bbd1 - animation-leash of window_animation#24046
06-11 07:08:38.076  2745  2803 I GestureDetector: handleMessage TAP
06-11 07:08:38.076  2062  2062 D SurfaceFlinger: Display 4630947232161729154 HWC layers:
06-11 07:08:38.076  2062  2062 D SurfaceFlinger:        DEVICE |           77721728188417 | 00002102 | RGBA_8888    |    0.0    0.0 1080.0 2316.0 |    0    0 1080 2316 | com.worksoc.goaicoach/com.worksoc.goaicoach.MainActivity$_18096#24026 (67)
06-11 07:08:38.076  2062  2062 D SurfaceFlinger:        DEVICE |           18172006688018 | 00002100 | RGBA_8888    |    0.0    0.0 1080.0   75.0 |    0    0 1080   75 | StatusBar$_4231#109 (39582)
06-11 07:08:38.076  2062  2062 D SurfaceFlinger:        DEVICE |           19443316953506 | 00002100 | RGBA_8888    |    0.0    0.0   67.0  434.0 | 1013  813 1080 1247 | com.sec.android.app.launcher/com.sam[...]l.app.CocktailBarService$_4527#23988 (1)
06-11 07:08:38.076  2062  2062 D SurfaceFlinger:        DEVICE |           18172006688057 | 00002100 | RGBA_8888    |    0.0    0.0  615.0  116.0 |  232 1906  847 2022 | Toast$_4231#24045 (1)
06-11 07:08:38.076  2062  2062 D SurfaceFlinger:        DEVICE |           18172006688006 | 00002100 | RGBA_8888    |    0.0    0.0 1080.0  126.0 |    0 2190 1080 2316 | NavigationBar0$_4231#107 (27866)
06-11 07:08:38.076  2062  2062 D SurfaceFlinger: 
06-11 07:08:38.077  2745  2745 I GestureDetector: handleMessage TAP
06-11 07:08:38.299  1938 15886 I sensors-hal: handle_sns_client_event:185, auto_rotation_debug_2 mode,255, type,1,0 acc,0.160,-0.146,9.949, ar,0, ver,14, pedo,1,e,1,i,3
06-11 07:08:38.388  2034  2073 E HeatmapThread: ECT Thread time in milliseconds: 1781129318
06-11 07:08:38.388  2034  2073 D HeatmapThread: !@ batteryplugType : 0
06-11 07:08:38.388  2034  2073 D HeatmapThread: !@ batteryLevel : 0  batteryTemperature : 0 
06-11 07:08:38.388  2034  2073 D HeatmapThread: !@ Heatmap currtime: 29685488
06-11 07:08:38.388  2034  2073 D HeatmapThread: !@ Heatmap prevtime: 29685471
06-11 07:08:38.388  2034  2073 D HeatmapThread: !@ Heatmap plugstarttime: 35791394
06-11 07:08:38.388  2034  2073 D HeatmapThread: !@ Heatmap prevv_dsoh_update_time: 29682402
06-11 07:08:38.389  2034  2073 E HeatmapThread: !@Could not open '/efs/FactoryApp/bsoh', errno = 13
06-11 07:08:38.389  2034  2073 E HeatmapThread: !@ CAM Could not access BSOH EFS
06-11 07:08:38.389  2034  2073 E HeatmapThread: !@ CAM New BSOH: 0
06-11 07:08:38.434  2745  3177 D ActivityManager: freezing 18715 com.skms.android.agent:remote
06-11 07:08:38.440  2745  3177 I UMR     : B|Compact com.skms.android.agent:remote(18715)
06-11 07:08:38.506  2745  3177 I UMR     : E|Compact d_rss=-3760KB
06-11 07:08:38.535  2745  2806 I WindowManager: Reparenting to original parent: Surface(name=WindowToken{8bb0e12 type=2005 android.os.Binder@b30b99d})/@0x5b3d636, destroy=true, surface=Surface(name=f4fea0c Toast)/@0x314bbd1
06-11 07:08:38.539  2745  2806 D SurfaceComposerClient: setCornerRadius ## 5ab3166 com.worksoc.goaicoach/com.worksoc.goaicoach.MainActivity#24025 cornerRadius=0.000000
06-11 07:08:38.557  2745  2806 D SurfaceComposerClient: setCornerRadius ## 5ab3166 com.worksoc.goaicoach/com.worksoc.goaicoach.MainActivity#24025 cornerRadius=0.000000
06-11 07:08:38.568  2062  2062 I SurfaceFlinger: [Display 0 name="기본으로 제공되는 화면"#49] setFrameRateCategory: Default
06-11 07:08:38.568  2062  2062 I SurfaceFlinger: [LayerHierarchy{RequestedLayerState{f4fea0c Toast#24044 parentId=24042} 1 children}] reparent to LayerHierarchy{RequestedLayerState{WindowToken{8bb0e12 type=2005 android.os.Binder@b30b99d}#24042 parentId=30} 2 children}
06-11 07:08:38.568  2062  2062 I SurfaceFlinger: [LayerHierarchy{RequestedLayerState{Surface(name=f4fea0c Toast)/@0x314bbd1 - animation-leash of window_animation#24046} no children}] reparent to OffscreenRoot
06-11 07:08:38.568  2062  2062 I SurfaceFlinger: [LayerHierarchy{RequestedLayerState{Surface(name=f4fea0c Toast)/@0x314bbd1 - animation-leash of window_animation#24046} no children}] RelativeParent to null
06-11 07:08:38.573  2062  2062 I SurfaceFlinger: id=24046 Removed Surface(name=f4fea0c Toast)/@0x314bbd1 - animation-leash of window_animation#24046 (341)
06-11 07:08:38.576  2745  2805 I DisplayDeviceRepository: Display device changed render timings: "기본으로 제공되는 화면", renderFrameRate=60.000004, presentationDeadlineNanos=17666666, appVsyncOffsetNanos=16666666, frameRateOverrides=[]
06-11 07:08:38.581  4527 18500 I HoneySpace.Memory-Monitor: current state = 2, didTrim = false
06-11 07:08:38.581  2745  2806 D SurfaceComposerClient: setCornerRadius ## 5ab3166 com.worksoc.goaicoach/com.worksoc.goaicoach.MainActivity#24025 cornerRadius=0.000000
06-11 07:08:38.582  4231  4231 D DisplayLifecycle: updateDisplay id = 0
06-11 07:08:38.582  4231  4330 D StackScroller: onDisplayChanged for predraw skip to 2
06-11 07:08:38.583  2745  4896 D WifiDisplayAdapter: isFitToActiveDisplayLocked : false
06-11 07:08:38.585  2062  2062 I SurfaceFlinger: destroyed Surface(name=f4fea0c Toast)/@0x314bbd1 - animation-leash of window_animation#24046 form LifecycleManager
06-11 07:08:38.585  2062  2062 I SurfaceFlinger: id=24046 onLayerDestroyed from LayerHierarchyBuilder(RequestedLayerState{Surface(name=f4fea0c Toast)/@0x314bbd1 - animation-leash of window_animation#24046 !handle})
06-11 07:08:38.589  2062  2062 I Layer   : id=24046 Destroyed Surface(name=f4fea0c Toast)/@0x314bbd1 - animation-leash of window_animation#24046
06-11 07:08:38.924  7599  7599 I SDHMS:LOAD: type: LoadsFreqs, value: 3:0:0:856703:2169600:806400:633600:633600:633600:279:285:220
06-11 07:08:39.114  4695  4695 I adbd    : adbd service requested 'shell,v2,TERM=dumb,raw:cmd clipboard get'
06-11 07:08:39.388  2034  2073 E HeatmapThread: ECT Thread time in milliseconds: 1781129319
06-11 07:08:39.388  2034  2073 D HeatmapThread: !@ batteryplugType : 0
06-11 07:08:39.388  2034  2073 D HeatmapThread: !@ batteryLevel : 0  batteryTemperature : 0 
06-11 07:08:39.388  2034  2073 D HeatmapThread: !@ Heatmap currtime: 29685488
06-11 07:08:39.388  2034  2073 D HeatmapThread: !@ Heatmap prevtime: 29685471
06-11 07:08:39.389  2034  2073 D HeatmapThread: !@ Heatmap plugstarttime: 35791394
06-11 07:08:39.389  2034  2073 D HeatmapThread: !@ Heatmap prevv_dsoh_update_time: 29682402
06-11 07:08:39.389  2034  2073 E HeatmapThread: !@Could not open '/efs/FactoryApp/bsoh', errno = 13
06-11 07:08:39.389  2034  2073 E HeatmapThread: !@ CAM Could not access BSOH EFS
06-11 07:08:39.389  2034  2073 E HeatmapThread: !@ CAM New BSOH: 0
06-11 07:08:39.449  2745  4736 I NSLocationMonitor: getGPSUsingApps() called
06-11 07:08:39.450  4710  4768 I NSLocationManager_FLP: getGPSUsingApps, No change
06-11 07:08:39.462  2745  4736 D FreecessHandler: freeze com.kakao.page(15010371) result : 2
06-11 07:08:39.655  1930  1930 I android.hardware.health@2.1-service-samsung: updateLrpSysfs: write: 340
06-11 07:08:39.676  2745  3500 I SemWifiServiceDetector: Service det. resumed: T / T / 15562
06-11 07:08:39.769  1930  1958 E BatteryDump: !@new_battery_dump : 3830,-240,100,100,55,343,340,360,343,0,341,463,0,Discharging,NO_CHARGING,None,Good,NONE,0,Normal,0,0,8700,0x40000000,0x10000,0x0,0,0,0000,0000,00000000,0,0,0,0,705,3847,5539,990,0,
06-11 07:08:39.771  1153  1153 D io_stats: !@   8,0 r 22737795 411761315 w 5873048 93086408 d 1577560 220347224 f 0 680956 iot 9221724 0 th 0 0 0 pt 0 inp 0 0 121173.306
06-11 07:08:39.951  1938 15888 I sensors-hal: handle_sns_std_sensor_event:311, [SSC_LIGHT] P: 80(80),m:7,c:250,b:72,c0:6000,l:80,f(r):100,u(bl):100,j:81
06-11 07:08:40.280  4231  4231 I WindowManager: WindowManagerGlobal#removeView, ty=2005, view=android.widget.LinearLayout{6f82464 V.E...... ........ 0,0-615,116}, caller=android.view.WindowManagerGlobal.removeView:654 android.view.WindowManagerImpl.removeViewImmediate:216 android.widget.ToastPresenter.hide:348 
06-11 07:08:40.286  4231  4231 I VRI[Toast]@c1626cd: dispatchDetachedFromWindow
06-11 07:08:40.292  2745  5241 D InputTransport: Input channel destroyed: 'f4fea0c', fd=893
06-11 07:08:40.293  2745  5241 V WindowManager: Remove Window{f4fea0c u0 Toast}: mSurfaceControl=Surface(name=Toast$_4231)/@0x86ad5c3 mAnimatingExit=false mRemoveOnExit=false mHasSurface=true surfaceShowing=true animating=false app-animation=false callers=com.android.server.wm.Session.remove:16 android.view.IWindowSession$Stub.onTransact:804 com.android.server.wm.Session.onTransact:1 android.os.Binder.execTransactInternal:1462 android.os.Binder.execTransact:1401 <bottom of call stack> 
06-11 07:08:40.296  2745  5241 I WindowManager: Reparenting to leash, surface=Surface(name=f4fea0c Toast)/@0x314bbd1, leashParent=Surface(name=WindowToken{8bb0e12 type=2005 android.os.Binder@b30b99d})/@0x5b3d636
06-11 07:08:40.297  2062  3259 I SurfaceFlinger: id=24047 createSurf, flag=24000, Surface(name=f4fea0c Toast)/@0x314bbd1 - animation-leash of window_animation#24047
06-11 07:08:40.302  2062  2062 I SurfaceFlinger: [Surface(name=f4fea0c Toast)/@0x314bbd1 - animation-leash of window_animation#24047] attach to parent LayerHierarchy{RequestedLayerState{WindowToken{8bb0e12 type=2005 android.os.Binder@b30b99d}#24042 parentId=30} 2 children}
06-11 07:08:40.302  2062  2266 I VSyncReactor: Current= 60, Period= 60, Distance= 0
06-11 07:08:40.303  2745  5241 D WindowManager: makeSurface duration=7 leash=Surface(name=Surface(name=f4fea0c Toast)/@0x314bbd1 - animation-leash of window_animation)/@0xfbf7ebe
06-11 07:08:40.306  2745  5241 D SurfaceComposerClient: setCornerRadius ## 5ab3166 com.worksoc.goaicoach/com.worksoc.goaicoach.MainActivity#24025 cornerRadius=0.000000
06-11 07:08:40.308  2745  5241 D SurfaceComposerClient: setCornerRadius ## 5ab3166 com.worksoc.goaicoach/com.worksoc.goaicoach.MainActivity#24025 cornerRadius=0.000000
06-11 07:08:40.310  4231  4231 D InputTransport: Input channel destroyed: 'f4fea0c', fd=431
06-11 07:08:40.310  2745  2806 D SurfaceComposerClient: setCornerRadius ## 5ab3166 com.worksoc.goaicoach/com.worksoc.goaicoach.MainActivity#24025 cornerRadius=0.000000
06-11 07:08:40.311  2745  5241 W NotificationService: Toast already killed. pkg=com.worksoc.goaicoach token=android.os.BinderProxy@21b0b1f
06-11 07:08:40.318  2062  2266 I VSyncReactor: Current= 60, Period= 60, Distance= 60
06-11 07:08:40.325  4231  4231 V ToastPresenter: yOffset = 168
06-11 07:08:40.326  4231  4231 V ToastPresenter: Text: 큵립보드 in android.widget.ToastPresenter@5df6e94
06-11 07:08:40.327  4231  4231 I WindowManager: WindowManagerGlobal#addView, ty=2005, view=android.widget.LinearLayout{e4b5d3d V.E...... ......I. 0,0-0,0}, caller=android.view.WindowManagerImpl.addView:158 android.widget.ToastPresenter.addToastView:424 android.widget.ToastPresenter.show:325 
06-11 07:08:40.327  4231  4231 D ViewRootImpl: desktopMode is false
06-11 07:08:40.327  4231  4231 I ViewRootImpl: dVRR is disabled
06-11 07:08:40.328  4231  4364 D NativeCustomFrequencyManager: [NativeCFMS] BpCustomFrequencyManager::BpCustomFrequencyManager()
06-11 07:08:40.333  2745  5241 D InputTransport: Input channel constructed: 'e70c8ca', fd=893
06-11 07:08:40.333  2745  5241 D InputTransport: Input channel constructed: 'e70c8ca', fd=1005
06-11 07:08:40.333  2745  5241 D InputTransport: Input channel constructed: 'e70c8ca', fd=1040
06-11 07:08:40.333  2745  5241 D InputTransport: Input channel destroyed: 'e70c8ca', fd=1005
06-11 07:08:40.335  2062  3259 I SurfaceFlinger: id=24048 createSurf, flag=84004, e70c8ca Toast#24048
06-11 07:08:40.336  2062  2062 I SurfaceFlinger: [Display 0 name="기본으로 제공되는 화면"#49] setFrameRateCategory: High
06-11 07:08:40.337  2062  2062 I SurfaceFlinger: [LayerHierarchy{RequestedLayerState{f4fea0c Toast#24044 parentId=24047} 1 children}] reparent to LayerHierarchy{RequestedLayerState{Surface(name=f4fea0c Toast)/@0x314bbd1 - animation-leash of window_animation#24047 parentId=24042} 1 children}
06-11 07:08:40.337  2062  2062 I SurfaceFlinger: [e70c8ca Toast#24048] attach to parent LayerHierarchy{RequestedLayerState{WindowToken{a6fafe0 type=2005 android.os.Binder@9daa9e3}#24043 parentId=30 z=1} 1 children}
06-11 07:08:40.337  2745  5241 D RestrictionPolicy: isScreenCaptureEnabled : ret=true userId=0
06-11 07:08:40.338  2745  5241 D InputTransport: Input channel destroyed: 'e70c8ca', fd=1040
06-11 07:08:40.340  4231  4231 D InputTransport: Input channel constructed: 'e70c8ca', fd=433
06-11 07:08:40.342  4231  4231 I InsetsController: onStateChanged: host=Toast, from=android.view.ViewRootImpl.onInsetsStateChanged:3026, state=InsetsState: {mDisplayFrame=Rect(0, 0 - 1080, 2316), mDisplayCutout=DisplayCutout{insets=Rect(0, 75 - 0, 0) waterfall=Insets{left=0, top=0, right=0, bottom=0} boundingRect={Bounds=[Rect(0, 0 - 0, 0), Rect(512, 0 - 568, 75), Rect(0, 0 - 0, 0), Rect(0, 0 - 0, 0)]} cutoutPathParserInfo={CutoutPathParserInfo{displayWidth=1080 displayHeight=2316 physicalDisplayWidth=1080 physicalDisplayHeight=2316 density={2.8125} cutoutSpec={M 0,0 H -10 V 26.66666666666667 H 10 V 0 H 0 Z @dp} rotation={0} scale={1.0} physicalPixelDisplaySizeRatio={1.0}}} sideOverrides={}}, mRoundedCorners=RoundedCorners{[RoundedCorner{position=TopLeft, radius=11, center=Point(11, 11)}, RoundedCorner{position=TopRight, radius=11, center=Point(1069, 11)}, RoundedCorner{position=BottomRight, radius=11, center=Point(1069, 2305)}, RoundedCorner{position=BottomLeft, radius=11, center=Point(11, 2305)}]}  mRoundedCornerFrame=Rect(0, 0 - 0, 0), mPrivacyIndicatorBounds=PrivacyIndicatorBounds {static bounds=Rect(964, 0 - 1080, 75) rotation=0}, mDisplayShape=DisplayShape{ spec=-311912193 displayWidth=1080 displayHeight=2316 physicalPixelDisplaySizeRatio=0.75 rotation=0 offsetX=0 offsetY=0 scale=1.0}, mSources= { InsetsSource: {da4d0000 mType=statusBars mFrame=[0,0][1080,75] mVisible=true mFlags= mSideHint=TOP mBoundingRects=null}, InsetsSource: {da4d0005 mType=mandatorySystemGestures mFrame=[0,0][1080,107] mVisible=true mFlags= mSideHint=TOP mBoundingRects=null}, InsetsSource: {da4d0006 mType=tappableElement mFrame=[0,0][1080,75] mVisible=true mFlags= mSideHint=TOP mBoundingRects=null}, InsetsSource: {3 mType=ime mFrame=[0,0][0,0] mVisible=false mFlags= mSideHint=NONE mBoundingRects=null}, InsetsSource: {27 mType=displayCutout mFrame=[0,0][1080,75] mVisible=true mFlags= mSideHint=TOP mBoundingRects=null}, InsetsSource: {10c70001 mType=navigationBars mFrame=[0,2190][1080,2316] mVisible=true mFlags= mSideHint=BOTTOM mBoundingRects=null}, InsetsSource: {10c70004 mType=systemGestures mFrame=[0,0][0,0] mVisible=true mFlags= mSideHint=NONE mBoundingRects=null}, InsetsSource: {10c70005 mType=mandatorySystemGestures mFrame=[0,2190][1080,2316] mVisible=true mFlags= mSideHint=BOTTOM mBoundingRects=null}, InsetsSource: {10c70006 mType=tappableElement mFrame=[0,2190][1080,2316] mVisible=true mFlags= mSideHint=BOTTOM mBoundingRects=null}, InsetsSource: {10c70024 mType=systemGestures mFrame=[0,0][0,0] mVisible=true mFlags= mSideHint=NONE mBoundingRects=null} }
06-11 07:08:40.342  4231  4231 I VRI[Toast]@6ad7932: synced displayState. AttachInfo displayState=2
06-11 07:08:40.342  4231  4231 I VRI[Toast]@6ad7932: setView = android.widget.LinearLayout@e4b5d3d IsHRR=false mFlingFrameRateChange=0 TM=true
06-11 07:08:40.345  2745  2805 I DisplayDeviceRepository: Display device changed render timings: "기본으로 제공되는 화면", renderFrameRate=60.000004, presentationDeadlineNanos=17666666, appVsyncOffsetNanos=16666666, frameRateOverrides=[{uid=10038 frameRateHz=60.000004}, {uid=10144 frameRateHz=60.000004}, {uid=11444 frameRateHz=60.000004}]
06-11 07:08:40.349  2745  2806 D SurfaceComposerClient: setCornerRadius ## 5ab3166 com.worksoc.goaicoach/com.worksoc.goaicoach.MainActivity#24025 cornerRadius=0.000000
06-11 07:08:40.350  4231  4330 D StackScroller: onDisplayChanged for predraw skip to 2
06-11 07:08:40.350  4527 18501 I HoneySpace.Memory-Monitor: current state = 2, didTrim = false
06-11 07:08:40.351  2745  4896 I WindowManager: Relayout Window{e70c8ca u0 Toast}: viewVisibility=0 req=501x116 ty=2005 d0
06-11 07:08:40.352  2745  5241 D WifiDisplayAdapter: isFitToActiveDisplayLocked : false
06-11 07:08:40.352  2062  3259 I SurfaceFlinger: id=24049 createSurf, flag=44004, Toast$_4231#24049
06-11 07:08:40.352  2062  2062 I SurfaceFlinger: RequestedLayer [e70c8ca Toast#24048] hidden!! flag  from(1) --> to(0)
06-11 07:08:40.353  2062  2062 I SurfaceFlinger: [Toast$_4231#24049] attach to parent LayerHierarchy{RequestedLayerState{e70c8ca Toast#24048 parentId=24043} 1 children}
06-11 07:08:40.355  2745  4896 D WindowManager: makeSurface duration=4 name=Toast$_4231
06-11 07:08:40.356  2745  4896 D SurfaceComposerClient: setCornerRadius ## 5ab3166 com.worksoc.goaicoach/com.worksoc.goaicoach.MainActivity#24025 cornerRadius=0.000000
06-11 07:08:40.357  2745  4896 D SurfaceComposerClient: setCornerRadius ## 5ab3166 com.worksoc.goaicoach/com.worksoc.goaicoach.MainActivity#24025 cornerRadius=0.000000
06-11 07:08:40.360  2745  4896 I WindowManager: Relayout hash=e70c8ca, pid=4231, syncId=-1: mAttrs={(0,168)(wrapxwrap) gr=BOTTOM CENTER sim={adjust=pan} ty=TOAST fmt=TRANSLUCENT wanim=0x1030004 receive insets ignoring z-order
06-11 07:08:40.360  2745  4896 I WindowManager:   fl=1000098
06-11 07:08:40.360  2745  4896 I WindowManager:   pfl=30000010
06-11 07:08:40.360  2745  4896 I WindowManager:   bhv=1
06-11 07:08:40.360  2745  4896 I WindowManager:   fitTypes=20f
06-11 07:08:40.360  2745  4896 I WindowManager:   fitIgnoreVis
06-11 07:08:40.360  2745  4896 I WindowManager:   frameRateBoostOnTouch=true
06-11 07:08:40.360  2745  4896 I WindowManager:   dvrrWindowFrameRateHint=true naviIconColor=0}
06-11 07:08:40.364  4231  4231 W libc    : Access denied finding property "vendor.display.enable_optimal_refresh_rate"
06-11 07:08:40.364  4231  4231 I BufferQueueProducer: [](id:10870000031d,api:0,p:-935748720,c:4231) setDequeueTimeout:2077252342
06-11 07:08:40.364  4231  4231 I BLASTBufferQueue_Java: new BLASTBufferQueue, mName= VRI[Toast]@6ad7932 mNativeObject= 0xb400007198f57b20 caller= android.view.ViewRootImpl.updateBlastSurfaceIfNeeded:3585 android.view.ViewRootImpl.relayoutWindow:11685 android.view.ViewRootImpl.performTraversals:4804 android.view.ViewRootImpl.doTraversal:3924 android.view.ViewRootImpl$TraversalRunnable.run:12903 android.view.Choreographer$CallbackRecord.run:1901 android.view.Choreographer$CallbackRecord.run:1910 android.view.Choreographer.doCallbacks:1367 android.view.Choreographer.doFrame:1292 android.view.Choreographer$FrameDisplayEventReceiver.run:1870 
06-11 07:08:40.365  4231  4231 I BLASTBufferQueue_Java: update, w= 501 h= 116 mName = VRI[Toast]@6ad7932 mNativeObject= 0xb400007198f57b20 sc.mNativeObject= 0xb400007158305890 format= -3 caller= android.view.ViewRootImpl.updateBlastSurfaceIfNeeded:3590 android.view.ViewRootImpl.relayoutWindow:11685 android.view.ViewRootImpl.performTraversals:4804 android.view.ViewRootImpl.doTraversal:3924 android.view.ViewRootImpl$TraversalRunnable.run:12903 android.view.Choreographer$CallbackRecord.run:1901 
06-11 07:08:40.365  4231  4231 W libc    : Access denied finding property "vendor.display.enable_optimal_refresh_rate"
06-11 07:08:40.366  4231  4231 I VRI[Toast]@6ad7932: Relayout returned: old=(0,75,1080,2190) new=(289,1906,790,2022) relayoutAsync=false req=(501,116)0 dur=14 res=0x3 s={true 0xb4000073588731a0} ch=true seqId=0
06-11 07:08:40.367  4231  4231 I VRI[Toast]@6ad7932: performConfigurationChange setNightDimText nightDimLevel=0
06-11 07:08:40.369  4231  4231 D VRI[Toast]@6ad7932: mThreadedRenderer.initialize() mSurface={isValid=true 0xb4000073588731a0} hwInitialized=true
06-11 07:08:40.370  4231  4231 D VRI[Toast]@6ad7932: reportNextDraw android.view.ViewRootImpl.performTraversals:5443 android.view.ViewRootImpl.doTraversal:3924 android.view.ViewRootImpl$TraversalRunnable.run:12903 android.view.Choreographer$CallbackRecord.run:1901 android.view.Choreographer$CallbackRecord.run:1910 
06-11 07:08:40.370  4231  4231 D VRI[Toast]@6ad7932: Setup new sync=wmsSync-VRI[Toast]@6ad7932#99
06-11 07:08:40.370  4231  4231 I VRI[Toast]@6ad7932: Creating new active sync group VRI[Toast]@6ad7932#0
06-11 07:08:40.371  4231  4231 D VRI[Toast]@6ad7932: registerCallbacksForSync syncBuffer=false
06-11 07:08:40.372  4231  4359 D VRI[Toast]@6ad7932: Received frameDrawingCallback syncResult=0 frameNum=1.
06-11 07:08:40.372  4231  4359 I VRI[Toast]@6ad7932: mWNT: t=0xb4000071885a2910 mBlastBufferQueue=0xb400007198f57b20 fn= 1 HdrRenderState mRenderHdrSdrRatio=1.0 caller= android.view.ViewRootImpl$12.onFrameDraw:15441 android.view.ThreadedRenderer$1.onFrameDraw:718 <bottom of call stack> 
06-11 07:08:40.372  4231  4359 I VRI[Toast]@6ad7932: Setting up sync and frameCommitCallback
06-11 07:08:40.375  4231  4364 I BLASTBufferQueue: [VRI[Toast]@6ad7932#797](f:0,a:0,s:0) onFrameAvailable the first frame is available
06-11 07:08:40.376  4231  4364 I SurfaceComposerClient: apply transaction with the first frame. layerId: 24049, bufferData(ID: 18172006688058, frameNumber: 1)
06-11 07:08:40.376  4231  4364 I VRI[Toast]@6ad7932: Received frameCommittedCallback lastAttemptedDrawFrameNum=1 didProduceBuffer=true
06-11 07:08:40.377  2062  3259 I SurfaceFlinger: [Toast$_4231#24049] setTransactionState with the first frame. bufferData(ID: 18172006688058, frameNumber: 1)
06-11 07:08:40.378  4231  4364 D HWUI    : CFMS:: SetUp Pid : 4231    Tid : 4364
06-11 07:08:40.378  4231  4231 D VRI[Toast]@6ad7932: reportDrawFinished seqId=0
06-11 07:08:40.379  4231  4364 D HWUI    : HWUI - treat SMPTE_170M as sRGB
06-11 07:08:40.379  2745  3760 D WindowManager: finishDrawingWindow: Window{e70c8ca u0 Toast} mDrawState=DRAW_PENDING seqId=0
06-11 07:08:40.379  4231  4231 D DisplayLifecycle: updateDisplay id = 0
06-11 07:08:40.380  2745  2806 D SurfaceComposerClient: setCornerRadius ## 5ab3166 com.worksoc.goaicoach/com.worksoc.goaicoach.MainActivity#24025 cornerRadius=0.000000
06-11 07:08:40.383  2745  2806 I WindowManager: Reparenting to leash, surface=Surface(name=e70c8ca Toast)/@0x3aa796, leashParent=Surface(name=WindowToken{a6fafe0 type=2005 android.os.Binder@9daa9e3})/@0xc0d3f17
06-11 07:08:40.383  2062  3259 I SurfaceFlinger: id=24050 createSurf, flag=24004, Surface(name=e70c8ca Toast)/@0x3aa796 - animation-leash of window_animation#24050
06-11 07:08:40.386  2062  2062 I SurfaceFlinger: [Surface(name=e70c8ca Toast)/@0x3aa796 - animation-leash of window_animation#24050] attach to parent LayerHierarchy{RequestedLayerState{WindowToken{a6fafe0 type=2005 android.os.Binder@9daa9e3}#24043 parentId=30 z=1} 2 children}
06-11 07:08:40.388  2034  2073 E HeatmapThread: ECT Thread time in milliseconds: 1781129320
06-11 07:08:40.388  2034  2073 D HeatmapThread: !@ batteryplugType : 0
06-11 07:08:40.388  2034  2073 D HeatmapThread: !@ batteryLevel : 0  batteryTemperature : 0 
06-11 07:08:40.388  2034  2073 D HeatmapThread: !@ Heatmap currtime: 29685488
06-11 07:08:40.388  2034  2073 D HeatmapThread: !@ Heatmap prevtime: 29685471
06-11 07:08:40.388  2745  2806 D WindowManager: makeSurface duration=5 leash=Surface(name=Surface(name=e70c8ca Toast)/@0x3aa796 - animation-leash of window_animation)/@0xda70f04
06-11 07:08:40.388  2034  2073 D HeatmapThread: !@ Heatmap plugstarttime: 35791394
06-11 07:08:40.388  2034  2073 D HeatmapThread: !@ Heatmap prevv_dsoh_update_time: 29682402
06-11 07:08:40.388  2034  2073 E HeatmapThread: !@Could not open '/efs/FactoryApp/bsoh', errno = 13
06-11 07:08:40.388  2034  2073 E HeatmapThread: !@ CAM Could not access BSOH EFS
06-11 07:08:40.388  2034  2073 E HeatmapThread: !@ CAM New BSOH: 0
06-11 07:08:40.389  2745  2806 V WindowManager: performShowLocked: mDrawState=HAS_DRAWN in Window{e70c8ca u0 Toast}
06-11 07:08:40.389  2745  2806 D SurfaceComposerClient: setCornerRadius ## 5ab3166 com.worksoc.goaicoach/com.worksoc.goaicoach.MainActivity#24025 cornerRadius=0.000000
06-11 07:08:40.419  2062  2062 E SurfaceFlinger: alpha changed 1.000 -> 0.000 - Surface(name=e70c8ca Toast)/@0x3aa796 - animation-leash of window_animation#24050
06-11 07:08:40.419  2062  2062 I SurfaceFlinger: RequestedLayer [Surface(name=e70c8ca Toast)/@0x3aa79[...]tion-leash of window_animation#24050] hidden!! flag  from(1) --> to(0)
