06-11 07:08:40.419  2062  2062 E SurfaceFlinger: alpha changed 0.000 -> 0.000 - Surface(name=e70c8ca Toast)/@0x3aa796 - animation-leash of window_animation#24050
06-11 07:08:40.419  2062  2062 I SurfaceFlinger: RequestedLayer [Toast$_4231#24049] hidden!! flag  from(1) --> to(0)
06-11 07:08:40.419  2062  2062 I SurfaceFlinger: [LayerHierarchy{RequestedLayerState{e70c8ca Toast#24048 parentId=24050} 1 children}] reparent to LayerHierarchy{RequestedLayerState{Surface(name=e70c8ca Toast)/@0x3aa796 - animation-leash of window_animation#24050 parentId=24043} 1 children}
06-11 07:08:40.436  2062  2062 E SurfaceFlinger: alpha changed 0.000 -> 0.067 - Surface(name=e70c8ca Toast)/@0x3aa796 - animation-leash of window_animation#24050
06-11 07:08:40.445  2062  2062 D SurfaceFlinger: Display 4630947232161729154 HWC layers:
06-11 07:08:40.445  2062  2062 D SurfaceFlinger:        DEVICE |           77721728188417 | 00002102 | RGBA_8888    |    0.0    0.0 1080.0 2316.0 |    0    0 1080 2316 | com.worksoc.goaicoach/com.worksoc.goaicoach.MainActivity$_18096#24026 (83)
06-11 07:08:40.445  2062  2062 D SurfaceFlinger:        DEVICE |           18172006688018 | 00002100 | RGBA_8888    |    0.0    0.0 1080.0   75.0 |    0    0 1080   75 | StatusBar$_4231#109 (39582)
06-11 07:08:40.445  2062  2062 D SurfaceFlinger:        DEVICE |           19443316953506 | 00002100 | RGBA_8888    |    0.0    0.0   67.0  434.0 | 1013  813 1080 1247 | com.sec.android.app.launcher/com.sam[...]l.app.CocktailBarService$_4527#23988 (1)
06-11 07:08:40.445  2062  2062 D SurfaceFlinger:        DEVICE |           18172006688057 | 00002100 | RGBA_8888    |    0.0    0.0  615.0  116.0 |  232 1906  847 2022 | Toast$_4231#24045 (1)
06-11 07:08:40.445  2062  2062 D SurfaceFlinger:        DEVICE |           18172006688058 | 00002100 | RGBA_8888    |    0.0    0.0  501.0  116.0 |  289 1906  790 2022 | Toast$_4231#24049 (1)
06-11 07:08:40.445  2062  2062 D SurfaceFlinger:        DEVICE |           18172006688006 | 00002100 | RGBA_8888    |    0.0    0.0 1080.0  126.0 |    0 2190 1080 2316 | NavigationBar0$_4231#107 (27
06-11 07:08:40.445  2062  2062 D SurfaceFlinger: 866)
06-11 07:08:40.445  2062  2062 D SurfaceFlinger: 
06-11 07:08:40.774  2745  2865 D PowerManagerService: UserActivityStateListenerState: 0
06-11 07:08:40.820  2745  2806 I WindowManager: Reparenting to original parent: Surface(name=WindowToken{8bb0e12 type=2005 android.os.Binder@b30b99d})/@0x5b3d636, destroy=true, surface=Surface(name=f4fea0c Toast)/@0x314bbd1
06-11 07:08:40.835  2062  2062 E SurfaceFlinger: alpha changed 0.063 -> 0.000 - Surface(name=f4fea0c Toast)/@0x314bbd1 - animation-leash of window_animation#24047
06-11 07:08:40.838  2745  2806 D SurfaceComposerClient: setCornerRadius ## 5ab3166 com.worksoc.goaicoach/com.worksoc.goaicoach.MainActivity#24025 cornerRadius=0.000000
06-11 07:08:40.841  2745  2806 D SurfaceComposerClient: setCornerRadius ## 5ab3166 com.worksoc.goaicoach/com.worksoc.goaicoach.MainActivity#24025 cornerRadius=0.000000
06-11 07:08:40.844  2062  2062 D SurfaceFlinger: Display 4630947232161729154 HWC layers:
06-11 07:08:40.844  2062  2062 D SurfaceFlinger:        DEVICE |           77721728188417 | 00002102 | RGBA_8888    |    0.0    0.0 1080.0 2316.0 |    0    0 1080 2316 | com.worksoc.goaicoach/com.worksoc.goaicoach.MainActivity$_18096#24026 (83)
06-11 07:08:40.844  2062  2062 D SurfaceFlinger:        DEVICE |           18172006688018 | 00002100 | RGBA_8888    |    0.0    0.0 1080.0   75.0 |    0    0 1080   75 | StatusBar$_4231#109 (39582)
06-11 07:08:40.844  2062  2062 D SurfaceFlinger:        DEVICE |           19443316953506 | 00002100 | RGBA_8888    |    0.0    0.0   67.0  434.0 | 1013  813 1080 1247 | com.sec.android.app.launcher/com.sam[...]l.app.CocktailBarService$_4527#23988 (1)
06-11 07:08:40.844  2062  2062 D SurfaceFlinger:        DEVICE |           18172006688058 | 00002100 | RGBA_8888    |    0.0    0.0  501.0  116.0 |  289 1906  790 2022 | Toast$_4231#24049 (1)
06-11 07:08:40.844  2062  2062 D SurfaceFlinger:        DEVICE |           18172006688006 | 00002100 | RGBA_8888    |    0.0    0.0 1080.0  126.0 |    0 2190 1080 2316 | NavigationBar0$_4231#107 (27866)
06-11 07:08:40.844  2062  2062 D SurfaceFlinger: 
06-11 07:08:40.852  2062  2062 I SurfaceFlinger: RequestedLayer [Toast$_4231#24045] hidden!! flag  from(0) --> to(1)
06-11 07:08:40.852  2062  2062 I SurfaceFlinger: [LayerHierarchy{RequestedLayerState{f4fea0c Toast#24044} 1 children}] reparent to OffscreenRoot
06-11 07:08:40.852  2062  2062 I SurfaceFlinger: [LayerHierarchy{RequestedLayerState{f4fea0c Toast#24044} 1 children}] RelativeParent to null
06-11 07:08:40.852  2062  2062 I SurfaceFlinger: [LayerHierarchy{RequestedLayerState{Toast$_4231#24045} no children}] reparent to OffscreenRoot
06-11 07:08:40.853  2062  2062 I SurfaceFlinger: [LayerHierarchy{RequestedLayerState{Toast$_4231#24045} no children}] RelativeParent to null
06-11 07:08:40.853  2062  2062 I SurfaceFlinger: [LayerHierarchy{RequestedLayerState{Surface(name=f4fea0c Toast)/@0x314bbd1 - animation-leash of window_animation#24047} no children}] reparent to OffscreenRoot
06-11 07:08:40.853  2062  2062 I SurfaceFlinger: [LayerHierarchy{RequestedLayerState{Surface(name=f4fea0c Toast)/@0x314bbd1 - animation-leash of window_animation#24047} no children}] RelativeParent to null
06-11 07:08:40.857  2062  2062 I SurfaceFlinger: id=24045 Removed Toast$_4231#24045 (344)
06-11 07:08:40.857  2062  2062 I SurfaceFlinger: id=24047 Removed Surface(name=f4fea0c Toast)/@0x314bbd1 - animation-leash of window_animation#24047 (344)
06-11 07:08:40.857  2062  2062 I SurfaceFlinger: id=24044 Removed f4fea0c Toast#24044 (344)
06-11 07:08:40.869  2062  2062 I SurfaceFlinger: destroyed f4fea0c Toast#24044 form LifecycleManager
06-11 07:08:40.869  2062  2062 I SurfaceFlinger: destroyed Toast$_4231#24045 form LifecycleManager
06-11 07:08:40.869  2062  2062 I SurfaceFlinger: destroyed Surface(name=f4fea0c Toast)/@0x314bbd1 - animation-leash of window_animation#24047 form LifecycleManager
06-11 07:08:40.869  2062  2062 I SurfaceFlinger: id=24044 onLayerDestroyed from LayerHierarchyBuilder(RequestedLayerState{f4fea0c Toast#24044 !handle})
06-11 07:08:40.869  2062  2062 I SurfaceFlinger: id=24045 onLayerDestroyed from LayerHierarchyBuilder(RequestedLayerState{Toast$_4231#24045 !handle})
06-11 07:08:40.869  2062  2062 I SurfaceFlinger: id=24047 onLayerDestroyed from LayerHierarchyBuilder(RequestedLayerState{Surface(name=f4fea0c Toast)/@0x314bbd1 - animation-leash of window_animation#24047 !handle})
06-11 07:08:40.872  2062  2062 I Layer   : id=24044 Destroyed f4fea0c Toast#24044
06-11 07:08:40.872  2062  2062 I Layer   : id=24045 Destroyed Toast$_4231#24045
06-11 07:08:40.873  2062  2062 I Layer   : id=24047 Destroyed Surface(name=f4fea0c Toast)/@0x314bbd1 - animation-leash of window_animation#24047
06-11 07:08:40.907  2745  2806 I WindowManager: Reparenting to original parent: Surface(name=WindowToken{a6fafe0 type=2005 android.os.Binder@9daa9e3})/@0xc0d3f17, destroy=true, surface=Surface(name=e70c8ca Toast)/@0x3aa796
06-11 07:08:40.912  2745  2806 D SurfaceComposerClient: setCornerRadius ## 5ab3166 com.worksoc.goaicoach/com.worksoc.goaicoach.MainActivity#24025 cornerRadius=0.000000
06-11 07:08:40.924  2745  2806 D SurfaceComposerClient: setCornerRadius ## 5ab3166 com.worksoc.goaicoach/com.worksoc.goaicoach.MainActivity#24025 cornerRadius=0.000000
06-11 07:08:40.936  2062  2062 I SurfaceFlinger: [Display 0 name="기본으로 제공되는 화면"#49] setFrameRateCategory: Default
06-11 07:08:40.936  2062  2062 I SurfaceFlinger: [LayerHierarchy{RequestedLayerState{Surface(name=e70c8ca Toast)/@0x3aa796 - animation-leash of window_animation#24050} 1 children}] reparent to OffscreenRoot
06-11 07:08:40.936  2062  2062 I SurfaceFlinger: [LayerHierarchy{RequestedLayerState{Surface(name=e70c8ca Toast)/@0x3aa796 - animation-leash of window_animation#24050} 1 children}] RelativeParent to null
06-11 07:08:40.936  2062  2062 I SurfaceFlinger: [LayerHierarchy{RequestedLayerState{e70c8ca Toast#24048 parentId=24043} 1 children}] reparent to LayerHierarchy{RequestedLayerState{WindowToken{a6fafe0 type=2005 android.os.Binder@9daa9e3}#24043 parentId=30 z=1} 1 children}
06-11 07:08:40.941  2062  2062 I SurfaceFlinger: id=24050 Removed Surface(name=e70c8ca Toast)/@0x3aa796 - animation-leash of window_animation#24050 (341)
06-11 07:08:40.943 18096 18096 I VRI[MainActivity]@758d426: call setFrameRateCategory for touch hint category=no preference, reason=boost timeout, vri=VRI[MainActivity]@758d426
06-11 07:08:40.944  2745  2805 I DisplayDeviceRepository: Display device changed render timings: "기본으로 제공되는 화면", renderFrameRate=60.000004, presentationDeadlineNanos=17666666, appVsyncOffsetNanos=16666666, frameRateOverrides=[]
06-11 07:08:40.950  4231  4231 D DisplayLifecycle: updateDisplay id = 0
06-11 07:08:40.951  4527 10036 I HoneySpace.Memory-Monitor: current state = 2, didTrim = false
06-11 07:08:40.952  2745  2806 D SurfaceComposerClient: setCornerRadius ## 5ab3166 com.worksoc.goaicoach/com.worksoc.goaicoach.MainActivity#24025 cornerRadius=0.000000
06-11 07:08:40.952  4231  4330 D StackScroller: onDisplayChanged for predraw skip to 2
06-11 07:08:40.952  2745  5241 D WifiDisplayAdapter: isFitToActiveDisplayLocked : false
06-11 07:08:40.952  2062  2062 I SurfaceFlinger: [com.worksoc.goaicoach/com.worksoc.goaicoach.MainActivity$_18096#24026] setFrameRateCategory: NoPreference
06-11 07:08:40.952  2062  2062 I SurfaceFlinger: destroyed Surface(name=e70c8ca Toast)/@0x3aa796 - animation-leash of window_animation#24050 form LifecycleManager
06-11 07:08:40.953  2062  2062 I SurfaceFlinger: id=24050 onLayerDestroyed from LayerHierarchyBuilder(RequestedLayerState{Surface(name=e70c8ca Toast)/@0x3aa796 - animation-leash of window_animation#24050 !handle})
06-11 07:08:40.958  2062  2062 I Layer   : id=24050 Destroyed Surface(name=e70c8ca Toast)/@0x3aa796 - animation-leash of window_animation#24050
06-11 07:08:40.989  2745  3405 D WifiStaIfaceHidlImpl: getCachedScanData is not implemented by HIDL
06-11 07:08:41.025  2745  5646 D SemWifiUsabilityStatsMonitor: onWifiUsabilityStats - seqNum 9833, isSameBssidAndFreq true
06-11 07:08:41.027  2745  3502 E SemWifiLinkQualityMonitor: Too old or invalid TMI: currentTime=1781129321027 lastDateWindow=1781129197000
06-11 07:08:41.030  2745  3502 I SemWifiLinkQualityMonitor: Link stat: 1179 / 82 / 1.06 (18) / 780 / -37.0 || 100.0 : 780.00 / 0.5 : 0.94 / 0.55 : 0.07 / G (G) || 4f731b0d5785: 0.088 / 91.284 / N || N N / 0 0 / N 2.0 / N X 0 / 121174560 0 || 2026-06-11 07:06:37  / 0: 0 0 0 0 0 0 / 0: 0 0 0 0 0 0 / 0: 0 0 0 0 0 0
06-11 07:08:41.144  3693  3796 D SatelliteController: isInCarrierRoamingNbIotNtn: satellite is disabled
06-11 07:08:41.390  2034  2073 E HeatmapThread: ECT Thread time in milliseconds: 1781129321
06-11 07:08:41.390  2034  2073 D HeatmapThread: !@ batteryplugType : 0
06-11 07:08:41.390  2034  2073 D HeatmapThread: !@ batteryLevel : 0  batteryTemperature : 0 
06-11 07:08:41.390  2034  2073 D HeatmapThread: !@ Heatmap currtime: 29685488
06-11 07:08:41.391  2034  2073 D HeatmapThread: !@ Heatmap prevtime: 29685471
06-11 07:08:41.391  2034  2073 D HeatmapThread: !@ Heatmap plugstarttime: 35791394
06-11 07:08:41.391  2034  2073 D HeatmapThread: !@ Heatmap prevv_dsoh_update_time: 29682402
06-11 07:08:41.391  2034  2073 E HeatmapThread: !@Could not open '/efs/FactoryApp/bsoh', errno = 13
06-11 07:08:41.391  2034  2073 E HeatmapThread: !@ CAM Could not access BSOH EFS
06-11 07:08:41.391  2034  2073 E HeatmapThread: !@ CAM New BSOH: 0
06-11 07:08:41.773  1153  1153 D io_stats: !@ Read_top(KB): roid.honeyboard(8779) 12296 loop49(4925) 1792 g.android.mcfds(7745) 1072
06-11 07:08:41.773  1153  1153 D io_stats: !@ Write_top(KB): f2fs_ckpt-254:5(4519) 76 id.diagmonagent(7576) 40 init(1) 28
06-11 07:08:41.973  2745  2805 W WindowManager: Unable to start animation, surface is null or no children.
06-11 07:08:41.975  2745  2805 D SurfaceComposerClient: setCornerRadius ## 5ab3166 com.worksoc.goaicoach/com.worksoc.goaicoach.MainActivity#24025 cornerRadius=0.000000
06-11 07:08:41.979  2745  2805 D SurfaceComposerClient: setCornerRadius ## 5ab3166 com.worksoc.goaicoach/com.worksoc.goaicoach.MainActivity#24025 cornerRadius=0.000000
06-11 07:08:41.986  2062  2266 I VSyncReactor: Current= 60, Period= 60, Distance= 1
06-11 07:08:42.003  2062  2266 I VSyncReactor: Current= 60, Period= 60, Distance= 60
06-11 07:08:42.250 15474 15474 I wpa_supplicant: Heartbeat 2390
06-11 07:08:42.388  2034  2073 E HeatmapThread: ECT Thread time in milliseconds: 1781129322
06-11 07:08:42.388  2034  2073 D HeatmapThread: !@ batteryplugType : 0
06-11 07:08:42.388  2034  2073 D HeatmapThread: !@ batteryLevel : 0  batteryTemperature : 0 
06-11 07:08:42.388  2034  2073 D HeatmapThread: !@ Heatmap currtime: 29685488
06-11 07:08:42.389  2034  2073 D HeatmapThread: !@ Heatmap prevtime: 29685471
06-11 07:08:42.389  2034  2073 D HeatmapThread: !@ Heatmap plugstarttime: 35791394
06-11 07:08:42.389  2034  2073 D HeatmapThread: !@ Heatmap prevv_dsoh_update_time: 29682402
06-11 07:08:42.389  2034  2073 E HeatmapThread: !@Could not open '/efs/FactoryApp/bsoh', errno = 13
06-11 07:08:42.389  2034  2073 E HeatmapThread: !@ CAM Could not access BSOH EFS
06-11 07:08:42.389  2034  2073 E HeatmapThread: !@ CAM New BSOH: 0
06-11 07:08:42.683  2745  3500 I SemWifiServiceDetector: Service det. suspended: T / T / 15562
06-11 07:08:42.831  1938 15888 I sensors-hal: handle_sns_std_sensor_event:311, [SSC_LIGHT] P: 89(89),m:7,c:250,b:72,c0:6016,l:81,f(r):100,u(bl):100,j:91
06-11 07:08:42.867  4231  4231 I WindowManager: WindowManagerGlobal#removeView, ty=2005, view=android.widget.LinearLayout{e4b5d3d V.E...... ........ 0,0-501,116}, caller=android.view.WindowManagerGlobal.removeView:654 android.view.WindowManagerImpl.removeViewImmediate:216 android.widget.ToastPresenter.hide:348 
06-11 07:08:42.875  4231  4231 I VRI[Toast]@6ad7932: dispatchDetachedFromWindow
06-11 07:08:42.878  2745  4896 D InputTransport: Input channel destroyed: 'e70c8ca', fd=893
06-11 07:08:42.879  2745  4896 V WindowManager: Remove Window{e70c8ca u0 Toast}: mSurfaceControl=Surface(name=Toast$_4231)/@0xd9f282b mAnimatingExit=false mRemoveOnExit=false mHasSurface=true surfaceShowing=true animating=false app-animation=false callers=com.android.server.wm.Session.remove:16 android.view.IWindowSession$Stub.onTransact:804 com.android.server.wm.Session.onTransact:1 android.os.Binder.execTransactInternal:1462 android.os.Binder.execTransact:1401 <bottom of call stack> 
06-11 07:08:42.880  2745  4896 I WindowManager: Reparenting to leash, surface=Surface(name=e70c8ca Toast)/@0x3aa796, leashParent=Surface(name=WindowToken{a6fafe0 type=2005 android.os.Binder@9daa9e3})/@0xc0d3f17
06-11 07:08:42.882  2062  2192 I SurfaceFlinger: id=24051 createSurf, flag=24000, Surface(name=e70c8ca Toast)/@0x3aa796 - animation-leash of window_animation#24051
06-11 07:08:42.887  2062  2266 I VSyncReactor: Current= 60, Period= 60, Distance= 1
06-11 07:08:42.888  2745  4896 D WindowManager: makeSurface duration=8 leash=Surface(name=Surface(name=e70c8ca Toast)/@0x3aa796 - animation-leash of window_animation)/@0x7436488
06-11 07:08:42.889  2062  2062 I SurfaceFlinger: [Surface(name=e70c8ca Toast)/@0x3aa796 - animation-leash of window_animation#24051] attach to parent LayerHierarchy{RequestedLayerState{WindowToken{a6fafe0 type=2005 android.os.Binder@9daa9e3}#24043 parentId=30 z=1} 2 children}
06-11 07:08:42.891  2745  4896 D SurfaceComposerClient: setCornerRadius ## 5ab3166 com.worksoc.goaicoach/com.worksoc.goaicoach.MainActivity#24025 cornerRadius=0.000000
06-11 07:08:42.894  2745  4896 D SurfaceComposerClient: setCornerRadius ## 5ab3166 com.worksoc.goaicoach/com.worksoc.goaicoach.MainActivity#24025 cornerRadius=0.000000
06-11 07:08:42.896  4231  4231 D InputTransport: Input channel destroyed: 'e70c8ca', fd=433
06-11 07:08:42.897  2745  2806 D SurfaceComposerClient: setCornerRadius ## 5ab3166 com.worksoc.goaicoach/com.worksoc.goaicoach.MainActivity#24025 cornerRadius=0.000000
06-11 07:08:42.898  2745  4896 W NotificationService: Toast already killed. pkg=com.android.systemui token=android.os.BinderProxy@9836e21
06-11 07:08:42.904  2062  2266 I VSyncReactor: Current= 60, Period= 60, Distance= 60
06-11 07:08:42.921  2062  2062 I SurfaceFlinger: [Display 0 name="기본으로 제공되는 화면"#49] setFrameRateCategory: High
06-11 07:08:42.922  2062  2062 I SurfaceFlinger: [LayerHierarchy{RequestedLayerState{e70c8ca Toast#24048 parentId=24051} 1 children}] reparent to LayerHierarchy{RequestedLayerState{Surface(name=e70c8ca Toast)/@0x3aa796 - animation-leash of window_animation#24051 parentId=24043} 1 children}
06-11 07:08:42.932  2745  2805 I DisplayDeviceRepository: Display device changed render timings: "기본으로 제공되는 화면", renderFrameRate=60.000004, presentationDeadlineNanos=17666666, appVsyncOffsetNanos=16666666, frameRateOverrides=[{uid=10038 frameRateHz=60.000004}, {uid=10144 frameRateHz=60.000004}, {uid=11444 frameRateHz=60.000004}]
06-11 07:08:42.938  4527 18501 I HoneySpace.Memory-Monitor: current state = 2, didTrim = false
06-11 07:08:42.942  4231  4231 D DisplayLifecycle: updateDisplay id = 0
06-11 07:08:42.942  2745  4896 D WifiDisplayAdapter: isFitToActiveDisplayLocked : false
06-11 07:08:42.943  4231  4330 D StackScroller: onDisplayChanged for predraw skip to 2
06-11 07:08:42.943  2745  2806 D SurfaceComposerClient: setCornerRadius ## 5ab3166 com.worksoc.goaicoach/com.worksoc.goaicoach.MainActivity#24025 cornerRadius=0.000000
06-11 07:08:43.388  2034  2073 E HeatmapThread: ECT Thread time in milliseconds: 1781129323
06-11 07:08:43.388  2034  2073 D HeatmapThread: !@ batteryplugType : 0
06-11 07:08:43.388  2034  2073 D HeatmapThread: !@ batteryLevel : 0  batteryTemperature : 0 
06-11 07:08:43.388  2034  2073 D HeatmapThread: !@ Heatmap currtime: 29685488
06-11 07:08:43.388  2034  2073 D HeatmapThread: !@ Heatmap prevtime: 29685471
06-11 07:08:43.388  2034  2073 D HeatmapThread: !@ Heatmap plugstarttime: 35791394
06-11 07:08:43.388  2034  2073 D HeatmapThread: !@ Heatmap prevv_dsoh_update_time: 29682402
06-11 07:08:43.389  2034  2073 E HeatmapThread: !@Could not open '/efs/FactoryApp/bsoh', errno = 13
06-11 07:08:43.389  2034  2073 E HeatmapThread: !@ CAM Could not access BSOH EFS
06-11 07:08:43.389  2034  2073 E HeatmapThread: !@ CAM New BSOH: 0
06-11 07:08:43.405  2745  2806 I WindowManager: Reparenting to original parent: Surface(name=WindowToken{a6fafe0 type=2005 android.os.Binder@9daa9e3})/@0xc0d3f17, destroy=true, surface=Surface(name=e70c8ca Toast)/@0x3aa796
06-11 07:08:43.421  2062  2062 E SurfaceFlinger: alpha changed 0.063 -> 0.000 - Surface(name=e70c8ca Toast)/@0x3aa796 - animation-leash of window_animation#24051
06-11 07:08:43.424  2745  2806 D SurfaceComposerClient: setCornerRadius ## 5ab3166 com.worksoc.goaicoach/com.worksoc.goaicoach.MainActivity#24025 cornerRadius=0.000000
06-11 07:08:43.427  2745  2806 D SurfaceComposerClient: setCornerRadius ## 5ab3166 com.worksoc.goaicoach/com.worksoc.goaicoach.MainActivity#24025 cornerRadius=0.000000
06-11 07:08:43.427  2745  2806 D PowerManagerService: [api] release WakeLock SCREEN_BRIGHT_WAKE_LOCK           'WindowManager/displayId:0' ON_AFTER_RELEASE ACQ=-5s397ms (uid=1000 pid=2745 ws=WorkSource{10038 com.android.systemui} displayId=0 lock=8448f12)
06-11 07:08:43.427  2745  2806 D EdgeLightingManager: hideForWakeLock is no more used
06-11 07:08:43.428  2745  2806 D PowerManagerService: [api] applyWakeLockFlagsOnReleaseLocked : userActivityNoUpdateLocked is called : SCREEN_BRIGHT_WAKE_LOCK           'WindowManager/displayId:0' ON_AFTER_RELEASE DISABLED (uid=1000 pid=2745 ws=WorkSource{10038 com.android.systemui} displayId=0 lock=8448f12)
06-11 07:08:43.430  2062  2062 D SurfaceFlinger: Display 4630947232161729154 HWC layers:
06-11 07:08:43.430  2062  2062 D SurfaceFlinger:        DEVICE |           77721728188417 | 00002102 | RGBA_8888    |    0.0    0.0 1080.0 2316.0 |    0    0 1080 2316 | com.worksoc.goaicoach/com.worksoc.goaicoach.MainActivity$_18096#24026 (83)
06-11 07:08:43.430  2062  2062 D SurfaceFlinger:        DEVICE |           18172006688018 | 00002100 | RGBA_8888    |    0.0    0.0 1080.0   75.0 |    0    0 1080   75 | StatusBar$_4231#109 (39582)
06-11 07:08:43.430  2062  2062 D SurfaceFlinger:        DEVICE |           19443316953506 | 00002100 | RGBA_8888    |    0.0    0.0   67.0  434.0 | 1013  813 1080 1247 | com.sec.android.app.launcher/com.sam[...]l.app.CocktailBarService$_4527#23988 (1)
06-11 07:08:43.430  2062  2062 D SurfaceFlinger:        DEVICE |           18172006688006 | 00002100 | RGBA_8888    |    0.0    0.0 1080.0  126.0 |    0 2190 1080 2316 | NavigationBar0$_4231#107 (27866)
06-11 07:08:43.430  2062  2062 D SurfaceFlinger: 
06-11 07:08:43.437  2745  2806 D SurfaceComposerClient: setCornerRadius ## 5ab3166 com.worksoc.goaicoach/com.worksoc.goaicoach.MainActivity#24025 cornerRadius=0.000000
06-11 07:08:43.438  2062  2062 I SurfaceFlinger: [Display 0 name="기본으로 제공되는 화면"#49] setFrameRateCategory: Default
06-11 07:08:43.438  2062  2062 I SurfaceFlinger: RequestedLayer [Toast$_4231#24049] hidden!! flag  from(0) --> to(1)
06-11 07:08:43.438  2062  2062 I SurfaceFlinger: [LayerHierarchy{RequestedLayerState{e70c8ca Toast#24048} 1 children}] reparent to OffscreenRoot
06-11 07:08:43.438  2062  2062 I SurfaceFlinger: [LayerHierarchy{RequestedLayerState{e70c8ca Toast#24048} 1 children}] RelativeParent to null
06-11 07:08:43.438  2062  2062 I SurfaceFlinger: [LayerHierarchy{RequestedLayerState{Toast$_4231#24049} no children}] reparent to OffscreenRoot
06-11 07:08:43.438  2062  2062 I SurfaceFlinger: [LayerHierarchy{RequestedLayerState{Toast$_4231#24049} no children}] RelativeParent to null
06-11 07:08:43.438  2062  2062 I SurfaceFlinger: [LayerHierarchy{RequestedLayerState{Surface(name=e70c8ca Toast)/@0x3aa796 - animation-leash of window_animation#24051} no children}] reparent to OffscreenRoot
06-11 07:08:43.438  2062  2062 I SurfaceFlinger: [LayerHierarchy{RequestedLayerState{Surface(name=e70c8ca Toast)/@0x3aa796 - animation-leash of window_animation#24051} no children}] RelativeParent to null
06-11 07:08:43.443  2062  2062 I SurfaceFlinger: id=24049 Removed Toast$_4231#24049 (341)
06-11 07:08:43.443  2062  2062 I SurfaceFlinger: id=24051 Removed Surface(name=e70c8ca Toast)/@0x3aa796 - animation-leash of window_animation#24051 (341)
06-11 07:08:43.443  2062  2062 I SurfaceFlinger: id=24048 Removed e70c8ca Toast#24048 (341)
06-11 07:08:43.446  2745  2805 I DisplayDeviceRepository: Display device changed render timings: "기본으로 제공되는 화면", renderFrameRate=60.000004, presentationDeadlineNanos=17666666, appVsyncOffsetNanos=16666666, frameRateOverrides=[]
06-11 07:08:43.448  2745  2806 D SurfaceComposerClient: setCornerRadius ## 5ab3166 com.worksoc.goaicoach/com.worksoc.goaicoach.MainActivity#24025 cornerRadius=0.000000
06-11 07:08:43.449  4231  4231 D DisplayLifecycle: updateDisplay id = 0
06-11 07:08:43.450  4527 18500 I HoneySpace.Memory-Monitor: current state = 2, didTrim = false
06-11 07:08:43.452  4231  4330 D StackScroller: onDisplayChanged for predraw skip to 2
06-11 07:08:43.452  2745  3843 D WifiDisplayAdapter: isFitToActiveDisplayLocked : false
06-11 07:08:43.454  2062  2062 I SurfaceFlinger: destroyed e70c8ca Toast#24048 form LifecycleManager
06-11 07:08:43.455  2062  2062 I SurfaceFlinger: destroyed Surface(name=e70c8ca Toast)/@0x3aa796 - animation-leash of window_animation#24051 form LifecycleManager
06-11 07:08:43.455  2062  2062 I SurfaceFlinger: destroyed Toast$_4231#24049 form LifecycleManager
06-11 07:08:43.455  2062  2062 I SurfaceFlinger: id=24048 onLayerDestroyed from LayerHierarchyBuilder(RequestedLayerState{e70c8ca Toast#24048 !handle})
06-11 07:08:43.455  2062  2062 I SurfaceFlinger: id=24051 onLayerDestroyed from LayerHierarchyBuilder(RequestedLayerState{Surface(name=e70c8ca Toast)/@0x3aa796 - animation-leash of window_animation#24051 !handle})
06-11 07:08:43.455  2062  2062 I SurfaceFlinger: id=24049 onLayerDestroyed from LayerHierarchyBuilder(RequestedLayerState{Toast$_4231#24049 !handle})
06-11 07:08:43.459  2062  2062 I Layer   : id=24048 Destroyed e70c8ca Toast#24048
06-11 07:08:43.459  2062  2062 I Layer   : id=24051 Destroyed Surface(name=e70c8ca Toast)/@0x3aa796 - animation-leash of window_animation#24051
06-11 07:08:43.459  2062  2062 I Layer   : id=24049 Destroyed Toast$_4231#24049
06-11 07:08:43.916  2745  2814 I ActivityManager: Changes in 10192 5 to 7, 144 to 128
06-11 07:08:43.918  2745  2814 I ActivityManager: Changes in 10081 5 to 6, 144 to 128
06-11 07:08:43.920  2327  2564 I CameraService: onUidStateChanged: uid=10192, procState is changed. (5 -> 7)
06-11 07:08:44.087  2745  3405 D WifiStaIfaceHidlImpl: getCachedScanData is not implemented by HIDL
06-11 07:08:44.122  2745  5646 D SemWifiUsabilityStatsMonitor: onWifiUsabilityStats - seqNum 9834, isSameBssidAndFreq true
06-11 07:08:44.125  2745  3502 E SemWifiLinkQualityMonitor: Too old or invalid TMI: currentTime=1781129324125 lastDateWindow=1781129197000
06-11 07:08:44.338  2745  2805 W WindowManager: Unable to start animation, surface is null or no children.
06-11 07:08:44.339  2745  2805 D SurfaceComposerClient: setCornerRadius ## 5ab3166 com.worksoc.goaicoach/com.worksoc.goaicoach.MainActivity#24025 cornerRadius=0.000000
06-11 07:08:44.343  2745  2805 D SurfaceComposerClient: setCornerRadius ## 5ab3166 com.worksoc.goaicoach/com.worksoc.goaicoach.MainActivity#24025 cornerRadius=0.000000
06-11 07:08:44.357  2062  2266 I VSyncReactor: Current= 60, Period= 60, Distance= 1
06-11 07:08:44.373  2062  2266 I VSyncReactor: Current= 60, Period= 60, Distance= 60
06-11 07:08:44.389  2034  2073 E HeatmapThread: ECT Thread time in milliseconds: 1781129324
06-11 07:08:44.390  2034  2073 D HeatmapThread: !@ batteryplugType : 0
06-11 07:08:44.390  2034  2073 D HeatmapThread: !@ batteryLevel : 0  batteryTemperature : 0 
06-11 07:08:44.390  2034  2073 D HeatmapThread: !@ Heatmap currtime: 29685488
06-11 07:08:44.390  2034  2073 D HeatmapThread: !@ Heatmap prevtime: 29685471
06-11 07:08:44.390  2034  2073 D HeatmapThread: !@ Heatmap plugstarttime: 35791394
06-11 07:08:44.390  2034  2073 D HeatmapThread: !@ Heatmap prevv_dsoh_update_time: 29682402
06-11 07:08:44.390  2034  2073 E HeatmapThread: !@Could not open '/efs/FactoryApp/bsoh', errno = 13
06-11 07:08:44.391  2034  2073 E HeatmapThread: !@ CAM Could not access BSOH EFS
06-11 07:08:44.391  2034  2073 E HeatmapThread: !@ CAM New BSOH: 0
06-11 07:08:44.498  2745  3534 D WifiConnectivityMonitor.NetworkStatsAnalyzer: Backhaul result - RSSI:-37, CE:26, PE:26, TI:34, PTI:34, TW:1, PTW:1, Tx:28, Rx:31, TxS:28, RxS:31, RESULT:true, IC:0, ICT:5, WC:0, WCT:5, R:0, RC:0, IE:0, EC:0
06-11 07:08:44.926 17439 17464 I elpq    : (REDACTED) HDM. appOpsListener %s %s
06-11 07:08:44.927 17439 17464 I elpq    : (REDACTED) HDM. Ignoring irrelevant audio permission changes for package %s
06-11 07:08:45.388  2034  2073 E HeatmapThread: ECT Thread time in milliseconds: 1781129325
06-11 07:08:45.388  2034  2073 D HeatmapThread: !@ batteryplugType : 0
06-11 07:08:45.388  2034  2073 D HeatmapThread: !@ batteryLevel : 0  batteryTemperature : 0 
06-11 07:08:45.388  2034  2073 D HeatmapThread: !@ Heatmap currtime: 29685488
06-11 07:08:45.389  2034  2073 D HeatmapThread: !@ Heatmap prevtime: 29685471
06-11 07:08:45.389  2034  2073 D HeatmapThread: !@ Heatmap plugstarttime: 35791394
06-11 07:08:45.389  2034  2073 D HeatmapThread: !@ Heatmap prevv_dsoh_update_time: 29682402
06-11 07:08:45.389  2034  2073 E HeatmapThread: !@Could not open '/efs/FactoryApp/bsoh', errno = 13
06-11 07:08:45.389  2034  2073 E HeatmapThread: !@ CAM Could not access BSOH EFS
06-11 07:08:45.389  2034  2073 E HeatmapThread: !@ CAM New BSOH: 0
06-11 07:08:45.471  2745  4736 I NSLocationMonitor: getGPSUsingApps() called
06-11 07:08:45.472  4710  4768 I NSLocationManager_FLP: getGPSUsingApps, No change
06-11 07:08:45.491  2745  4736 D FreecessHandler: freeze com.kakao.page(15010371) result : 2
06-11 07:08:45.778  1153  1153 D io_stats: !@   8,0 r 22737795 411761315 w 5873053 93086456 d 1577560 220347224 f 0 680956 iot 9221732 0 th 0 0 0 pt 0 inp 0 0 121179.313
06-11 07:08:45.779  1153  1153 D io_stats: !@ Write_top(KB): kworker/u16:5(31446) 48
06-11 07:08:46.031  1938 15888 I sensors-hal: handle_sns_std_sensor_event:311, [SSC_LIGHT] P: 82(82),m:7,c:248,b:72,c0:6000,l:81,f(r):100,u(bl):100,j:80
06-11 07:08:46.391  2034  2073 E HeatmapThread: ECT Thread time in milliseconds: 1781129326
06-11 07:08:46.391  2034  2073 D HeatmapThread: !@ batteryplugType : 0
06-11 07:08:46.392  2034  2073 D HeatmapThread: !@ batteryLevel : 0  batteryTemperature : 0 
06-11 07:08:46.392  2034  2073 D HeatmapThread: !@ Heatmap currtime: 29685488
06-11 07:08:46.392  2034  2073 D HeatmapThread: !@ Heatmap prevtime: 29685471
06-11 07:08:46.392  2034  2073 D HeatmapThread: !@ Heatmap plugstarttime: 35791394
06-11 07:08:46.392  2034  2073 D HeatmapThread: !@ Heatmap prevv_dsoh_update_time: 29682402
06-11 07:08:46.392  2034  2073 E HeatmapThread: !@Could not open '/efs/FactoryApp/bsoh', errno = 13
06-11 07:08:46.393  2034  2073 E HeatmapThread: !@ CAM Could not access BSOH EFS
06-11 07:08:46.393  2034  2073 E HeatmapThread: !@ CAM New BSOH: 0
06-11 07:08:46.756 16149 17628 I NearbyMediums: No BLE Fast/GATT advertisements found in the latest cycle.
06-11 07:08:46.756 16149 17628 I NearbyMediums: Current Tracked Scanning Clients are : {NearbyConnections.EnvironmentMonitor, NearbyConnections.TxAdvertisement}
06-11 07:08:47.196  2745  3405 D WifiStaIfaceHidlImpl: getCachedScanData is not implemented by HIDL
06-11 07:08:47.239  2745  5646 D SemWifiUsabilityStatsMonitor: onWifiUsabilityStats - seqNum 9835, isSameBssidAndFreq true
06-11 07:08:47.241  2745  3502 E SemWifiLinkQualityMonitor: Too old or invalid TMI: currentTime=1781129327241 lastDateWindow=1781129197000
06-11 07:08:47.389  2034  2073 E HeatmapThread: ECT Thread time in milliseconds: 1781129327
06-11 07:08:47.389  2034  2073 D HeatmapThread: !@ batteryplugType : 0
06-11 07:08:47.390  2034  2073 D HeatmapThread: !@ batteryLevel : 0  batteryTemperature : 0 
06-11 07:08:47.390  2034  2073 D HeatmapThread: !@ Heatmap currtime: 29685488
06-11 07:08:47.390  2034  2073 D HeatmapThread: !@ Heatmap prevtime: 29685471
06-11 07:08:47.390  2034  2073 D HeatmapThread: !@ Heatmap plugstarttime: 35791394
06-11 07:08:47.390  2034  2073 D HeatmapThread: !@ Heatmap prevv_dsoh_update_time: 29682402
06-11 07:08:47.390  2034  2073 E HeatmapThread: !@Could not open '/efs/FactoryApp/bsoh', errno = 13
06-11 07:08:47.390  2034  2073 E HeatmapThread: !@ CAM Could not access BSOH EFS
06-11 07:08:47.390  2034  2073 E HeatmapThread: !@ CAM New BSOH: 0
06-11 07:08:47.959  2745  3843 D PowerManagerService: [api] acquire WakeLock DRAW_WAKE_LOCK                    'SysUI:BroadcastSender' (uid=10038 pid=4231 displayId=0 lock=2e814f7)
06-11 07:08:47.963  2745  3843 E ActivityManager: Sending non-protected broadcast com.samsung.systemui.clipboard.UPDATE_CONNECTION_STATE from system 4231:com.android.systemui/u0a38 pkg com.android.systemui
06-11 07:08:47.963  2745  3843 E ActivityManager: java.lang.Throwable
06-11 07:08:47.963  2745  3843 E ActivityManager: 	at com.android.server.am.BroadcastController.checkBroadcastFromSystem(qb/109668159 6a21825bf1cf33576f47f064818bfb06cae073423a3c8afee893a28fe1ec42b2:252)
06-11 07:08:47.963  2745  3843 E ActivityManager: 	at com.android.server.am.BroadcastController.broadcastIntentLockedTraced(qb/109668159 6a21825bf1cf33576f47f064818bfb06cae073423a3c8afee893a28fe1ec42b2:344)
06-11 07:08:47.963  2745  3843 E ActivityManager: 	at com.android.server.am.BroadcastController.broadcastIntentLocked(qb/109668159 6a21825bf1cf33576f47f064818bfb06cae073423a3c8afee893a28fe1ec42b2:18)
06-11 07:08:47.963  2745  3843 E ActivityManager: 	at com.android.server.am.ActivityManagerService.broadcastIntentWithFeature(qb/109668159 6a21825bf1cf33576f47f064818bfb06cae073423a3c8afee893a28fe1ec42b2:149)
06-11 07:08:47.963  2745  3843 E ActivityManager: 	at android.app.IActivityManager$Stub.onTransact$broadcastIntentWithFeature$(IActivityManager.java:12412)
06-11 07:08:47.963  2745  3843 E ActivityManager: 	at android.app.IActivityManager$Stub.onTransact(IActivityManager.java:3205)
06-11 07:08:47.963  2745  3843 E ActivityManager: 	at com.android.server.am.ActivityManagerService.onTransact(qb/109668159 6a21825bf1cf33576f47f064818bfb06cae073423a3c8afee893a28fe1ec42b2:425)
06-11 07:08:47.963  2745  3843 E ActivityManager: 	at android.os.Binder.execTransactInternal(Binder.java:1462)
06-11 07:08:47.963  2745  3843 E ActivityManager: 	at android.os.Binder.execTransact(Binder.java:1401)
06-11 07:08:47.966  2745  4896 D PowerManagerService: [api] release WakeLock DRAW_WAKE_LOCK                    'SysUI:BroadcastSender' ACQ=-6ms (uid=10038 pid=4231 displayId=0 lock=2e814f7)
06-11 07:08:48.022  1938 15886 I sensors-hal: handle_sns_client_event:185, auto_rotation_debug_2 mode,255, type,1,0 acc,0.148,-0.144,9.954, ar,0, ver,14, pedo,1,e,1,i,3
06-11 07:08:48.389  2034  2073 E HeatmapThread: ECT Thread time in milliseconds: 1781129328
06-11 07:08:48.389  2034  2073 D HeatmapThread: !@ batteryplugType : 0
06-11 07:08:48.390  2034  2073 D HeatmapThread: !@ batteryLevel : 0  batteryTemperature : 0 
06-11 07:08:48.390  2034  2073 D HeatmapThread: !@ Heatmap currtime: 29685488
06-11 07:08:48.390  2034  2073 D HeatmapThread: !@ Heatmap prevtime: 29685471
06-11 07:08:48.390  2034  2073 D HeatmapThread: !@ Heatmap plugstarttime: 35791394
06-11 07:08:48.390  2034  2073 D HeatmapThread: !@ Heatmap prevv_dsoh_update_time: 29682402
06-11 07:08:48.390  2034  2073 E HeatmapThread: !@Could not open '/efs/FactoryApp/bsoh', errno = 13
06-11 07:08:48.391  2034  2073 E HeatmapThread: !@ CAM Could not access BSOH EFS
06-11 07:08:48.391  2034  2073 E HeatmapThread: !@ CAM New BSOH: 0
06-11 07:08:48.521  2745 18756 D WifiConnectivityMonitor.DnsThread:  [|216] []
06-11 07:08:48.523  2745  3534 D WifiConnectivityMonitor.NetworkStatsAnalyzer: DNS resultType : 0, responseTime : 216
06-11 07:08:48.524  2745  3528 D OpenNetworkQos[4.00]: updateBssidLatestDnsResultType - result: 0
06-11 07:08:48.524  2745  3528 D OpenNetworkQos[4.00]: updateBssidNoInternet: mBssidNoInternet = false
06-11 07:08:48.525  2745  3528 D OpenNetworkQos[4.00]: getOpenNetworkQosNoInternetStatus: false
06-11 07:08:48.525  2745  3528 D OpenNetworkQos[4.00]: getOpenNetworkQosScores: 30 30 0 
06-11 07:08:48.525  2745  3528 D KNOX_MDM_SettingsProvider: isChangeAllowed() : name = wifi_wcm_qos_sharing_score_summary
06-11 07:08:48.526  2745  3528 I WifiProfileShare: network QoS data was changed (internet), updateQoSData networkType: true, qosData: false
06-11 07:08:48.527  2745  4871 D WifiProfileShare: nearby scanning settings stop
06-11 07:08:48.527  2745  4871 V WifiProfileShare.Caster: checkAndGetShareData - nearby scanning
06-11 07:08:48.913  1938 15888 I sensors-hal: handle_sns_std_sensor_event:311, [SSC_LIGHT] P: 85(85),m:7,c:248,b:72,c0:6000,l:81,f(r):100,u(bl):100,j:84
06-11 07:08:49.097  7599  7599 I SDHMS:LOAD: type: LoadsFreqs, value: 0:0:0:806400:806400:806400:633600:633600:633600:274:285:220
06-11 07:08:49.168  7599  9044 I SDHMS:x : SIOP:: AP:362 BAT:343 USB:339 CHG:358 PA:375 WIFI:370 CF:351 BLK:0 SUBBAT:0 SKIN:338 SKINF:338 SKINB:337 LRP:338 LRP2:338 LRF2:338 LRB2:337 AP2:338 CHG2:336 WIFI2:337 UANT2:337 RCV2:334 SPK2:331 FCAM:340 UPSPK:353 DNSPK:340 AMB:277 AVGCUR:-314 POWER:-1200
06-11 07:08:49.193  2745  2745 D SemWifiP2pGoPowerSave: GopsReceiver : received : com.samsung.intent.action.CHECK_SIOP_LEVEL
06-11 07:08:49.194  2745  2745 I SemWifiP2pGoPowerSave: siop_level = -2
06-11 07:08:49.197  1938  1938 I sensors-hal: set_config:65, no need to adjust sample_period_ns due to reporting_mode = 2
06-11 07:08:49.197  1938  1938 I sensors-hal: batch:511, android.sensor.light/51, period=200000000, max_latency=0 request completed
06-11 07:08:49.198  1938  1938 I sensors-hal: activate:427, android.sensor.light/51 en=1
06-11 07:08:49.199  1938  1938 I sensors-hal: get_qmi_debug_flag:239, support_qmi_debug : false
06-11 07:08:49.202  1915  2083 E minksocket: MinkIPC_QRTR_Service: client with node 1 port 6e70 went down
06-11 07:08:49.203  1915  2083 E minksocket: MinkIPC_QRTR_Service: client with node 1 port 6e71 went down
06-11 07:08:49.206  1915  2083 E minksocket: MinkIPC_QRTR_Service: client with node 1 port 6e72 went down
06-11 07:08:49.208  1938  1938 I sensors-hal: send_sensor_config_request:576, dt=ambient_light: convert sample_period=200000000 to batch_period=200000
06-11 07:08:49.208  1938  1938 I sensors-hal: send_sync_sensor_request:448, send sync request
06-11 07:08:49.208  1915  2083 E minksocket: MinkIPC_QRTR_Service: client with node 1 port 6e73 went down
06-11 07:08:49.208  1938  1938 I sensors-hal: send_sync_sensor_request:474, wait for notification of response
06-11 07:08:49.213  1938 18758 I sensors-hal: ssc_conn_resp_cb:833, resp_value = 0
06-11 07:08:49.214  1938  1938 I sensors-hal: send_sync_sensor_request:480, takes 5 ms to receive the response with 0
06-11 07:08:49.214  1938  1938 I sensors-hal: activate:445, android.sensor.light/51 en=1 completed
06-11 07:08:49.216  1938  1938 D SensorsFlicker: Als_common::setDelay, handle : 1 time : 10000000ns
06-11 07:08:49.219  1938  1938 D SensorsFlicker: Als_common::enable, handle : 1, mode : 1, en : 1
06-11 07:08:49.220  1938  1938 D SensorsFlicker: Als_common::sendCommand, send enable command
06-11 07:08:49.231  1938 18758 I sensors-hal: handle_indication_realtime:467,  SCHED_FIFO(10) for qmi_cbk
06-11 07:08:49.231  1938 18758 I sensors-hal: handle_sns_std_sensor_event:135, [SSC_LIGHT] A: 84(84),m:7,c:248,b:72,c0:6000,l:81,r:100,bl:100,j:84
06-11 07:08:49.246  2745  3843 D SemContextService: lock : registerCallback
06-11 07:08:49.247  2745  3843 W CAE     : registerCallback(ContextAwareService.java:188) - [regi 01] Mutex is locked for TEST_FLAT_MOTION
06-11 07:08:49.247  2745  3843 W CAE     : registerCallback(ContextAwareService.java:195) - [regi 04]  com.samsung.android.contextaware.ContextAwareManager$CaListenerDelegate@ecd38db
06-11 07:08:49.247  2745  3843 W CAE     : getListener(ListenerListManager.java:127) - [getListener1]  com.samsung.android.contextaware.ContextAwareManager$CaListenerDelegate@ecd38db
06-11 07:08:49.248  2745  3843 W CAE     : getListener(ListenerListManager.java:128) - [getListener2]  com.samsung.android.contextaware.manager.ContextAwareService$Listener@6e31dea
06-11 07:08:49.248  2745  3843 V CAE     : start(ContextProvider.java:128)
06-11 07:08:49.249  2745  3843 V CAE     : clear(TestFlatMotionRunner.java:126)
06-11 07:08:49.249  2745  3843 V CAE     : enable(TestFlatMotionRunner.java:102)
06-11 07:08:49.250  2745  3392 D SensorService: setSContextDataLocked ints length 2 , byte length 4
06-11 07:08:49.250  2745  3392 D SensorService: setSContextDataLocked 17b1
06-11 07:08:49.250  1938  1938 I sensors-hal: inject_sensor_data:555, handle 1501 send inject
06-11 07:08:49.251  1938  1938 I sensors-hal: sendContextData:285, sensor hal 4, (0xb1, 0x17, 0x0, 0x0)
06-11 07:08:49.251  1938  1938 I sensors-hal: sendContextData:343, enable:177, handle:8, algo:26279936
06-11 07:08:49.252  1938  1938 E sensors-hal: is_restrict_mode:137, fread fail
06-11 07:08:49.252  1938  1938 I sensors-hal: sendContextData:106, device_position 4
06-11 07:08:49.253  1938  1938 I sensors-hal: get_qmi_debug_flag:239, support_qmi_debug : false
06-11 07:08:49.254  1915  2083 E minksocket: MinkIPC_QRTR_Service: client with node 1 port 6e75 went down
06-11 07:08:49.256  1915  2083 E minksocket: MinkIPC_QRTR_Service: client with node 1 port 6e76 went down
06-11 07:08:49.257  1915  2083 E minksocket: MinkIPC_QRTR_Service: client with node 1 port 6e77 went down
06-11 07:08:49.259  1938  1938 I sensors-hal: create_sensor_config_request:46, device_position create_sensor_config_request
06-11 07:08:49.260  1938  1938 I sensors-hal: send_sensor_config_request:576, dt=device_position: convert sample_period=0 to batch_period=0
06-11 07:08:49.260  1938  1938 I sensors-hal: send_sync_sensor_request:448, send sync request
06-11 07:08:49.260  1938  1938 I sensors-hal: send_sync_sensor_request:474, wait for notification of response
06-11 07:08:49.260  1915  2083 E minksocket: MinkIPC_QRTR_Service: client with node 1 port 6e78 went down
06-11 07:08:49.267  1938 18760 I sensors-hal: ssc_conn_resp_cb:833, resp_value = 0
06-11 07:08:49.267  1938  1938 I sensors-hal: send_sync_sensor_request:480, takes 7 ms to receive the response with 0
06-11 07:08:49.268  2745  3843 D CAE     : getFaultDetectionResult(TestFlatMotionRunner.java:139) - true
06-11 07:08:49.269  2745  3843 I CAE     : notifyCmdProcessResultObserver(ContextProvider.java:627) - CheckResult = 0, Cause = Success
06-11 07:08:49.271  2745  3843 D CAE     : doCommendProcess(ContextAwareService.java:396) - complete notify the operation result.
06-11 07:08:49.272  2745  3843 I CAE     : displayUsedCountForService(ContextAwareService.java:460) - totalCnt = 1, serviceCount = 1, subCollectionCount = 0
06-11 07:08:49.272  2745  3843 D CAE     : showListenerList(ContextAwareService.java:325) - ===== Context Aware Service List =====
06-11 07:08:49.273  2745  3843 I CAE     : showListenerList(ContextAwareService.java:334) - Listener : com.samsung.android.contextaware.manager.ContextAwareService$Listener@6e31dea, Service : ACTIVITY_TRACKER_INTERRUPT(1)
06-11 07:08:49.273  2745  3843 I CAE     : showListenerList(ContextAwareService.java:334) - Listener : com.samsung.android.contextaware.manager.ContextAwareService$Listener@6e31dea, Service : ACTIVITY_TRACKER_CURRENT_INFO(1)
06-11 07:08:49.273  2745  3843 I CAE     : showListenerList(ContextAwareService.java:334) - Listener : com.samsung.android.contextaware.manager.ContextAwareService$Listener@6e31dea, Service : ACTIVITY_TRACKER_BATCH(1)
06-11 07:08:49.274  2745  3843 I CAE     : showListenerList(ContextAwareService.java:334) - Listener : com.samsung.android.contextaware.manager.ContextAwareService$Listener@6e31dea, Service : PEDOMETER(1)
06-11 07:08:49.274  2745  3843 I CAE     : showListenerList(ContextAwareService.java:334) - Listener : com.samsung.android.contextaware.manager.ContextAwareService$Listener@6e31dea, Service : SLOCATION_RUNNER(1)
06-11 07:08:49.274  2745  3843 I CAE     : showListenerList(ContextAwareService.java:334) - Listener : com.samsung.android.contextaware.manager.ContextAwareService$Listener@6e31dea, Service : CH_LOC_TRIGGER(1)
06-11 07:08:49.274  2745  3843 I CAE     : showListenerList(ContextAwareService.java:334) - Listener : com.samsung.android.contextaware.manager.ContextAwareService$Listener@6e31dea, Service : FREE_FALL_DETECTION(1)
06-11 07:08:49.274  2745  3843 I CAE     : showListenerList(ContextAwareService.java:334) - Listener : com.samsung.android.contextaware.manager.ContextAwareService$Listener@6e31dea, Service : TEST_FLAT_MOTION(1)
06-11 07:08:49.275  2745  3843 I CAE     : showListenerList(ContextAwareService.java:334) - Listener : com.samsung.android.contextaware.manager.ContextAwareService$Listener@6e31dea, Service : SENSOR_STATUS_CHECK_RUNNER(1)
06-11 07:08:49.275  2745  3843 W CAE     : registerCallback(ContextAwareService.java:209) - [regi 02] Mutex is unlocked for TEST_FLAT_MOTION
06-11 07:08:49.275  2745  3843 E SemContext.CaeProvider: setAttribute() : attribute is null!
06-11 07:08:49.275  2745  3843 D SemContextService: 	.registerCallback : 10, client= com.sec.android.sdhms
06-11 07:08:49.276  2745  3843 D SemContextService: unlock : registerCallback
06-11 07:08:49.278  2745  4896 E SensorService: BigData:Pakage) 5 already enabled. 
06-11 07:08:49.375  1938  1938 D SensorsFlicker: Als_common::setDelay, handle : 1 time : 10000000ns
06-11 07:08:49.379  1938  1938 D SensorsFlicker: Als_common::enable, handle : 1, mode : 1, en : 0
06-11 07:08:49.380  1938  1938 D SensorsFlicker: Als_common::sendCommand, send disable command
06-11 07:08:49.388  2034  2073 E HeatmapThread: ECT Thread time in milliseconds: 1781129329
06-11 07:08:49.388  2034  2073 D HeatmapThread: !@ batteryplugType : 0
06-11 07:08:49.388  2034  2073 D HeatmapThread: !@ batteryLevel : 0  batteryTemperature : 0 
06-11 07:08:49.388  2034  2073 D HeatmapThread: !@ Heatmap currtime: 29685488
06-11 07:08:49.388  2034  2073 D HeatmapThread: !@ Heatmap prevtime: 29685471
06-11 07:08:49.388  2034  2073 D HeatmapThread: !@ Heatmap plugstarttime: 35791394
06-11 07:08:49.388  2034  2073 D HeatmapThread: !@ Heatmap prevv_dsoh_update_time: 29682402
06-11 07:08:49.389  2034  2073 E HeatmapThread: !@Could not open '/efs/FactoryApp/bsoh', errno = 13
06-11 07:08:49.389  2034  2073 E HeatmapThread: !@ CAM Could not access BSOH EFS
06-11 07:08:49.389  2034  2073 E HeatmapThread: !@ CAM New BSOH: 0
06-11 07:08:49.392  1938 18758 I sensors-hal: handle_sns_std_sensor_event:135, [SSC_LIGHT] A: 85(85),m:7,c:248,b:72,c0:6000,l:81,r:100,bl:100,j:84
06-11 07:08:49.398  1938  1938 I sensors-hal: set_config:65, no need to adjust sample_period_ns due to reporting_mode = 2
06-11 07:08:49.398  1938  1938 I sensors-hal: batch:511, android.sensor.light/51, period=200000000, max_latency=0 request completed
06-11 07:08:49.399  2745  3843 E SensorService: BigData:Pakage) 5 already disabled. 
06-11 07:08:49.400  1938  1938 I sensors-hal: activate:427, android.sensor.light/51 en=0
06-11 07:08:49.401  1938  1938 I sensors-hal: deactivate:380, disconnect qmi to disable sensor
06-11 07:08:49.401  1938  1938 I sensors-hal: activate:445, android.sensor.light/51 en=0 completed
06-11 07:08:49.402  1915  2083 E minksocket: MinkIPC_QRTR_Service: client with node 1 port 6e74 went down
06-11 07:08:49.530  1938 18760 I sensors-hal: handle_indication_realtime:467,  SCHED_FIFO(10) for qmi_cbk
06-11 07:08:49.530  1938 18760 I sensors-hal: handle_sns_client_event:76, device_position_event: msgid:1025
06-11 07:08:49.531  1938 18760 I sensors-hal: handle_sns_client_event:95, device_position_event: 1
06-11 07:08:49.535  2745  3386 D CAE     : onGetSensorHubData(SensorHubParserProvider.java:92) - onGetSensorHubData Event [event buffer len :4], AP_WAKEUP
06-11 07:08:49.535  2745  3386 I CAE     : parse(SensorHubParserProvider.java:188) - buffer size = 4
06-11 07:08:49.535  2745  3386 I CAE     : parse(SensorHubParserProvider.java:199) - 1, 1, 23, 1,
06-11 07:08:49.536  2745  3386 D CAE     : display(ContextProvider.java:375) - ================= TEST_FLAT_MOTION =================
06-11 07:08:49.536  2745  3386 I CAE     : display(ContextProvider.java:391) - Action=[1]
06-11 07:08:49.539  2745  3383 D SemContextService: Service.updateContext() : service = Device Position
06-11 07:08:49.544  2745  3843 D SemContextService: lock : unregisterCallback
06-11 07:08:49.544  2745  3843 D SemContextService: Service.removeListenerLocked() : listener = com.samsung.android.hardware.context.SemContextService$Listener@8ee9101, service = Device Position, used = 0
06-11 07:08:49.545  2745  3843 W CAE     : unregisterCallback(ContextAwareService.java:230) - [unregi 01] Mutex is locked for TEST_FLAT_MOTION
06-11 07:08:49.545  2745  3843 W CAE     : getListener(ListenerListManager.java:127) - [getListener1]  com.samsung.android.contextaware.ContextAwareManager$CaListenerDelegate@ecd38db
06-11 07:08:49.545  2745  3843 W CAE     : getListener(ListenerListManager.java:128) - [getListener2]  com.samsung.android.contextaware.manager.ContextAwareService$Listener@6e31dea
06-11 07:08:49.546  2745  3843 V CAE     : stop(ContextProvider.java:155)
06-11 07:08:49.546  2745  3843 V CAE     : clear(TestFlatMotionRunner.java:126)
06-11 07:08:49.547  2745  3843 V CAE     : disable(TestFlatMotionRunner.java:115)
06-11 07:08:49.547  2745  3392 D SensorService: setSContextDataLocked ints length 2 , byte length 4
06-11 07:08:49.547  2745  3392 D SensorService: setSContextDataLocked 17b2
06-11 07:08:49.548  1938  1938 I sensors-hal: inject_sensor_data:555, handle 1501 send inject
06-11 07:08:49.548  1938  1938 I sensors-hal: sendContextData:285, sensor hal 4, (0xb2, 0x17, 0x0, 0x0)
06-11 07:08:49.548  1938  1938 I sensors-hal: sendContextData:343, enable:178, handle:8, algo:26280192
06-11 07:08:49.548  1938  1938 I sensors-hal: sendContextData:106, device_position 4
06-11 07:08:49.550  1938  1938 I sensors-hal: deactivate:380, disconnect qmi to disable sensor
06-11 07:08:49.550  1915  2083 E minksocket: MinkIPC_QRTR_Service: client with node 1 port 6e79 went down
06-11 07:08:49.551  2745  3843 D CAE     : getFaultDetectionResult(TestFlatMotionRunner.java:139) - true
06-11 07:08:49.552  2745  3843 I CAE     : notifyCmdProcessResultObserver(ContextProvider.java:627) - CheckResult = 0, Cause = Success
06-11 07:08:49.553  2745  3843 D CAE     : doCommendProcess(ContextAwareService.java:396) - complete notify the operation result.
06-11 07:08:49.553  2745  3843 I CAE     : displayUsedCountForService(ContextAwareService.java:460) - totalCnt = 0, serviceCount = 0, subCollectionCount = 0
06-11 07:08:49.553  2745  3843 D CAE     : showListenerList(ContextAwareService.java:325) - ===== Context Aware Service List =====
06-11 07:08:49.554  2745  3843 I CAE     : showListenerList(ContextAwareService.java:334) - Listener : com.samsung.android.contextaware.manager.ContextAwareService$Listener@6e31dea, Service : ACTIVITY_TRACKER_INTERRUPT(1)
06-11 07:08:49.554  2745  3843 I CAE     : showListenerList(ContextAwareService.java:334) - Listener : com.samsung.android.contextaware.manager.ContextAwareService$Listener@6e31dea, Service : ACTIVITY_TRACKER_CURRENT_INFO(1)
06-11 07:08:49.554  2745  3843 I CAE     : showListenerList(ContextAwareService.java:334) - Listener : com.samsung.android.contextaware.manager.ContextAwareService$Listener@6e31dea, Service : ACTIVITY_TRACKER_BATCH(1)
