06-11 07:08:23.765 18642 18675 I Finsky:background: [207] IQ: Creating job 127723, for (REQ_DEVICE_IDLE, REQ_GEARHEAD_PROJECTION_OFF, MIN_BATTERY=20, SHOULD_APPLY_BUDGET=true, IGNORE_HOLDOFF=true, NETWORK=ANY, PROVISIONING_STATE=PROVISIONED, BACKUP_MANAGER_STATE=BACKUP_READY, TIME=[2026-06-11T16:00:00Z-2026-06-11T19:00:00Z], AUTHENTICATION_REQUIRED)
06-11 07:08:23.766 18642 18675 I Finsky:background: [207] IQ: Creating job 127724, for (REQ_DEVICE_IDLE, REQ_GEARHEAD_PROJECTION_OFF, MIN_BATTERY=20, SHOULD_APPLY_BUDGET=true, IGNORE_HOLDOFF=true, NETWORK=UNMETERED, PROVISIONING_STATE=PROVISIONED, BACKUP_MANAGER_STATE=BACKUP_READY, TIME=[2026-06-11T16:00:00Z-2026-06-11T19:00:00Z], AUTHENTICATION_REQUIRED)
06-11 07:08:23.766 18642 18675 I Finsky:background: [207] IQ: Creating job 127725, for (REQ_CHARGING, REQ_GEARHEAD_PROJECTION_OFF, IGNORE_HOLDOFF=true, NETWORK=UNMETERED, PROVISIONING_STATE=PROVISIONED, BACKUP_MANAGER_STATE=BACKUP_READY, AUTHENTICATION_REQUIRED, PROCESS_IMPORTANCE_THRESHOLD=125)
06-11 07:08:23.766 18642 18675 I Finsky:background: [207] IQ: Creating job 127726, for (REQ_CHARGING, REQ_DEVICE_IDLE, REQ_GEARHEAD_PROJECTION_OFF, NETWORK=UNMETERED, PROVISIONING_STATE=PROVISIONED, BACKUP_MANAGER_STATE=BACKUP_READY, AUTHENTICATION_REQUIRED)
06-11 07:08:23.767 18642 18675 I Finsky:background: [207] IQ: Bulk scheduling created jobs
06-11 07:08:23.770 18642 18675 I Finsky:background: [207] SCH: Received scheduling request: Id: 3-127720, Constraints: [{ L: 0, D: 86400000, C: CHARGING_REQUIRED, I: IDLE_REQUIRED, N: NET_ANY, B: BATTERY_ANY }]
06-11 07:08:23.786 18642 18675 D WM-PackageManagerHelper: Skipping component enablement for androidx.work.impl.background.systemjob.SystemJobService
06-11 07:08:23.786 18642 18675 D WM-Schedulers: Created SystemJobScheduler and enabled SystemJobService
06-11 07:08:23.789 18642 18671 D WM-ForceStopRunnable: Is default app process = true
06-11 07:08:23.790 18642 18671 D WM-ForceStopRunnable: Performing cleanup operations.
06-11 07:08:23.797 18642 18675 I Finsky:background: [207] SCH: Received scheduling request: Id: 3-127721, Constraints: [{ L: 64296236, D: 75096236, C: CHARGING_NONE, I: IDLE_REQUIRED, N: NET_UNMETERED, B: BATTERY_ANY }]
06-11 07:08:23.798 18642 18675 I Finsky:background: [207] SCH: Received scheduling request: Id: 3-127722, Constraints: [{ L: 0, D: 86400000, C: CHARGING_REQUIRED, I: IDLE_REQUIRED, N: NET_UNMETERED, B: BATTERY_ANY }]
06-11 07:08:23.798 18642 18675 I Finsky:background: [207] SCH: Received scheduling request: Id: 3-127723, Constraints: [{ L: 64296235, D: 75096235, C: CHARGING_NONE, I: IDLE_REQUIRED, N: NET_ANY, B: BATTERY_ANY }]
06-11 07:08:23.798 18642 18675 I Finsky:background: [207] SCH: Received scheduling request: Id: 3-127724, Constraints: [{ L: 64296234, D: 75096234, C: CHARGING_NONE, I: IDLE_REQUIRED, N: NET_UNMETERED, B: BATTERY_ANY }]
06-11 07:08:23.798 18642 18675 I Finsky:background: [207] SCH: Received scheduling request: Id: 3-127725, Constraints: [{ L: 0, D: 86400000, C: CHARGING_REQUIRED, I: IDLE_NONE, N: NET_UNMETERED, B: BATTERY_ANY }]
06-11 07:08:23.798 18642 18675 I Finsky:background: [207] SCH: Received scheduling request: Id: 3-127726, Constraints: [{ L: 0, D: 86400000, C: CHARGING_REQUIRED, I: IDLE_REQUIRED, N: NET_UNMETERED, B: BATTERY_ANY }]
06-11 07:08:23.802 18642 18662 I Finsky:background: [194] IQ: start evaluating install requests.
06-11 07:08:23.802 18642 18662 I Finsky:background: [194] IQ: no jobs active. Skipping
06-11 07:08:23.803 18642 18663 I Finsky:background: [195] SSM: Start staged session task with 0 tracked staged sessions
06-11 07:08:23.818 18642 18662 I Finsky:background: [194] IQ: 0 scheduled install statuses found to proceed. 
06-11 07:08:23.819 18642 18671 D WM-SystemJobScheduler: Reconciling jobs
06-11 07:08:23.821  2745  3556 D NetdEventListenerService: DNS Requested by 169, 10246(com.android.vending), SUCCESS, 13ms
06-11 07:08:23.830 18642 18671 D WM-ForceStopRunnable: Found unfinished work, scheduling it.
06-11 07:08:23.842 18642 18671 D WM-PackageManagerHelper: Skipping component enablement for androidx.work.impl.background.systemalarm.RescheduleReceiver
06-11 07:08:23.860   990   990 I lmkd    : 1(delay), 0(swap), 0(freelimit), 0(reentrymode) memory pressure events were skipped after a kill!
06-11 07:08:24.103 18642 18656 I Finsky:background: [188] WM::SCH: Logging work initialize for 3-127720
06-11 07:08:24.104 18642 18656 I Finsky:background: [188] WM::SCH: Logging work initialize for 3-127721
06-11 07:08:24.104 18642 18656 I Finsky:background: [188] WM::SCH: Logging work initialize for 3-127722
06-11 07:08:24.104 18642 18656 I Finsky:background: [188] WM::SCH: Logging work initialize for 3-127723
06-11 07:08:24.104 18642 18656 I Finsky:background: [188] WM::SCH: Logging work initialize for 3-127724
06-11 07:08:24.104 18642 18656 I Finsky:background: [188] WM::SCH: Logging work initialize for 3-127725
06-11 07:08:24.104 18642 18656 I Finsky:background: [188] WM::SCH: Logging work initialize for 3-127726
06-11 07:08:24.113 18642 18662 I Finsky:background: [194] SCH: Scheduling phonesky job Id: 3-127720, CT: 1781129303771, Constraints: [{ L: 0, D: 86400000, C: CHARGING_REQUIRED, I: IDLE_REQUIRED, N: NET_ANY, B: BATTERY_ANY }]
06-11 07:08:24.113 18642 18662 I Finsky:background: [194] SCH: Scheduling phonesky job Id: 3-127721, CT: 1781129303797, Constraints: [{ L: 64296236, D: 75096236, C: CHARGING_NONE, I: IDLE_REQUIRED, N: NET_UNMETERED, B: BATTERY_ANY }]
06-11 07:08:24.113 18642 18662 I Finsky:background: [194] SCH: Scheduling phonesky job Id: 3-127722, CT: 1781129303798, Constraints: [{ L: 0, D: 86400000, C: CHARGING_REQUIRED, I: IDLE_REQUIRED, N: NET_UNMETERED, B: BATTERY_ANY }]
06-11 07:08:24.114 18642 18662 I Finsky:background: [194] SCH: Scheduling phonesky job Id: 3-127723, CT: 1781129303798, Constraints: [{ L: 64296235, D: 75096235, C: CHARGING_NONE, I: IDLE_REQUIRED, N: NET_ANY, B: BATTERY_ANY }]
06-11 07:08:24.114 18642 18662 I Finsky:background: [194] SCH: Scheduling phonesky job Id: 3-127724, CT: 1781129303798, Constraints: [{ L: 64296234, D: 75096234, C: CHARGING_NONE, I: IDLE_REQUIRED, N: NET_UNMETERED, B: BATTERY_ANY }]
06-11 07:08:24.114 18642 18662 I Finsky:background: [194] SCH: Scheduling phonesky job Id: 3-127725, CT: 1781129303798, Constraints: [{ L: 0, D: 86400000, C: CHARGING_REQUIRED, I: IDLE_NONE, N: NET_UNMETERED, B: BATTERY_ANY }]
06-11 07:08:24.114 18642 18662 I Finsky:background: [194] SCH: Scheduling phonesky job Id: 3-127726, CT: 1781129303798, Constraints: [{ L: 0, D: 86400000, C: CHARGING_REQUIRED, I: IDLE_REQUIRED, N: NET_UNMETERED, B: BATTERY_ANY }]
06-11 07:08:24.122 18642 18671 I Finsky:background: [203] SCH: Scheduling 0 system job(s)
06-11 07:08:24.166   990   990 I lmkd    : 1(delay), 0(swap), 0(freelimit), 0(reentrymode) memory pressure events were skipped after a kill!
06-11 07:08:24.370   990   990 I lmkd    : 1(delay), 0(swap), 0(freelimit), 0(reentrymode) memory pressure events were skipped after a kill!
06-11 07:08:24.389  2034  2073 E HeatmapThread: ECT Thread time in milliseconds: 1781129304
06-11 07:08:24.389  2034  2073 D HeatmapThread: !@ batteryplugType : 0
06-11 07:08:24.390  2034  2073 D HeatmapThread: !@ batteryLevel : 0  batteryTemperature : 0 
06-11 07:08:24.390  2034  2073 D HeatmapThread: !@ Heatmap currtime: 29685488
06-11 07:08:24.390  2034  2073 D HeatmapThread: !@ Heatmap prevtime: 29685471
06-11 07:08:24.390  2034  2073 D HeatmapThread: !@ Heatmap plugstarttime: 35791394
06-11 07:08:24.390  2034  2073 D HeatmapThread: !@ Heatmap prevv_dsoh_update_time: 29682402
06-11 07:08:24.390  2034  2073 E HeatmapThread: !@Could not open '/efs/FactoryApp/bsoh', errno = 13
06-11 07:08:24.390  2034  2073 E HeatmapThread: !@ CAM Could not access BSOH EFS
06-11 07:08:24.390  2034  2073 E HeatmapThread: !@ CAM New BSOH: 0
06-11 07:08:24.483  2745  3534 D WifiConnectivityMonitor.NetworkStatsAnalyzer: Backhaul result - RSSI:-37, CE:28, PE:25, TI:36, PTI:34, TW:1, PTW:0, Tx:287, Rx:141, TxS:260, RxS:108, RESULT:true, IC:0, ICT:5, WC:0, WCT:5, R:0, RC:0, IE:0, EC:0
06-11 07:08:24.574   990   990 I lmkd    : 1(delay), 0(swap), 0(freelimit), 0(reentrymode) memory pressure events were skipped after a kill!
06-11 07:08:24.575   990   990 I lmkd    : cached 6, sandbox(not0) 0
06-11 07:08:24.577   990   990 I lmkd    : Reclaim 'com.skms.android.agent:remote' (6128), uid 1000, oom_score_adj 920, state 19 to free 61764kB rss, 31284kB swap; reason: low watermark is breached or filecache is low (3997380kB).
06-11 07:08:24.584   990  1004 E lowmemorykiller: process_mrelease 6128 failed: No such process
06-11 07:08:24.623  2745  4896 I ActivityManager: Process com.skms.android.agent:remote (pid 6128) has died: cch+20 CEM (865,4364)
06-11 07:08:24.622 18577 18577 I DigitalKeyCCC: [SkmsAgentManager] SKMSAgentService is disconnected
06-11 07:08:24.623 18577 18577 I DigitalKeyCCC: [SkmsAgentManager] isSkmsBind updated (old: false, new: false)
06-11 07:08:24.623  1866  1866 I Zygote  : Process 6128 exited due to signal 9 (Killed)
06-11 07:08:24.625  2745  4896 W ActivityManager: Scheduling restart of crashed service com.skms.android.agent/.SKMSAgentService in 10000ms for connection
06-11 07:08:24.626  2745  2817 I libprocessgroup: Removed cgroup /sys/fs/cgroup/system/uid_1000/pid_6128
06-11 07:08:24.634  2745  3500 I SemWifiServiceDetector: Service det. resumed: T / T / 15562
06-11 07:08:24.682   990   990 I lmkd    : 5(delay), 0(swap), 0(freelimit), 0(reentrymode) memory pressure events were skipped after a kill!
06-11 07:08:24.886   990   990 I lmkd    : 1(delay), 0(swap), 0(freelimit), 0(reentrymode) memory pressure events were skipped after a kill!
06-11 07:08:24.913  1938 15888 I sensors-hal: handle_sns_std_sensor_event:311, [SSC_LIGHT] P: 82(82),m:7,c:248,b:72,c0:6048,l:82,f(r):100,u(bl):100,j:83
06-11 07:08:25.196   990   990 I lmkd    : 1(delay), 0(swap), 0(freelimit), 0(reentrymode) memory pressure events were skipped after a kill!
06-11 07:08:25.388  2034  2073 E HeatmapThread: ECT Thread time in milliseconds: 1781129305
06-11 07:08:25.388  2034  2073 D HeatmapThread: !@ batteryplugType : 0
06-11 07:08:25.388  2034  2073 D HeatmapThread: !@ batteryLevel : 0  batteryTemperature : 0 
06-11 07:08:25.388  2034  2073 D HeatmapThread: !@ Heatmap currtime: 29685488
06-11 07:08:25.388  2034  2073 D HeatmapThread: !@ Heatmap prevtime: 29685471
06-11 07:08:25.388  2034  2073 D HeatmapThread: !@ Heatmap plugstarttime: 35791394
06-11 07:08:25.388  2034  2073 D HeatmapThread: !@ Heatmap prevv_dsoh_update_time: 29682402
06-11 07:08:25.389  2034  2073 E HeatmapThread: !@Could not open '/efs/FactoryApp/bsoh', errno = 13
06-11 07:08:25.389  2034  2073 E HeatmapThread: !@ CAM Could not access BSOH EFS
06-11 07:08:25.389  2034  2073 E HeatmapThread: !@ CAM New BSOH: 0
06-11 07:08:25.440 31133 31158 V CpEventLog(u0): [P] cp_state: [                 contacts = {contacts=407, raw_contacts=808, data=3577, account={secphone(1)=407, google(2)=0, sim(3)=0, agg(4)=0, duo(8)=0, com.daou.go_mobile(24)=0, com.daou.go_mobile(25)=0, google(27)=0, duo(28)=64, telegram(40)=337, com.daou.go_mobile(49)=0, google(51)=0, samsung(54)=0, mobileservice(55)=0, kr.co.rememberapp(60)=0, com.facebook.messenger(63)=0, whatsapp(97)=0, com.kakao.sdk.kakaotalk.sso.account(102)=0, com.nhn.android.naveraccount(108)=0, www.instagram.barcelona(109)=0, www.instagram.com(112)=0, kr.socar.socarapp4(117)=0}, trash=0, trash_acc={}, trash_sync=0, database=contacts2.db} ]
06-11 07:08:25.440 31133 31158 V CpEventLog(u0): [P] cp_state: [               aggregated = {[1,28,40]=2, [1,28]=34, [1,40,28]=25, [1,40]=139, [1]=204, [40,1]=3, [40,28]=3, [40,40]=4, [40]=157} ]
06-11 07:08:25.440 31133 31158 V CpEventLog(u0): [P] cp_state: [                  request = {} ]
06-11 07:08:25.440 31133 31158 V CpEventLog(u0): [P] cp_state: [                    calls = {types={[100]=528, [200]=166, [300]=97, [500]=2, [1000]=1470, [1250]=223, [1300]=14}, database=calllog.db} ]
06-11 07:08:25.440 31133 31158 V CpEventLog(u0): [P] cp_state: [                  profile = {contacts=0, raw_contacts=0, data=0, account={secphone(1)=0, google(2)=0, sim(3)=0, agg(4)=0, duo(8)=0, com.daou.go_mobile(24)=0, com.daou.go_mobile(25)=0, google(27)=0, duo(28)=0, telegram(40)=0, com.daou.go_mobile(49)=0, google(51)=0, samsung(54)=0, mobileservice(55)=0, kr.co.rememberapp(60)=0, com.facebook.messenger(63)=0, whatsapp(97)=0, com.kakao.sdk.kakaotalk.sso.account(102)=0, com.nhn.android.naveraccount(108)=0, www.instagram.barcelona(109)=0, www.instagram.com(112)=0, kr.socar.socarapp4(117)=0}, trash=0, trash_acc={}, trash_sync=0, database=profile.db} ]
06-11 07:08:25.440 31133 31158 V CpEventLog(u0): [P] cp_state: [               sa_profile = {contacts=1, raw_contacts=1, data=3, account={secphone(1)=1, google(2)=0, sim(3)=0, agg(4)=0, duo(8)=0, com.daou.go_mobile(24)=0, com.daou.go_mobile(25)=0, google(27)=0, duo(28)=0, telegram(40)=0, com.daou.go_mobile(49)=0, google(51)=0, samsung(54)=0, mobileservice(55)=0, kr.co.rememberapp(60)=0, com.facebook.messenger(63)=0, whatsapp(97)=0, com.kakao.sdk.kakaotalk.sso.account(102)=0, com.nhn.android.naveraccount(108)=0, www.instagram.barcelona(109)=0, www.instagram.com(112)=0, kr.socar.socarapp4(117)=0}, trash=0, trash_acc={}, trash_sync=0, database=profile_sa.db} ]
06-11 07:08:25.440 31133 31158 V CpEventLog(u0): [P] cp_state: [                      etc = {binders=0, country_iso=KR, version=15.6.30, db_version=2000, db_size=7, db_wal_size=1, csc=SKT/SKT, sec_enabled=false, is_roaming=false} ]
06-11 07:08:25.440 31133 31158 V CpEventLog(u0): [P] cp_state: ------------------------------------------------------------------------------
06-11 07:08:25.460  2745  3405 D WifiStaIfaceHidlImpl: getCachedScanData is not implemented by HIDL
06-11 07:08:25.500  2745  5646 D SemWifiUsabilityStatsMonitor: onWifiUsabilityStats - seqNum 9828, isSameBssidAndFreq true
06-11 07:08:25.503  2745  3502 E SemWifiLinkQualityMonitor: Too old or invalid TMI: currentTime=1781129305503 lastDateWindow=1781129197000
06-11 07:08:25.505  2745  3502 I SemWifiLinkQualityMonitor: Link stat: 1763 / 61 / 1.00 (39) / 780 / -37.0 || 100.0 : 780.00 / 0.5 : 1.00 / 0.55 : 0.03 / G (G) || 4f731b0d5785: 0.085 / 94.299 / N || N N / 0 0 / N 2.0 / N X 0 / 121159036 0 || 2026-06-11 07:06:37  / 0: 0 0 0 0 0 0 / 0: 0 0 0 0 0 0 / 0: 0 0 0 0 0 0
06-11 07:08:25.731  4030  5321 I ScanController: onScanResult to scannerId: 4- eventType=0x10, addressType=1, address=XX:XX:XX:XX:E6:0A, primaryPhy=1, secondaryPhy=0, advertisingSid=0xff, txPower=127, rssi=-88, periodicAdvInt=0x0
06-11 07:08:25.754  1153  1153 D io_stats: !@   8,0 r 22737110 411744975 w 5872606 93084336 d 1577343 220345468 f 0 680917 iot 9221260 0 th 0 0 0 pt 0 inp 0 0 121159.288
06-11 07:08:25.755  1153  1153 D io_stats: !@ Read_top(KB): android.vending(18422) 22364 ding:background(18642) 1236 .gms.persistent(16149) 156
06-11 07:08:25.755  1153  1153 D io_stats: !@ Write_top(KB): ding:background(18642) 476 f2fs_ckpt-254:5(4519) 184 android.vending(18422) 156
06-11 07:08:26.390  2034  2073 E HeatmapThread: ECT Thread time in milliseconds: 1781129306
06-11 07:08:26.390  2034  2073 D HeatmapThread: !@ batteryplugType : 0
06-11 07:08:26.390  2034  2073 D HeatmapThread: !@ batteryLevel : 0  batteryTemperature : 0 
06-11 07:08:26.390  2034  2073 D HeatmapThread: !@ Heatmap currtime: 29685488
06-11 07:08:26.390  2034  2073 D HeatmapThread: !@ Heatmap prevtime: 29685471
06-11 07:08:26.390  2034  2073 D HeatmapThread: !@ Heatmap plugstarttime: 35791394
06-11 07:08:26.390  2034  2073 D HeatmapThread: !@ Heatmap prevv_dsoh_update_time: 29682402
06-11 07:08:26.391  2034  2073 E HeatmapThread: !@Could not open '/efs/FactoryApp/bsoh', errno = 13
06-11 07:08:26.391  2034  2073 E HeatmapThread: !@ CAM Could not access BSOH EFS
06-11 07:08:26.391  2034  2073 E HeatmapThread: !@ CAM New BSOH: 0
06-11 07:08:26.555 31170 31201 V CpEventLog(u150): [P] cp_state: [                 contacts = {contacts=0, raw_contacts=0, data=0, account={secphone(1)=0, google(2)=0, sim(3)=0, agg(4)=0, vnd.sec.contact.phone_personal(5)=0, com.kakao.sdk.kakaotalk.sso.account(6)=0}, trash=0, trash_acc={}, trash_sync=0, database=contacts2.db} ]
06-11 07:08:26.555 31170 31201 V CpEventLog(u150): [P] cp_state: [               aggregated = {} ]
06-11 07:08:26.555 31170 31201 V CpEventLog(u150): [P] cp_state: [                  request = {} ]
06-11 07:08:26.555 31170 31201 V CpEventLog(u150): [P] cp_state: [                    calls = {types={}, database=calllog.db} ]
06-11 07:08:26.555 31170 31201 V CpEventLog(u150): [P] cp_state: [                  profile = {contacts=0, raw_contacts=0, data=0, account={secphone(1)=0, google(2)=0, sim(3)=0, agg(4)=0, vnd.sec.contact.phone_personal(5)=0, com.kakao.sdk.kakaotalk.sso.account(6)=0}, trash=0, trash_acc={}, trash_sync=0, database=profile.db} ]
06-11 07:08:26.555 31170 31201 V CpEventLog(u150): [P] cp_state: [               sa_profile = {contacts=0, raw_contacts=0, data=0, account={secphone(1)=0, google(2)=0, sim(3)=0, agg(4)=0, vnd.sec.contact.phone_personal(5)=0, com.kakao.sdk.kakaotalk.sso.account(6)=0}, trash=0, trash_acc={}, trash_sync=0, database=profile_sa.db} ]
06-11 07:08:26.555 31170 31201 V CpEventLog(u150): [P] cp_state: [                      etc = {binders=0, country_iso=KR, version=15.6.30, db_version=2000, db_size=0, db_wal_size=0, csc=SKT/SKT, sec_enabled=false, is_roaming=false} ]
06-11 07:08:26.555 31170 31201 V CpEventLog(u150): [P] cp_state: ------------------------------------------------------------------------------
06-11 07:08:27.388  2034  2073 E HeatmapThread: ECT Thread time in milliseconds: 1781129307
06-11 07:08:27.388  2034  2073 D HeatmapThread: !@ batteryplugType : 0
06-11 07:08:27.388  2034  2073 D HeatmapThread: !@ batteryLevel : 0  batteryTemperature : 0 
06-11 07:08:27.388  2034  2073 D HeatmapThread: !@ Heatmap currtime: 29685488
06-11 07:08:27.388  2034  2073 D HeatmapThread: !@ Heatmap prevtime: 29685471
06-11 07:08:27.388  2034  2073 D HeatmapThread: !@ Heatmap plugstarttime: 35791394
06-11 07:08:27.388  2034  2073 D HeatmapThread: !@ Heatmap prevv_dsoh_update_time: 29682402
06-11 07:08:27.389  2034  2073 E HeatmapThread: !@Could not open '/efs/FactoryApp/bsoh', errno = 13
06-11 07:08:27.389  2034  2073 E HeatmapThread: !@ CAM Could not access BSOH EFS
06-11 07:08:27.389  2034  2073 E HeatmapThread: !@ CAM New BSOH: 0
06-11 07:08:27.390  2745  4736 I NSLocationMonitor: getGPSUsingApps() called
06-11 07:08:27.391  4710  4768 I NSLocationManager_FLP: getGPSUsingApps, No change
06-11 07:08:27.410  2745  4736 D FreecessHandler: freeze com.kakao.page(15010371) result : 2
06-11 07:08:27.645  2745  3500 I SemWifiServiceDetector: Service det. suspended: T / T / 15562
06-11 07:08:27.791  1938 15888 I sensors-hal: handle_sns_std_sensor_event:311, [SSC_LIGHT] P: 92(92),m:7,c:248,b:72,c0:6064,l:83,f(r):100,u(bl):100,j:91
06-11 07:08:27.820  1192 18529 I keystore2: system/security/keystore2/watchdog/src/lib.rs:377 - Watchdog thread idle -> terminating. Have a great day.
06-11 07:08:27.911  4030  4625 W l2c_ble : system/stack/l2cap/l2c_ble.cc:111 l2cble_notify_le_connection: 
06-11 07:08:27.912  4030  4625 W l2c_ble : system/stack/l2cap/l2c_ble.cc:111 l2cble_notify_le_connection: 
06-11 07:08:27.912  4030  5321 W bt_btif_gattc: system/btif/src/btif_gatt_client.cc:224 btif_gattc_upstreams_evt: Event BTA_GATTC_NOTIF_EVT [10]
06-11 07:08:27.913  4030  5321 W bt_btif_gattc: system/btif/src/btif_gatt_client.cc:224 btif_gattc_upstreams_evt: Event BTA_GATTC_NOTIF_EVT [10]
06-11 07:08:27.916  7492  7302 I [AirCmd]_BleDriver: GattCallback : onCharacteristicChanged : D2.d@689e96c / UUID_CHARGE_STATUS, RAWDATA : [0]
06-11 07:08:27.918  7492  7302 I [AirCmd]_SpenCommonDriver: onCharacteristicChanged : Charge:DISCHARGING
06-11 07:08:27.918  7492  7302 I [AirCmd]_BleSpenGenericChargeController: onChargeStateChanged : spenInstanceId=BUILTIN, chargeState=DISCHARGING
06-11 07:08:27.920  7492  7302 I [AirCmd]_BleDriver: GattCallback : onCharacteristicChanged : D2.d@689e96c / UUID_BATTERY_LEVEL, RAWDATA : [100 0]
06-11 07:08:27.921  7492  7302 I [AirCmd]_SpenCommonDriver: onCharacteristicChanged : Battery:100
06-11 07:08:27.923  7492  7302 I [AirCmd]_BleSpenGenericChargeController: onBatteryLevelChanged : 100->100
06-11 07:08:27.924  7492  7302 I [AirCmd]_BleSpenGenericChargeController: reserveLongTimeCharge : WakeLock acquire 60secs
06-11 07:08:27.937  7492  7302 I [AirCmd]_PowerWakeLocker: acquire wake lock 60000, tag=AirCmd:SpenCharging
06-11 07:08:28.243 27193 27193 D BoundBrokerSvc: onUnbind: Intent { act=com.google.android.gms.chimera.container.moduleinstall.ModuleInstallService.START dat=chimera-action:/... xflg=0x4 cmp=com.google.android.gms/.chimera.GmsApiService }
06-11 07:08:28.262 27193 27193 D BoundBrokerSvc: onUnbind: Intent { act=com.google.android.gms.ocr.service.internal.START dat=chimera-action:/... xflg=0x4 cmp=com.google.android.gms/.chimera.GmsInternalApiService }
06-11 07:08:28.265  2745  2814 W ActivityManager: Rescheduling restart of crashed service com.skms.android.agent/.SKMSAgentService in 0ms for mem-pressure-event
06-11 07:08:28.269  2745  3480 D BackgroundInstallControlService: Package event received: 0
06-11 07:08:28.278  2062  2266 I VSyncReactor: Current= 60, Period= 60, Distance= 0
06-11 07:08:28.294  2062  2266 I VSyncReactor: Current= 60, Period= 60, Distance= 60
06-11 07:08:28.309  1866  1866 D Zygote  : Forked child process 18715
06-11 07:08:28.310  2745  2816 I ActivityManager: Start proc 18715:com.skms.android.agent:remote/1000 for service {com.skms.android.agent/com.skms.android.agent.SKMSAgentService}
06-11 07:08:28.311  2745  2816 I ActivityManager: ProcessObserver broadcast disabled
06-11 07:08:28.357 18715 18715 I id.agent:remote: Using generational CollectorTypeCMC GC.
06-11 07:08:28.367 18715 18715 D nativeloader: Load libframework-connectivity-tiramisu-jni.so using APEX ns com_android_tethering for caller /apex/com.android.tethering/javalib/framework-connectivity-t.jar: ok
06-11 07:08:28.370 18715 18715 D ActivityThread: setConscryptValidator
06-11 07:08:28.370 18715 18715 D ActivityThread: setConscryptValidator - put
06-11 07:08:28.388  2034  2073 E HeatmapThread: ECT Thread time in milliseconds: 1781129308
06-11 07:08:28.388  2034  2073 D HeatmapThread: !@ batteryplugType : 0
06-11 07:08:28.388  2034  2073 D HeatmapThread: !@ batteryLevel : 0  batteryTemperature : 0 
06-11 07:08:28.388  2034  2073 D HeatmapThread: !@ Heatmap currtime: 29685488
06-11 07:08:28.388  2034  2073 D HeatmapThread: !@ Heatmap prevtime: 29685471
06-11 07:08:28.388  2034  2073 D HeatmapThread: !@ Heatmap plugstarttime: 35791394
06-11 07:08:28.388  2034  2073 D HeatmapThread: !@ Heatmap prevv_dsoh_update_time: 29682402
06-11 07:08:28.388  2034  2073 E HeatmapThread: !@Could not open '/efs/FactoryApp/bsoh', errno = 13
06-11 07:08:28.389  2034  2073 E HeatmapThread: !@ CAM Could not access BSOH EFS
06-11 07:08:28.389  2034  2073 E HeatmapThread: !@ CAM New BSOH: 0
06-11 07:08:28.394 18715 18715 D nativeloader: Configuring clns-shared-9 for other apk /system/priv-app/SKMSAgent/SKMSAgent.apk. target_sdk_version=36, uses_libraries=, library_path=/system/priv-app/SKMSAgent/lib/arm64:/system/priv-app/SKMSAgent/SKMSAgent.apk!/lib/arm64-v8a:/system/lib64:/system_ext/lib64, permitted_path=/data:/mnt/expand:/data/user_de/0/com.skms.android.agent:/system/priv-app/SKMSAgent:/system/lib64:/system_ext/lib64
06-11 07:08:28.400 18715 18715 V GraphicsEnvironment: Currently set values for:
06-11 07:08:28.400 18715 18715 V GraphicsEnvironment:   angle_gl_driver_selection_pkgs=[]
06-11 07:08:28.400 18715 18715 V GraphicsEnvironment:   angle_gl_driver_selection_values=[]
06-11 07:08:28.400 18715 18715 V GraphicsEnvironment: com.skms.android.agent is not listed in per-application setting
06-11 07:08:28.400 18715 18715 V GraphicsEnvironment: ANGLE allowlist from config: 
06-11 07:08:28.400 18715 18715 V GraphicsEnvironment: com.skms.android.agent is not listed in ANGLE allowlist or settings, returning default
06-11 07:08:28.405 18715 18715 D nativeloader: Load /system/priv-app/SKMSAgent/lib/arm64/libsem_jni.so using class loader ns clns-shared-9 (caller=/system/priv-app/SKMSAgent/SKMSAgent.apk): ok
06-11 07:08:28.405 18715 18715 I SKMSAgent: sem_jni load success
06-11 07:08:28.405 18715 18715 I SKMSAgent: application onCreate
06-11 07:08:28.416 18715 18715 I SKMSAgent: onCreate: SKMS
06-11 07:08:28.417 18715 18715 I SKMSAgent: onBind: SKMS 0
06-11 07:08:28.417 18715 18715 I SKMSAgent: tsmManager null / create instance
06-11 07:08:28.418 18715 18715 I SKMSAgent: LCCM : 2
06-11 07:08:28.419 18715 18715 I SKMSAgent: CV : 6.2true
06-11 07:08:28.421 18715 18715 I SEC_ESE_ServiceManager: com.skms.android.agent connects to SemService.
06-11 07:08:28.422 18715 18715 I SKMSAgent: ***** Entering onCardEmul
06-11 07:08:28.422 18715 18715 I SKMSAgent: SwitchOn is processing...
06-11 07:08:28.422 18715 18715 I SKMSAgent: Initializing NFC interface
06-11 07:08:28.422 18715 18715 I SEC_ESE_ServiceManager: com.skms.android.agent connects to SemService.
06-11 07:08:28.422 18715 18715 I SKMSAgent: Start SLOG
06-11 07:08:28.422 18715 18715 I SEC_ESE_ServiceManager: com.skms.android.agent connects to SemService.
06-11 07:08:28.422 18715 18715 I SEC_ESE_ServiceManager: START SLOG is called.
06-11 07:08:28.422  2745  4896 I SEC_ESE_Service: Start_SLOG
06-11 07:08:28.423  2745  4896 I SEC_ESE_ServiceAccessControl: Requested package name = [com.skms.android.agent]
06-11 07:08:28.423  2745  4896 I SEC_ESE : JNI, Get PKSecurity start
06-11 07:08:28.423  2745  4896 I SEC_ESE : JNI, Check PKSecurity end
06-11 07:08:28.423  2745  4896 I SEC_ESE : JNI, Get PKSKMS start
06-11 07:08:28.423  2745  4896 I SEC_ESE : JNI, Check PKSKMS end
06-11 07:08:28.426 18577 18577 I DigitalKeyCCC: [SkmsAgentManager] SKMSAgentService is connected
06-11 07:08:28.427 18577 18577 I DigitalKeyCCC: [SkmsAgentManager] isSkmsBind updated (old: false, new: true)
06-11 07:08:28.554  2745  3405 D WifiStaIfaceHidlImpl: getCachedScanData is not implemented by HIDL
06-11 07:08:28.578  1938 15886 I sensors-hal: handle_sns_client_event:185, auto_rotation_debug_2 mode,255, type,1,0 acc,0.144,-0.165,9.976, ar,0, ver,14, pedo,1,e,1,i,3
06-11 07:08:28.589  2745  5646 D SemWifiUsabilityStatsMonitor: onWifiUsabilityStats - seqNum 9829, isSameBssidAndFreq true
06-11 07:08:28.592  2745  3502 E SemWifiLinkQualityMonitor: Too old or invalid TMI: currentTime=1781129308592 lastDateWindow=1781129197000
06-11 07:08:28.737  7599  7599 I SDHMS:LOAD: type: LoadsFreqs, value: 0:0:0:833663:2169600:806400:636288:768000:633600:285:285:285
06-11 07:08:28.923  2745  4896 I SpenGestureManagerService: getBleSpenAddress
06-11 07:08:28.927  7492  7492 W [AirCmd]_PairedSpenManager: getSpenNickName : BT device nickName is null.
06-11 07:08:28.927  7492  7492 I [AirCmd]_DeviceBatteryInfoHandler: setDeviceBatteryInfo : Address = BC:06:2D:AD:0E:B6, BatteryLevel = 100, BatteryStatus = 3
06-11 07:08:28.928  2745  5241 I BatteryStatsService: setDeviceBatteryInfo()
06-11 07:08:28.928  2745  5241 I DeviceBatteryInfoService: setDeviceBatteryInfo()
06-11 07:08:28.929  2745  3549 I DeviceBatteryInfoService: address : BC062D_6
06-11 07:08:28.930  2745  3549 I DeviceBatteryInfoService: semGetBatteryInfo() : BC062D_6
06-11 07:08:28.940  7492  8776 I [AirCmd]_BleSpenGenericChargeController: performLongTimeCharge : Battery : 100, Starting additional charge for 100% battery level 
06-11 07:08:28.942  7492  8776 I [AirCmd]_BleSpenGenericChargeController: startCharge : start 90 sec Charging
06-11 07:08:28.942  7492  8776 I [AirCmd]_WacomDriver: stopCharge
06-11 07:08:28.943  7492  8776 I [AirCmd]_WacomDriver: writeBleSpenCommand : 5 (mLastCommand=3)
06-11 07:08:28.944  2745  4896 I SpenGestureManagerService: writeBleSpenCommand : 5
06-11 07:08:28.945  2745  4896 D SemInputDeviceManager: setProperty: SPEN(11) CMD,SPEN_BLE_CHARGING,5
06-11 07:08:28.946  2745  3208 D SemInputDevice:SPEN: SetPropertyTask: CMD,epen_ble_charging_mode,5 [06-11 07:08:28.945]
06-11 07:08:28.947  7492  8776 I [AirCmd]_WacomDriver: startCharge
06-11 07:08:28.964  1993  1993 I sysinput:SPen: writeInformation:137, OK
06-11 07:08:28.965  2745  3208 D SysinputHAL_V1_3(V1_2): runSpenCmdNoRead: epen_ble_charging_mode,5 ret=0
06-11 07:08:29.389  2034  2073 E HeatmapThread: ECT Thread time in milliseconds: 1781129309
06-11 07:08:29.390  2034  2073 D HeatmapThread: !@ batteryplugType : 0
06-11 07:08:29.390  2034  2073 D HeatmapThread: !@ batteryLevel : 0  batteryTemperature : 0 
06-11 07:08:29.390  2034  2073 D HeatmapThread: !@ Heatmap currtime: 29685488
06-11 07:08:29.390  2034  2073 D HeatmapThread: !@ Heatmap prevtime: 29685471
06-11 07:08:29.390  2034  2073 D HeatmapThread: !@ Heatmap plugstarttime: 35791394
06-11 07:08:29.390  2034  2073 D HeatmapThread: !@ Heatmap prevv_dsoh_update_time: 29682402
06-11 07:08:29.390  2034  2073 E HeatmapThread: !@Could not open '/efs/FactoryApp/bsoh', errno = 13
06-11 07:08:29.390  2034  2073 E HeatmapThread: !@ CAM Could not access BSOH EFS
06-11 07:08:29.390  2034  2073 E HeatmapThread: !@ CAM New BSOH: 0
06-11 07:08:29.550  7492  8776 I [AirCmd]_WacomDriver: writeBleSpenCommand : 3 (mLastCommand=5)
06-11 07:08:29.551  2745  5241 I SpenGestureManagerService: writeBleSpenCommand : 3
06-11 07:08:29.552  2745  5241 D SemInputDeviceManager: setProperty: SPEN(11) CMD,SPEN_BLE_CHARGING,3
06-11 07:08:29.553  2745  3208 D SemInputDevice:SPEN: SetPropertyTask: CMD,epen_ble_charging_mode,3 [06-11 07:08:29.552]
06-11 07:08:29.569  1993  1993 I sysinput:SPen: writeInformation:137, OK
06-11 07:08:29.570  2745  3208 D SysinputHAL_V1_3(V1_2): runSpenCmdNoRead: epen_ble_charging_mode,3 ret=0
06-11 07:08:29.760  1153  1153 D io_stats: !@   8,0 r 22737143 411745399 w 5872775 93085248 d 1577463 220346600 f 0 680932 iot 9221348 0 th 0 0 0 pt 0 inp 0 0 121163.294
06-11 07:08:29.761  1153  1153 D io_stats: !@ Read_top(KB): id.agent:remote(18715) 420 f2fs_ckpt-254:5(4519) 4
06-11 07:08:29.761  1153  1153 D io_stats: !@ Write_top(KB): kworker/u16:5(31446) 320 f2fs_ckpt-254:5(4519) 144 init(1) 28
06-11 07:08:29.994  4030  4625 W l2c_ble : system/stack/l2cap/l2c_ble.cc:111 l2cble_notify_le_connection: 
06-11 07:08:29.995  4030  4625 W l2c_ble : system/stack/l2cap/l2c_ble.cc:111 l2cble_notify_le_connection: 
06-11 07:08:29.995  4030  5321 W bt_btif_gattc: system/btif/src/btif_gatt_client.cc:224 btif_gattc_upstreams_evt: Event BTA_GATTC_NOTIF_EVT [10]
06-11 07:08:29.995  4030  4625 W l2c_ble : system/stack/l2cap/l2c_ble.cc:111 l2cble_notify_le_connection: 
06-11 07:08:29.996  4030  5321 W bt_btif_gattc: system/btif/src/btif_gatt_client.cc:224 btif_gattc_upstreams_evt: Event BTA_GATTC_NOTIF_EVT [10]
06-11 07:08:29.997  4030  5321 W bt_btif_gattc: system/btif/src/btif_gatt_client.cc:224 btif_gattc_upstreams_evt: Event BTA_GATTC_NOTIF_EVT [10]
06-11 07:08:30.000  7492  7302 I [AirCmd]_BleDriver: GattCallback : onCharacteristicChanged : D2.d@689e96c / UUID_CHARGE_STATUS, RAWDATA : [1]
06-11 07:08:30.002  7492  7302 I [AirCmd]_SpenCommonDriver: onCharacteristicChanged : Charge:CHARGING
06-11 07:08:30.003  7492  7302 I [AirCmd]_BleSpenGenericChargeController: onChargeStateChanged : spenInstanceId=BUILTIN, chargeState=CHARGING
06-11 07:08:30.003  2745  5241 I SpenGestureManagerService: getBleSpenAddress
06-11 07:08:30.004  7492  7302 I [AirCmd]_BleDriver: GattCallback : onCharacteristicChanged : D2.d@689e96c / UUID_BATTERY_LEVEL, RAWDATA : [100 0]
06-11 07:08:30.006  7492  7302 I [AirCmd]_SpenCommonDriver: onCharacteristicChanged : Battery:100
06-11 07:08:30.007  7492  7492 W [AirCmd]_PairedSpenManager: getSpenNickName : BT device nickName is null.
06-11 07:08:30.008  7492  7492 I [AirCmd]_DeviceBatteryInfoHandler: setDeviceBatteryInfo : Address = BC:06:2D:AD:0E:B6, BatteryLevel = 100, BatteryStatus = 3
06-11 07:08:30.008  2745  5241 I BatteryStatsService: setDeviceBatteryInfo()
06-11 07:08:30.008  2745  5241 I DeviceBatteryInfoService: setDeviceBatteryInfo()
06-11 07:08:30.008  7492  7302 I [AirCmd]_BleSpenGenericChargeController: onBatteryLevelChanged : 100->100
06-11 07:08:30.010  2745  3549 I DeviceBatteryInfoService: address : BC062D_6
06-11 07:08:30.010  7492  7302 I [AirCmd]_BleSpenGenericChargeController: reserveLongTimeCharge : WakeLock acquire 60secs
06-11 07:08:30.010  2745  3549 I DeviceBatteryInfoService: semGetBatteryInfo() : BC062D_6
06-11 07:08:30.011  7492  7302 I [AirCmd]_BleDriver: GattCallback : onCharacteristicChanged : D2.d@689e96c / UUID_BUTTON_EVENT, RAWDATA : [255 4 2]
06-11 07:08:30.390  2034  2073 E HeatmapThread: ECT Thread time in milliseconds: 1781129310
06-11 07:08:30.390  2034  2073 D HeatmapThread: !@ batteryplugType : 0
06-11 07:08:30.390  2034  2073 D HeatmapThread: !@ batteryLevel : 0  batteryTemperature : 0 
06-11 07:08:30.390  2034  2073 D HeatmapThread: !@ Heatmap currtime: 29685488
06-11 07:08:30.390  2034  2073 D HeatmapThread: !@ Heatmap prevtime: 29685471
06-11 07:08:30.390  2034  2073 D HeatmapThread: !@ Heatmap plugstarttime: 35791394
06-11 07:08:30.390  2034  2073 D HeatmapThread: !@ Heatmap prevv_dsoh_update_time: 29682402
06-11 07:08:30.390  2034  2073 E HeatmapThread: !@Could not open '/efs/FactoryApp/bsoh', errno = 13
06-11 07:08:30.391  2034  2073 E HeatmapThread: !@ CAM Could not access BSOH EFS
06-11 07:08:30.391  2034  2073 E HeatmapThread: !@ CAM New BSOH: 0
06-11 07:08:30.486 18642 18728 I Finsky:background: [230] playLoggingServerUrl: https://play.googleapis.com/play/log
06-11 07:08:30.487 18642 18728 I Finsky:background: [230] playLoggingServerTimestampUrl: https://play.googleapis.com/play/log/timestamp
06-11 07:08:30.665  2745  2768 I system_server: Background young concurrent mark compact GC freed 34MB AllocSpace bytes, 76(1852KB) LOS objects, 16% free, 186MB/222MB, paused 1.642ms,10.821ms total 172.431ms
06-11 07:08:30.835  1938 15888 I sensors-hal: handle_sns_std_sensor_event:311, [SSC_LIGHT] P: 87(87),m:7,c:248,b:72,c0:6032,l:82,f(r):100,u(bl):100,j:83
06-11 07:08:31.015  7492  8776 I [AirCmd]_BleSpenGenericChargeController: performLongTimeCharge : Battery : 100, Starting additional charge for 100% battery level 
06-11 07:08:31.016  7492  8776 I [AirCmd]_BleSpenGenericChargeController: startCharge : start 90 sec Charging
06-11 07:08:31.016  7492  8776 I [AirCmd]_WacomDriver: stopCharge
06-11 07:08:31.017  7492  8776 I [AirCmd]_WacomDriver: writeBleSpenCommand : 5 (mLastCommand=3)
06-11 07:08:31.018  2745  4896 I SpenGestureManagerService: writeBleSpenCommand : 5
06-11 07:08:31.019  2745  4896 D SemInputDeviceManager: setProperty: SPEN(11) CMD,SPEN_BLE_CHARGING,5
06-11 07:08:31.020  7492  8776 I [AirCmd]_WacomDriver: startCharge
06-11 07:08:31.021  2745  3208 D SemInputDevice:SPEN: SetPropertyTask: CMD,epen_ble_charging_mode,5 [06-11 07:08:31.019]
06-11 07:08:31.024  1993  1993 I sysinput:SPen: writeInformation:137, OK
06-11 07:08:31.024  2745  3208 D SysinputHAL_V1_3(V1_2): runSpenCmdNoRead: epen_ble_charging_mode,5 ret=0
06-11 07:08:31.388  2034  2073 E HeatmapThread: ECT Thread time in milliseconds: 1781129311
06-11 07:08:31.388  2034  2073 D HeatmapThread: !@ batteryplugType : 0
06-11 07:08:31.388  2034  2073 D HeatmapThread: !@ batteryLevel : 0  batteryTemperature : 0 
06-11 07:08:31.388  2034  2073 D HeatmapThread: !@ Heatmap currtime: 29685488
06-11 07:08:31.388  2034  2073 D HeatmapThread: !@ Heatmap prevtime: 29685471
06-11 07:08:31.389  2034  2073 D HeatmapThread: !@ Heatmap plugstarttime: 35791394
06-11 07:08:31.389  2034  2073 D HeatmapThread: !@ Heatmap prevv_dsoh_update_time: 29682402
06-11 07:08:31.389  2034  2073 E HeatmapThread: !@Could not open '/efs/FactoryApp/bsoh', errno = 13
06-11 07:08:31.389  2034  2073 E HeatmapThread: !@ CAM Could not access BSOH EFS
06-11 07:08:31.389  2034  2073 E HeatmapThread: !@ CAM New BSOH: 0
06-11 07:08:31.589  4030  4625 W l2c_ble : system/stack/l2cap/l2c_ble.cc:111 l2cble_notify_le_connection: 
06-11 07:08:31.589  4030  5321 W bt_btif_gattc: system/btif/src/btif_gatt_client.cc:224 btif_gattc_upstreams_evt: Event BTA_GATTC_NOTIF_EVT [10]
06-11 07:08:31.594  7492  7302 I [AirCmd]_BleDriver: GattCallback : onCharacteristicChanged : D2.d@689e96c / UUID_CHARGE_STATUS, RAWDATA : [0]
06-11 07:08:31.596  7492  7302 I [AirCmd]_SpenCommonDriver: onCharacteristicChanged : Charge:DISCHARGING
06-11 07:08:31.596  7492  7302 I [AirCmd]_BleSpenGenericChargeController: onChargeStateChanged : spenInstanceId=BUILTIN, chargeState=DISCHARGING
06-11 07:08:31.622  7492  8776 I [AirCmd]_WacomDriver: writeBleSpenCommand : 3 (mLastCommand=5)
06-11 07:08:31.623  2745  4896 I SpenGestureManagerService: writeBleSpenCommand : 3
06-11 07:08:31.623  2745  4896 D SemInputDeviceManager: setProperty: SPEN(11) CMD,SPEN_BLE_CHARGING,3
06-11 07:08:31.625  2745  3208 D SemInputDevice:SPEN: SetPropertyTask: CMD,epen_ble_charging_mode,3 [06-11 07:08:31.624]
06-11 07:08:31.630  7492  8776 I [AirCmd]_PowerWakeLocker: release wake lock AirCmd:SpenCharging
06-11 07:08:31.640  1993  1993 I sysinput:SPen: writeInformation:137, OK
06-11 07:08:31.640  2745  3208 D SysinputHAL_V1_3(V1_2): runSpenCmdNoRead: epen_ble_charging_mode,3 ret=0
06-11 07:08:31.695  2745  3405 D WifiStaIfaceHidlImpl: getCachedScanData is not implemented by HIDL
06-11 07:08:31.738  2745  5646 D SemWifiUsabilityStatsMonitor: onWifiUsabilityStats - seqNum 9830, isSameBssidAndFreq true
06-11 07:08:31.740  2745  3502 E SemWifiLinkQualityMonitor: Too old or invalid TMI: currentTime=1781129311740 lastDateWindow=1781129197000
06-11 07:08:31.753 16149 17628 I NearbyMediums: No BLE Fast/GATT advertisements found in the latest cycle.
06-11 07:08:31.754 16149 17628 I NearbyMediums: Current Tracked Scanning Clients are : {NearbyConnections.EnvironmentMonitor, NearbyConnections.TxAdvertisement}
06-11 07:08:31.762  1153  1153 D io_stats: !@   8,0 r 22737151 411745431 w 5872779 93085264 d 1577463 220346600 f 0 680932 iot 9221376 0 th 0 0 0 pt 0 inp 0 0 121165.297
06-11 07:08:32.076  4030  4625 W l2c_ble : system/stack/l2cap/l2c_ble.cc:111 l2cble_notify_le_connection: 
06-11 07:08:32.076  4030  4625 W l2c_ble : system/stack/l2cap/l2c_ble.cc:111 l2cble_notify_le_connection: 
06-11 07:08:32.076  4030  5321 W bt_btif_gattc: system/btif/src/btif_gatt_client.cc:224 btif_gattc_upstreams_evt: Event BTA_GATTC_NOTIF_EVT [10]
06-11 07:08:32.077  4030  5321 W bt_btif_gattc: system/btif/src/btif_gatt_client.cc:224 btif_gattc_upstreams_evt: Event BTA_GATTC_NOTIF_EVT [10]
06-11 07:08:32.081  7492  7302 I [AirCmd]_BleDriver: GattCallback : onCharacteristicChanged : D2.d@689e96c / UUID_CHARGE_STATUS, RAWDATA : [1]
06-11 07:08:32.083  7492  7302 I [AirCmd]_SpenCommonDriver: onCharacteristicChanged : Charge:CHARGING
06-11 07:08:32.083  7492  7302 I [AirCmd]_BleSpenGenericChargeController: onChargeStateChanged : spenInstanceId=BUILTIN, chargeState=CHARGING
06-11 07:08:32.084  7492  7302 I [AirCmd]_BleDriver: GattCallback : onCharacteristicChanged : D2.d@689e96c / UUID_BUTTON_EVENT, RAWDATA : [255 4 2]
06-11 07:08:32.084  2745  4896 I SpenGestureManagerService: getBleSpenAddress
06-11 07:08:32.088  7492  7492 W [AirCmd]_PairedSpenManager: getSpenNickName : BT device nickName is null.
06-11 07:08:32.089  7492  7492 I [AirCmd]_DeviceBatteryInfoHandler: setDeviceBatteryInfo : Address = BC:06:2D:AD:0E:B6, BatteryLevel = 100, BatteryStatus = 3
06-11 07:08:32.090  2745  4896 I BatteryStatsService: setDeviceBatteryInfo()
06-11 07:08:32.090  2745  4896 I DeviceBatteryInfoService: setDeviceBatteryInfo()
06-11 07:08:32.092  2745  3549 I DeviceBatteryInfoService: address : BC062D_6
06-11 07:08:32.092  2745  3549 I DeviceBatteryInfoService: semGetBatteryInfo() : BC062D_6
06-11 07:08:32.247 15474 15474 I wpa_supplicant: Heartbeat 2389
06-11 07:08:32.388  2034  2073 E HeatmapThread: ECT Thread time in milliseconds: 1781129312
06-11 07:08:32.388  2034  2073 D HeatmapThread: !@ batteryplugType : 0
06-11 07:08:32.388  2034  2073 D HeatmapThread: !@ batteryLevel : 0  batteryTemperature : 0 
06-11 07:08:32.388  2034  2073 D HeatmapThread: !@ Heatmap currtime: 29685488
06-11 07:08:32.388  2034  2073 D HeatmapThread: !@ Heatmap prevtime: 29685471
06-11 07:08:32.388  2034  2073 D HeatmapThread: !@ Heatmap plugstarttime: 35791394
06-11 07:08:32.388  2034  2073 D HeatmapThread: !@ Heatmap prevv_dsoh_update_time: 29682402
06-11 07:08:32.389  2034  2073 E HeatmapThread: !@Could not open '/efs/FactoryApp/bsoh', errno = 13
06-11 07:08:32.389  2034  2073 E HeatmapThread: !@ CAM Could not access BSOH EFS
06-11 07:08:32.389  2034  2073 E HeatmapThread: !@ CAM New BSOH: 0
06-11 07:08:33.303  2745  3416 D InetDiagMessage: Destroyed 0 sockets, proto=IPPROTO_TCP, family=AF_INET, states=14
06-11 07:08:33.310  2745  3416 D InetDiagMessage: Destroyed 0 sockets, proto=IPPROTO_TCP, family=AF_INET6, states=14
06-11 07:08:33.310  2745  3416 D InetDiagMessage: Destroyed live tcp sockets for uids={10101} in 20ms
06-11 07:08:33.315  2745  3416 D InetDiagMessage: Destroyed 0 sockets, proto=IPPROTO_TCP, family=AF_INET, states=14
06-11 07:08:33.319  2745  3416 D InetDiagMessage: Destroyed 0 sockets, proto=IPPROTO_TCP, family=AF_INET6, states=14
06-11 07:08:33.319  2745  3416 D InetDiagMessage: Destroyed live tcp sockets for uids={20101} in 9ms
06-11 07:08:33.390  2034  2073 E HeatmapThread: ECT Thread time in milliseconds: 1781129313
06-11 07:08:33.390  2034  2073 D HeatmapThread: !@ batteryplugType : 0
06-11 07:08:33.390  2034  2073 D HeatmapThread: !@ batteryLevel : 0  batteryTemperature : 0 
06-11 07:08:33.390  2034  2073 D HeatmapThread: !@ Heatmap currtime: 29685488
06-11 07:08:33.390  2034  2073 D HeatmapThread: !@ Heatmap prevtime: 29685471
06-11 07:08:33.390  2034  2073 D HeatmapThread: !@ Heatmap plugstarttime: 35791394
06-11 07:08:33.390  2034  2073 D HeatmapThread: !@ Heatmap prevv_dsoh_update_time: 29682402
06-11 07:08:33.391  2034  2073 E HeatmapThread: !@Could not open '/efs/FactoryApp/bsoh', errno = 13
06-11 07:08:33.391  2034  2073 E HeatmapThread: !@ CAM Could not access BSOH EFS
06-11 07:08:33.391  2034  2073 E HeatmapThread: !@ CAM New BSOH: 0
06-11 07:08:33.417  2745  4736 I NSLocationMonitor: getGPSUsingApps() called
06-11 07:08:33.418  4710  4768 I NSLocationManager_FLP: getGPSUsingApps, No change
06-11 07:08:33.423  2745  4736 W Binder  : Outgoing transactions from this process must be FLAG_ONEWAY
06-11 07:08:33.423  2745  4736 W Binder  : java.lang.Throwable
06-11 07:08:33.423  2745  4736 W Binder  : 	at android.os.BinderProxy.transact(BinderProxy.java:566)
06-11 07:08:33.423  2745  4736 W Binder  : 	at android.bluetooth.IBluetoothGatt$Stub$Proxy.getAdvertisingSetUids(IBluetoothGatt.java:1678)
06-11 07:08:33.423  2745  4736 W Binder  : 	at android.bluetooth.BluetoothAdapter.getAdvertisingSetUids(BluetoothAdapter.java:8476)
06-11 07:08:33.423  2745  4736 W Binder  : 	at android.bluetooth.BluetoothAdapter.getHWUsingApps(BluetoothAdapter.java:1342)
06-11 07:08:33.423  2745  4736 W Binder  : 	at com.android.server.am.mars.filter.filter.BlueToothConnectedFilter.updateBTUsingPackages(qb/109668159 6a21825bf1cf33576f47f064818bfb06cae073423a3c8afee893a28fe1ec42b2:22)
06-11 07:08:33.423  2745  4736 W Binder  : 	at com.android.server.am.FreecessController.freeze(qb/109668159 6a21825bf1cf33576f47f064818bfb06cae073423a3c8afee893a28fe1ec42b2:117)
06-11 07:08:33.423  2745  4736 W Binder  : 	at com.android.server.am.FreecessHandler$MainHandler.handleLcdOnFreeze(qb/109668159 6a21825bf1cf33576f47f064818bfb06cae073423a3c8afee893a28fe1ec42b2:55)
06-11 07:08:33.423  2745  4736 W Binder  : 	at com.android.server.am.FreecessHandler$MainHandler.handleMessage(qb/109668159 6a21825bf1cf33576f47f064818bfb06cae073423a3c8afee893a28fe1ec42b2:793)
06-11 07:08:33.423  2745  4736 W Binder  : 	at android.os.Handler.dispatchMessage(Handler.java:110)
06-11 07:08:33.423  2745  4736 W Binder  : 	at android.os.Looper.loopOnce(Looper.java:273)
06-11 07:08:33.423  2745  4736 W Binder  : 	at android.os.Looper.loop(Looper.java:363)
06-11 07:08:33.423  2745  4736 W Binder  : 	at android.os.HandlerThread.run(HandlerThread.java:85)
06-11 07:08:33.433  2745  4736 W Binder  : Outgoing transactions from this process must be FLAG_ONEWAY
06-11 07:08:33.433  2745  4736 W Binder  : java.lang.Throwable
06-11 07:08:33.433  2745  4736 W Binder  : 	at android.os.BinderProxy.transact(BinderProxy.java:566)
06-11 07:08:33.433  2745  4736 W Binder  : 	at android.bluetooth.IBluetoothScan$Stub$Proxy.getScannerUids(IBluetoothScan.java:666)
06-11 07:08:33.433  2745  4736 W Binder  : 	at android.bluetooth.BluetoothAdapter.getScannerUids(BluetoothAdapter.java:8522)
06-11 07:08:33.433  2745  4736 W Binder  : 	at android.bluetooth.BluetoothAdapter.getHWUsingApps(BluetoothAdapter.java:1349)
06-11 07:08:33.433  2745  4736 W Binder  : 	at com.android.server.am.mars.filter.filter.BlueToothConnectedFilter.updateBTUsingPackages(qb/109668159 6a21825bf1cf33576f47f064818bfb06cae073423a3c8afee893a28fe1ec42b2:22)
06-11 07:08:33.433  2745  4736 W Binder  : 	at com.android.server.am.FreecessController.freeze(qb/109668159 6a21825bf1cf33576f47f064818bfb06cae073423a3c8afee893a28fe1ec42b2:117)
06-11 07:08:33.433  2745  4736 W Binder  : 	at com.android.server.am.FreecessHandler$MainHandler.handleLcdOnFreeze(qb/109668159 6a21825bf1cf33576f47f064818bfb06cae073423a3c8afee893a28fe1ec42b2:55)
06-11 07:08:33.433  2745  4736 W Binder  : 	at com.android.server.am.FreecessHandler$MainHandler.handleMessage(qb/109668159 6a21825bf1cf33576f47f064818bfb06cae073423a3c8afee893a28fe1ec42b2:793)
06-11 07:08:33.433  2745  4736 W Binder  : 	at android.os.Handler.dispatchMessage(Handler.java:110)
06-11 07:08:33.433  2745  4736 W Binder  : 	at android.os.Looper.loopOnce(Looper.java:273)
06-11 07:08:33.433  2745  4736 W Binder  : 	at android.os.Looper.loop(Looper.java:363)
06-11 07:08:33.433  2745  4736 W Binder  : 	at android.os.HandlerThread.run(HandlerThread.java:85)
06-11 07:08:33.441  2745  4736 D FreecessHandler: freeze com.kakao.page(15010371) result : 2
06-11 07:08:33.764  1153  1153 D io_stats: !@   8,0 r 22737151 411745431 w 5872871 93085584 d 1577507 220346888 f 0 680942 iot 9221408 0 th 0 0 0 pt 0 inp 0 0 121167.299
06-11 07:08:33.765  1153  1153 D io_stats: !@ Read_top(KB): ding:background(18642) 32
06-11 07:08:33.765  1153  1153 D io_stats: !@ Write_top(KB): f2fs_ckpt-254:5(4519) 76 ding:background(18642) 16 .android.carkey(18577) 4
06-11 07:08:33.872  1938 15888 I sensors-hal: handle_sns_std_sensor_event:311, [SSC_LIGHT] P: 89(89),m:7,c:248,b:72,c0:6032,l:82,f(r):100,u(bl):100,j:86
06-11 07:08:34.390  2034  2073 E HeatmapThread: ECT Thread time in milliseconds: 1781129314
06-11 07:08:34.390  2034  2073 D HeatmapThread: !@ batteryplugType : 0
06-11 07:08:34.390  2034  2073 D HeatmapThread: !@ batteryLevel : 0  batteryTemperature : 0 
06-11 07:08:34.390  2034  2073 D HeatmapThread: !@ Heatmap currtime: 29685488
06-11 07:08:34.390  2034  2073 D HeatmapThread: !@ Heatmap prevtime: 29685471
06-11 07:08:34.390  2034  2073 D HeatmapThread: !@ Heatmap plugstarttime: 35791394
06-11 07:08:34.390  2034  2073 D HeatmapThread: !@ Heatmap prevv_dsoh_update_time: 29682402
06-11 07:08:34.391  2034  2073 E HeatmapThread: !@Could not open '/efs/FactoryApp/bsoh', errno = 13
06-11 07:08:34.391  2034  2073 E HeatmapThread: !@ CAM Could not access BSOH EFS
06-11 07:08:34.391  2034  2073 E HeatmapThread: !@ CAM New BSOH: 0
06-11 07:08:34.490  2745  3534 D WifiConnectivityMonitor.NetworkStatsAnalyzer: Backhaul result - RSSI:-37, CE:26, PE:28, TI:34, PTI:36, TW:1, PTW:1, Tx:15, Rx:21, TxS:15, RxS:21, RESULT:true, IC:0, ICT:5, WC:0, WCT:5, R:0, RC:0, IE:0, EC:0
06-11 07:08:34.814  2745  3405 D WifiStaIfaceHidlImpl: getCachedScanData is not implemented by HIDL
06-11 07:08:34.854  2745  5646 D SemWifiUsabilityStatsMonitor: onWifiUsabilityStats - seqNum 9831, isSameBssidAndFreq true
06-11 07:08:34.856  2745  3502 E SemWifiLinkQualityMonitor: Too old or invalid TMI: currentTime=1781129314856 lastDateWindow=1781129197000
06-11 07:08:35.390  2034  2073 E HeatmapThread: ECT Thread time in milliseconds: 1781129315
06-11 07:08:35.390  2034  2073 D HeatmapThread: !@ batteryplugType : 0
06-11 07:08:35.390  2034  2073 D HeatmapThread: !@ batteryLevel : 0  batteryTemperature : 0 
06-11 07:08:35.390  2034  2073 D HeatmapThread: !@ Heatmap currtime: 29685488
06-11 07:08:35.390  2034  2073 D HeatmapThread: !@ Heatmap prevtime: 29685471
06-11 07:08:35.390  2034  2073 D HeatmapThread: !@ Heatmap plugstarttime: 35791394
06-11 07:08:35.390  2034  2073 D HeatmapThread: !@ Heatmap prevv_dsoh_update_time: 29682402
06-11 07:08:35.391  2034  2073 E HeatmapThread: !@Could not open '/efs/FactoryApp/bsoh', errno = 13
06-11 07:08:35.391  2034  2073 E HeatmapThread: !@ CAM Could not access BSOH EFS
06-11 07:08:35.391  2034  2073 E HeatmapThread: !@ CAM New BSOH: 0
06-11 07:08:35.470  2745 11711 I AfterimageCompensationService: AfcThread mLuminance : 98 , AfpcPeriodCount : 1657 , rotation : 0 , AOD : false
06-11 07:08:35.472  2745 11711 I SurfaceComposerClient: captureDisplay:Display-4630947232161729154
06-11 07:08:35.477  2062  3191 I SurfaceFlinger: Capture layer list: 	 com.worksoc.goaicoach/com.worksoc.goaicoach.MainActivity$_18096#24026(seamlessTransition:0)
06-11 07:08:35.478  2062  3191 I SurfaceFlinger: Capture layer list: 	 StatusBar$_4231#109(seamlessTransition:0)
06-11 07:08:35.478  2062  3191 I SurfaceFlinger: Capture layer list: 	 com.sec.android.app.launcher/com.samsung.app.honeyspace.edge.edgepanel.app.CocktailBarService$_4527#23988(seamlessTransition:0)
06-11 07:08:35.478  2062  3191 I SurfaceFlinger: Capture layer list: 	 NavigationBar0$_4231#107(seamlessTransition:0)
06-11 07:08:35.478  2062  3191 I CompositionEngine: [setDisplaySize] size=(1080, 2316)
06-11 07:08:35.478  2062  3191 E HWComposer: getLuts: getLuts failed for display 4630947232161729154: UNSUPPORTED (8)
06-11 07:08:35.481  2062  2201 D RenderEngine: [SEC_SF_EFFECTS] drawLayersInternal,1483, Rendering layer ScreenCaptureFillLayer at index 0
