06-11 07:06:48.845  8779  8779 I HBD     : HoneyBoardService onFinishInput 
06-11 07:06:48.845  8779  8779 I HBD     : a IC have been unbinding,  RemoteInputConnection{idHash=#34e3cae}
06-11 07:06:48.845  8779  8779 I HBD     : HoneyBoardService [PF_CL][onFinishInput]  0 ms 
06-11 07:06:48.845  2745  3845 I WindowManager: Cancelling animation restarting=true, leash=Surface(name=Surface(name=5924009 InputMethod)/@0x115d3c5 - animation-leash of insets_animation)/@0xd4cbdc8
06-11 07:06:48.845  2745  3845 I WindowManager: Reparenting to original parent: Surface(name=WindowToken{19083b1 type=2011 android.os.Binder@7033f3b})/@0xd585ff2, destroy=false, surface=Surface(name=5924009 InputMethod)/@0x115d3c5
06-11 07:06:48.845  8779  8779 I HBD     : HoneyBoardService [IMI] onStartInput - caller pid : 18096 , caller uid : 11444 
06-11 07:06:48.845  8779  8779 I HBD     : r updateConfigs 
06-11 07:06:48.845  8779  8779 I HBD     : r isEnabledNightMode : false 
06-11 07:06:48.845  2745  3845 I WindowManager: Reparenting to leash, surface=Surface(name=5924009 InputMethod)/@0x115d3c5, leashParent=Surface(name=WindowToken{19083b1 type=2011 android.os.Binder@7033f3b})/@0xd585ff2
06-11 07:06:48.846  8779  8779 I HBD     : a IC have been binding, RemoteInputConnection{idHash=#34e3cae} 
06-11 07:06:48.846  8779  8779 I HBD     : h [EditorInputType]setPrivateImeOptionsToTable privateImeOptions ( null )
06-11 07:06:48.846  8779  8779 I HBD     : b incognitoMode : false 
06-11 07:06:48.846  8779  8779 I HBD     : f needOff = true , isForceOff = false, isNullInputClass : true 
06-11 07:06:48.846  8779  8779 I HBD     : h getDefaultInputRange : UNKNOWN 
06-11 07:06:48.846  8779  8779 I HBD     : h getDefaultInputRange : UNKNOWN 
06-11 07:06:48.846  8779  8779 I HBD     : h getDefaultInputRange : UNKNOWN 
06-11 07:06:48.846  2062  3191 I SurfaceFlinger: id=24041 createSurf, flag=24004, Surface(name=5924009 InputMethod)/@0x115d3c5 - animation-leash of insets_animation#24041
06-11 07:06:48.846  8779  8779 I HBD     : i [AiWriter] isChildBlockCase:
06-11 07:06:48.847  2745  3845 D WindowManager: makeSurface duration=2 leash=Surface(name=Surface(name=5924009 InputMethod)/@0x115d3c5 - animation-leash of insets_animation)/@0xdf6ecb1
06-11 07:06:48.847  2745  3845 D InsetsSourceProvider: updateControlForTarget: control=InsetsSourceControl: {3 mType=ime mSurfacePosition=Point(0, 75) mInsetsHint=Insets{left=0, top=0, right=0, bottom=876}}, target=Window{5ab3166 u0 com.worksoc.goaicoach/com.worksoc.goaicoach.MainActivity}, from=com.android.server.wm.ImeInsetsSourceProvider.updateControlForTarget:17 com.android.server.wm.InsetsStateController.onControlTargetChanged:83 com.android.server.wm.DisplayContent.updateImeControlTarget:21 com.android.server.wm.DisplayContent.updateImeInputAndControlTarget:156 com.android.server.wm.WindowManagerService$LocalService.updateInputMethodTargetWindow:64 
06-11 07:06:48.848  2745  3845 I ImeTracker: system_server:e6f22ce4: onRequestHide at ORIGIN_SERVER reason IME_REQUESTED_CHANGED_LISTENER fromUser false
06-11 07:06:48.848  2745  2805 V InputMethodManagerService: Client requesting input be hidden
06-11 07:06:48.848  2745  2805 V InputMethodManagerService: setWindowStateInner, windowToken=android.os.BinderProxy@610c5c1, state=ImeTargetWindowState{ imeToken android.os.Binder@287a517 imeFocusChanged true hasEditorFocused false requestedImeVisible false imeDisplayId 0 softInputModeState STATE_UNSPECIFIED|ADJUST_PAN isStartInputByGainFocus true}
06-11 07:06:48.848  2745  2805 I ImeTracker: system_server:e6f22ce4: onCancelled at PHASE_SERVER_SHOULD_HIDE
06-11 07:06:48.848  2745  2805 V InputMethodManagerService: hideCurrentInputLocked : canceled, shouldHideSoftInput=false, mInputShown=false, mImeWindowVis=0
06-11 07:06:48.848  2745  2807 D SurfaceComposerClient: [SEC_SF_EFFECTS] setBackgroundBlurRadius ## Dim Layer for - Task=42720#24036 backgroundBlurRadius=0
06-11 07:06:48.848  2745  5241 I ActivityManager: Changes in 10103 15 to 7, 0 to 128
06-11 07:06:48.848  2062  2062 I SurfaceFlinger: [Surface(name=5924009 InputMethod)/@0x115d3c5 - animation-leash of insets_animation#24041] attach to parent LayerHierarchy{RequestedLayerState{WindowToken{19083b1 type=2011 android.os.Binder@7033f3b}#134 parentId=15} 2 children}
06-11 07:06:48.848  2745  2806 D SurfaceComposerClient: setCornerRadius ## 5ab3166 com.worksoc.goaicoach/com.worksoc.goaicoach.MainActivity#24025 cornerRadius=0.000000
06-11 07:06:48.849 18233 15093 I SamsungAccount: [AccountManagerProvider] isChildAccount
06-11 07:06:48.849 18233 15093 I SamsungAccount: [AccountManagerProvider] Calling package : android.honeyboard.
06-11 07:06:48.852 18233 15093 I SamsungAccount: [SignatureInfoDbHelper] searchOnUser(fromDb) - [10/lfgff][android.honeyboard.][64/3291d] => matched
06-11 07:06:48.852 18233 15093 I SamsungAccount: [AccountManagerProvider] This is the access of the allowed application
06-11 07:06:48.852 18233 15093 I SamsungAccount: [AccountManagerUtil] isSamsungAccountSignedIn : true
06-11 07:06:48.852  4710  4840 I RequestManager_FLP: onOpChanged, op=0 / packageName=com.osp.app.signin
06-11 07:06:48.853 18233 15093 I SamsungAccount: [TPMU]  SIMState     :SIM_STATE_READY
06-11 07:06:48.853 18233 15093 I SamsungAccount: [CountryCodeUtil] isChinaCountryCode : false
06-11 07:06:48.854 18233 15093 I SamsungAccount: [TPMU] getMccFromUsim
06-11 07:06:48.854 18233 15093 I SamsungAccount: [MccManager] saveMccToPreference Start
06-11 07:06:48.854 18233 15093 I SamsungAccount: [MccManager] saveMccToPreference, mcc is same with previous mcc
06-11 07:06:48.854 18233 15093 I SamsungAccount: [ChildAccountSupportedListManager] getSupportedListFromLocal from cache
06-11 07:06:48.855 18233 15093 I SamsungAccount: [TPMU]  SIMState     :SIM_STATE_READY
06-11 07:06:48.855 18233 15093 I SamsungAccount: [CountryCodeUtil] isChinaCountryCode : false
06-11 07:06:48.855 18233 15093 I SamsungAccount: [TPMU] getMccFromUsim
06-11 07:06:48.855 18233 15093 I SamsungAccount: [MccManager] saveMccToPreference Start
06-11 07:06:48.855 18233 15093 I SamsungAccount: [MccManager] saveMccToPreference, mcc is same with previous mcc
06-11 07:06:48.855 18233 15093 I SamsungAccount: [FamilyGroupUtil] meetKoreaCountryCondition(beforeSignUp=false): true
06-11 07:06:48.856 18233 15093 I SamsungAccount: [TPMU]  SIMState     :SIM_STATE_READY
06-11 07:06:48.856 18233 15093 I SamsungAccount: [CountryCodeUtil] isChinaCountryCode : false
06-11 07:06:48.856 18233 15093 I SamsungAccount: [TPMU] getMccFromUsim
06-11 07:06:48.856 18233 15093 I SamsungAccount: [MccManager] saveMccToPreference Start
06-11 07:06:48.856 18233 15093 I SamsungAccount: [MccManager] saveMccToPreference, mcc is same with previous mcc
06-11 07:06:48.856 18233 15093 I SamsungAccount: [FamilyGroupUtil] meetKoreaOneUiCondition: true
06-11 07:06:48.856 18233 15093 I SamsungAccount: [FamilyGroupUtil] isSupportFamilyService: true
06-11 07:06:48.856 18233 15093 I SamsungAccount: [AccountManagerUtil] isSamsungAccountSignedIn : true
06-11 07:06:48.857 18233 15093 I SamsungAccount: [ChildAccount] isChildAccount : false
06-11 07:06:48.857 18233 15093 I SamsungAccount: [AccountManagerProvider] makeResultBundle - resultCode : 0
06-11 07:06:48.857  8779  8779 I HBD     : i [AiWriter] isChildAccount:false
06-11 07:06:48.857  8779  8779 I HBD     : f needOff = true , isForceOff = false, isNullInputClass : true 
06-11 07:06:48.857  8779  8779 I HBD     : f update cached prediction status : false 
06-11 07:06:48.857  8779  8779 I HBD     : h getDefaultInputRange : UNKNOWN 
06-11 07:06:48.857  8779  8779 I HBD     : h getDefaultInputRange : UNKNOWN 
06-11 07:06:48.857  8779  8779 I HBD     : a currentState : 0 
06-11 07:06:48.858  8779  8779 I HBD     : a [UpdatePolicy] [post] a: 0 cl: 65537 kit: [0/0] vt: 0 ir: 1 
06-11 07:06:48.858  8779  8779 I HBD     : a [NRIC] resetNoResponseState 
06-11 07:06:48.858  8779  8779 I HBD     : f needOff = true , isForceOff = false, isNullInputClass : true 
06-11 07:06:48.858  8779  8779 I HBD     : f update cached prediction status : false 
06-11 07:06:48.858  8779  8779 I HBD     : b [AiWriter] setContact : com.worksoc.goaicoach
06-11 07:06:48.859  8779  8779 I HBD     : HoneyBoardService [PF_OP][onStartInput]  14 ms 
06-11 07:06:48.859  8779  8779 I HBD     : [DirectWriting] DirectWriting emitInputConnection : RemoteInputConnection{idHash=#34e3cae} 
06-11 07:06:48.865  2062  2062 I SurfaceFlinger: RequestedLayer [Surface(name=5924009 InputMethod)/@0[...]tion-leash of insets_animation#24041] hidden!! flag  from(1) --> to(0)
06-11 07:06:48.865  2062  2062 E SurfaceFlinger: alpha changed 1.000 -> 0.000 - Surface(name=5924009 InputMethod)/@0x115d3c5 - animation-leash of insets_animation#24041
06-11 07:06:48.865  2062  2062 I SurfaceFlinger: [LayerHierarchy{RequestedLayerState{ImeContainer#15 parentId=23892 relativeParentId=24025 z=1} 1 children}] RelativeParent to LayerHierarchy{RequestedLayerState{5ab3166 com.worksoc.goaicoach/com.worksoc.goaicoach.MainActivity#24025 parentId=23892} 2 children}
06-11 07:06:48.865  2062  2062 I SurfaceFlinger: [LayerHierarchy{RequestedLayerState{5924009 InputMethod#202 parentId=24041} no children}] reparent to LayerHierarchy{RequestedLayerState{Surface(name=5924009 InputMethod)/@0x115d3c5 - animation-leash of insets_animation#24041 parentId=134} 1 children}
06-11 07:06:48.865  2062  2062 I SurfaceFlinger: [LayerHierarchy{RequestedLayerState{Surface(name=5924009 InputMethod)/@0x115d3c5 - animation-leash of insets_animation#24037} no children}] reparent to OffscreenRoot
06-11 07:06:48.865  2062  2062 I SurfaceFlinger: [LayerHierarchy{RequestedLayerState{Surface(name=5924009 InputMethod)/@0x115d3c5 - animation-leash of insets_animation#24037} no children}] RelativeParent to null
06-11 07:06:48.865  2745  2807 D SurfaceComposerClient: [SEC_SF_EFFECTS] setBackgroundBlurRadius ## Dim Layer for - Task=42720#24036 backgroundBlurRadius=0
06-11 07:06:48.870  2062  3191 I SurfaceFlinger: id=24037 Removed Surface(name=5924009 InputMethod)/@0x115d3c5 - animation-leash of insets_animation#24037 (341)
06-11 07:06:48.872  8779  8779 I InputMethodService: scheduleImeSurfaceRemoval: removeImeSurface is posted.
06-11 07:06:48.881  2062  2062 I SurfaceFlinger: destroyed Surface(name=5924009 InputMethod)/@0x115d3c5 - animation-leash of insets_animation#24037 form LifecycleManager
06-11 07:06:48.881  2062  2062 I SurfaceFlinger: id=24037 onLayerDestroyed from LayerHierarchyBuilder(RequestedLayerState{Surface(name=5924009 InputMethod)/@0x115d3c5 - animation-leash of insets_animation#24037 !handle})
06-11 07:06:48.881  2745  2807 D SurfaceComposerClient: [SEC_SF_EFFECTS] setBackgroundBlurRadius ## Dim Layer for - Task=42720#24036 backgroundBlurRadius=0
06-11 07:06:48.885  2062  2062 I Layer   : id=24037 Destroyed Surface(name=5924009 InputMethod)/@0x115d3c5 - animation-leash of insets_animation#24037
06-11 07:06:48.898  2745  2807 D SurfaceComposerClient: [SEC_SF_EFFECTS] setBackgroundBlurRadius ## Dim Layer for - Task=42720#24036 backgroundBlurRadius=0
06-11 07:06:48.910  1938 15888 I sensors-hal: handle_sns_std_sensor_event:311, [SSC_LIGHT] P: 58(58),m:7,c:73,b:72,c0:3184,l:54,f(r):100,u(bl):100,j:53
06-11 07:06:48.916  2745  2807 D SurfaceComposerClient: [SEC_SF_EFFECTS] setBackgroundBlurRadius ## Dim Layer for - Task=42720#24036 backgroundBlurRadius=0
06-11 07:06:48.931  2745  2807 D SurfaceComposerClient: [SEC_SF_EFFECTS] setBackgroundBlurRadius ## Dim Layer for - Task=42720#24036 backgroundBlurRadius=0
06-11 07:06:48.948  2745  2807 D SurfaceComposerClient: [SEC_SF_EFFECTS] setBackgroundBlurRadius ## Dim Layer for - Task=42720#24036 backgroundBlurRadius=0
06-11 07:06:48.949  2745  2806 I WindowManager: Reparenting to original parent: Surface(name=ActivityRecord{147150254 u0 com.worksoc.goaicoach/.MainActivity t42720})/@0xe97a8a6, destroy=true, surface=Surface(name=967207b com.worksoc.goaicoach/com.worksoc.goaicoach.MainActivity)/@0xfafe662
06-11 07:06:48.949  2745  2806 E WindowManager: win=Window{967207b u0 com.worksoc.goaicoach/com.worksoc.goaicoach.MainActivity EXITING} destroySurfaces: appStopped=false cleanupOnResume=false win.mWindowRemovalAllowed=true win.mRemoveOnExit=true win.mViewVisibility=0 caller=com.android.server.wm.WindowState.onExitAnimationDone:224 com.android.server.wm.WindowState.onAnimationFinished:174 com.android.server.wm.WindowContainer$$ExternalSyntheticLambda8.onAnimationFinished:3 com.android.server.wm.SurfaceAnimator$$ExternalSyntheticLambda0.onAnimationFinished:69 com.android.server.wm.LocalAnimationAdapter$$ExternalSyntheticLambda0.run:10 android.os.Handler.handleCallback:995 android.os.Handler.dispatchMessage:103 
06-11 07:06:48.950  2745  2806 D SurfaceComposerClient: setCornerRadius ## 5ab3166 com.worksoc.goaicoach/com.worksoc.goaicoach.MainActivity#24025 cornerRadius=0.000000
06-11 07:06:48.950  2745  2806 D WindowManager: updateSystemBarAttributes: displayId=0, focusedCanBeNavColorWin=false, win=Window{5ab3166 u0 com.worksoc.goaicoach/com.worksoc.goaicoach.MainActivity}, navColorWin=Window{5ab3166 u0 com.worksoc.goaicoach/com.worksoc.goaicoach.MainActivity}, caller=com.android.server.wm.DisplayPolicy.finishPostLayoutPolicyLw:17 com.android.server.wm.RootWindowContainer.applySurfaceChangesTransaction$1:195 com.android.server.wm.RootWindowContainer.performSurfacePlacementNoTrace:59 
06-11 07:06:48.950  2745  2806 D WindowManager: updateSystemBarAttributes, bhv=1, apr=536, statusBarAprRegions=[AppearanceRegion{LIGHT_STATUS_BARS bounds=[0,0][1080,2316]}], requestedVisibilities=-9
06-11 07:06:48.951  2745  2806 D SurfaceComposerClient: setCornerRadius ## 5ab3166 com.worksoc.goaicoach/com.worksoc.goaicoach.MainActivity#24025 cornerRadius=0.000000
06-11 07:06:48.952  4231  4231 D SamsungLightBarControlHelper: updateStatusBar (BLACK icon) numStacks:1, StatusBarMode:MODE_TRANSPARENT, lightBarBounds:[Rect(0, 0 - 1080, 2316)], StatusBarState:SHADE, packageName:, isWhiteKeyguardStatusBar:false
06-11 07:06:48.953  4231  4231 D SamsungLightBarControlHelper: onStatusBarAppearanceChanged() -  sbModeChanged:false, statusBarMode:0, barState:MODE_TRANSPARENT, isKeyguardShowing:false, navbarColorManagedByIme:false, (AppearanceRegion{LIGHT_STATUS_BARS bounds=[0,0][1080,2316]}, )
06-11 07:06:48.965  2745  2807 D SurfaceComposerClient: [SEC_SF_EFFECTS] setBackgroundBlurRadius ## Dim Layer for - Task=42720#24036 backgroundBlurRadius=0
06-11 07:06:48.965  2062  2062 E SurfaceFlinger: alpha changed 0.155 -> 0.000 - Surface(name=967207b com.worksoc.goaicoach/com.worksoc.goaicoach.MainActivity)/@0xfafe662 - animation-leash of window_animation#24038
06-11 07:06:48.965  2062  2062 I SurfaceFlinger: [LayerHierarchy{RequestedLayerState{com.worksoc.goaicoach/com.worksoc.goaicoach.MainActivity$_18096#24034} no children}] reparent to OffscreenRoot
06-11 07:06:48.965  2062  2062 I SurfaceFlinger: [LayerHierarchy{RequestedLayerState{com.worksoc.goaicoach/com.worksoc.goaicoach.MainActivity$_18096#24034} no children}] RelativeParent to null
06-11 07:06:48.966  2745  2806 D SurfaceComposerClient: [SEC_SF_EFFECTS] setBackgroundBlurRadius ## Dim Layer for - Task=42720#24036 backgroundBlurRadius=0
06-11 07:06:48.966  2745  2806 D SurfaceComposerClient: setCornerRadius ## 5ab3166 com.worksoc.goaicoach/com.worksoc.goaicoach.MainActivity#24025 cornerRadius=0.000000
06-11 07:06:48.974  2062  2062 D SurfaceFlinger: Display 4630947232161729154 HWC layers:
06-11 07:06:48.974  2062  2062 D SurfaceFlinger:        DEVICE |           77721728188419 | 00002102 | RGBA_8888    |    0.0    0.0 1080.0 2316.0 |    0    0 1080 2316 | com.worksoc.goaicoach/com.worksoc.goaicoach.MainActivity$_18096#24026 (25)
06-11 07:06:48.974  2062  2062 D SurfaceFlinger:   SOLID_COLOR |                        0 | 00000000 | N/A          |    0.0    0.0    0.0    0.0 |    0    0 1080 2316 | Dim Layer for - Task=42720#24036 (0)
06-11 07:06:48.974  2062  2062 D SurfaceFlinger:        DEVICE |           18172006688019 | 00002100 | RGBA_8888    |    0.0    0.0 1080.0   75.0 |    0    0 1080   75 | StatusBar$_4231#109 (39567)
06-11 07:06:48.974  2062  2062 D SurfaceFlinger:        DEVICE |           19443316953506 | 00002100 | RGBA_8888    |    0.0    0.0   67.0  434.0 | 1013  813 1080 1247 | com.sec.android.app.launcher/com.sam[...]l.app.CocktailBarService$_4527#23988 (1)
06-11 07:06:48.974  2062  2062 D SurfaceFlinger:        DEVICE |           18172006688006 | 00002100 | RGBA_8888    |    0.0    0.0 1080.0  126.0 |    0 2190 1080 2316 | NavigationBar0$_4231#107 (27866)
06-11 07:06:48.974  2062  2062 D SurfaceFlinger: 
06-11 07:06:48.981  2062  2062 I SurfaceFlinger: [Display 0 name="기본으로 제공되는 화면"#49] setFrameRateCategory: Default
06-11 07:06:48.981  2062  2062 I SurfaceFlinger: RequestedLayer [com.worksoc.goaicoach/com.worksoc.goaicoach.MainActivity$_18096#24034] hidden!! flag  from(0) --> to(1)
06-11 07:06:48.981  2062  2062 E SurfaceFlinger: alpha changed 0.064 -> 0.000 - Dim Layer for - Task=42720#24036
06-11 07:06:48.981  2062  2062 I SurfaceFlinger: [LayerHierarchy{RequestedLayerState{967207b com.worksoc.goaicoach/com.worksoc.goaicoach.MainActivity#24031 z=1} 1 children}] reparent to OffscreenRoot
06-11 07:06:48.982  2062  2062 I SurfaceFlinger: [LayerHierarchy{RequestedLayerState{967207b com.worksoc.goaicoach/com.worksoc.goaicoach.MainActivity#24031 z=1} 1 children}] RelativeParent to null
06-11 07:06:48.982  2062  2062 I SurfaceFlinger: [LayerHierarchy{RequestedLayerState{Surface(name=967207b com.worksoc.goaicoach/com.worksoc.goaicoach.MainActivity)/@0xfafe662 - animation-leash of window_animation#24038 z=1} no children}] reparent to OffscreenRoot
06-11 07:06:48.982  2062  2062 I SurfaceFlinger: [LayerHierarchy{RequestedLayerState{Surface(name=967207b com.worksoc.goaicoach/com.worksoc.goaicoach.MainActivity)/@0xfafe662 - animation-leash of window_animation#24038 z=1} no children}] RelativeParent to null
06-11 07:06:48.983  2745  2803 I GestureDetector: handleMessage TAP
06-11 07:06:48.984  2745  2745 I GestureDetector: handleMessage TAP
06-11 07:06:48.986  2062  2062 I SurfaceFlinger: id=24034 Removed com.worksoc.goaicoach/com.worksoc.goaicoach.MainActivity$_18096#24034 (340)
06-11 07:06:48.986  2062  2062 I SurfaceFlinger: id=24038 Removed Surface(name=967207b com.worksoc.goaicoach/com.worksoc.goaicoach.MainActivity)/@0xfafe662 - animation-leash of window_animation#24038 (340)
06-11 07:06:48.986  2062  2062 I SurfaceFlinger: id=24031 Removed 967207b com.worksoc.goaicoach/com.worksoc.goaicoach.MainActivity#24031 (340)
06-11 07:06:48.988  2745  2805 I DisplayDeviceRepository: Display device changed render timings: "기본으로 제공되는 화면", renderFrameRate=60.000004, presentationDeadlineNanos=17666666, appVsyncOffsetNanos=16666666, frameRateOverrides=[]
06-11 07:06:48.990  2745  2745 D SGM:GameManager: onDisplayChanged. displyId: 0, state: 2
06-11 07:06:48.990  2062  2062 D SurfaceFlinger: Display 4630947232161729154 HWC layers:
06-11 07:06:48.990  2062  2062 D SurfaceFlinger:        DEVICE |           77721728188419 | 00002102 | RGBA_8888    |    0.0    0.0 1080.0 2316.0 |    0    0 1080 2316 | com.worksoc.goaicoach/com.worksoc.goaicoach.MainActivity$_18096#24026 (25)
06-11 07:06:48.990  2062  2062 D SurfaceFlinger:        DEVICE |           18172006688020 | 00002100 | RGBA_8888    |    0.0    0.0 1080.0   75.0 |    0    0 1080   75 | StatusBar$_4231#109 (39568)
06-11 07:06:48.990  2062  2062 D SurfaceFlinger:        DEVICE |           19443316953506 | 00002100 | RGBA_8888    |    0.0    0.0   67.0  434.0 | 1013  813 1080 1247 | com.sec.android.app.launcher/com.sam[...]l.app.CocktailBarService$_4527#23988 (1)
06-11 07:06:48.990  2062  2062 D SurfaceFlinger:        DEVICE |           18172006688006 | 00002100 | RGBA_8888    |    0.0    0.0 1080.0  126.0 |    0 2190 1080 2316 | NavigationBar0$_4231#107 (27866)
06-11 07:06:48.990  2062  2062 D SurfaceFlinger: 
06-11 07:06:48.991  2745  2806 D SurfaceComposerClient: setCornerRadius ## 5ab3166 com.worksoc.goaicoach/com.worksoc.goaicoach.MainActivity#24025 cornerRadius=0.000000
06-11 07:06:48.991  2030  6729 D AudioFlinger: setParameters: filtered dev setParameters keyvalue screen_state=on
06-11 07:06:48.992  4527 17866 I HoneySpace.Memory-Monitor: current state = 2, didTrim = false
06-11 07:06:48.992  2745  2745 D SGM:GameManager: dpi: 420, longPixel: 2316, shortPixel: 1080
06-11 07:06:48.992  1918  6828 D AHAL: AudioDevice: SetParameters: 1634: enter
06-11 07:06:48.992  1918  6828 D AHAL: AudioVoice: VoiceSetParameters: 168: Enter
06-11 07:06:48.992  1918  6828 D AHAL: AudioVoice: VoiceSetParameters: 412: Exit ret: 0
06-11 07:06:48.992  1918  6828 D AHAL: SecAudioDevice: SecSetParameters: 281: Enter
06-11 07:06:48.992  2745  5478 D LiftUpHandler: [LTW] Stopped already.
06-11 07:06:48.992  1918  6828 E AHAL: AudioDevice: SetParameters: 1645: Error in SecSetParameters -2
06-11 07:06:48.993  1918  6828 D AHAL: factory: FactorySetParameters: 58: Enter
06-11 07:06:48.993  1918  6828 D AHAL: Effect: EffectSetParameters: 245: Enter
06-11 07:06:48.993  1918  6828 D AHAL: Effect: EffectSetParameters: 285: Exit
06-11 07:06:48.993  1918  6828 D AHAL: AudioDevice: SetParameters: 1692:  - screen = on
06-11 07:06:48.993  1918  6828 I PAL: ResourceManager: setParameter: 8093: Screen State:1
06-11 07:06:48.993  1918  6828 D AHAL: AudioDevice: SetParameters: 2332: exit: screen_state=on
06-11 07:06:48.993  2745  2745 D AODManagerService: requestReCalToTSP IsSingleTouchMode = falserequestedReCalToTSP = false / previousDisplayState = ON
06-11 07:06:48.993  2745  3219 D SGM:FgCheckThread: onLooperPrepared(), msg: MSG_LCD_ON
06-11 07:06:48.993  1918  6828 I Audio_a2dpsink_hw: adev_set_parameters: kevpairs=[screen_state=on]
06-11 07:06:48.994  4231  4330 D StackScroller: onDisplayChanged for predraw skip to 2
06-11 07:06:48.995  2745  5241 D WifiDisplayAdapter: isFitToActiveDisplayLocked : false
06-11 07:06:48.995  2745  3441 D AS.DesktopModeHelper: onDisplayChanged: #Id=0
06-11 07:06:48.998  2062  2062 I SurfaceFlinger: destroyed com.worksoc.goaicoach/com.worksoc.goaicoach.MainActivity$_18096#24034 form LifecycleManager
06-11 07:06:48.998  2062  2062 I SurfaceFlinger: destroyed Surface(name=967207b com.worksoc.goaicoach/com.worksoc.goaicoach.MainActivity)/@0xfafe662 - animation-leash of window_animation#24038 form LifecycleManager
06-11 07:06:48.998  2062  2062 I SurfaceFlinger: destroyed 967207b com.worksoc.goaicoach/com.worksoc.goaicoach.MainActivity#24031 form LifecycleManager
06-11 07:06:48.998  2062  2062 I SurfaceFlinger: [LayerHierarchy{RequestedLayerState{Dim Layer for - Task=42720#24036 z=-1} no children}] reparent to OffscreenRoot
06-11 07:06:48.998  2062  2062 I SurfaceFlinger: [LayerHierarchy{RequestedLayerState{Dim Layer for - Task=42720#24036 z=-1} no children}] RelativeParent to null
06-11 07:06:48.998  2062  2062 I SurfaceFlinger: id=24034 onLayerDestroyed from LayerHierarchyBuilder(RequestedLayerState{com.worksoc.goaicoach/com.worksoc.goaicoach.MainActivity$_18096#24034 !handle})
06-11 07:06:48.998  2062  2062 I SurfaceFlinger: id=24038 onLayerDestroyed from LayerHierarchyBuilder(RequestedLayerState{Surface(name=967207b com.worksoc.goaicoach/com.worksoc.goaicoach.MainActivity)/@0xfafe662 - animation-leash of window_animation#24038 !handle z=1})
06-11 07:06:48.998  2062  2062 I SurfaceFlinger: id=24031 onLayerDestroyed from LayerHierarchyBuilder(RequestedLayerState{967207b com.worksoc.goaicoach/com.worksoc.goaicoach.MainActivity#24031 !handle z=1})
06-11 07:06:49.002  4231  4231 D DisplayLifecycle: updateDisplay id = 0
06-11 07:06:49.002  2062  2062 I Layer   : id=24034 Destroyed com.worksoc.goaicoach/com.worksoc.goaicoach.MainActivity$_18096#24034
06-11 07:06:49.002  2062  2062 I Layer   : id=24038 Destroyed Surface(name=967207b com.worksoc.goaicoach/com.worksoc.goaicoach.MainActivity)/@0xfafe662 - animation-leash of window_animation#24038
06-11 07:06:49.002  2062  2062 I Layer   : id=24031 Destroyed 967207b com.worksoc.goaicoach/com.worksoc.goaicoach.MainActivity#24031
06-11 07:06:49.002  2062  2062 I SurfaceFlinger: id=24036 Removed Dim Layer for - Task=42720#24036 (337)
06-11 07:06:49.015  2062  2062 I SurfaceFlinger: destroyed Dim Layer for - Task=42720#24036 form LifecycleManager
06-11 07:06:49.015  2062  2062 I SurfaceFlinger: id=24036 onLayerDestroyed from LayerHierarchyBuilder(RequestedLayerState{Dim Layer for - Task=42720#24036 !handle z=-1})
06-11 07:06:49.018  2062  2062 I Layer   : id=24036 Destroyed Dim Layer for - Task=42720#24036
06-11 07:06:49.031  2745  3405 D WifiStaIfaceHidlImpl: getCachedScanData is not implemented by HIDL
06-11 07:06:49.057  2745  5646 D SemWifiUsabilityStatsMonitor: onWifiUsabilityStats - seqNum 9797, isSameBssidAndFreq true
06-11 07:06:49.058  2745  3502 E SemWifiLinkQualityMonitor: Too old or invalid TMI: currentTime=1781129209058 lastDateWindow=1781129197000
06-11 07:06:49.099  4231  4231 D QSClock : onDarkChanged tint=DARK
06-11 07:06:49.133  7599  9044 I SDHMS:x : SIOP:: AP:389 BAT:347 USB:342 CHG:373 PA:386 WIFI:380 CF:356 BLK:0 SUBBAT:0 SKIN:346 SKINF:346 SKINB:344 LRP:346 LRP2:346 LRF2:346 LRB2:344 AP2:346 CHG2:343 WIFI2:344 UANT2:343 RCV2:341 SPK2:335 FCAM:342 UPSPK:359 DNSPK:342 AMB:280 AVGCUR:-550 POWER:-2115
06-11 07:06:49.348  2745  2805 D SGM:GameManager: identifyForegroundApp. com.worksoc.goaicoach, mCurrentUserId: 0, callerUserId: 0
06-11 07:06:49.348  2745  2805 D SGM:SemGameManager: isForegroundGame(), ret=false
06-11 07:06:49.373  8779  8779 I InputMethodService: removeImeSurface
06-11 07:06:49.373  8779  8779 I InputMethodService: cancelImeSurfaceRemoval: removeCallbacks
06-11 07:06:49.388  2034  2073 E HeatmapThread: ECT Thread time in milliseconds: 1781129209
06-11 07:06:49.388  2034  2073 D HeatmapThread: !@ batteryplugType : 0
06-11 07:06:49.388  2034  2073 D HeatmapThread: !@ batteryLevel : 0  batteryTemperature : 0 
06-11 07:06:49.388  2034  2073 D HeatmapThread: !@ Heatmap currtime: 29685486
06-11 07:06:49.388  2034  2073 D HeatmapThread: !@ Heatmap prevtime: 29685471
06-11 07:06:49.388  2034  2073 D HeatmapThread: !@ Heatmap plugstarttime: 35791394
06-11 07:06:49.388  2034  2073 D HeatmapThread: !@ Heatmap prevv_dsoh_update_time: 29682402
06-11 07:06:49.389  2034  2073 E HeatmapThread: !@Could not open '/efs/FactoryApp/bsoh', errno = 13
06-11 07:06:49.389  2034  2073 E HeatmapThread: !@ CAM Could not access BSOH EFS
06-11 07:06:49.389  2034  2073 E HeatmapThread: !@ CAM New BSOH: 0
06-11 07:06:49.684  1153  1153 D io_stats: !@   8,0 r 22657228 411384719 w 5871638 93079356 d 1577053 220342568 f 0 680821 iot 9195856 0 th 0 0 0 pt 0 inp 0 0 121063.218
06-11 07:06:49.684  1153  1153 D io_stats: !@ Read_top(KB): system_server(2745) 848 f2fs_ckpt-254:5(4519) 8
06-11 07:06:49.684  1153  1153 D io_stats: !@ Write_top(KB): system_server(2745) 284 f2fs_ckpt-254:5(4519) 108 init(1) 56
06-11 07:06:50.388  2034  2073 E HeatmapThread: ECT Thread time in milliseconds: 1781129210
06-11 07:06:50.388  2034  2073 D HeatmapThread: !@ batteryplugType : 0
06-11 07:06:50.388  2034  2073 D HeatmapThread: !@ batteryLevel : 0  batteryTemperature : 0 
06-11 07:06:50.388  2034  2073 D HeatmapThread: !@ Heatmap currtime: 29685486
06-11 07:06:50.388  2034  2073 D HeatmapThread: !@ Heatmap prevtime: 29685471
06-11 07:06:50.388  2034  2073 D HeatmapThread: !@ Heatmap plugstarttime: 35791394
06-11 07:06:50.389  2034  2073 D HeatmapThread: !@ Heatmap prevv_dsoh_update_time: 29682402
06-11 07:06:50.389  2034  2073 E HeatmapThread: !@Could not open '/efs/FactoryApp/bsoh', errno = 13
06-11 07:06:50.389  2034  2073 E HeatmapThread: !@ CAM Could not access BSOH EFS
06-11 07:06:50.389  2034  2073 E HeatmapThread: !@ CAM New BSOH: 0
06-11 07:06:50.983  2745  4736 I NSLocationMonitor: getGPSUsingApps() called
06-11 07:06:50.984  4710  4768 I NSLocationManager_FLP: getGPSUsingApps, No change
06-11 07:06:50.999  2745  4736 D FreecessHandler: freeze com.kakao.page(15010371) result : 2
06-11 07:06:51.126  2745  3556 D NetdEventListenerService: DNS Requested by 169, 10875(com.lgt.tmoney), SUCCESS, 1ms
06-11 07:06:51.356  1938 15886 I sensors-hal: handle_sns_client_event:185, auto_rotation_debug_2 mode,255, type,1,0 acc,0.146,-0.148,9.945, ar,0, ver,14, pedo,1,e,1,i,3
06-11 07:06:51.388  2034  2073 E HeatmapThread: ECT Thread time in milliseconds: 1781129211
06-11 07:06:51.388  2034  2073 D HeatmapThread: !@ batteryplugType : 0
06-11 07:06:51.388  2034  2073 D HeatmapThread: !@ batteryLevel : 0  batteryTemperature : 0 
06-11 07:06:51.388  2034  2073 D HeatmapThread: !@ Heatmap currtime: 29685486
06-11 07:06:51.388  2034  2073 D HeatmapThread: !@ Heatmap prevtime: 29685471
06-11 07:06:51.388  2034  2073 D HeatmapThread: !@ Heatmap plugstarttime: 35791394
06-11 07:06:51.388  2034  2073 D HeatmapThread: !@ Heatmap prevv_dsoh_update_time: 29682402
06-11 07:06:51.388  2034  2073 E HeatmapThread: !@Could not open '/efs/FactoryApp/bsoh', errno = 13
06-11 07:06:51.388  2034  2073 E HeatmapThread: !@ CAM Could not access BSOH EFS
06-11 07:06:51.388  2034  2073 E HeatmapThread: !@ CAM New BSOH: 0
06-11 07:06:51.683  2745  2865 D PowerManagerService: UserActivityStateListenerState: 0
06-11 07:06:51.793  1938 15888 I sensors-hal: handle_sns_std_sensor_event:311, [SSC_LIGHT] P: 59(59),m:7,c:267,b:72,c0:4912,l:54,f(r):100,u(bl):100,j:60
06-11 07:06:52.023  1946 18125 I HYPER-HAL: [RequestManager.cpp]releaseLocked(): Released ID : 3837860
06-11 07:06:52.123  2745  3405 D WifiStaIfaceHidlImpl: getCachedScanData is not implemented by HIDL
06-11 07:06:52.163  2745  5646 D SemWifiUsabilityStatsMonitor: onWifiUsabilityStats - seqNum 9798, isSameBssidAndFreq true
06-11 07:06:52.165  2745  3502 E SemWifiLinkQualityMonitor: Too old or invalid TMI: currentTime=1781129212165 lastDateWindow=1781129197000
06-11 07:06:52.231 15474 15474 I wpa_supplicant: Heartbeat 2379
06-11 07:06:52.391  2034  2073 E HeatmapThread: ECT Thread time in milliseconds: 1781129212
06-11 07:06:52.391  2034  2073 D HeatmapThread: !@ batteryplugType : 0
06-11 07:06:52.391  2034  2073 D HeatmapThread: !@ batteryLevel : 0  batteryTemperature : 0 
06-11 07:06:52.391  2034  2073 D HeatmapThread: !@ Heatmap currtime: 29685486
06-11 07:06:52.392  2034  2073 D HeatmapThread: !@ Heatmap prevtime: 29685471
06-11 07:06:52.392  2034  2073 D HeatmapThread: !@ Heatmap plugstarttime: 35791394
06-11 07:06:52.392  2034  2073 D HeatmapThread: !@ Heatmap prevv_dsoh_update_time: 29682402
06-11 07:06:52.392  2034  2073 E HeatmapThread: !@Could not open '/efs/FactoryApp/bsoh', errno = 13
06-11 07:06:52.392  2034  2073 E HeatmapThread: !@ CAM Could not access BSOH EFS
06-11 07:06:52.392  2034  2073 E HeatmapThread: !@ CAM New BSOH: 0
06-11 07:06:53.205  3749 15478 D IpClient/wlan0: interfaceLinkStateChanged: ifindex 16 up
06-11 07:06:53.389  2034  2073 E HeatmapThread: ECT Thread time in milliseconds: 1781129213
06-11 07:06:53.390  2034  2073 D HeatmapThread: !@ batteryplugType : 0
06-11 07:06:53.390  2034  2073 D HeatmapThread: !@ batteryLevel : 0  batteryTemperature : 0 
06-11 07:06:53.390  2034  2073 D HeatmapThread: !@ Heatmap currtime: 29685486
06-11 07:06:53.390  2034  2073 D HeatmapThread: !@ Heatmap prevtime: 29685471
06-11 07:06:53.390  2034  2073 D HeatmapThread: !@ Heatmap plugstarttime: 35791394
06-11 07:06:53.390  2034  2073 D HeatmapThread: !@ Heatmap prevv_dsoh_update_time: 29682402
06-11 07:06:53.391  2034  2073 E HeatmapThread: !@Could not open '/efs/FactoryApp/bsoh', errno = 13
06-11 07:06:53.391  2034  2073 E HeatmapThread: !@ CAM Could not access BSOH EFS
06-11 07:06:53.391  2034  2073 E HeatmapThread: !@ CAM New BSOH: 0
06-11 07:06:53.687  1153  1153 D io_stats: !@   8,0 r 22657228 411384719 w 5871639 93079360 d 1577053 220342568 f 0 680821 iot 9195864 0 th 0 0 0 pt 0 inp 0 0 121067.221
06-11 07:06:53.687  1153  1153 D io_stats: !@ Write_top(KB): kworker/u16:5(31446) 4
06-11 07:06:53.706  4030  4625 W l2c_ble : system/stack/l2cap/l2c_ble.cc:111 l2cble_notify_le_connection: 
06-11 07:06:53.707  4030  4625 W l2c_ble : system/stack/l2cap/l2c_ble.cc:111 l2cble_notify_le_connection: 
06-11 07:06:53.707  4030  5321 W bt_btif_gattc: system/btif/src/btif_gatt_client.cc:224 btif_gattc_upstreams_evt: Event BTA_GATTC_NOTIF_EVT [10]
06-11 07:06:53.709  4030  5321 W bt_btif_gattc: system/btif/src/btif_gatt_client.cc:224 btif_gattc_upstreams_evt: Event BTA_GATTC_NOTIF_EVT [10]
06-11 07:06:53.712  7492  7302 I [AirCmd]_BleDriver: GattCallback : onCharacteristicChanged : D2.d@689e96c / UUID_CHARGE_STATUS, RAWDATA : [0]
06-11 07:06:53.715  7492  7302 I [AirCmd]_SpenCommonDriver: onCharacteristicChanged : Charge:DISCHARGING
06-11 07:06:53.715  7492  7302 I [AirCmd]_BleSpenGenericChargeController: onChargeStateChanged : spenInstanceId=BUILTIN, chargeState=DISCHARGING
06-11 07:06:53.717  7492  7302 I [AirCmd]_BleDriver: GattCallback : onCharacteristicChanged : D2.d@689e96c / UUID_BATTERY_LEVEL, RAWDATA : [100 0]
06-11 07:06:53.719  7492  7302 I [AirCmd]_SpenCommonDriver: onCharacteristicChanged : Battery:100
06-11 07:06:53.720  7492  7302 I [AirCmd]_BleSpenGenericChargeController: onBatteryLevelChanged : 100->100
06-11 07:06:53.721  7492  7302 I [AirCmd]_BleSpenGenericChargeController: reserveLongTimeCharge : WakeLock acquire 60secs
06-11 07:06:53.732  7492  7302 I [AirCmd]_PowerWakeLocker: acquire wake lock 60000, tag=AirCmd:SpenCharging
06-11 07:06:53.746  2745  3556 D NetdEventListenerService: DNS Requested by 169, 10393(org.telegram.messenger), 4(FAIL), isBlocked=true, 0ms
06-11 07:06:53.751  2745  3556 D NetdEventListenerService: DNS Requested by 169, 10393(org.telegram.messenger), 4(FAIL), isBlocked=true, 0ms
06-11 07:06:53.753  2745  3556 D NetdEventListenerService: DNS Requested by 169, 10393(org.telegram.messenger), 4(FAIL), isBlocked=true, 0ms
06-11 07:06:54.389  2034  2073 E HeatmapThread: ECT Thread time in milliseconds: 1781129214
06-11 07:06:54.390  2034  2073 D HeatmapThread: !@ batteryplugType : 0
06-11 07:06:54.390  2034  2073 D HeatmapThread: !@ batteryLevel : 0  batteryTemperature : 0 
06-11 07:06:54.390  2034  2073 D HeatmapThread: !@ Heatmap currtime: 29685486
06-11 07:06:54.390  2034  2073 D HeatmapThread: !@ Heatmap prevtime: 29685471
06-11 07:06:54.390  2034  2073 D HeatmapThread: !@ Heatmap plugstarttime: 35791394
06-11 07:06:54.390  2034  2073 D HeatmapThread: !@ Heatmap prevv_dsoh_update_time: 29682402
06-11 07:06:54.390  2034  2073 E HeatmapThread: !@Could not open '/efs/FactoryApp/bsoh', errno = 13
06-11 07:06:54.390  2034  2073 E HeatmapThread: !@ CAM Could not access BSOH EFS
06-11 07:06:54.391  2034  2073 E HeatmapThread: !@ CAM New BSOH: 0
06-11 07:06:54.421  2745  3534 D WifiConnectivityMonitor.NetworkStatsAnalyzer: Backhaul result - RSSI:-45, CE:35, PE:35, TI:43, PTI:44, TW:0, PTW:0, Tx:20, Rx:21, TxS:19, RxS:19, RESULT:true, IC:1, ICT:5, WC:16, WCT:5, R:2, RC:0, IE:0, EC:0
06-11 07:06:54.720  2745  3845 I SpenGestureManagerService: getBleSpenAddress
06-11 07:06:54.727  7492  7492 W [AirCmd]_PairedSpenManager: getSpenNickName : BT device nickName is null.
06-11 07:06:54.728  7492  7492 I [AirCmd]_DeviceBatteryInfoHandler: setDeviceBatteryInfo : Address = BC:06:2D:AD:0E:B6, BatteryLevel = 100, BatteryStatus = 3
06-11 07:06:54.728  2745  3845 I BatteryStatsService: setDeviceBatteryInfo()
06-11 07:06:54.729  2745  3845 I DeviceBatteryInfoService: setDeviceBatteryInfo()
06-11 07:06:54.730  2745  3549 I DeviceBatteryInfoService: address : BC062D_6
06-11 07:06:54.730  2745  3549 I DeviceBatteryInfoService: semGetBatteryInfo() : BC062D_6
06-11 07:06:54.734  7492  8776 I [AirCmd]_BleSpenGenericChargeController: performLongTimeCharge : Battery : 100, Starting additional charge for 100% battery level 
06-11 07:06:54.735  7492  8776 I [AirCmd]_BleSpenGenericChargeController: startCharge : start 90 sec Charging
06-11 07:06:54.735  7492  8776 I [AirCmd]_WacomDriver: stopCharge
06-11 07:06:54.736  7492  8776 I [AirCmd]_WacomDriver: writeBleSpenCommand : 5 (mLastCommand=3)
06-11 07:06:54.737  2745  5241 I SpenGestureManagerService: writeBleSpenCommand : 5
06-11 07:06:54.737  2745  5241 D SemInputDeviceManager: setProperty: SPEN(11) CMD,SPEN_BLE_CHARGING,5
06-11 07:06:54.738  2745  3208 D SemInputDevice:SPEN: SetPropertyTask: CMD,epen_ble_charging_mode,5 [06-11 07:06:54.737]
06-11 07:06:54.738  7492  8776 I [AirCmd]_WacomDriver: startCharge
06-11 07:06:54.754  1993  1993 I sysinput:SPen: writeInformation:137, OK
06-11 07:06:54.755  2745  3208 D SysinputHAL_V1_3(V1_2): runSpenCmdNoRead: epen_ble_charging_mode,5 ret=0
06-11 07:06:54.827  2745  3426 W DeviceStorageMonitorService: updateBroadcasts(/data) oldLevel:0, newLevel:0, seq:1
06-11 07:06:54.830  2745  3426 D DeviceStorageMonitorService: Available File Node Number is [10655783]
06-11 07:06:54.831  2745  3426 W DeviceStorageMonitorService: updateBroadcasts_filenode(/data) fn_oldLevel:0, fn_newLevel:0, seq:1
06-11 07:06:54.831  1938 15888 I sensors-hal: handle_sns_std_sensor_event:311, [SSC_LIGHT] P: 60(60),m:7,c:267,b:72,c0:5200,l:60,f(r):100,u(bl):100,j:59
06-11 07:06:54.866  2745  2814 I ActivityManager: Changes in 10103 7 to 15, 128 to 0
06-11 07:06:55.283  2745  3405 D WifiStaIfaceHidlImpl: getCachedScanData is not implemented by HIDL
06-11 07:06:55.324  2745  5646 D SemWifiUsabilityStatsMonitor: onWifiUsabilityStats - seqNum 9799, isSameBssidAndFreq true
06-11 07:06:55.327  2745  3502 E SemWifiLinkQualityMonitor: Too old or invalid TMI: currentTime=1781129215327 lastDateWindow=1781129197000
06-11 07:06:55.341  7492  8776 I [AirCmd]_WacomDriver: writeBleSpenCommand : 3 (mLastCommand=5)
06-11 07:06:55.342  2745  5241 I SpenGestureManagerService: writeBleSpenCommand : 3
06-11 07:06:55.342  2745  5241 D SemInputDeviceManager: setProperty: SPEN(11) CMD,SPEN_BLE_CHARGING,3
06-11 07:06:55.343  2745  3208 D SemInputDevice:SPEN: SetPropertyTask: CMD,epen_ble_charging_mode,3 [06-11 07:06:55.342]
06-11 07:06:55.357  1993  1993 I sysinput:SPen: writeInformation:137, OK
06-11 07:06:55.358  2745  3208 D SysinputHAL_V1_3(V1_2): runSpenCmdNoRead: epen_ble_charging_mode,3 ret=0
06-11 07:06:55.388  2034  2073 E HeatmapThread: ECT Thread time in milliseconds: 1781129215
06-11 07:06:55.389  2034  2073 D HeatmapThread: !@ batteryplugType : 0
06-11 07:06:55.389  2034  2073 D HeatmapThread: !@ batteryLevel : 0  batteryTemperature : 0 
06-11 07:06:55.389  2034  2073 D HeatmapThread: !@ Heatmap currtime: 29685486
06-11 07:06:55.389  2034  2073 D HeatmapThread: !@ Heatmap prevtime: 29685471
06-11 07:06:55.389  2034  2073 D HeatmapThread: !@ Heatmap plugstarttime: 35791394
06-11 07:06:55.389  2034  2073 D HeatmapThread: !@ Heatmap prevv_dsoh_update_time: 29682402
06-11 07:06:55.390  2034  2073 E HeatmapThread: !@Could not open '/efs/FactoryApp/bsoh', errno = 13
06-11 07:06:55.390  2034  2073 E HeatmapThread: !@ CAM Could not access BSOH EFS
06-11 07:06:55.390  2034  2073 E HeatmapThread: !@ CAM New BSOH: 0
06-11 07:06:55.433  2745  3556 D NetdEventListenerService: DNS Requested by 169, 10875(com.lgt.tmoney), SUCCESS, 1ms
06-11 07:06:55.795  4030  4625 W l2c_ble : system/stack/l2cap/l2c_ble.cc:111 l2cble_notify_le_connection: 
06-11 07:06:55.796  4030  4625 W l2c_ble : system/stack/l2cap/l2c_ble.cc:111 l2cble_notify_le_connection: 
06-11 07:06:55.796  4030  5321 W bt_btif_gattc: system/btif/src/btif_gatt_client.cc:224 btif_gattc_upstreams_evt: Event BTA_GATTC_NOTIF_EVT [10]
06-11 07:06:55.797  4030  5321 W bt_btif_gattc: system/btif/src/btif_gatt_client.cc:224 btif_gattc_upstreams_evt: Event BTA_GATTC_NOTIF_EVT [10]
06-11 07:06:55.802  7492  7302 I [AirCmd]_BleDriver: GattCallback : onCharacteristicChanged : D2.d@689e96c / UUID_CHARGE_STATUS, RAWDATA : [1]
06-11 07:06:55.804  7492  7302 I [AirCmd]_SpenCommonDriver: onCharacteristicChanged : Charge:CHARGING
06-11 07:06:55.804  7492  7302 I [AirCmd]_BleSpenGenericChargeController: onChargeStateChanged : spenInstanceId=BUILTIN, chargeState=CHARGING
06-11 07:06:55.805  7492  7302 I [AirCmd]_BleDriver: GattCallback : onCharacteristicChanged : D2.d@689e96c / UUID_BUTTON_EVENT, RAWDATA : [255 4 2]
06-11 07:06:55.806  2745  5241 I SpenGestureManagerService: getBleSpenAddress
06-11 07:06:55.809  7492  7492 W [AirCmd]_PairedSpenManager: getSpenNickName : BT device nickName is null.
06-11 07:06:55.809  7492  7492 I [AirCmd]_DeviceBatteryInfoHandler: setDeviceBatteryInfo : Address = BC:06:2D:AD:0E:B6, BatteryLevel = 100, BatteryStatus = 3
06-11 07:06:55.810  2745  5241 I BatteryStatsService: setDeviceBatteryInfo()
06-11 07:06:55.810  2745  5241 I DeviceBatteryInfoService: setDeviceBatteryInfo()
06-11 07:06:55.811  2745  3549 I DeviceBatteryInfoService: address : BC062D_6
06-11 07:06:55.812  2745  3549 I DeviceBatteryInfoService: semGetBatteryInfo() : BC062D_6
06-11 07:06:55.878  4710  4840 I RequestManager_FLP: onOpChanged, op=0 / packageName=com.osp.app.signin
06-11 07:06:55.913  4030  4625 W l2c_ble : system/stack/l2cap/l2c_ble.cc:111 l2cble_notify_le_connection: 
06-11 07:06:55.914  4030  5321 W bt_btif_gattc: system/btif/src/btif_gatt_client.cc:224 btif_gattc_upstreams_evt: Event BTA_GATTC_NOTIF_EVT [10]
06-11 07:06:55.918  7492  7302 I [AirCmd]_BleDriver: GattCallback : onCharacteristicChanged : D2.d@689e96c / UUID_BATTERY_LEVEL, RAWDATA : [100 0]
06-11 07:06:55.920  7492  7302 I [AirCmd]_SpenCommonDriver: onCharacteristicChanged : Battery:100
06-11 07:06:55.922  7492  7302 I [AirCmd]_BleSpenGenericChargeController: onBatteryLevelChanged : 100->100
06-11 07:06:55.923  7492  7302 I [AirCmd]_BleSpenGenericChargeController: reserveLongTimeCharge : WakeLock acquire 60secs
06-11 07:06:56.389  2034  2073 E HeatmapThread: ECT Thread time in milliseconds: 1781129216
06-11 07:06:56.389  2034  2073 D HeatmapThread: !@ batteryplugType : 0
06-11 07:06:56.390  2034  2073 D HeatmapThread: !@ batteryLevel : 0  batteryTemperature : 0 
06-11 07:06:56.390  2034  2073 D HeatmapThread: !@ Heatmap currtime: 29685486
06-11 07:06:56.390  2034  2073 D HeatmapThread: !@ Heatmap prevtime: 29685471
06-11 07:06:56.390  2034  2073 D HeatmapThread: !@ Heatmap plugstarttime: 35791394
06-11 07:06:56.390  2034  2073 D HeatmapThread: !@ Heatmap prevv_dsoh_update_time: 29682402
06-11 07:06:56.390  2034  2073 E HeatmapThread: !@Could not open '/efs/FactoryApp/bsoh', errno = 13
06-11 07:06:56.390  2034  2073 E HeatmapThread: !@ CAM Could not access BSOH EFS
06-11 07:06:56.390  2034  2073 E HeatmapThread: !@ CAM New BSOH: 0
06-11 07:06:56.596  4030  5321 I ScanController: onScanResult to scannerId: 4- eventType=0x10, addressType=1, address=XX:XX:XX:XX:E6:0A, primaryPhy=1, secondaryPhy=0, advertisingSid=0xff, txPower=127, rssi=-92, periodicAdvInt=0x0
06-11 07:06:56.930  7492  8776 I [AirCmd]_BleSpenGenericChargeController: performLongTimeCharge : Battery : 100, Starting additional charge for 100% battery level 
06-11 07:06:56.932  7492  8776 I [AirCmd]_BleSpenGenericChargeController: startCharge : start 90 sec Charging
06-11 07:06:56.932  7492  8776 I [AirCmd]_WacomDriver: stopCharge
06-11 07:06:56.934  7492  8776 I [AirCmd]_WacomDriver: writeBleSpenCommand : 5 (mLastCommand=3)
06-11 07:06:56.935  2745  5241 I SpenGestureManagerService: writeBleSpenCommand : 5
06-11 07:06:56.935  2745  5241 D SemInputDeviceManager: setProperty: SPEN(11) CMD,SPEN_BLE_CHARGING,5
06-11 07:06:56.937  2745  3208 D SemInputDevice:SPEN: SetPropertyTask: CMD,epen_ble_charging_mode,5 [06-11 07:06:56.935]
06-11 07:06:56.937  7492  8776 I [AirCmd]_WacomDriver: startCharge
06-11 07:06:56.939  1993  1993 I sysinput:SPen: writeInformation:137, OK
06-11 07:06:56.940  2745  3208 D SysinputHAL_V1_3(V1_2): runSpenCmdNoRead: epen_ble_charging_mode,5 ret=0
06-11 07:06:57.008  2745  4736 I NSLocationMonitor: getGPSUsingApps() called
06-11 07:06:57.010  4710  4768 I NSLocationManager_FLP: getGPSUsingApps, No change
06-11 07:06:57.030  2745  4736 D FreecessHandler: freeze com.kakao.page(15010371) result : 2
06-11 07:06:57.313  7599  7599 I SDHMS:LOAD: type: LoadsFreqs, value: 14:9:0:909695:2630400:806400:681984:1651200:633600:271:285:220
06-11 07:06:57.390  2034  2073 E HeatmapThread: ECT Thread time in milliseconds: 1781129217
06-11 07:06:57.390  2034  2073 D HeatmapThread: !@ batteryplugType : 0
06-11 07:06:57.390  2034  2073 D HeatmapThread: !@ batteryLevel : 0  batteryTemperature : 0 
06-11 07:06:57.390  2034  2073 D HeatmapThread: !@ Heatmap currtime: 29685486
06-11 07:06:57.390  2034  2073 D HeatmapThread: !@ Heatmap prevtime: 29685471
06-11 07:06:57.390  2034  2073 D HeatmapThread: !@ Heatmap plugstarttime: 35791394
06-11 07:06:57.390  2034  2073 D HeatmapThread: !@ Heatmap prevv_dsoh_update_time: 29682402
06-11 07:06:57.391  2034  2073 E HeatmapThread: !@Could not open '/efs/FactoryApp/bsoh', errno = 13
06-11 07:06:57.391  2034  2073 E HeatmapThread: !@ CAM Could not access BSOH EFS
06-11 07:06:57.391  2034  2073 E HeatmapThread: !@ CAM New BSOH: 0
06-11 07:06:57.508  4030  4625 W l2c_ble : system/stack/l2cap/l2c_ble.cc:111 l2cble_notify_le_connection: 
06-11 07:06:57.509  4030  5321 W bt_btif_gattc: system/btif/src/btif_gatt_client.cc:224 btif_gattc_upstreams_evt: Event BTA_GATTC_NOTIF_EVT [10]
06-11 07:06:57.514  7492  7302 I [AirCmd]_BleDriver: GattCallback : onCharacteristicChanged : D2.d@689e96c / UUID_CHARGE_STATUS, RAWDATA : [0]
06-11 07:06:57.515  7492  7302 I [AirCmd]_SpenCommonDriver: onCharacteristicChanged : Charge:DISCHARGING
06-11 07:06:57.516  7492  7302 I [AirCmd]_BleSpenGenericChargeController: onChargeStateChanged : spenInstanceId=BUILTIN, chargeState=DISCHARGING
06-11 07:06:57.540  7492  8776 I [AirCmd]_WacomDriver: writeBleSpenCommand : 3 (mLastCommand=5)
06-11 07:06:57.541  2745  5241 I SpenGestureManagerService: writeBleSpenCommand : 3
06-11 07:06:57.542  2745  5241 D SemInputDeviceManager: setProperty: SPEN(11) CMD,SPEN_BLE_CHARGING,3
06-11 07:06:57.543  2745  3208 D SemInputDevice:SPEN: SetPropertyTask: CMD,epen_ble_charging_mode,3 [06-11 07:06:57.542]
06-11 07:06:57.549  7492  8776 I [AirCmd]_PowerWakeLocker: release wake lock AirCmd:SpenCharging
06-11 07:06:57.558  1993  1993 I sysinput:SPen: writeInformation:137, OK
06-11 07:06:57.558  2745  3208 D SysinputHAL_V1_3(V1_2): runSpenCmdNoRead: epen_ble_charging_mode,3 ret=0
06-11 07:06:57.689  1153  1153 D io_stats: !@   8,0 r 22657228 411384719 w 5871646 93079620 d 1577053 220342568 f 0 680821 iot 9195868 0 th 0 0 0 pt 0 inp 0 0 121071.223
06-11 07:06:57.690  1153  1153 D io_stats: !@ Write_top(KB): kworker/u16:1(17755) 260
06-11 07:06:57.871  1938 15888 I sensors-hal: handle_sns_std_sensor_event:311, [SSC_LIGHT] P: 71(71),m:7,c:267,b:72,c0:5184,l:60,f(r):100,u(bl):100,j:70
06-11 07:06:57.997  4030  4625 W l2c_ble : system/stack/l2cap/l2c_ble.cc:111 l2cble_notify_le_connection: 
06-11 07:06:57.998  4030  4625 W l2c_ble : system/stack/l2cap/l2c_ble.cc:111 l2cble_notify_le_connection: 
06-11 07:06:57.998  4030  5321 W bt_btif_gattc: system/btif/src/btif_gatt_client.cc:224 btif_gattc_upstreams_evt: Event BTA_GATTC_NOTIF_EVT [10]
06-11 07:06:57.999  4030  5321 W bt_btif_gattc: system/btif/src/btif_gatt_client.cc:224 btif_gattc_upstreams_evt: Event BTA_GATTC_NOTIF_EVT [10]
06-11 07:06:58.003  7492  7302 I [AirCmd]_BleDriver: GattCallback : onCharacteristicChanged : D2.d@689e96c / UUID_CHARGE_STATUS, RAWDATA : [1]
06-11 07:06:58.004  7492  7302 I [AirCmd]_SpenCommonDriver: onCharacteristicChanged : Charge:CHARGING
06-11 07:06:58.005  7492  7302 I [AirCmd]_BleSpenGenericChargeController: onChargeStateChanged : spenInstanceId=BUILTIN, chargeState=CHARGING
06-11 07:06:58.005  7492  7302 I [AirCmd]_BleDriver: GattCallback : onCharacteristicChanged : D2.d@689e96c / UUID_BUTTON_EVENT, RAWDATA : [255 4 2]
06-11 07:06:58.006  2745  5241 I SpenGestureManagerService: getBleSpenAddress
06-11 07:06:58.009  7492  7492 W [AirCmd]_PairedSpenManager: getSpenNickName : BT device nickName is null.
06-11 07:06:58.010  7492  7492 I [AirCmd]_DeviceBatteryInfoHandler: setDeviceBatteryInfo : Address = BC:06:2D:AD:0E:B6, BatteryLevel = 100, BatteryStatus = 3
06-11 07:06:58.011  2745  5241 I BatteryStatsService: setDeviceBatteryInfo()
06-11 07:06:58.011  2745  5241 I DeviceBatteryInfoService: setDeviceBatteryInfo()
06-11 07:06:58.012  2745  3549 I DeviceBatteryInfoService: address : BC062D_6
06-11 07:06:58.013  2745  3549 I DeviceBatteryInfoService: semGetBatteryInfo() : BC062D_6
06-11 07:06:58.389  2034  2073 E HeatmapThread: ECT Thread time in milliseconds: 1781129218
06-11 07:06:58.389  2034  2073 D HeatmapThread: !@ batteryplugType : 0
06-11 07:06:58.389  2034  2073 D HeatmapThread: !@ batteryLevel : 0  batteryTemperature : 0 
06-11 07:06:58.389  2034  2073 D HeatmapThread: !@ Heatmap currtime: 29685486
06-11 07:06:58.389  2034  2073 D HeatmapThread: !@ Heatmap prevtime: 29685471
06-11 07:06:58.390  2034  2073 D HeatmapThread: !@ Heatmap plugstarttime: 35791394
06-11 07:06:58.390  2034  2073 D HeatmapThread: !@ Heatmap prevv_dsoh_update_time: 29682402
06-11 07:06:58.390  2034  2073 E HeatmapThread: !@Could not open '/efs/FactoryApp/bsoh', errno = 13
06-11 07:06:58.390  2034  2073 E HeatmapThread: !@ CAM Could not access BSOH EFS
06-11 07:06:58.390  2034  2073 E HeatmapThread: !@ CAM New BSOH: 0
06-11 07:06:58.429  2745  3405 D WifiStaIfaceHidlImpl: getCachedScanData is not implemented by HIDL
06-11 07:06:58.468  2745  5646 D SemWifiUsabilityStatsMonitor: onWifiUsabilityStats - seqNum 9800, isSameBssidAndFreq true
06-11 07:06:58.471  2745  3502 E SemWifiLinkQualityMonitor: Too old or invalid TMI: currentTime=1781129218471 lastDateWindow=1781129197000
06-11 07:06:59.343  2745  3457 D UsbStatsMonitor: 0 0 0 0 0 0 0 0 0 0 0 0 2 0 0 0 0 0 0 0 0 0 0 0 0 0 0 0 0 0 0 0 0 0 0 0 0 0 4 0 0 1 1 0 0 0 0 0 0 0 0 0 0 0 70841190580250
06-11 07:06:59.389  2034  2073 E HeatmapThread: ECT Thread time in milliseconds: 1781129219
06-11 07:06:59.389  2034  2073 D HeatmapThread: !@ batteryplugType : 0
06-11 07:06:59.390  2034  2073 D HeatmapThread: !@ batteryLevel : 0  batteryTemperature : 0 
06-11 07:06:59.390  2034  2073 D HeatmapThread: !@ Heatmap currtime: 29685486
