06-11 07:15:00.653  4030  4625 W l2c_ble : system/stack/l2cap/l2c_ble.cc:111 l2cble_notify_le_connection: 
06-11 07:15:00.653  9377  9377 I GW_NOTI-Provider-Fit3: NotificationListener.checkAndSendNotificationAhead - com.sec.android.app.clockpackage[ 0 / 268439552 ] : null,   isPostedNotification: true, afterConnection: 0
06-11 07:15:00.654  9377  9377 I GW_NOTI-Provider-Fit3: NotificationListener.isSendable -  - This is not group summary notification
06-11 07:15:00.654  9377  9377 I GW_NOTI-Provider-Fit3: NotificationAlertUtil.suppressAlertingDueToGrouping - IsSuppressed: false
06-11 07:15:00.655  4030  5321 W bt_btif_gattc: system/btif/src/btif_gatt_client.cc:224 btif_gattc_upstreams_evt: Event BTA_GATTC_NOTIF_EVT [10]
06-11 07:15:00.655  9377  9377 I GW_NOTI-Provider-Fit3: NotificationAlertUtil.isMuteChannelState - shouldMute: false, reason if muted: 
06-11 07:15:00.656  9377  9377 I GW_NOTI-Provider-Fit3: NotificationAlertUtil.isAlarmNotification - category: alarm
06-11 07:15:00.656 10577 24266 I SAGattCallback: onCharacteristicChanged enter
06-11 07:15:00.657  9377  9377 I GW_NOTI-Provider-Fit3: NotificationAlertUtil.getAlertForAlarmNotification -  DnD mode is disabled. Returning 1
06-11 07:15:00.657  9377  9377 I GW_NOTI-Provider-Fit3: NotificationAlertUtil.getAlertValue - alert: 1
06-11 07:15:00.657 10577 19952 I SABleConnection: EVT_DATA_RECEIVED
06-11 07:15:00.659 10577 19952 I SABleConnection: eval c301 recd c301
06-11 07:15:00.660 10577 19952 I SABleConnection: Dispatching frame buffer to transport layer
06-11 07:15:00.660  9377  9377 I GW_NOTI-Provider-Fit3: NotificationAlertUtil.isAlertNotification - shouldAlert true
06-11 07:15:00.661 10577 19952 I SABleConnection: BLE RX len:4
06-11 07:15:00.661 10577 19952 I SAProtocolFrameUtils: parsing... seq num: 1000000000000000
06-11 07:15:00.661  4231  4231 D SubscreenNotificationListCoordinator: onAfterRenderList() isSubScreen = false, pluginLockMode = 0, doNotShowOnCover = false
06-11 07:15:00.661  9377 13303 I GW_NOTI-Provider-Fit3: NotificationPreprocessor.message: 1
06-11 07:15:00.662  9377 13303 I GW_NOTI-Provider-Fit3: NotificationPreprocessor.message: SBN_POSTED
06-11 07:15:00.662 10577 19952 I SALiteRetransmitterFsm: state: TX_BLOCKED, onAckReceived
06-11 07:15:00.662  9377 13303 I GW_NOTI-Provider-Fit3: NotificationPreprocessor.forwardPostedNotification() beginning ----->
06-11 07:15:00.662  9377 13303 I HMApplication: getWearableConnectionMgr() - sWConnectionMgr: com.samsung.wearable.hostmanager.connection.WearableConnectionManager@1c6d369
06-11 07:15:00.662  9377 13303 I WearableConnectionManager: getConnectedBTAddress() :##:##:##:##:4A:6D
06-11 07:15:00.662 10577 19952 I SALiteRetransmitter: timer stopped
06-11 07:15:00.662  9377 13303 I HMApplication: getWearableConnectionMgr() - sWConnectionMgr: com.samsung.wearable.hostmanager.connection.WearableConnectionManager@1c6d369
06-11 07:15:00.662  9377 13303 I WearableConnectionManager: isConnected() btAddress:##:##:##:##:4A:6D mBtAddress:##:##:##:##:4A:6D saAgentReadyStatus:0 connected result = true
06-11 07:15:00.663  9377 13303 E GW_NOTI-Provider-Fit3: NotificationPreprocessor.[e][SourceFile][isSendable][118] isSendable() [ABORT] - com.sec.android.app.clockpackage -  On-Going [com.sec.android.app.clockpackage]
06-11 07:15:00.663 10577 19952 I SALiteRetransmitter: Seq Bits recvd: 1000000000000000
06-11 07:15:00.663  4231  4231 I LockscreenNotificationIconsOnlyController: onNotificationInfoUpdated 0
06-11 07:15:00.664  4231  4231 I AODNotificationManager: updateNotification() 
06-11 07:15:00.664 10577 19952 I SALiteRetransmitter: Removed seq num: 0
06-11 07:15:00.665 10577 19952 I SALiteRetransmitter: Buffer is recycled ..
06-11 07:15:00.665  9377 13303 E GW_NOTI-Provider-Fit3: NotificationPreprocessor.[e][SourceFile][forwardNotification][40] forwardNotification() [ABORT] - com.sec.android.app.clockpackage - notificationInfo() == null
06-11 07:15:00.665 10577 19952 I SALiteRetransmitterFsm: received ACK,entering IDLE from TX_BLOCKED
06-11 07:15:00.666 10577 19952 I SATransportManager: move All parked Queues for accessory: 2341
06-11 07:15:00.666 10577 19952 I SAMexLiteSessionHandler: onMessageDelivered, status=0
06-11 07:15:00.667 10577 10865 I SADispatchController: >> DequeTask accId: 2341, sessionId: 1025
06-11 07:15:00.667 10577 19952 I SAMexLiteDetails: cleared transaction<1336>
06-11 07:15:00.667 10577 19952 I [SA_SDK]SAPeerAccesssosry: mCompatibilityVersion = 9
06-11 07:15:00.667 10577 19952 I [SA_SDK]SAPeerAgent: mCompatibilityVersion = 9
06-11 07:15:00.670  9377 13196 I [SA_SDK]SAPeerAgent: Peeragent:Framework version:9
06-11 07:15:00.670 10577 19952 I SALiteRetransmitterFsm: IDLE: onEntry
06-11 07:15:00.670  9377 13196 E fit3ClockAlarm$SAAlarmProvider: Message successfully sent to agent: 13
06-11 07:15:00.671 10577 10865 I SALiteRetransmitterFsm: state: IDLE, onSendMessage
06-11 07:15:00.671  4231  4589 W Paint   : The elegant text height cannot be turned off.
06-11 07:15:00.671 10577 10865 I SATransportManager: park All Queues for accessory: 2341
06-11 07:15:00.672 10577 10865 I SALiteRetransmitter: Packet with seq num: 0 and window id: 0 added to map
06-11 07:15:00.672 10577 10865 I SALiteRetransmitter: Msg sent to CL seq#:0
06-11 07:15:00.673 10577 19951 I SABleClientConnection: writeCharacteristic called
06-11 07:15:00.676  4030  4625 W bt_bta_gattc: system/bta/gatt/bta_gattc_act.cc:1084 bta_gattc_write: write status:0
06-11 07:15:00.676  4030  5321 I BtGatt.GattService: onWriteCharacteristic() - address=XX:XX:XX:XX:4A:6D, status=0, length=73
06-11 07:15:00.677 10577 24266 I SAGattCallback: onCharacteristicWrite enter
06-11 07:15:00.678 10577 19951 I SABleConnection: BLE TX len:73
06-11 07:15:00.678  4231  4589 D LocalImageResolver: Couldn't use ImageDecoder for drawable, falling back to non-resized load.
06-11 07:15:00.679 10577 19951 I SATransportManager: onMessageDispatched acc:2341 sess:1025
06-11 07:15:00.679 10577 19951 I SALiteRetransmitterFsm: state: IDLE, onMsgDispatched
06-11 07:15:00.679 10577 19951 I SALiteRetransmitter: buffer not recycled, msg status: 0
06-11 07:15:00.680 10577 19951 I SALiteRetransmitterFsm: Rel ON: enter TX_WINDOW_RELIABLE
06-11 07:15:00.680 10577 19951 I SALiteRetransmitterFsm: state: TX_WINDOW_RELIABLE, onEntry
06-11 07:15:00.680 10577 19951 I SALiteRetransmitterFsm: unfragmented pkt sent, move to TX_BLOCKED
06-11 07:15:00.680 10577 19951 I SALiteRetransmitterFsm: state: TX_BLOCKED, onEntry
06-11 07:15:00.681 10577 19951 I SALiteRetransmitterFsm: Rel: ON, wait for ACK
06-11 07:15:00.681 10577 19951 I SALiteRetransmitter: timer started
06-11 07:15:00.682  4231  4231 D LocalImageResolver: Couldn't use ImageDecoder for drawable, falling back to non-resized load.
06-11 07:15:00.687  4231  4589 D LocalImageResolver: Couldn't use ImageDecoder for drawable, falling back to non-resized load.
06-11 07:15:00.688  4231  4231 D ExpandableNotifRow: mMaxSmallHeight different before reInflateViews mMaxSmallHeight: 245 mTempSmallHeight:0 0|com.sec.android.app.clockpackage|268439552|null|10176
06-11 07:15:00.688  4231  4231 D ExpandableNotifRow: mMaxSmallHeight different before reInflateViews mMaxSmallHeight: 245 mTempSmallHeight:0 0|com.sec.android.app.clockpackage|268439552|null|10176
06-11 07:15:00.688  4231  4231 D ExpandableNotifRow: mMaxSmallHeight different before reInflateViews mMaxSmallHeight: 245 mTempSmallHeight:0 0|com.sec.android.app.clockpackage|268439552|null|10176
06-11 07:15:00.688  4231  4231 D ExpandableNotifRow: mMaxSmallHeight different before reInflateViews mMaxSmallHeight: 245 mTempSmallHeight:0 0|com.sec.android.app.clockpackage|268439552|null|10176
06-11 07:15:00.690  4231  4231 D S.S.N.  : entryViewBound parent :0|com.sec.android.app.clockpackage|268439552|null|10176
06-11 07:15:00.691  4231  4231 D LocalImageResolver: Couldn't use ImageDecoder for drawable, falling back to non-resized load.
06-11 07:15:00.703  4231  4231 D PluginActionManager: startListening
06-11 07:15:00.703  4231  4365 D PluginActionManager: queryAll com.android.systemui.action.PLUGIN_NOTIFICATION_MENU_ROW
06-11 07:15:00.703  4231  4365 D PluginActionManager: Found 0 plugins
06-11 07:15:00.704  4231  4231 I View    : setRequestedFrameRate frameRate=-2.0, this=StatusBarIconView(slot='com.sec.android.app.clockpackage/0x10001000' alpha=1.0 icon=StatusBarIcon(icon=Icon(typ=RESOURCE pkg=com.sec.android.app.clockpackage id=0x7f080567) visible user=0 ) visibleState=ICON iconColor=#0 staticDrawableColor=#0 decorColor=#ff1b6cf7 animationStartColor=#0 currentSetColor=#0 notification=StatusBarNotification(pkg=com.sec.android.app.clockpackage user=UserHandle{0} id=268439552 tag=null key=0|com.sec.android.app.clockpackage|268439552|null|10176: Notification(channel=notification_channel_firing_alarm_and_timer_in_dex shortcut=null contentView=null vibrate=null sound=null defaults=0 flags=ONGOING_EVENT|NO_CLEAR|FOREGROUND_SERVICE color=0xff365aae category=alarm groupKey=ALARM_GROUP_KEY vis=PRIVATE semFlags=0x0 semPriority=0 semMissedCount=0))), caller=com.android.systemui.statusbar.StatusBarIconView.onAttachedToWindow:6 android.view.View.dispatchAttachedToWindow:24320 android.view.ViewGroup.addViewInner:5582 android.view.ViewGroup.addView:5358 com.android.systemui.statusbar.phone.LegacyNotificationIconAreaControllerImpl.updateIconsForLayout:468 
06-11 07:15:00.705  4231  4231 I View    : setRequestedFrameRate frameRate=-2.0, this=StatusBarIconView(slot='com.sec.android.app.clockpackage/0x10001000' alpha=1.0 icon=StatusBarIcon(icon=Icon(typ=RESOURCE pkg=com.sec.android.app.clockpackage id=0x7f080567) visible user=0 ) visibleState=ICON iconColor=#ff365aae staticDrawableColor=#ff365aae decorColor=#ff1b6cf7 animationStartColor=#0 currentSetColor=#ff365aae notification=StatusBarNotification(pkg=com.sec.android.app.clockpackage user=UserHandle{0} id=268439552 tag=null key=0|com.sec.android.app.clockpackage|268439552|null|10176: Notification(channel=notification_channel_firing_alarm_and_timer_in_dex shortcut=null contentView=null vibrate=null sound=null defaults=0 flags=ONGOING_EVENT|NO_CLEAR|FOREGROUND_SERVICE color=0xff365aae category=alarm groupKey=ALARM_GROUP_KEY vis=PRIVATE semFlags=0x0 semPriority=0 semMissedCount=0))), caller=com.android.systemui.statusbar.StatusBarIconView.onAttachedToWindow:6 android.view.View.dispatchAttachedToWindow:24320 android.view.ViewGroup.addViewInner:5582 android.view.ViewGroup.addView:5358 com.android.systemui.statusbar.phone.LegacyNotificationIconAreaControllerImpl.updateIconsForLayout:468 
06-11 07:15:00.705  4231  4231 D SubscreenNotificationListCoordinator: onAfterRenderList() isSubScreen = false, pluginLockMode = 0, doNotShowOnCover = false
06-11 07:15:00.708  4231  4231 W RefactorFlag: New code path expects SceneContainerFlag to be enabled.
06-11 07:15:00.709  4231  4231 D ExpandableNotifRow: mMaxSmallHeight different before reInflateViews mMaxSmallHeight: 245 mTempSmallHeight:0 0|com.sec.android.app.clockpackage|268439552|null|10176
06-11 07:15:00.709  4231  4231 D ExpandableNotifRow: mMaxSmallHeight different before reInflateViews mMaxSmallHeight: 245 mTempSmallHeight:0 0|com.sec.android.app.clockpackage|268439552|null|10176
06-11 07:15:00.711  4231  4231 I LockscreenNotificationIconsOnlyController: onNotificationInfoUpdated 0
06-11 07:15:00.711  4231  4231 I AODNotificationManager: updateNotification() 
06-11 07:15:00.744 20345 20361 I GWT:TemplateAppWidget: [clockpackage] [template-1.1.19] providePreview: widgetId=AppWidgetId(appWidgetId=-1)
06-11 07:15:00.746 20345 20361 I AlarmItem: createItem() : hour : 6, minutes : 0
06-11 07:15:00.746 20345 20361 I RingtoneManager: Ringtone value : content://media/internal/audio/media/113?title=Homecoming&canonical=1
06-11 07:15:00.747 20345 20361 I AlarmRingtoneManager: createRingtoneList()
06-11 07:15:00.747 20345 20361 W RingtoneManager: setIncludeDrm no longer supported
06-11 07:15:00.789  2745  3441 D KNOX_MDM_SettingsProvider: isChangeAllowed() : name = volume_alarm_earpiece
06-11 07:15:00.790  2745  3441 D SettingsProvider: PUT_ret(/system/volume_alarm_earpiece), callingPackage:android
06-11 07:15:00.790  2745  3441 D KNOX_MDM_SettingsProvider: isChangeAllowed() : name = volume_alarm_speaker
06-11 07:15:00.791  2745  3441 D SettingsProvider: PUT_ret(/system/volume_alarm_speaker), callingPackage:android
06-11 07:15:00.823 20345 20361 I AlarmRingtoneManager: getRingtoneIndex tone : content%3A%2F%2Fmedia%2Finternal%2Faudio%2Fmedia%2F113%3Ftitle%3DHomecoming%26canonical%3D1
06-11 07:15:00.838 20345 20345 I StateUtils: mAudioManager.isVoiceCallActive = false
06-11 07:15:00.841 20345 20361 I AlarmItem: calculateFirstAlertTime
06-11 07:15:00.841 20345 20361 I AlarmItem: isSpecificDate mDailyBriefing = [1] 0
06-11 07:15:00.841 20345 20361 I AlarmItem: calendar(baseTimeMillis)=1781125200000/ system=1781129700841/alarmAlertT___=1781125200000
06-11 07:15:00.841 20345 20361 I AlarmItem: isSpecificDate mDailyBriefing = [1] 0
06-11 07:15:00.841 20345 20361 I AlarmItem: mActivate=0/ baseTimeMillis=1781125200000/ alarmAlertT___=1781125200000
06-11 07:15:00.841 20345 20361 I AlarmItem: calculateFirstAlertTime alarmAlertT_= 1781125200000
06-11 07:15:00.841 20345 20361 I AlarmItem: isSpecificDate mDailyBriefing = [1] 0
06-11 07:15:00.841 20345 20361 I AlarmItem: if (!isSpecificDate() && isOneTimeAlarm()) {
06-11 07:15:00.841 20345 20361 I AlarmItem: mRepeatType : 0x1001
06-11 07:15:00.844 20345 20345 I StateUtils: isInCallState callState = 0
06-11 07:15:00.844 20345 20345 I StateUtils: isInVoipCall = false
06-11 07:15:00.844 20345 20345 I StateUtils: mAudioManager.getMode() = 0:MODE_NORMAL
06-11 07:15:00.844 20345 20345 I AudioManager: getParameters keys = g_interpreter_mode
06-11 07:15:00.845 20345 20361 W System.err: nk.h1: v is cancelling; job=v{Cancelling}@f295107
06-11 07:15:00.845  2030  4427 D AudioFlinger: getParameters: filtered dev getParameters keyvalue g_interpreter_mode
06-11 07:15:00.845 20345 20361 W System.err: Caused by: java.lang.NullPointerException: null cannot be cast to non-null type androidx.datastore.preferences.core.Preferences
06-11 07:15:00.846 20345 20361 W System.err: 	at wf.v3.a(SourceFile:340)
06-11 07:15:00.846  1918  2833 V sec_audio_hw: sec_dev_get_parameters : g_interpreter_mode
06-11 07:15:00.846  1918  2833 D AHAL: FM: fm_get_parameters: 300: enter
06-11 07:15:00.846  1918  2833 D AHAL: FM: fm_get_parameters: 307: exit
06-11 07:15:00.846 20345 20361 W System.err: 	at l5.l.invoke(SourceFile:72)
06-11 07:15:00.846 20345 20361 W System.err: 	at g1.c.a(SourceFile:45)
06-11 07:15:00.846 20345 20361 W System.err: 	at g1.c.invoke(SourceFile:1)
06-11 07:15:00.846 20345 20361 W System.err: 	at androidx.compose.runtime.c.b(SourceFile:151)
06-11 07:15:00.846 20345 20361 W System.err: 	at l5.m.invoke(SourceFile:90)
06-11 07:15:00.846 20345 20361 W System.err: 	at g1.c.a(SourceFile:45)
06-11 07:15:00.846 20345 20361 W System.err: 	at g1.c.invoke(SourceFile:1)
06-11 07:15:00.847 20345 20361 W System.err: 	at androidx.compose.foundation.lazy.layout.j1.invoke(SourceFile:113)
06-11 07:15:00.847 20345 20361 W System.err: 	at g1.c.a(SourceFile:45)
06-11 07:15:00.847 20345 20361 W System.err: 	at g1.c.invoke(SourceFile:1)
06-11 07:15:00.847 20345 20361 W System.err: 	at androidx.compose.runtime.c.b(SourceFile:151)
06-11 07:15:00.847 20345 20361 W System.err: 	at z4.f.a(SourceFile:113)
06-11 07:15:00.847 20345 20361 W System.err: 	at androidx.compose.foundation.lazy.layout.i0.invoke(SourceFile:111)
06-11 07:15:00.847 20345 20361 W System.err: 	at g1.c.a(SourceFile:45)
06-11 07:15:00.848 20345 20361 W System.err: 	at g1.c.invoke(SourceFile:1)
06-11 07:15:00.848 20345 20361 W System.err: 	at androidx.compose.runtime.c.b(SourceFile:151)
06-11 07:15:00.848 20345 20361 W System.err: 	at v5.o.n(SourceFile:83)
06-11 07:15:00.848 20345 20361 W System.err: 	at ol.i.invoke(SourceFile:55)
06-11 07:15:00.848 20345 20361 W System.err: 	at g1.c.a(SourceFile:45)
06-11 07:15:00.848 20345 20361 W System.err: 	at g1.c.invoke(SourceFile:1)
06-11 07:15:00.848 20345 20361 W System.err: 	at androidx.compose.runtime.c.a(SourceFile:240)
06-11 07:15:00.848 20345 20361 W System.err: 	at v5.l.invoke(SourceFile:354)
06-11 07:15:00.848 20345 20361 W System.err: 	at g1.c.a(SourceFile:45)
06-11 07:15:00.848 20345 20361 W System.err: 	at g1.b.invoke(SourceFile:46)
06-11 07:15:00.848 20345 20361 W System.err: 	at androidx.compose.runtime.r.D(SourceFile:568)
06-11 07:15:00.848 20345 20361 W System.err: 	at androidx.compose.runtime.r.L(SourceFile:145)
06-11 07:15:00.848 20345 20361 W System.err: 	at androidx.compose.runtime.r.n(SourceFile:118)
06-11 07:15:00.848 20345 20361 W System.err: 	at androidx.compose.runtime.r.B(SourceFile:30)
06-11 07:15:00.848 20345 20361 W System.err: 	at androidx.compose.runtime.x.v(SourceFile:19)
06-11 07:15:00.848 20345 20361 W System.err: 	at androidx.compose.runtime.x1.q(SourceFile:103)
06-11 07:15:00.848 20345 20361 W System.err: 	at androidx.compose.runtime.v1.invoke(SourceFile:529)
06-11 07:15:00.849 20345 20361 W System.err: 	at androidx.compose.runtime.f.c(SourceFile:38)
06-11 07:15:00.849 20345 20361 W System.err: 	at z5.j.c(SourceFile:18)
06-11 07:15:00.849 20345 20361 W System.err: 	at z5.h.invokeSuspend(SourceFile:86)
06-11 07:15:00.849 20345 20361 W System.err: 	at vh.a.resumeWith(SourceFile:7)
06-11 07:15:00.849 20345 20361 W System.err: 	at nk.k0.run(SourceFile:112)
06-11 07:15:00.849  4231  4231 D Bubbles : onEntryUpdated : shouldBubbleUp=false ,key=0|com.sec.android.app.clockpackage|268439552|null|10176
06-11 07:15:00.849 20345 20361 W System.err: 	at com.google.common.util.concurrent.h.run(SourceFile:178)
06-11 07:15:00.849 20345 20361 W System.err: 	at uk.i.run(SourceFile:2)
06-11 07:15:00.849 20345 20361 W System.err: 	at uk.a.run(SourceFile:95)
06-11 07:15:00.849 20345 20361 I GWT:CoroutineSession: [clockpackage] Cancel wf.v3 session(v5.o@7e6dc55) coroutine
06-11 07:15:00.849 20345 20345 I StateUtils: bRecordActive = false
06-11 07:15:00.849 20345 20361 W GWT:PreviewSessionManager: [clockpackage] Exception java.lang.NullPointerException: null cannot be cast to non-null type androidx.datastore.preferences.core.Preferences occurred while wf.v3-preview composition
06-11 07:15:00.849 20345 20345 I AudioManager: getParameters keys = g_interpreter_mode
06-11 07:15:00.849 20345 20361 I GWT:PreviewState: [clockpackage] updateAppWidgetPreview elapsed : 317
06-11 07:15:00.850  4231  4231 D InterruptionStateProvider:  no Heads up : edgelighting enabled app. 0|com.sec.android.app.clockpackage|268439552|null|10176
06-11 07:15:00.850 20345 20361 I GWT:CoroutineSession: [clockpackage] runComposition wf.r3 widget / v5.o@72695d2
06-11 07:15:00.850  4231  4231 I {OngoingActivityController}: onEntryUpdated and OA data is empty. So update latest task info
06-11 07:15:00.850  2030  4427 D AudioFlinger: getParameters: filtered dev getParameters keyvalue g_interpreter_mode
06-11 07:15:00.850  1918  2833 V sec_audio_hw: sec_dev_get_parameters : g_interpreter_mode
06-11 07:15:00.850  1918  2833 D AHAL: FM: fm_get_parameters: 300: enter
06-11 07:15:00.850  1918  2833 D AHAL: FM: fm_get_parameters: 307: exit
06-11 07:15:00.850 20345 20774 I GWT:GlanceStateDefinition: [clockpackage] getDataStore: preview-r3-large, file exist: true, PreferenceStateDefinition type: true
06-11 07:15:00.853 20345 20345 I StateUtils: bRecordActive = false
06-11 07:15:00.854 20345 20345 I StateUtils: isDirectBootMode On : true
06-11 07:15:00.855 20345 20345 I StateUtils: isDirectBootMode On : true
06-11 07:15:00.855 20345 20345 I StateUtils: isUserUnlockedDevice : true
06-11 07:15:00.855 20345 20345 I StateUtils: isSoundModeOn : false
06-11 07:15:00.855 20345 20345 I StateUtils: isMannerModeState bVibrateForAlarms = false
06-11 07:15:00.855 20345 20345 I AlarmService: setMode() bRecordingState= false bMannerModeState= false mIsVoipCall = false, mIsVideoCall = false
06-11 07:15:00.855 20345 20345 I AlarmService: Not Emergency Call Back Mode
06-11 07:15:00.855 20345 20345 I AlarmService: setPlayModeBySoundSwitchAndAlarmType bRecordingState = false
06-11 07:15:00.855 20345 20345 I AlarmItem: isMainSoundOn() / mDailyBriefing[14] (ON = bit 0) = 10
06-11 07:15:00.855 20345 20345 I AlarmItem: isNewBixbyOn() / mDailyBriefing = [15] 10
06-11 07:15:00.855 20345 20345 I AlarmItem: isNewCelebOn() / mDailyBriefing = [16] 10
06-11 07:15:00.855 20345 20345 I AlarmItem: isAlarmToneOn() / mDailyBriefing[7] (ON = bit 0) = 10
06-11 07:15:00.855 20345 20345 I AlarmItem: isSoundOnState bSoundOnState = true
06-11 07:15:00.855 20345 20345 I AlarmItem: isMainSoundOn() / mDailyBriefing[14] (ON = bit 0) = 10
06-11 07:15:00.855 20345 20345 I AlarmItem: isNewBixbyOn() / mDailyBriefing = [15] 10
06-11 07:15:00.855 20345 20345 I AlarmItem: isNewCelebOn() / mDailyBriefing = [16] 10
06-11 07:15:00.855 20345 20345 I AlarmItem: isAlarmToneOn() / mDailyBriefing[7] (ON = bit 0) = 10
06-11 07:15:00.855 20345 20345 I AlarmItem: isSoundOnState bSoundOnState = true
06-11 07:15:00.855 20345 20345 I AlarmService: setPlayerPlayMode PLAY_NULL
06-11 07:15:00.856 20345 20345 I AlarmPlayerBase: mVibPattern = 50035
06-11 07:15:00.856 20345 20345 I AlarmPlayer: resume
06-11 07:15:00.856 20345 20345 I AlarmPlayer: resume - count is greater than 1
06-11 07:15:00.856 20345 20345 I StateUtils: isDndModeAlarmMuted : isAlarmMuted = false , flagZenMode = 0
06-11 07:15:00.856 20345 20345 I AlarmPlayer: play - PlayerMode = 0x11
06-11 07:15:00.857 20345 20345 I StateUtils: isDirectBootMode On : true
06-11 07:15:00.858 20345 20345 I StateUtils: isDirectBootMode On : true
06-11 07:15:00.858 20345 20345 I StateUtils: isUserUnlockedDevice : true
06-11 07:15:00.858 20345 20345 I StateUtils: isSoundModeOn : false
06-11 07:15:00.858 20345 20345 I StateUtils: isMannerModeState bVibrateForAlarms = false
06-11 07:15:00.858 20345 20345 I AlarmPlayer: playSound
06-11 07:15:00.862  2030  4427 V APM_AudioPolicyManager: setAudioPolicyConfig: audioParam;l_smart_view_split_sound_enable=false
06-11 07:15:00.863  2745  3095 I MediaFocusControl: requestAudioFocus() from uid/pid 10176/20345 AA=USAGE_ALARM/CONTENT_TYPE_SONIFICATION clientId=android.media.AudioManager@cfcd1f6com.sec.android.app.clockpackage.alarm.model.b@9e289f7 callingPack=com.sec.android.app.clockpackage req=2 flags=0x0 sdk=36
06-11 07:15:00.864  2745  3095 D AS.AudioService: [Android Auto] isConnectedAndroidAuto = false
06-11 07:15:00.864  2745  3095 D MediaFocusControl: selectFocusStack, uid = 10176, appDevice = 0, device = 2
06-11 07:15:00.864  2745  3095 I MediaFocusControl: removeFocusStackEntry client:android.media.AudioManager@cfcd1f6com.sec.android.app.clockpackage.alarm.model.b@9e289f7
06-11 07:15:00.864  2745  3095 I MediaFocusControl: propagateFocusLossFromGain_syncAf gain:2
06-11 07:15:00.864  2745  3095 I MediaFocusControl: propagateFocusLossFromGain_syncAf empty stack
06-11 07:15:00.864  2745  3095 I AS.FadeOutManager: unfadeOutUid() uid:10176
06-11 07:15:00.870  4231  4231 D SubscreenNotificationListCoordinator: onAfterRenderList() isSubScreen = false, pluginLockMode = 0, doNotShowOnCover = false
06-11 07:15:00.871  4231  4231 W RefactorFlag: New code path expects SceneContainerFlag to be enabled.
06-11 07:15:00.871  4231  4231 D ExpandableNotifRow: mMaxSmallHeight different before reInflateViews mMaxSmallHeight: 245 mTempSmallHeight:0 0|com.sec.android.app.clockpackage|268439552|null|10176
06-11 07:15:00.871  4231  4231 D ExpandableNotifRow: mMaxSmallHeight different before reInflateViews mMaxSmallHeight: 245 mTempSmallHeight:0 0|com.sec.android.app.clockpackage|268439552|null|10176
06-11 07:15:00.874  7459 20434 I MediaProvider: Filtering owner package name for com.sec.android.app.clockpackage, projection: [title_key, instance_id, compilation, disc_number, duration, is_ringtone, album_artist, resolution, orientation, artist, author, inferred_date, height, is_drm, bucket_display_name, is_audiobook, owner_package_name, volume_name, title_resource_uri, date_modified, writer, date_expires, composer, bits_per_sample, _display_name, is_recording, datetaken, mime_type, is_notification, bitrate, cd_track_number, _id, xmp, year, null as oem_metadata, _data, _size, album, genre, is_alarm, title, track, width, is_music, samplerate, album_key, is_favorite, is_trashed, group_id, document_id, artist_id, generation_added, artist_key, genre_key, is_download, generation_modified, is_pending, date_added, is_podcast, capture_framerate, album_id, num_tracks, original_document_id, genre_id, bucket_id, bookmark, relative_path]
06-11 07:15:00.875  7459 20434 D MediaProvider: Constructed owner_package_name substitution: CASE WHEN owner_package_name IN () THEN owner_package_name ELSE NULL END AS owner_package_name
06-11 07:15:00.875  4231  4231 I LockscreenNotificationIconsOnlyController: onNotificationInfoUpdated 0
06-11 07:15:00.875  7459 20434 W SQLiteQueryBuilder: Allowing abusive custom column: CASE WHEN owner_package_name IN () THEN owner_package_name ELSE NULL END AS owner_package_name
06-11 07:15:00.875  7459 20434 W SQLiteQueryBuilder: Allowing abusive custom column: null as oem_metadata
06-11 07:15:00.875  4231  4231 I AODNotificationManager: updateNotification() 
06-11 07:15:00.877  4231  4589 D LocalImageResolver: Couldn't use ImageDecoder for drawable, falling back to non-resized load.
06-11 07:15:00.878  4231  4589 D LocalImageResolver: Couldn't use ImageDecoder for drawable, falling back to non-resized load.
06-11 07:15:00.883  4231  4231 D LocalImageResolver: Couldn't use ImageDecoder for drawable, falling back to non-resized load.
06-11 07:15:00.884  7459 20434 W MediaProvider: Didn't find any volume for getVolume(/system/media/audio/ringtones/SoundTheme/Calm/ACH_Bach_Siciliano.ogg)
06-11 07:15:00.886  4231  4231 D ExpandableNotifRow: mMaxSmallHeight different before reInflateViews mMaxSmallHeight: 245 mTempSmallHeight:0 0|com.sec.android.app.clockpackage|268439552|null|10176
06-11 07:15:00.886  4231  4231 D ExpandableNotifRow: mMaxSmallHeight different before reInflateViews mMaxSmallHeight: 245 mTempSmallHeight:0 0|com.sec.android.app.clockpackage|268439552|null|10176
06-11 07:15:00.886  4231  4231 D ExpandableNotifRow: mMaxSmallHeight different before reInflateViews mMaxSmallHeight: 245 mTempSmallHeight:0 0|com.sec.android.app.clockpackage|268439552|null|10176
06-11 07:15:00.886  4231  4231 D ExpandableNotifRow: mMaxSmallHeight different before reInflateViews mMaxSmallHeight: 245 mTempSmallHeight:0 0|com.sec.android.app.clockpackage|268439552|null|10176
06-11 07:15:00.887  7459 20434 I MediaProvider: Open with lower FS for /system/media/audio/ringtones/SoundTheme/Calm/ACH_Bach_Siciliano.ogg. Uid: 10176
06-11 07:15:00.890  4231  4231 D S.S.N.  : entryViewBound parent :0|com.sec.android.app.clockpackage|268439552|null|10176
06-11 07:15:00.892  4231  4231 D LocalImageResolver: Couldn't use ImageDecoder for drawable, falling back to non-resized load.
06-11 07:15:00.893  2364  3738 V MediaPlayerService: Create new client(479) from AttributionSourceState{pid: 20345, uid: 10176, deviceId: 0, packageName: com.sec.android.app.clockpackage, attributionTag: (null), token: binder:0xf2849fd0, renouncedPermissions: [], next: []}, 
06-11 07:15:00.894  2364  3738 V MediaPlayerService: setDataSource fd=9 (/system/media/audio/ringtones/SoundTheme/Calm/ACH_Bach_Siciliano.ogg), offset=0, length=576460752303423487
06-11 07:15:00.894  2364  3738 V MediaPlayerService: st_dev  = 65030
06-11 07:15:00.894  2364  3738 V MediaPlayerService: st_mode = 33188
06-11 07:15:00.894  2364  3738 V MediaPlayerService: st_uid  = 0
06-11 07:15:00.894  2364  3738 V MediaPlayerService: st_gid  = 0
06-11 07:15:00.894  2364  3738 V MediaPlayerService: st_size = 581557
06-11 07:15:00.894  2364  3738 V MediaPlayerService: calculated length = 581557
06-11 07:15:00.894  2364  3738 V MediaPlayerService: player type = 4
06-11 07:15:00.894  4231  4231 D SubscreenNotificationListCoordinator: onAfterRenderList() isSubScreen = false, pluginLockMode = 0, doNotShowOnCover = false
06-11 07:15:00.894  2364  3738 D NuPlayerDriver: NuPlayerDriver(0xf26c55d0) created, clientPid(20345)
06-11 07:15:00.896  4231  4231 W RefactorFlag: New code path expects SceneContainerFlag to be enabled.
06-11 07:15:00.896  4231  4231 D ExpandableNotifRow: mMaxSmallHeight different before reInflateViews mMaxSmallHeight: 245 mTempSmallHeight:0 0|com.sec.android.app.clockpackage|268439552|null|10176
06-11 07:15:00.896  4231  4231 D ExpandableNotifRow: mMaxSmallHeight different before reInflateViews mMaxSmallHeight: 245 mTempSmallHeight:0 0|com.sec.android.app.clockpackage|268439552|null|10176
06-11 07:15:00.897  4231  4231 I LockscreenNotificationIconsOnlyController: onNotificationInfoUpdated 0
06-11 07:15:00.897  4231  4231 I AODNotificationManager: updateNotification() 
06-11 07:15:00.904  2364  3738 V AudioSink: AudioOutput(12057)
06-11 07:15:00.904  2364  3738 V NuPlayerDriver: setDataSource(0xf26c55d0) file(9)
06-11 07:15:00.904  2364  3738 V NuPlayer: setDataSourceAsync fd 9/0/581557 source: 0xe8c039d0
06-11 07:15:00.904  2364 20778 V NuPlayer: kWhatSetAudioSink
06-11 07:15:00.904  2364 20778 V NuPlayer: kWhatSetDataSource
06-11 07:15:00.904  2364  3738 V MediaPlayerService: [479] setParameter(1400)
06-11 07:15:00.904  2364  3738 V MediaPlayerService: setAudioAttributes_l() usage=4 content=4 flags=0x800 tags=HAPTIC_INTENSITY=3600
06-11 07:15:00.905  2364  3739 V MediaPlayerService: [479] setVideoSurfaceTexture(0x0)
06-11 07:15:00.905  2364  3739 V MediaPlayerService: [479] setParameter(1400)
06-11 07:15:00.905  2364  3739 V MediaPlayerService: setAudioAttributes_l() usage=4 content=4 flags=0x800 tags=HAPTIC_INTENSITY=3600
06-11 07:15:00.906  2364  3739 V MediaPlayerService: [479] prepareAsync
06-11 07:15:00.906  2364  3739 V NuPlayerDriver: prepareAsync(0xf26c55d0)
06-11 07:15:00.906  2364  3739 V NuPlayer: prepareAsync
06-11 07:15:00.906  2364 20778 V NuPlayer: onMessageReceived kWhatPrepare
06-11 07:15:00.906  2364 20778 I MediaMonitor: MediaMonitor()
06-11 07:15:00.907  2364 20779 D GenericSource: FileSource remote
06-11 07:15:00.907  4231  4645 D SoundCraft.PlayingAudioConditionHandler: onPlaybackConfigChanged : lastStartedPackageName=null, lastStartedUid=-1, newStartedUid=-1, newStartPackageName=null, thread=Thread[RoutineHandlerThread,5,main]
06-11 07:15:00.928  2362  5502 I OggExtractor: size of mTableOfContents : 134
06-11 07:15:00.928  2362  5502 I MediaExtractorFactory: Created an extractor 'SECOggExtractor' with confidence 0.51
06-11 07:15:00.930  2364 20779 I AnotherPacketSource: setFormat() : audio/vorbis
06-11 07:15:00.931  2364 20778 V NuPlayer: onSourceNotify() kWhatFlagsChanged  FLAG_CAN_PAUSE: 1  FLAG_CAN_SEEK_BACKWARD: 1 
06-11 07:15:00.931  2364 20778 V NuPlayer: 				 FLAG_CAN_SEEK_FORWARD: 1  FLAG_CAN_SEEK: 1  FLAG_DYNAMIC_DURATION: 0 
06-11 07:15:00.931  2364 20778 V NuPlayer: 				 FLAG_SECURE: 0  FLAG_PROTECTED: 0
06-11 07:15:00.931  2364 20779 V NuPlayer: Source::notifyPrepared 0
06-11 07:15:00.931  2364 20778 V NuPlayer: prepare posted successfully.
06-11 07:15:00.931  2364 20778 I NuPlayer: ORmode enabled : unsupportedAudio = 0, unsupportedVideo = 0, mHaveAudioTrack = 1, mHaveVideoTrack = 0
06-11 07:15:00.931  2364 20778 V MediaPlayerService: [479] notify (200, 10973, 0)
06-11 07:15:00.931  2364 20778 V NuPlayer: NuPlayer::onSourceNotify Source::kWhatPrepared source: 0xe8c039d0
06-11 07:15:00.931 20345 20354 W MediaPlayerNative: info/warning (10973, 0)
06-11 07:15:00.931  2364 20778 V NuPlayer: extractMetadata Tracks : 1
06-11 07:15:00.932  2364 20778 V NuPlayerDriver: notifyPrepareCompleted 0
06-11 07:15:00.932  2364 20778 V MediaPlayerService: [479] notify (1, 0, 0)
06-11 07:15:00.932  2364 20778 V NuPlayerDriver: setAutoLooping mAutoLoop 1
06-11 07:15:00.932  2364  3739 V AudioSink: setPlayerIId(7319)
06-11 07:15:00.933  2364  3739 V NuPlayer: getTrackInfo
06-11 07:15:00.935  2364  3739 V MediaPlayerService: [479] setLooping(1)
06-11 07:15:00.935  2364  3739 V MediaPlayerService: [479] setVolume(1.000000, 1.000000)
06-11 07:15:00.935  2364  3739 V AudioSink: setVolume(1.000000, 1.000000)
06-11 07:15:00.936 20345 20345 I AlarmMediaPlayer: mSoundPosition : 0
06-11 07:15:00.936  2364  3739 V MediaPlayerService: getDuration
06-11 07:15:00.936  2364  3739 V MediaPlayerService: [479] getDuration = 31128
06-11 07:15:00.936  2364  3739 V MediaPlayerService: [479] seekTo(0, 0)
06-11 07:15:00.936  2364  3739 V NuPlayerDriver: seekTo(0xf26c55d0) (0 ms, 0) at state 4
06-11 07:15:00.936  2364  3739 V MediaPlayerService: [479] notify (7, 0, 0)
06-11 07:15:00.936  2364  3739 V NuPlayer: seekToAsync seekTimeUs : 0
06-11 07:15:00.936  2364 20778 V NuPlayer: kWhatSeek seekTimeUs=0 us, mode=0, needNotify=1
06-11 07:15:00.936  2364 20778 V NuPlayer: onStart: mCrypto: 0x0 (0)
06-11 07:15:00.936  2364 20778 V NuPlayer: performSeek seekTimeUs=0 us (0.00 secs), mode=0
06-11 07:15:00.936 20345 20345 I AlarmPlayer: playSound else mSoundPlayer?.start
06-11 07:15:00.936 20345 20345 I AlarmPlayerBase: playVibration
06-11 07:15:00.936 20345 20345 I AlarmPlayerBase: getAlarmVibrator
06-11 07:15:00.938  2745  3840 D VibratorManagerService: converted usage = ALARM(17)
06-11 07:15:00.938  2745  3840 D VibratorManagerService: vibrate - uid: 10176, opPkg: com.sec.android.app.clockpackage, effect: Mono{mEffect=Composed{segments=[SemHaptic{mType=50035, mMagnitude=3600}], repeat=0, mMagnitudeType=TYPE_EXTRA}}, attrs: VibrationAttributes{mUsage=ALARM, mAudioUsage= USAGE_UNKNOWN, mFlags=0, tags=}, reason: null, token: android.os.BinderProxy@8d3e64b
06-11 07:15:00.938  2745  3840 D SingleVibrationSession: semIndexVibrate : ALERT_BASIC_CALL(11), repeat: 0, usage: ALARM(17), magnitude: 3600
06-11 07:15:00.938  2745  3840 D VibratorManagerService: Starting vibrate for vibration 4266
06-11 07:15:00.938  2745  3840 D VibratorManagerService: Check AppOp mode VIBRATE for uid 10176 and package com.sec.android.app.clockpackage returned audio=allow, op=allow
06-11 07:15:00.938  2745  3840 D VibratorManagerService: Starting vibration 4266 on thread
06-11 07:15:00.939  2745  3840 D VibratorManagerService: Start AppOp mode VIBRATE for uid 10176 and package com.sec.android.app.clockpackage returned allow
06-11 07:15:00.939 20345 20345 I AlarmPlayerBase: playVibration android.os.SystemVibrator@c9eed0
06-11 07:15:00.939 20345 20345 I StateUtils: isDirectBootMode On : true
06-11 07:15:00.940 20345 20345 I StateUtils: isDirectBootMode On : true
06-11 07:15:00.940 20345 20345 I StateUtils: isUserUnlockedDevice : true
06-11 07:15:00.940 20345 20345 I StateUtils: isSoundModeOn : false
06-11 07:15:00.940 20345 20345 I StateUtils: isMannerModeState bVibrateForAlarms = false
06-11 07:15:00.940 20345 20345 I AlarmPlayerBase: playVibration mAudioManager != null
06-11 07:15:00.940 20345 20345 I StateUtils: isCameraRunning: false
06-11 07:15:00.940 20345 20345 I AlarmService: increaseVolume() -> 
06-11 07:15:00.940  2364 20778 I GenericSource: start
06-11 07:15:00.940  2364 20778 V NuPlayerDriver: notifySeekComplete(0xf26c55d0)
06-11 07:15:00.940  2364 20778 V MediaPlayerService: [479] notify (4, 0, 0)
06-11 07:15:00.940 20345 20345 I AlarmService: mCurVol = 0.20137
06-11 07:15:00.941  2745  3184 D VibrationThread: Playing vibration id 4266 StartSequentialEffectStep
06-11 07:15:00.941  2745  3184 D VibrationThread: StartSequentialEffectStep for effect #0
06-11 07:15:00.941  2745  3184 D SemHapticStep: sepIndex=11, intensity=3600, repeat=true, duration=3600
06-11 07:15:00.941  2745  3184 D SemHapticStep: Turning on vibrator 0 for 3600ms
06-11 07:15:00.942  2364  3739 V NuPlayer: getTrackInfo
06-11 07:15:00.943  2364  3739 V NuPlayerDriver: getCurrentPosition(0xf26c55d0) 0 (msec), at state 4
06-11 07:15:00.945  1998  1998 E SecVibrator-HAL-AIDL-EXT: V_5_0: performPrebakedHapticPattern 11 : 3600 : 1
06-11 07:15:00.947  1998  1998 E SecVibrator-HAL-AIDL-CORE: HW_API: [setForceFeedbackAmplitude]amplitude: 3600
06-11 07:15:00.947  1998  1998 E SecVibrator-HAL-AIDL-CORE: HW_API: [setAndTriggerOwt]sep index transform
06-11 07:15:00.947  1998  1998 E SecVibrator-HAL-AIDL-CORE: HW_API: [setAndTriggerOwt]str: 20.100, 10, ~
06-11 07:15:00.947  1998  1998 E SecVibrator-HAL-AIDL-CORE: HW_API: [setAndTriggerOwt]num_bytes: 12
06-11 07:15:00.972  1998  1998 E SecVibrator-HAL-AIDL-CORE: HW_API: [uploadForceFeedbackeffect]ioctl success ,uploaded effect with ID: 0
06-11 07:15:00.972  1998  1998 E SecVibrator-HAL-AIDL-CORE: HW_API: [triggerForceFeedbackVibration]on: 1
06-11 07:15:00.975  2745  3184 I system_server: Note: end time exceeds INT32_MAX: 9223372036733216
06-11 07:15:00.975  2745  5498 D MotionRecognitionService: inject vibrator info = 1.0
06-11 07:15:00.977  1938  1938 I sensors-hal: inject_sensor_data:577, handle:11, type:33 not supported
06-11 07:15:00.977  1938  1938 I sensors-hal: inject_sensor_data:577, handle:11, type:33 not supported
06-11 07:15:00.978  1938  1938 I sensors-hal: inject_sensor_data:577, handle:11, type:33 not supported
06-11 07:15:00.988 20345 20345 I HeadUpNotificationService: onAnimationEnd
06-11 07:15:00.990  4695  4695 I adbd    : adbd service requested 'shell,v2,TERM=dumb,raw:input tap 957 235'
06-11 07:15:01.021  2062  2062 D SurfaceFlinger: GPIS:: requestGPISForClientComposition
06-11 07:15:01.042  2745  3405 D WifiStaIfaceHidlImpl: getCachedScanData is not implemented by HIDL
06-11 07:15:01.046  2745  3840 D InputDispatcher: Inject motion (20783/2000): action=0x0, time=121554580000000, f=0x0, d=0 dsdx=1.000000 dtdx=0.000000
06-11 07:15:01.047  2745  3196 I InputDispatcher: Delivering touch to (4231): action: 0x4, f=0x0, d=0, '2a57a0a', t=1 
06-11 07:15:01.047  2745  3196 I InputDispatcher: Delivering touch to (20345): action: 0x0, f=0x0, d=0, '5b1455f', t=1 +(-30,0)
06-11 07:15:01.049  2745  3196 D PowerManagerService: [api] userActivityFromNative : touch displayId=0 eventTime=121554580
06-11 07:15:01.050  2745  3196 D PowerManagerService: UserActivityStateListenerState: 1
06-11 07:15:01.052  2745  2803 I GestureDetector: obtain mCurrentDownEvent. id: -88571134 caller: com.android.server.wm.SystemGesturesPointerEventListener.onPointerEvent:17 com.android.server.wm.PointerEventDispatcher.onInputEvent:51 android.view.InputEventReceiver.dispatchInputEvent:392 
06-11 07:15:01.052  2745  2803 I GestureDetector: obtain mCurrentDownEvent. id: -88571134 caller: com.android.server.wm.SystemPerformancePointerEventListener.onPointerEvent:13 com.android.server.wm.PointerEventDispatcher.onInputEvent:51 android.view.InputEventReceiver.dispatchInputEvent:392 
06-11 07:15:01.054 20345 20771 I GWT:TemplateAppWidget: [clockpackage] [template-1.1.19] providePreview: widgetId=AppWidgetId(appWidgetId=-1)
06-11 07:15:01.054 20345 20771 I AlarmItem: createItem() : hour : 6, minutes : 0
06-11 07:15:01.055 20345 20771 I RingtoneManager: Ringtone value : content://media/internal/audio/media/113?title=Homecoming&canonical=1
06-11 07:15:01.055 20345 20771 I AlarmRingtoneManager: createRingtoneList()
06-11 07:15:01.055 20345 20771 W RingtoneManager: setIncludeDrm no longer supported
06-11 07:15:01.068 20345 20345 I VRI[WindowManager$LayoutParams]@831c9a8: ViewPostIme pointer 0
06-11 07:15:01.069 20345 20345 I HeadUpNotificationService: onTouch MotionEvent { action=ACTION_DOWN, actionButton=0, id[0]=0, x[0]=927.0, y[0]=235.0, toolType[0]=TOOL_TYPE_FINGER, buttonState=0, classification=NONE, metaState=0, flags=0x0, edgeFlags=0x0, pointerCount=1, historySize=0, eventTime=121554580, downTime=121554580, deviceId=-1, source=0x1002, displayId=0, eventId=-88571134 }
06-11 07:15:01.071 20345 20345 I GestureDetector: obtain mCurrentDownEvent. id: -88571134 caller: com.sec.android.app.clockpackage.commonalert.viewmodel.HeadUpNotificationService$mViewTouchListener$1.onTouch:37 android.view.View.performOnTouchCallback:17224 android.view.View.dispatchTouchEvent:17187 
06-11 07:15:01.073  2745  5646 D SemWifiUsabilityStatsMonitor: onWifiUsabilityStats - seqNum 9955, isSameBssidAndFreq true
06-11 07:15:01.075  2745  3502 E SemWifiLinkQualityMonitor: Too old or invalid TMI: currentTime=1781129701075 lastDateWindow=1781129630000
06-11 07:15:01.076  2745  3502 I SemWifiLinkQualityMonitor: Link stat: 1220 / 73 / 1.03 (708) / 866 / -40.0 || 100.0 : 866.00 / 0.5 : 0.97 / 0.55 : 0.06 / G (G) || 4f731b0d5785: 0.086 / 93.218 / N || N N / 0 0 / N 2.0 / N X 0 / 121554608 0 || 2026-06-11 07:13:50  / 0: 0 0 0 0 0 0 / 0: 0 0 0 0 0 0 / 0: 0 0 0 0 0 0
06-11 07:15:01.076 20345 20345 I VRI[WindowManager$LayoutParams]@831c9a8: call setFrameRateCategory for touch hint category=high hint, reason=touch, vri=VRI[WindowManager$LayoutParams]@831c9a8
06-11 07:15:01.078  2745  3840 D InputDispatcher: Inject motion (20783/2000): action=0x1, time=121554580000000, f=0x0, d=0 dsdx=1.000000 dtdx=0.000000
06-11 07:15:01.078  2745  3196 I InputDispatcher: Delivering touch to (20345): action: 0x1, f=0x0, d=0, '5b1455f', t=1 +(-30,0)
06-11 07:15:01.079 20345 20345 I VRI[WindowManager$LayoutParams]@831c9a8: ViewPostIme pointer 1
06-11 07:15:01.079 20345 20345 I HeadUpNotificationService: onTouch MotionEvent { action=ACTION_UP, actionButton=0, id[0]=0, x[0]=927.0, y[0]=235.0, toolType[0]=TOOL_TYPE_FINGER, buttonState=0, classification=NONE, metaState=0, flags=0x0, edgeFlags=0x0, pointerCount=1, historySize=0, eventTime=121554580, downTime=121554580, deviceId=-1, source=0x1002, displayId=0, eventId=-398941786 }
06-11 07:15:01.079 20345 20345 I GestureDetector: obtain mCurrentMotionEventRaw. action: 1 id: -398941786
06-11 07:15:01.079  2745  2803 I GestureDetector: obtain mCurrentMotionEventRaw. action: 1 id: -398941786
06-11 07:15:01.080  2745  2803 I GestureDetector: obtain mCurrentMotionEventRaw. action: 1 id: -398941786
06-11 07:15:01.080 20345 20345 I AlarmAlertPopupService: handleTapAction()
06-11 07:15:01.085  2062  2062 I SurfaceFlinger: [android.view.WindowManager$LayoutParams$_20345#24089] setFrameRateCategory: HighHint
06-11 07:15:01.086 20345 20345 I BLASTBufferQueue_Java: update, w= 1020 h= 436 mName = VRI[WindowManager$LayoutParams]@831c9a8 mNativeObject= 0xb4000071982d73e0 sc.mNativeObject= 0xb4000071582b0210 format= -3 caller= android.view.ViewRootImpl.updateBlastSurfaceIfNeeded:3574 android.view.ViewRootImpl.relayoutWindow:11685 android.view.ViewRootImpl.performTraversals:4804 android.view.ViewRootImpl.doTraversal:3924 android.view.ViewRootImpl$TraversalRunnable.run:12903 android.view.Choreographer$CallbackRecord.run:1901 
06-11 07:15:01.086 20345 20345 I VRI[WindowManager$LayoutParams]@831c9a8: Relayout returned: old=(30,0,1050,436) new=(30,0,1050,436) relayoutAsync=true req=(1020,436)0 dur=0 res=0x0 s={true 0xb4000073582c0340} ch=false seqId=0
06-11 07:15:01.086  2745  3095 I WindowManager: Relayout Window{5b1455f u0 android.view.WindowManager$LayoutParams}: viewVisibility=0 req=1020x436 ty=2009 d0
06-11 07:15:01.087  2745  3095 D SurfaceComposerClient: setCornerRadius ## 97e1f99 com.worksoc.goaicoach/com.worksoc.goaicoach.MainActivity#24070 cornerRadius=0.000000
06-11 07:15:01.089  2745  3095 D SurfaceComposerClient: setCornerRadius ## 97e1f99 com.worksoc.goaicoach/com.worksoc.goaicoach.MainActivity#24070 cornerRadius=0.000000
06-11 07:15:01.090 20345 20345 I VRI[WindowManager$LayoutParams]@831c9a8: registerCallbackForPendingTransactions
06-11 07:15:01.091 20345 20760 I VRI[WindowManager$LayoutParams]@831c9a8: mWNT: t=0xb4000071882c0810 mBlastBufferQueue=0xb4000071982d73e0 fn= 28 HdrRenderState mRenderHdrSdrRatio=1.0 caller= android.view.ViewRootImpl$10.onFrameDraw:6536 android.view.ViewRootImpl$4.onFrameDraw:2489 android.view.ThreadedRenderer$1.onFrameDraw:718 
06-11 07:15:01.091 20345 20345 I StateUtils: mAudioManager.isVoiceCallActive = false
06-11 07:15:01.093  2745  3095 I WindowManager: Relayout hash=5b1455f, pid=0, syncId=-1: mAttrs={(0,0)(1020xwrap) gr=TOP CENTER_VERTICAL sim={adjust=pan} ty=KEYGUARD_DIALOG fmt=TRANSLUCENT
06-11 07:15:01.093  2745  3095 I WindowManager:   fl=1800328
06-11 07:15:01.093  2745  3095 I WindowManager:   bhv=1
06-11 07:15:01.093  2745  3095 I WindowManager:   fitTypes=206
06-11 07:15:01.093  2745  3095 I WindowManager:   frameRateBoostOnTouch=true
06-11 07:15:01.093  2745  3095 I WindowManager:   dvrrWindowFrameRateHint=true naviIconColor=0}
06-11 07:15:01.094 20345 20345 I StateUtils: isInCallState callState = 0
06-11 07:15:01.094 20345 20345 I StateUtils: isInVoipCall = false
06-11 07:15:01.094 20345 20345 I StateUtils: mAudioManager.getMode() = 0:MODE_NORMAL
06-11 07:15:01.095 20345 20345 I StateUtils: isCameraRunning: false
06-11 07:15:01.097 20345 20771 I AlarmRingtoneManager: getRingtoneIndex tone : content%3A%2F%2Fmedia%2Finternal%2Faudio%2Fmedia%2F113%3Ftitle%3DHomecoming%26canonical%3D1
06-11 07:15:01.123 20345 20771 I AlarmItem: calculateFirstAlertTime
06-11 07:15:01.123 20345 20771 I AlarmItem: isSpecificDate mDailyBriefing = [1] 0
06-11 07:15:01.123 20345 20771 I AlarmItem: calendar(baseTimeMillis)=1781125200000/ system=1781129701123/alarmAlertT___=1781125200000
06-11 07:15:01.123 20345 20771 I AlarmItem: isSpecificDate mDailyBriefing = [1] 0
06-11 07:15:01.123 20345 20771 I AlarmItem: mActivate=0/ baseTimeMillis=1781125200000/ alarmAlertT___=1781125200000
06-11 07:15:01.123 20345 20771 I AlarmItem: calculateFirstAlertTime alarmAlertT_= 1781125200000
06-11 07:15:01.123 20345 20771 I AlarmItem: isSpecificDate mDailyBriefing = [1] 0
06-11 07:15:01.123 20345 20771 I AlarmItem: if (!isSpecificDate() && isOneTimeAlarm()) {
06-11 07:15:01.123 20345 20771 I AlarmItem: mRepeatType : 0x1001
06-11 07:15:01.124 20345 20771 I GlanceTemplate: [clockpackage] appWidgetDescription=true, appWidgetBackground=gradient, shape=none, appWidgetLabel=false, colors=ColorProviders(primary=[fixedColor=ffff00ff], onPrimary=[fixedColor=ffff00ff], primaryContainer=[fixedColor=ffff00ff], onPrimaryContainer=[fixedColor=ffff00ff], background=[fixedColor=ff5a3ad8], onBackground=[fixedColor=ffffffff], surface=[fixedColor=ffff00ff], onSurface=[fixedColor=ffff00ff], surfaceVariant=[fixedColor=ffff00ff], onSurfaceVariant=[fixedColor=ffff00ff], inverseOnSurface=[fixedColor=ffff00ff], inverseSurface=[fixedColor=ffff00ff]
06-11 07:15:01.127 20345 20375 W System.err: nk.h1: v is cancelling; job=v{Cancelling}@7bcc7e8
06-11 07:15:01.127 20345 20375 W System.err: Caused by: java.lang.NullPointerException: null cannot be cast to non-null type androidx.datastore.preferences.core.Preferences
06-11 07:15:01.127 20345 20375 W System.err: 	at wf.r1.invoke(SourceFile:162)
06-11 07:15:01.127 20345 20375 W System.err: 	at g1.c.a(SourceFile:45)
06-11 07:15:01.127 20345 20375 W System.err: 	at g1.c.invoke(SourceFile:1)
06-11 07:15:01.128 20345 20375 W System.err: 	at sl.d.a(SourceFile:151)
06-11 07:15:01.128 20345 20375 W System.err: 	at wf.o3.invoke(SourceFile:180)
06-11 07:15:01.128 20345 20375 W System.err: 	at g1.c.a(SourceFile:45)
06-11 07:15:01.128 20345 20375 W System.err: 	at g1.c.invoke(SourceFile:1)
06-11 07:15:01.128 20345 20375 W System.err: 	at s5.i.invoke(SourceFile:504)
06-11 07:15:01.128 20345 20375 W System.err: 	at g1.c.a(SourceFile:45)
06-11 07:15:01.128 20345 20375 W System.err: 	at g1.c.invoke(SourceFile:1)
06-11 07:15:01.128 20345 20375 W System.err: 	at sl.d.a(SourceFile:151)
06-11 07:15:01.128 20345 20375 W System.err: 	at u5.l.invoke(SourceFile:157)
06-11 07:15:01.128 20345 20375 W System.err: 	at g1.c.b(SourceFile:45)
06-11 07:15:01.128 20345 20375 W System.err: 	at g1.c.invoke(SourceFile:2)
06-11 07:15:01.128 20345 20375 W System.err: 	at a0.a.j(SourceFile:210)
06-11 07:15:01.128 20345 20375 W System.err: 	at sl.d.b(SourceFile:220)
06-11 07:15:01.128 20345 20375 W System.err: 	at s.c.f(SourceFile:319)
06-11 07:15:01.128 20345 20375 W System.err: 	at q8.s.a(SourceFile:112)
06-11 07:15:01.128 20345 20375 W System.err: 	at wf.r3.h(SourceFile:413)
06-11 07:15:01.128 20345 20375 W System.err: 	at wf.q3.invoke(SourceFile:168)
06-11 07:15:01.128 20345 20375 W System.err: 	at g1.c.a(SourceFile:45)
06-11 07:15:01.128 20345 20375 W System.err: 	at g1.c.invoke(SourceFile:1)
06-11 07:15:01.128 20345 20375 W System.err: 	at r5.k.invoke(SourceFile:194)
06-11 07:15:01.128 20345 20375 W System.err: 	at g1.c.a(SourceFile:45)
06-11 07:15:01.128 20345 20375 W System.err: 	at g1.c.invoke(SourceFile:1)
06-11 07:15:01.128 20345 20375 W System.err: 	at sl.d.a(SourceFile:151)
06-11 07:15:01.129 20345 20375 W System.err: 	at r5.k.invoke(SourceFile:82)
06-11 07:15:01.129 20345 20375 W System.err: 	at g1.c.a(SourceFile:45)
06-11 07:15:01.129 20345 20375 W System.err: 	at g1.c.invoke(SourceFile:1)
06-11 07:15:01.129 20345 20375 W System.err: 	at androidx.compose.runtime.c.a(SourceFile:240)
06-11 07:15:01.129 20345 20375 W System.err: 	at com.bumptech.glide.c.d(SourceFile:61)
06-11 07:15:01.129 20345 20375 W System.err: 	at com.bumptech.glide.c.g(SourceFile:51)
06-11 07:15:01.129 20345 20375 W System.err: 	at ol.i.invoke(SourceFile:172)
06-11 07:15:01.129 20345 20375 W System.err: 	at g1.c.a(SourceFile:45)
06-11 07:15:01.129 20345 20375 W System.err: 	at g1.c.invoke(SourceFile:1)
06-11 07:15:01.129 20345 20375 W System.err: 	at sl.d.a(SourceFile:151)
06-11 07:15:01.129 20345 20375 W System.err: 	at com.bumptech.glide.c.e(SourceFile:401)
06-11 07:15:01.129 20345 20375 W System.err: 	at q5.f.invoke(SourceFile:126)
06-11 07:15:01.129 20345 20375 W System.err: 	at g1.c.a(SourceFile:45)
06-11 07:15:01.129 20345 20375 W System.err: 	at g1.c.invoke(SourceFile:1)
06-11 07:15:01.130 20345 20375 W System.err: 	at androidx.compose.runtime.c.a(SourceFile:240)
06-11 07:15:01.130 20345 20375 W System.err: 	at ki.f0.k(SourceFile:85)
06-11 07:15:01.130 20345 20375 W System.err: 	at com.bumptech.glide.c.h(SourceFile:351)
06-11 07:15:01.130 20345 20375 W System.err: 	at wf.r3.a(SourceFile:229)
06-11 07:15:01.130 20345 20375 W System.err: 	at l5.l.invoke(SourceFile:72)
06-11 07:15:01.130 20345 20375 W System.err: 	at g1.c.a(SourceFile:45)
06-11 07:15:01.130 20345 20375 W System.err: 	at g1.c.invoke(SourceFile:1)
