--------- beginning of main
06-10 22:21:58.386  1835  1835 W Finsky  : [2] STU: Failed to get storage stats for package 'com.google.android.ondevicepersonalization' (1601: Error getting stats: android.content.pm.PackageManager.NameNotFoundException)
06-10 22:21:58.389  1835  1835 W Finsky  : [2] STU: Failed to get storage stats for package 'com.google.android.sdkext' (1601: Error getting stats: android.content.pm.PackageManager.NameNotFoundException)
06-10 22:21:58.389  1835  1835 W Finsky  : [2] STU: Failed to get storage stats for package 'com.google.android.healthfitness' (1601: Error getting stats: android.content.pm.PackageManager.NameNotFoundException)
06-10 22:21:58.398  1835  1835 W Finsky  : [2] STU: Failed to get storage stats for package 'com.google.android.adservices' (1601: Error getting stats: android.content.pm.PackageManager.NameNotFoundException)
06-10 22:21:58.398  1835  1835 W Finsky  : [2] STU: Failed to get storage stats for package 'com.google.android.tethering' (1601: Error getting stats: android.content.pm.PackageManager.NameNotFoundException)
06-10 22:21:58.402  2586  2598 I artd    : GetBestInfo: /data/app/~~NP24NfYGw-2OLp4ymyOoFA==/com.zenit9hub.ai.janggi.dev-7Vk_DnOOg-1uze2utqmnHQ==/base.apk has no usable artifacts
06-10 22:21:58.410  2586  2598 I artd    : GetBestInfo: odex next to the dex file (/data/app/~~fP-wq8ZOsZzARrPkfqXkhw==/com.google.android.captiveportallogin-82yQXUrZ2sNMZMpOEP-fIA==/oat/arm64/base.odex) is kOatBootImageOutOfDate with filter 'speed-profile' executable 'false': Image checksum mismatch, expected i;28/43d546b2 to start with i;28/a05f2e69
06-10 22:21:58.410  2586  2598 I artd    : GetBestInfo: vdex next to the dex file (/data/app/~~fP-wq8ZOsZzARrPkfqXkhw==/com.google.android.captiveportallogin-82yQXUrZ2sNMZMpOEP-fIA==/oat/arm64/base.vdex) is kOatUpToDate with filter 'verify' executable 'false'
06-10 22:21:58.415  1835  1835 W Finsky  : [2] STU: Failed to get storage stats for package 'com.google.android.extservices' (1601: Error getting stats: android.content.pm.PackageManager.NameNotFoundException)
06-10 22:21:58.418  2586  2598 I artd    : GetBestInfo: odex next to the dex file (/data/app/~~ZXQJrsqw1TDzQKIa4wRNaA==/com.android.vending-EgNIuth5kV6pUhuR4_GKIA==/oat/arm64/base.odex) is kOatUpToDate with filter 'speed-profile' executable 'false'
06-10 22:21:58.419  2586  2598 I artd    : GetBestInfo: vdex next to the dex file (/data/user/0/com.android.vending/app_dg_cache/729D45471C06B554246842057AC1D981DDFFE340/oat/arm64/the.vdex) is kOatUpToDate with filter 'verify' executable 'false'
06-10 22:21:58.420  2586  2598 I artd    : GetBestInfo: vdex next to the dex file (/data/user/0/com.android.vending/app_dg_cache/5833371D1ACC412507A92815B074897510CCCEDD/oat/arm64/the.vdex) is kOatUpToDate with filter 'verify' executable 'false'
06-10 22:21:58.420  2586  2598 I artd    : GetBestInfo: vdex next to the dex file (/data/user/0/com.android.vending/app_dg_cache/9D5BCED7935D64431BF672B8BBD597199833CA19/oat/arm64/the.vdex) is kOatUpToDate with filter 'verify' executable 'false'
06-10 22:21:58.426  2586  2598 I artd    : GetBestInfo: odex next to the dex file (/data/app/~~rpjU_mgNlKxd9CmGNpiRBg==/com.android.chrome-rQS3uKhpeQJecVB8poyVpA==/oat/arm64/base.odex) is kOatBootImageOutOfDate with filter 'speed-profile' executable 'false': Image checksum mismatch, expected i;13/ee1951ff:i;28/3786918a to start with i;13/c85d305a
06-10 22:21:58.426  2586  2598 I artd    : GetBestInfo: vdex next to the dex file (/data/app/~~rpjU_mgNlKxd9CmGNpiRBg==/com.android.chrome-rQS3uKhpeQJecVB8poyVpA==/oat/arm64/base.vdex) is kOatUpToDate with filter 'verify' executable 'false'
06-10 22:21:58.427  2586  2598 I artd    : GetBestInfo: dm (/data/app/~~rpjU_mgNlKxd9CmGNpiRBg==/com.android.chrome-rQS3uKhpeQJecVB8poyVpA==/split_chrome.dm) is kOatUpToDate with filter 'verify' executable 'false'
06-10 22:21:58.427  2586  2598 I artd    : GetBestInfo: dm (/data/app/~~rpjU_mgNlKxd9CmGNpiRBg==/com.android.chrome-rQS3uKhpeQJecVB8poyVpA==/split_dev_ui.dm) is kOatUpToDate with filter 'verify' executable 'false'
06-10 22:21:58.428  2586  2598 I artd    : GetBestInfo: dm (/data/app/~~rpjU_mgNlKxd9CmGNpiRBg==/com.android.chrome-rQS3uKhpeQJecVB8poyVpA==/split_on_demand.dm) is kOatUpToDate with filter 'verify' executable 'false'
06-10 22:21:58.429  2586  2598 I artd    : GetBestInfo: dm (/data/app/~~rpjU_mgNlKxd9CmGNpiRBg==/com.android.chrome-rQS3uKhpeQJecVB8poyVpA==/split_stack_unwinder.dm) is kOatUpToDate with filter 'verify' executable 'false'
06-10 22:21:58.429  2586  2598 I artd    : GetBestInfo: dm (/data/app/~~rpjU_mgNlKxd9CmGNpiRBg==/com.android.chrome-rQS3uKhpeQJecVB8poyVpA==/split_test_dummy.dm) is kOatUpToDate with filter 'verify' executable 'false'
06-10 22:21:58.444  2586  2598 I artd    : GetBestInfo: odex next to the dex file (/data/app/~~jEHHttU6wpWW4oWKyXhqbg==/com.google.android.youtube-7q_d_8lZZWCGMfR77_Eg3w==/oat/arm64/base.odex) is kOatUpToDate with filter 'speed-profile' executable 'false'
06-10 22:21:58.445  2586  2598 I artd    : GetBestInfo: vdex next to the dex file (/data/user/0/com.google.android.youtube/app_yqzdkcache/drgd/v/oat/arm64/pcam.vdex) is kOatUpToDate with filter 'verify' executable 'false'
06-10 22:21:58.448  1835  1835 W Finsky  : [2] STU: Failed to get storage stats for package 'com.google.android.os.statsd' (1601: Error getting stats: android.content.pm.PackageManager.NameNotFoundException)
06-10 22:21:58.448  1835  1835 W Finsky  : [2] STU: Failed to get storage stats for package 'com.android.hardware.rebootescrow' (1601: Error getting stats: android.content.pm.PackageManager.NameNotFoundException)
06-10 22:21:58.449  2586  2598 I artd    : GetBestInfo: odex next to the dex file (/data/app/~~2GQEQblUhuUD2C3F6dFqdQ==/com.google.android.contacts-7PzLc11U78WDC4wQXuGvJA==/oat/arm64/base.odex) is kOatUpToDate with filter 'speed-profile' executable 'false'
06-10 22:21:58.451  1835  1835 W Finsky  : [2] STU: Failed to get storage stats for package 'com.google.android.cellbroadcast' (1601: Error getting stats: android.content.pm.PackageManager.NameNotFoundException)
06-10 22:21:58.454  1835  1835 W Finsky  : [2] STU: Failed to get storage stats for package 'com.google.android.rkpd' (1601: Error getting stats: android.content.pm.PackageManager.NameNotFoundException)
06-10 22:21:58.459  1835  1835 W Finsky  : [2] STU: Failed to get storage stats for package 'com.google.android.scheduling' (1601: Error getting stats: android.content.pm.PackageManager.NameNotFoundException)
06-10 22:21:58.461  2586  2598 I artd    : GetBestInfo: odex next to the dex file (/data/app/~~j1N6RhWS2zWbO-KeAbWeJg==/com.google.android.gm-xSi0qQUDk1UgPbAKuujlhg==/oat/arm64/base.odex) is kOatBootImageOutOfDate with filter 'speed-profile' executable 'false': Image checksum mismatch, expected i;13/ee1951ff:i;28/3786918a to start with i;13/c85d305a
06-10 22:21:58.461  2586  2598 I artd    : GetBestInfo: vdex next to the dex file (/data/app/~~j1N6RhWS2zWbO-KeAbWeJg==/com.google.android.gm-xSi0qQUDk1UgPbAKuujlhg==/oat/arm64/base.vdex) is kOatUpToDate with filter 'verify' executable 'false'
06-10 22:21:58.464  2586  2598 I artd    : GetBestInfo: odex next to the dex file (/data/app/~~lXxw_IUL9XHUHuo23mqRWg==/com.google.android.inputmethod.latin-gujDXAkilBh8v4oaMYPdhw==/oat/arm64/base.odex) is kOatBootImageOutOfDate with filter 'speed-profile' executable 'false': Image checksum mismatch, expected i;13/ee1951ff:i;28/3786918a to start with i;13/c85d305a
06-10 22:21:58.465  2586  2598 I artd    : GetBestInfo: vdex next to the dex file (/data/app/~~lXxw_IUL9XHUHuo23mqRWg==/com.google.android.inputmethod.latin-gujDXAkilBh8v4oaMYPdhw==/oat/arm64/base.vdex) is kOatUpToDate with filter 'verify' executable 'false'
06-10 22:21:58.468  2586  2598 I artd    : GetBestInfo: odex next to the dex file (/data/app/~~nNn7BWVZRCuuOv27HIlQqw==/com.google.android.calendar-7ZYjF8SqdCQWhphvQT8gzA==/oat/arm64/base.odex) is kOatUpToDate with filter 'speed-profile' executable 'false'
06-10 22:21:58.471  1835  1835 I Finsky  : [2] App states replicator found 34 unowned apps
06-10 22:21:58.517  1835  1835 W JobService: onNetworkChanged() not implemented in com.google.android.finsky.scheduler.process.mainimpl.PhoneskyJobServiceMain. Must override in a subclass.
06-10 22:21:58.517   567   745 W IPCThreadState: Sending oneway calls to frozen process.
06-10 22:21:58.517   567   745 W IPCThreadState: Sending oneway calls to frozen process.
06-10 22:21:58.552   567   739 I HalDevMgr: bestIfaceCreationProposal is null, requestIface=STA, existingIface=[name=wlan0 type=STA]
06-10 22:21:58.572  3897  3915 D WM-NetworkStateTracker: Network capabilities changed: [ Transports: WIFI Capabilities: NOT_METERED&INTERNET&NOT_RESTRICTED&TRUSTED&NOT_VPN&VALIDATED&NOT_ROAMING&FOREGROUND&NOT_CONGESTED&NOT_SUSPENDED&NOT_VCN_MANAGED&NOT_BANDWIDTH_CONSTRAINED LinkUpBandwidth>=12000Kbps LinkDnBandwidth>=30000Kbps TransportInfo: <SSID: <unknown ssid>, BSSID: 02:00:00:00:00:00, MAC: 02:00:00:00:00:00, IP: /10.0.2.16, Security type: 0, Supplicant state: COMPLETED, Wi-Fi standard: legacy, RSSI: -50, Link speed: 2Mbps, Tx Link speed: 2Mbps, Max Supported Tx Link speed: 11Mbps, Rx Link speed: 2Mbps, Max Supported Rx Link speed: 11Mbps, Frequency: 2447MHz, Net ID: -1, Metered hint: false, score: 100, isUsable: true, CarrierMerged: false, SubscriptionId: -1, IsPrimary: -1, Trusted: true, Restricted: false, Ephemeral: false, OEM paid: false, OEM private: false, OSU AP: false, FQDN: <none>, Provider friendly name: <none>, Requesting package name: <none><none>MLO Information: , Is TID-To-Link negotiation supported by the AP: false, AP MLD Address: <none>, AP MLO Link Id: <none>, AP MLO Affiliated links: <none>, Vendor Data: <none>> SignalStrength: -50 UnderlyingNetworks: Null]
06-10 22:21:58.575  1059  1059 I MagicTether: (REDACTED) [ActiveNetworkTracker] setActiveNetwork: %s
06-10 22:21:58.578  1059  1059 I MagicTether: (REDACTED) [TetherService] onActiveNetworkChanged: network=%s isLost=%s
06-10 22:21:58.580  3742  3760 D EGL_emulation: app_time_stats: avg=209.43ms min=189.35ms max=244.61ms count=5
06-10 22:21:58.582  1059  3943 I MagicTether: [WifiConnectionHandler] Ignoring getWifiConfigurationByNetworkId when checking connected state [CONTEXT service_id=276 ]
06-10 22:21:58.582  1059  3943 I MagicTether: [WifiConnectionHandler] No networkId set, can't be connected. [CONTEXT service_id=276 ]
06-10 22:21:58.582  1059  3943 I MagicTether: (REDACTED) [TetherService] TRANSPORT_CELLULAR [%s], TRANSPORT_ETHERNET [%s], TRANSPORT_WIFI [%s]
06-10 22:21:58.584  1059  1078 I NullBinder: NullBinder for android.net.action.RECOMMEND_NETWORKS triggering remote TransactionTooLargeException due to Service without Chimera impl, calling uid: 1000, calling pid: 0
06-10 22:21:58.584  1059  1078 W .gms.persistent: Large reply transaction of 1056768 bytes, interface descriptor , code 1
06-10 22:21:58.585  1059  3943 I MagicTether: (REDACTED) [TetherService] setRoles hasActiveNetworkConnection=%s canActiveNetworkBeTethered=%s isConnectedToInstantTether=%s isWifiEnabled=%s isHosting=%s
06-10 22:21:58.605  1590  2517 I BugleRcsEngine: handleMessage processing message:[NOTIFY_UPTIME_IGNORE_STATE_CHANGED] with [non-null]:RcsEngineImpl reference [CONTEXT log_prefix="RcsEngineImpl[DUAL_REG]:[40be24d5-8cc0]>Handler" thread_id=68 ]
06-10 22:21:58.605  1590  2126 I BugleRcsEngine: Connected state: [1], networkType: [WIFI] [CONTEXT thread_id=59 ]
06-10 22:21:58.607  1059  1059 I MagicTether: (REDACTED) [LaunchUtils] Instant Wifi for status account: name: %s | type: %s | isLaunched: %s
06-10 22:21:58.607  1059  1059 I MagicTether: (REDACTED) [TidepoolFeatureStatusManager] isInstantHotspotEnabled=%s
06-10 22:21:58.607  1059  1059 I MagicTether: (REDACTED) [TidepoolFeatureStatusManager] isInstantWifiEnabled=%s
06-10 22:21:58.607  1059  1059 I MagicTether: (REDACTED) [TetherService] startNearbyHostRole: start: %s isInstantHotspotEnabled: %s isInstantWifiEnabled: %s
06-10 22:21:58.608  1059  1059 I MagicTether: [HostTetherRole] Nearby host role already stopped [CONTEXT service_id=276 ]
06-10 22:21:58.611  1059  1059 I MagicTether: (REDACTED) [LaunchUtils] Instant Wifi for status account: name: %s | type: %s | isLaunched: %s
06-10 22:21:58.612  1059  1059 I MagicTether: (REDACTED) [TidepoolFeatureStatusManager] isInstantHotspotEnabled=%s
06-10 22:21:58.612  1059  1059 I MagicTether: (REDACTED) [TidepoolFeatureStatusManager] isInstantWifiEnabled=%s
06-10 22:21:58.612  1059  1059 I MagicTether: (REDACTED) [TetherService] startNearbyClientRole: start: %s isInstantHotspotEnabled: %s isInstantWifiEnabled: %s
06-10 22:21:58.612  1059  1059 I MagicTether: [TetherService] Stopping Nearby client role [CONTEXT service_id=276 ]
06-10 22:21:58.612  1059  1059 I MagicTether: [ClientTetherRole] Client role already stopped [CONTEXT service_id=276 ]
06-10 22:21:58.630  1059  1059 I MagicTether: (REDACTED) [NotificationPresenter] cancelNotification: %d
06-10 22:21:58.632  1059  1059 I MagicTether: [AutoDisconnectIntentOperation] Canceling task. [CONTEXT service_id=276 ]
06-10 22:21:58.634  1059  3847 I MagicTether: [AutoDisconnectIntentOperation] Canceling task. [CONTEXT service_id=276 ]
06-10 22:21:58.635  1059  3847 I MagicTether: (REDACTED) [NotificationPresenter] cancelNotification: %d
06-10 22:21:58.637  1059  3847 I MagicTether: [AutoDisconnectIntentOperation] Canceling task. [CONTEXT service_id=276 ]
06-10 22:21:58.637  1059  3847 I MagicTether: (REDACTED) [NotificationPresenter] cancelNotification: %d
06-10 22:21:59.079  1835  3886 I Finsky  : [123] Completed 1 account content syncs with 1 successful.
06-10 22:21:59.081  1835  1835 I Finsky  : [2] [ContentSync] Installation state replication succeeded.
06-10 22:21:59.082  1835  1835 I Finsky  : [2] SCH: jobFinished: 12-1. TimeElapsed: 2422ms.
06-10 22:21:59.082  1835  1835 I Finsky  : [2] WM::SCH: Logging work end for 12-1
06-10 22:21:59.094  1835  2247 I Finsky  : [55] SCH: Scheduling phonesky job Id: 1-1337, CT: 1781097405930, Constraints: [{ L: 38062324, D: 81262324, C: CHARGING_NONE, I: IDLE_NONE, N: NET_ANY, B: BATTERY_ANY }]
06-10 22:21:59.094  1835  2247 I Finsky  : [55] SCH: Scheduling phonesky job Id: 10-4, CT: 1781097405685, Constraints: [{ L: 1200000, D: 86400000, C: CHARGING_NONE, I: IDLE_NONE, N: NET_ANY, B: BATTERY_ANY }]
06-10 22:21:59.094  1835  2247 I Finsky  : [55] SCH: Scheduling phonesky job Id: 10-11, CT: 1781097405685, Constraints: [{ L: 600000, D: 86400000, C: CHARGING_NONE, I: IDLE_NONE, N: NET_ANY, B: BATTERY_ANY }]
06-10 22:21:59.094  1835  2247 I Finsky  : [55] SCH: Scheduling phonesky job Id: 10-26, CT: 1781097405685, Constraints: [{ L: 600000, D: 86400000, C: CHARGING_NONE, I: IDLE_NONE, N: NET_ANY, B: BATTERY_ANY }]
06-10 22:21:59.094  1835  2247 I Finsky  : [55] SCH: Scheduling phonesky job Id: 10-123, CT: 1781097405686, Constraints: [{ L: 600000, D: 86400000, C: CHARGING_NONE, I: IDLE_NONE, N: NET_ANY, B: BATTERY_ANY }]
06-10 22:21:59.096  1835  2251 I Finsky  : [58] SCH: Scheduling 1 system job(s)
06-10 22:21:59.097  1835  2251 I Finsky  : [58] SCH: Scheduling system job Id: 9868, L: 286588, D: 80949157, C: false, I: false, N: 1
06-10 22:21:59.100  1835  3881 I Finsky  : [122] SCH: job service finished with id 9861.
06-10 22:21:59.105  1835  1835 I Finsky  : [2] Memory trim requested to level 40
06-10 22:21:59.105  2911  2911 I Finsky:background: [2] Memory trim requested to level 40
06-10 22:21:59.105  1835  1835 I Finsky  : [2] Flushing in-memory image cache
06-10 22:21:59.657   838  1012 D EGL_emulation: app_time_stats: avg=1029.12ms min=13.52ms max=13126.97ms count=13
06-10 22:21:59.749  3742  3760 D EGL_emulation: app_time_stats: avg=194.82ms min=170.74ms max=201.59ms count=6
06-10 22:22:00.050  1533  1732 I AiAiEcho: Predicting[0]:  [CONTEXT sampling_count=5 ]
06-10 22:22:00.050  1533  1732 I AiAiEcho: EchoTargets: 
06-10 22:22:00.050  1533  1732 I AiAiEcho: Filtered by AiAi flag check: 
06-10 22:22:00.050  1533  1732 I AiAiEcho: [CONTEXT ratelimit_period="10 SECONDS" ]
06-10 22:22:00.050  1533  1732 I AiAiEcho: Ranked targets strategy: SORT, count: 0, ranking metadata:  [CONTEXT ratelimit_period="10 SECONDS" ]
06-10 22:22:00.052  1533  1732 I AiAiEcho: #remoteViewsTwiddler: feature disabled.
06-10 22:22:00.052  1533  1732 I AiAiEcho: Predicting[0]:  [CONTEXT sampling_count=5 ]
06-10 22:22:00.052  1533  1732 I AiAiEcho: EchoTargets: 
06-10 22:22:00.052  1533  1732 I AiAiEcho: Filtered by AiAi flag check: 
06-10 22:22:00.052  1533  1732 I AiAiEcho: [CONTEXT ratelimit_period="10 SECONDS" ]
06-10 22:22:00.053  1533  1732 I AiAiEcho: Ranked targets strategy: SORT, count: 0, ranking metadata:  [CONTEXT ratelimit_period="10 SECONDS" ]
06-10 22:22:00.053  1533  1732 I AiAiEcho: #remoteViewsTwiddler: feature disabled.
06-10 22:22:00.056  1533  1732 I AiAiEcho: #postPredictionTargets: Sending updates to UISurface lockscreen with targets# 0 (types=[])
06-10 22:22:00.057  1533  1732 I AiAiEcho: #postPredictionTargets: Sending updates to UISurface home with targets# 0 (types=[])
06-10 22:22:00.058   838   838 W PageIndicator: Total number of pages invalid: 0. Assuming 1 page.
06-10 22:22:00.067  1127  1127 D SsBaseTemplateCard: No text view can be set up
06-10 22:22:00.068  1127  1127 D SsBaseTemplateCard: Passed-in item info is null
06-10 22:22:00.069  1127  1127 D SsBaseTemplateCard: Passed-in item info is null
06-10 22:22:00.069  1127  1127 D SsBaseTemplateCard: Passed-in item info is null
06-10 22:22:00.069  1127  1127 I SsBaseTemplateCard: Secondary card pane is null
06-10 22:22:00.948  3742  3760 D EGL_emulation: app_time_stats: avg=199.81ms min=198.36ms max=203.01ms count=6
06-10 22:22:01.036  3742  3760 D EGL_emulation: app_time_stats: avg=5061.63ms min=5061.63ms max=5061.63ms count=1
06-10 22:22:01.364   449   464 D installd: Device /data has 246898688 free; requested 622811544; needed 375912856
06-10 22:22:01.364   449   464 W installd: Failed to find storage mount for /data/media
--------- beginning of system
06-10 22:22:01.421   567   817 D OomAdjuster: Not killing cached processes
06-10 22:22:01.445   567   817 D ActivityManager: sync unfroze 1236 com.google.android.permissioncontroller for 6
06-10 22:22:01.481  1236  3500 I PermissionControllerServiceImpl: Updating user sensitive for user 0
06-10 22:22:01.491   449   464 D installd: Active ratio 4764 isn't over quota, and defy not requested
06-10 22:22:01.491   449   464 E installd: Failed to free up 622811544 on /data; final free space 246898688: Success
06-10 22:22:01.495   567   754 W PackageManager: Not removing package com.google.android.trichromelibrary hosting lib com.google.android.trichromelibrary version 755913233 used by [VersionedPackage[com.android.chrome/755913233]] for user 0
06-10 22:22:01.497   449   464 D installd: Device /data has 246898688 free; requested 622811544; needed 375912856
06-10 22:22:01.497   449   464 W installd: Failed to find storage mount for /data/media
06-10 22:22:01.502   449   464 D installd: Purging /data/data/com.android.chrome/cache/oat_primary/arm64/base.art size=348160 mod=1781097685 from UID=10138 used=23863296 quota=62281155 ratio=3831
06-10 22:22:01.502   449   464 D installd: Purging /data/data/com.android.chrome/cache/oat_primary/arm64 size=8192 mod=1781097685 from UID=10138 used=23515136 quota=62281155 ratio=3775
06-10 22:22:01.502   449   464 D installd: Purging /data/data/com.android.chrome/cache/oat_primary size=8192 mod=1781097685 from UID=10138 used=23506944 quota=62281155 ratio=3774
06-10 22:22:01.511   449   464 D installd: Purging /data/data/com.google.android.gms/cache/android:/com.google.android.gms/managed/common/shared/cgal.mdi.sync.moonlander.autofill-domain-predictions-prod-spanner/infinite_data_cache size=32768 mod=1781097678 from UID=10136 used=17219584 quota=62281155 ratio=2764
06-10 22:22:01.511   449   464 D installd: Purging /data/data/com.google.android.gms/cache/cronet-cache/com.google.android.gms.persistent/version size=8192 mod=1781097678 from UID=10136 used=17186816 quota=62281155 ratio=2759
06-10 22:22:01.511   449   464 D installd: Purging /data/data/com.google.android.gms/cache/cronet-cache/com.google.android.gms.persistent/prefs size=8192 mod=1781097678 from UID=10136 used=17178624 quota=62281155 ratio=2758
06-10 22:22:01.511   449   464 D installd: Purging /data/data/com.google.android.gms/cache/autofill_infinite_data_cache/infinite_data_cache-journal size=4096 mod=1781097678 from UID=10136 used=17170432 quota=62281155 ratio=2756
06-10 22:22:01.511   449   464 D installd: Purging /data/data/com.google.android.gms/cache/autofill_infinite_data_cache/infinite_data_cache size=32768 mod=1781097678 from UID=10136 used=17166336 quota=62281155 ratio=2756
06-10 22:22:01.511   449   464 D installd: Purging /data/data/com.google.android.gms/cache/autofill_infinite_data_cache size=8192 mod=1781097678 from UID=10136 used=17133568 quota=62281155 ratio=2751
06-10 22:22:01.511   449   464 D installd: Purging /data/data/com.google.android.gms/cache/cronet-cache/com.google.android.gms/version size=8192 mod=1781097679 from UID=10136 used=17125376 quota=62281155 ratio=2749
06-10 22:22:01.511   449   464 D installd: Purging /data/data/com.google.android.gms/cache/cronet-cache/com.google.android.gms/prefs size=8192 mod=1781097679 from UID=10136 used=17117184 quota=62281155 ratio=2748
06-10 22:22:01.511   449   464 D installd: Purging /data/data/com.google.android.gms/cache/constellation_room_database.lck size=4096 mod=1781097679 from UID=10136 used=17108992 quota=62281155 ratio=2747
06-10 22:22:01.511   449   464 D installd: Purging /data/data/com.google.android.gms/cache/StatementServiceVerificationRequest.db.lck size=4096 mod=1781097680 from UID=10136 used=17104896 quota=62281155 ratio=2746
06-10 22:22:01.511   449   464 D installd: Purging /data/data/com.google.android.gms/cache/personalsafety_db.lck size=4096 mod=1781097680 from UID=10136 used=17100800 quota=62281155 ratio=2745
06-10 22:22:01.511   449   464 D installd: Purging /data/data/com.google.android.gms/cache/nearby_bluetooth_metadata size=8192 mod=1781097680 from UID=10136 used=17096704 quota=62281155 ratio=2745
06-10 22:22:01.511   449   464 D installd: Purging /data/data/com.google.android.gms/cache/cronet-cache/com.google.android.gms.unstable/disk_cache/index-dir/the-real-index size=8192 mod=1781097681 from UID=10136 used=17088512 quota=62281155 ratio=2743
06-10 22:22:01.511   449   464 D installd: Purging /data/data/com.google.android.gms/cache/cronet-cache/com.google.android.gms.unstable/disk_cache/index size=8192 mod=1781097681 from UID=10136 used=17080320 quota=62281155 ratio=2742
06-10 22:22:01.511   449   464 D installd: Purging /data/data/com.google.android.gms/cache/cronet-cache/com.google.android.gms.unstable/disk_cache/index-dir size=8192 mod=1781097681 from UID=10136 used=17072128 quota=62281155 ratio=2741
06-10 22:22:01.511   449   464 D installd: Purging /data/data/com.google.android.gms/cache/cronet-cache/com.google.android.gms.unstable/version size=8192 mod=1781097681 from UID=10136 used=17063936 quota=62281155 ratio=2739
06-10 22:22:01.511   449   464 D installd: Purging /data/data/com.google.android.gms/cache/cronet-cache/com.google.android.gms.unstable/prefs size=8192 mod=1781097681 from UID=10136 used=17055744 quota=62281155 ratio=2738
06-10 22:22:01.511   449   464 D installd: Purging /data/data/com.google.android.gms/cache/cronet-cache/com.google.android.gms.unstable/disk_cache size=8192 mod=1781097681 from UID=10136 used=17047552 quota=62281155 ratio=2737
06-10 22:22:01.512   449   464 D installd: Purging /data/data/com.google.android.gms/cache/cronet-cache/com.google.android.gms.unstable size=8192 mod=1781097681 from UID=10136 used=17039360 quota=62281155 ratio=2735
06-10 22:22:01.512   449   464 D installd: Purging /data/data/com.google.android.gms/cache/cronet-cache/com.google.android.gms/disk_cache/index-dir/the-real-index size=8192 mod=1781097682 from UID=10136 used=17031168 quota=62281155 ratio=2734
06-10 22:22:01.512   449   464 D installd: Purging /data/data/com.google.android.gms/cache/cronet-cache/com.google.android.gms/disk_cache/index size=8192 mod=1781097682 from UID=10136 used=17022976 quota=62281155 ratio=2733
06-10 22:22:01.512   449   464 D installd: Purging /data/data/com.google.android.gms/cache/cronet-cache/com.google.android.gms/disk_cache/index-dir size=8192 mod=1781097682 from UID=10136 used=17014784 quota=62281155 ratio=2731
06-10 22:22:01.512   449   464 D installd: Purging /data/data/com.google.android.gms/cache/cronet-cache/com.google.android.gms/disk_cache size=8192 mod=1781097682 from UID=10136 used=17006592 quota=62281155 ratio=2730
06-10 22:22:01.512   449   464 D installd: Purging /data/data/com.google.android.gms/cache/cronet-cache/com.google.android.gms size=8192 mod=1781097682 from UID=10136 used=16998400 quota=62281155 ratio=2729
06-10 22:22:01.512   449   464 D installd: Purging /data/data/com.google.android.gms/cache/cronet-cache/com.google.android.gms.persistent/disk_cache/index-dir/the-real-index size=8192 mod=1781097683 from UID=10136 used=16990208 quota=62281155 ratio=2727
06-10 22:22:01.512   449   464 D installd: Purging /data/data/com.google.android.gms/cache/cronet-cache/com.google.android.gms.persistent/disk_cache/index size=8192 mod=1781097683 from UID=10136 used=16982016 quota=62281155 ratio=2726
06-10 22:22:01.512   449   464 D installd: Purging /data/data/com.google.android.gms/cache/cronet-cache/com.google.android.gms.persistent/disk_cache/index-dir size=8192 mod=1781097683 from UID=10136 used=16973824 quota=62281155 ratio=2725
06-10 22:22:01.512   449   464 D installd: Purging /data/data/com.google.android.gms/cache/cronet-cache/com.google.android.gms.persistent/disk_cache size=8192 mod=1781097683 from UID=10136 used=16965632 quota=62281155 ratio=2724
06-10 22:22:01.512   449   464 D installd: Purging /data/data/com.google.android.gms/cache/cronet-cache/com.google.android.gms.persistent size=8192 mod=1781097683 from UID=10136 used=16957440 quota=62281155 ratio=2722
06-10 22:22:01.512   449   464 D installd: Purging /data/data/com.google.android.gms/cache/cronet-cache size=8192 mod=1781097683 from UID=10136 used=16949248 quota=62281155 ratio=2721
06-10 22:22:01.512   449   464 D installd: Purging /data/data/com.google.android.gms/cache/oat_primary/arm64/base.art size=4452352 mod=1781097686 from UID=10136 used=16941056 quota=62281155 ratio=2720
06-10 22:22:01.512   449   464 D installd: Purging /data/data/com.google.android.gms/cache/oat_primary/arm64 size=8192 mod=1781097686 from UID=10136 used=12488704 quota=62281155 ratio=2005
06-10 22:22:01.512   449   464 D installd: Purging /data/data/com.google.android.gms/cache/oat_primary size=8192 mod=1781097686 from UID=10136 used=12480512 quota=62281155 ratio=2003
06-10 22:22:01.512   449   464 D installd: Purging /data/data/com.google.android.gms/cache/android:/com.google.android.gms/managed/common/shared/cgal.mdi.sync.moonlander.autofill-domain-predictions-prod-spanner/infinite_data_cache-shm size=36864 mod=1781097690 from UID=10136 used=12472320 quota=62281155 ratio=2002
06-10 22:22:01.512   449   464 D installd: Purging /data/data/com.google.android.gms/cache/android:/com.google.android.gms/managed/common/shared/cgal.mdi.sync.moonlander.autofill-domain-predictions-prod-spanner/infinite_data_cache-wal size=24576 mod=1781097690 from UID=10136 used=12435456 quota=62281155 ratio=1996
06-10 22:22:01.512   449   464 D installd: Purging /data/data/com.google.android.gms/cache/android:/com.google.android.gms/managed/common/shared/cgal.mdi.sync.moonlander.autofill-domain-predictions-prod-spanner size=8192 mod=1781097690 from UID=10136 used=12410880 quota=62281155 ratio=1992
06-10 22:22:01.512   449   464 D installd: Purging /data/data/com.google.android.gms/cache/android:/com.google.android.gms/managed/common/shared size=8192 mod=1781097690 from UID=10136 used=12402688 quota=62281155 ratio=1991
06-10 22:22:01.512   449   464 D installd: Purging /data/data/com.google.android.gms/cache/android:/com.google.android.gms/managed/common size=8192 mod=1781097690 from UID=10136 used=12394496 quota=62281155 ratio=1990
06-10 22:22:01.512   449   464 D installd: Purging /data/data/com.google.android.gms/cache/android:/com.google.android.gms/managed size=8192 mod=1781097690 from UID=10136 used=12386304 quota=62281155 ratio=1988
06-10 22:22:01.512   449   464 D installd: Purging /data/data/com.google.android.gms/cache/android:/com.google.android.gms size=8192 mod=1781097690 from UID=10136 used=12378112 quota=62281155 ratio=1987
06-10 22:22:01.512   449   464 D installd: Purging /data/data/com.google.android.gms/cache/android: size=8192 mod=1781097690 from UID=10136 used=12369920 quota=62281155 ratio=1986
06-10 22:22:01.515   449   464 D installd: Purging /data/data/com.google.android.apps.messaging/cache/oat_primary/arm64/base.art size=5214208 mod=1781097679 from UID=10134 used=5267456 quota=62281155 ratio=845
06-10 22:22:01.520   449   464 D installd: Purging /data/data/com.google.android.apps.photos/cache/data/user/0/com.google.android.apps.photos/no_backup/androidx.work.workdb.lck size=4096 mod=1781097680 from UID=10157 used=3510272 quota=62281155 ratio=563
06-10 22:22:01.520   449   464 D installd: Purging /data/data/com.google.android.apps.photos/cache/data/user/0/com.google.android.apps.photos/no_backup size=8192 mod=1781097680 from UID=10157 used=3506176 quota=62281155 ratio=562
06-10 22:22:01.520   449   464 D installd: Purging /data/data/com.google.android.apps.photos/cache/data/user/0/com.google.android.apps.photos size=8192 mod=1781097680 from UID=10157 used=3497984 quota=62281155 ratio=561
06-10 22:22:01.520   449   464 D installd: Purging /data/data/com.google.android.apps.photos/cache/data/user/0 size=8192 mod=1781097680 from UID=10157 used=3489792 quota=62281155 ratio=560
06-10 22:22:01.520   449   464 D installd: Purging /data/data/com.google.android.apps.photos/cache/data/user size=8192 mod=1781097680 from UID=10157 used=3481600 quota=62281155 ratio=559
06-10 22:22:01.520   449   464 D installd: Purging /data/data/com.google.android.apps.photos/cache/data size=8192 mod=1781097680 from UID=10157 used=3473408 quota=62281155 ratio=557
06-10 22:22:01.520   449   464 D installd: Purging /data/data/com.google.android.apps.photos/cache/oat_primary/arm64/base.art size=3416064 mod=1781097685 from UID=10157 used=3465216 quota=62281155 ratio=556
06-10 22:22:01.521   449   464 D installd: Purging /data/data/com.android.dynsystem/cache/oat_primary/arm64/DynamicSystemInstallationService.art size=16384 mod=1781097681 from UID=1000 used=1597440 quota=51199259 ratio=312
06-10 22:22:01.521   449   464 D installd: Purging /data/data/com.android.dynsystem/cache/oat_primary/arm64 size=8192 mod=1781097681 from UID=1000 used=1581056 quota=51199259 ratio=308
06-10 22:22:01.521   449   464 D installd: Purging /data/data/com.android.dynsystem/cache/oat_primary size=8192 mod=1781097681 from UID=1000 used=1572864 quota=51199259 ratio=307
06-10 22:22:01.521   449   464 D installd: Purging /data/user_de/0/com.android.settings/cache/oat_primary/arm64/SettingsGoogle.art size=1187840 mod=1781097684 from UID=1000 used=1564672 quota=51199259 ratio=305
06-10 22:22:01.523   567   662 W ParceledListSlice: Element #61 is 140068 bytes.
06-10 22:22:01.523   567   662 W ParceledListSlice: Overly large reply size: 160628
06-10 22:22:01.525   567   662 W ParceledListSlice: Element #133 is 69452 bytes.
06-10 22:22:01.525   567   662 W ParceledListSlice: Overly large reply size: 128696
06-10 22:22:01.526   567   662 W ParceledListSlice: Element #134 is 16984 bytes.
06-10 22:22:01.526   567   662 W ParceledListSlice: Element #181 is 76568 bytes.
06-10 22:22:01.526   567   662 W ParceledListSlice: Overly large reply size: 134164
06-10 22:22:01.527   567   662 W ParceledListSlice: Element #211 is 29204 bytes.
06-10 22:22:01.528   449   464 D installd: Purging /data/data/com.google.android.youtube/cache/data/user/0/com.google.android.youtube/no_backup/androidx.work.workdb.lck size=4096 mod=1781097680 from UID=10158 used=1875968 quota=62281155 ratio=301
06-10 22:22:01.528   449   464 D installd: Purging /data/data/com.google.android.youtube/cache/data/user/0/com.google.android.youtube/no_backup size=8192 mod=1781097680 from UID=10158 used=1871872 quota=62281155 ratio=300
06-10 22:22:01.528   449   464 D installd: Purging /data/data/com.google.android.youtube/cache/data/user/0/com.google.android.youtube size=8192 mod=1781097680 from UID=10158 used=1863680 quota=62281155 ratio=299
06-10 22:22:01.528   449   464 D installd: Purging /data/data/com.google.android.youtube/cache/accounts/1/media/cache size=8192 mod=1781097680 from UID=10158 used=1855488 quota=62281155 ratio=297
06-10 22:22:01.528   449   464 D installd: Purging /data/data/com.google.android.youtube/cache/accounts/2/media/cache size=8192 mod=1781097680 from UID=10158 used=1847296 quota=62281155 ratio=296
06-10 22:22:01.528   449   464 D installd: Purging /data/data/com.google.android.youtube/cache/data/user/0 size=8192 mod=1781097680 from UID=10158 used=1839104 quota=62281155 ratio=295
06-10 22:22:01.528   449   464 D installd: Purging /data/data/com.google.android.youtube/cache/accounts/1/media size=8192 mod=1781097680 from UID=10158 used=1830912 quota=62281155 ratio=293
06-10 22:22:01.528   449   464 D installd: Purging /data/data/com.google.android.youtube/cache/accounts/2/media size=8192 mod=1781097680 from UID=10158 used=1822720 quota=62281155 ratio=292
06-10 22:22:01.528   449   464 D installd: Purging /data/data/com.google.android.youtube/cache/volleyCache/journal size=8192 mod=1781097680 from UID=10158 used=1814528 quota=62281155 ratio=291
06-10 22:22:01.528   449   464 D installd: Purging /data/data/com.google.android.youtube/cache/data/user size=8192 mod=1781097680 from UID=10158 used=1806336 quota=62281155 ratio=290
06-10 22:22:01.528   449   464 D installd: Purging /data/data/com.google.android.youtube/cache/accounts/1 size=8192 mod=1781097680 from UID=10158 used=1798144 quota=62281155 ratio=288
06-10 22:22:01.528   449   464 D installd: Purging /data/data/com.google.android.youtube/cache/accounts/2 size=8192 mod=1781097680 from UID=10158 used=1789952 quota=62281155 ratio=287
06-10 22:22:01.528   449   464 D installd: Purging /data/data/com.google.android.youtube/cache/data size=8192 mod=1781097680 from UID=10158 used=1781760 quota=62281155 ratio=286
06-10 22:22:01.528   449   464 D installd: Purging /data/data/com.google.android.youtube/cache/accounts size=8192 mod=1781097680 from UID=10158 used=1773568 quota=62281155 ratio=284
06-10 22:22:01.528   449   464 D installd: Purging /data/data/com.google.android.youtube/cache/volleyCache size=8192 mod=1781097680 from UID=10158 used=1765376 quota=62281155 ratio=283
06-10 22:22:01.530   449   464 D installd: Purging /data/data/com.google.android.apps.restore/cache/data/user/0/com.google.android.apps.restore/no_backup/androidx.work.workdb.lck size=4096 mod=1781097677 from UID=10128 used=1060864 quota=62281155 ratio=170
06-10 22:22:01.531   449   464 D installd: Purging /data/data/com.google.android.apps.restore/cache/data/user/0/com.google.android.apps.restore/no_backup size=8192 mod=1781097677 from UID=10128 used=1056768 quota=62281155 ratio=169
06-10 22:22:01.531   449   464 D installd: Purging /data/data/com.google.android.apps.restore/cache/data/user/0/com.google.android.apps.restore size=8192 mod=1781097677 from UID=10128 used=1048576 quota=62281155 ratio=168
06-10 22:22:01.531   449   464 D installd: Purging /data/data/com.google.android.apps.restore/cache/data/user/0 size=8192 mod=1781097677 from UID=10128 used=1040384 quota=62281155 ratio=167
06-10 22:22:01.531   449   464 D installd: Purging /data/data/com.google.android.apps.restore/cache/data/user size=8192 mod=1781097677 from UID=10128 used=1032192 quota=62281155 ratio=165
06-10 22:22:01.531   449   464 D installd: Purging /data/data/com.google.android.apps.restore/cache/data size=8192 mod=1781097677 from UID=10128 used=1024000 quota=62281155 ratio=164
06-10 22:22:01.531   449   464 D installd: Purging /data/data/com.google.android.apps.restore/cache/oat_primary/arm64/base.art size=966656 mod=1781097682 from UID=10128 used=1015808 quota=62281155 ratio=163
06-10 22:22:01.535   449   464 D installd: Purging /data/data/com.google.android.deskclock/cache/data/user/0/com.google.android.deskclock/no_backup/androidx.work.workdb.lck size=4096 mod=1781097678 from UID=10152 used=974848 quota=62281155 ratio=156
06-10 22:22:01.535   449   464 D installd: Purging /data/data/com.google.android.deskclock/cache/data/user/0/com.google.android.deskclock/no_backup size=8192 mod=1781097678 from UID=10152 used=970752 quota=62281155 ratio=155
06-10 22:22:01.535   449   464 D installd: Purging /data/data/com.google.android.deskclock/cache/data/user/0/com.google.android.deskclock size=8192 mod=1781097678 from UID=10152 used=962560 quota=62281155 ratio=154
06-10 22:22:01.535   449   464 D installd: Purging /data/data/com.google.android.deskclock/cache/data/user/0 size=8192 mod=1781097678 from UID=10152 used=954368 quota=62281155 ratio=153
06-10 22:22:01.535   449   464 D installd: Purging /data/data/com.google.android.deskclock/cache/data/user size=8192 mod=1781097678 from UID=10152 used=946176 quota=62281155 ratio=151
06-10 22:22:01.535   449   464 D installd: Purging /data/data/com.google.android.deskclock/cache/data size=8192 mod=1781097678 from UID=10152 used=937984 quota=62281155 ratio=150
06-10 22:22:01.535   449   464 D installd: Purging /data/data/com.google.android.deskclock/cache/oat_primary/arm64/base.art size=880640 mod=1781097682 from UID=10152 used=929792 quota=62281155 ratio=149
06-10 22:22:01.539   449   464 D installd: Purging /data/data/com.google.android.settings.intelligence/cache/data/user/0/com.google.android.settings.intelligence/no_backup/androidx.work.workdb.lck size=4096 mod=1781097679 from UID=10132 used=634880 quota=62281155 ratio=101
06-10 22:22:01.539   449   464 D installd: Purging /data/data/com.google.android.settings.intelligence/cache/data/user/0/com.google.android.settings.intelligence/no_backup size=8192 mod=1781097679 from UID=10132 used=630784 quota=62281155 ratio=101
06-10 22:22:01.539   449   464 D installd: Purging /data/data/com.google.android.settings.intelligence/cache/data/user/0/com.google.android.settings.intelligence size=8192 mod=1781097679 from UID=10132 used=622592 quota=62281155 ratio=99
06-10 22:22:01.539   449   464 D installd: Purging /data/data/com.google.android.settings.intelligence/cache/data/user/0 size=8192 mod=1781097679 from UID=10132 used=614400 quota=62281155 ratio=98
06-10 22:22:01.539   449   464 D installd: Purging /data/data/com.google.android.settings.intelligence/cache/data/user size=8192 mod=1781097679 from UID=10132 used=606208 quota=62281155 ratio=97
06-10 22:22:01.539   449   464 D installd: Purging /data/data/com.google.android.settings.intelligence/cache/routines.lck size=4096 mod=1781097679 from UID=10132 used=598016 quota=62281155 ratio=96
06-10 22:22:01.539   449   464 D installd: Purging /data/data/com.google.android.settings.intelligence/cache/data size=8192 mod=1781097679 from UID=10132 used=593920 quota=62281155 ratio=95
06-10 22:22:01.539   449   464 D installd: Purging /data/data/com.google.android.settings.intelligence/cache/oat_primary/arm64/SettingsIntelligenceGooglePrebuilt.art size=536576 mod=1781097684 from UID=10132 used=585728 quota=62281155 ratio=94
06-10 22:22:01.540   449   464 D installd: Purging /data/user_de/0/com.android.settings/cache/oat_primary/arm64 size=8192 mod=1781097684 from UID=1000 used=376832 quota=51199259 ratio=73
06-10 22:22:01.540   449   464 D installd: Purging /data/user_de/0/com.android.settings/cache/oat_primary size=8192 mod=1781097684 from UID=1000 used=368640 quota=51199259 ratio=72
06-10 22:22:01.543   449   464 D installd: Purging /data/data/com.google.android.googlequicksearchbox/cache/data/user/0/com.google.android.googlequicksearchbox/files/work-monitoring-search.db.lck size=4096 mod=1781097679 from UID=10137 used=323584 quota=62281155 ratio=51
06-10 22:22:01.543   449   464 D installd: Purging /data/data/com.google.android.googlequicksearchbox/cache/data/user/0/com.google.android.googlequicksearchbox/databases/bisto_devices.db.lck size=4096 mod=1781097681 from UID=10137 used=319488 quota=62281155 ratio=51
06-10 22:22:01.543   449   464 D installd: Purging /data/data/com.google.android.googlequicksearchbox/cache/data/user/0/com.google.android.googlequicksearchbox/databases size=8192 mod=1781097681 from UID=10137 used=315392 quota=62281155 ratio=50
06-10 22:22:01.543   449   464 D installd: Purging /data/data/com.google.android.googlequicksearchbox/cache/WebView/Profile 2/HTTP Cache/Code Cache/js/index-dir/the-real-index size=8192 mod=1781097705 from UID=10137 used=307200 quota=62281155 ratio=49
06-10 22:22:01.543   449   464 D installd: Purging /data/data/com.google.android.googlequicksearchbox/cache/WebView/Profile 2/HTTP Cache/Code Cache/wasm/index-dir/the-real-index size=8192 mod=1781097705 from UID=10137 used=299008 quota=62281155 ratio=48
06-10 22:22:01.543   449   464 D installd: Purging /data/data/com.google.android.googlequicksearchbox/cache/WebView/Profile 2/HTTP Cache/Code Cache/js/index size=8192 mod=1781097705 from UID=10137 used=290816 quota=62281155 ratio=46
06-10 22:22:01.543   449   464 D installd: Purging /data/data/com.google.android.googlequicksearchbox/cache/WebView/Profile 2/HTTP Cache/Code Cache/wasm/index size=8192 mod=1781097705 from UID=10137 used=282624 quota=62281155 ratio=45
06-10 22:22:01.543   449   464 D installd: Purging /data/data/com.google.android.googlequicksearchbox/cache/WebView/Profile 2/HTTP Cache/Code Cache/wasm/index-dir size=8192 mod=1781097705 from UID=10137 used=274432 quota=62281155 ratio=44
06-10 22:22:01.547   449   464 D installd: Purging /data/data/com.google.android.partnersetup/cache/oat_primary/arm64/base.art size=225280 mod=1781097684 from UID=10130 used=274432 quota=62281155 ratio=44
06-10 22:22:01.547   449   464 D installd: Purging /data/data/com.google.android.googlequicksearchbox/cache/WebView/Profile 2/HTTP Cache/Code Cache/js/index-dir size=8192 mod=1781097705 from UID=10137 used=266240 quota=62281155 ratio=42
06-10 22:22:01.547   449   464 D installd: Purging /data/data/com.google.android.googlequicksearchbox/cache/WebView/Profile 2/HTTP Cache/Code Cache/wasm size=8192 mod=1781097705 from UID=10137 used=258048 quota=62281155 ratio=41
06-10 22:22:01.547   449   464 D installd: Purging /data/data/com.google.android.googlequicksearchbox/cache/WebView/Profile 2/HTTP Cache/Code Cache/js size=8192 mod=1781097705 from UID=10137 used=249856 quota=62281155 ratio=40
06-10 22:22:01.547   449   464 D installd: Purging /data/data/com.google.android.googlequicksearchbox/cache/WebView/Profile 2/HTTP Cache/Code Cache size=8192 mod=1781097705 from UID=10137 used=241664 quota=62281155 ratio=38
06-10 22:22:01.548   449   464 D installd: Purging /data/data/com.google.android.googlequicksearchbox/cache/Crash Reports/ANR Variations/ca17b37a26ab8881f4b15937a49ecee3 size=8192 mod=1781097705 from UID=10137 used=233472 quota=62281155 ratio=37
06-10 22:22:01.548   449   464 D installd: Purging /data/data/com.google.android.googlequicksearchbox/cache/WebView/Profile 2/HTTP Cache size=8192 mod=1781097705 from UID=10137 used=225280 quota=62281155 ratio=36
06-10 22:22:01.549   449   464 D installd: Purging /data/data/com.google.android.googlequicksearchbox/cache/image_manager_disk_cache/4747ded988217af667e703b92a0121fc6aecb6f3cf074d7562ad269a6db777c9.0 size=12288 mod=1781097705 from UID=10137 used=217088 quota=62281155 ratio=34
06-10 22:22:01.549   449   464 D installd: Purging /data/data/com.google.android.googlequicksearchbox/cache/image_manager_disk_cache/a9d4081b990584c63c888b7cf64b1f2b188fb85debe14e0d272f1a0c5f0d7bcd.0 size=57344 mod=1781097705 from UID=10137 used=204800 quota=62281155 ratio=32
06-10 22:22:01.552   449   464 D installd: Purging /data/data/com.google.android.marvin.talkback/cache/oat_primary/arm64/talkback.art size=139264 mod=1781097686 from UID=10159 used=188416 quota=62281155 ratio=30
06-10 22:22:01.554   567   739 I HalDevMgr: bestIfaceCreationProposal is null, requestIface=STA, existingIface=[name=wlan0 type=STA]
06-10 22:22:01.567   916  1060 D IpClient/wlan0: interfaceLinkStateChanged: ifindex 16 up
06-10 22:22:01.571   449   464 D installd: Purging /data/data/com.android.vending/cache/images size=8192 mod=1781097677 from UID=10133 used=163840 quota=62281155 ratio=26
06-10 22:22:01.571   449   464 D installd: Purging /data/data/com.android.vending/cache/logs_background/com.google.flit9sky%40gmail.com/eventlog.store6225582922176991261.log size=8192 mod=1781097685 from UID=10133 used=155648 quota=62281155 ratio=24
06-10 22:22:01.571   449   464 D installd: Purging /data/data/com.android.vending/cache/logs_background/com.google.flit9sky%40gmail.com size=8192 mod=1781097685 from UID=10133 used=147456 quota=62281155 ratio=23
06-10 22:22:01.571   449   464 D installd: Purging /data/data/com.google.android.googlequicksearchbox/cache/image_manager_disk_cache/5dc06510ed1219b30ddc8a859e171fad446b91ccb85852289105e3925873ddf2.0 size=12288 mod=1781097705 from UID=10137 used=147456 quota=62281155 ratio=23
06-10 22:22:01.571   449   464 D installd: Purging /data/data/com.android.vending/cache/logs_background/com.google.flit9sky%40gmail.com.metalog/logs_upload_attempt.log size=8192 mod=1781097687 from UID=10133 used=139264 quota=62281155 ratio=22
06-10 22:22:01.572   449   464 D installd: Purging /data/data/com.android.vending/cache/logs_background/com.google.flit9sky%40gmail.com.metalog/play_metalog.log size=8192 mod=1781097687 from UID=10133 used=131072 quota=62281155 ratio=21
06-10 22:22:01.572   449   464 D installd: Purging /data/data/com.google.android.googlequicksearchbox/cache/image_manager_disk_cache/journal size=8192 mod=1781097705 from UID=10137 used=135168 quota=62281155 ratio=21
06-10 22:22:01.572   449   464 D installd: Purging /data/data/com.google.android.googlequicksearchbox/cache/Crash Reports/ANR Variations size=8192 mod=1781097705 from UID=10137 used=126976 quota=62281155 ratio=20
06-10 22:22:01.572   449   464 D installd: Purging /data/data/com.google.android.googlequicksearchbox/cache/WebView/Profile 2 size=8192 mod=1781097705 from UID=10137 used=118784 quota=62281155 ratio=19
06-10 22:22:01.572   449   464 D installd: Purging /data/data/com.android.vending/cache/logs_background/com.google.flit9sky%40gmail.com.metalog size=8192 mod=1781097687 from UID=10133 used=122880 quota=62281155 ratio=19
06-10 22:22:01.572   449   464 D installd: Purging /data/data/com.android.vending/cache/logs_background size=8192 mod=1781097687 from UID=10133 used=114688 quota=62281155 ratio=18
06-10 22:22:01.572   449   464 D installd: Purging /data/data/com.android.vending/cache/main size=8192 mod=1781097688 from UID=10133 used=106496 quota=62281155 ratio=17
06-10 22:22:01.573   916  1060 D IpClient/wlan0: interfaceLinkStateChanged: ifindex 16 up
06-10 22:22:01.574   449   464 D installd: Purging /data/data/com.android.managedprovisioning/cache/oat_primary/arm64/ManagedProvisioning.art size=57344 mod=1781097681 from UID=10098 used=106496 quota=62281155 ratio=17
06-10 22:22:01.574   449   464 D installd: Purging /data/data/com.google.android.googlequicksearchbox/cache/Crash Reports size=8192 mod=1781097705 from UID=10137 used=110592 quota=62281155 ratio=17
06-10 22:22:01.574   449   464 D installd: Purging /data/data/com.google.android.googlequicksearchbox/cache/image_manager_disk_cache size=8192 mod=1781097705 from UID=10137 used=102400 quota=62281155 ratio=16
06-10 22:22:01.574   449   464 D installd: Purging /data/data/com.google.android.googlequicksearchbox/cache/WebView size=8192 mod=1781097705 from UID=10137 used=94208 quota=62281155 ratio=15
06-10 22:22:01.575   449   464 D installd: Purging /data/data/com.android.vending/cache/logs/com.google.flit9sky%40gmail.com.metalog/logs_upload_attempt.log size=8192 mod=1781097690 from UID=10133 used=98304 quota=62281155 ratio=15
06-10 22:22:01.575   449   464 D installd: Purging /data/data/com.android.vending/cache/logs/com.google.flit9sky%40gmail.com.metalog/play_metalog.log size=8192 mod=1781097690 from UID=10133 used=90112 quota=62281155 ratio=14
06-10 22:22:01.575   449   464 D installd: Purging /data/data/com.android.vending/cache/logs/com.google.flit9sky%40gmail.com.metalog size=8192 mod=1781097690 from UID=10133 used=81920 quota=62281155 ratio=13
06-10 22:22:01.580   449   464 D installd: Purging /data/data/com.google.android.configupdater/cache/oat_primary/arm64/ConfigUpdater.art size=32768 mod=1781097682 from UID=10121 used=81920 quota=62281155 ratio=13
06-10 22:22:01.581   449   464 D installd: Purging /data/data/com.google.android.rkpdapp/cache/data/user/0/com.google.android.rkpdapp/no_backup/androidx.work.workdb.lck size=4096 mod=1781097717 from UID=10176 used=81920 quota=62281155 ratio=13
06-10 22:22:01.581   449   464 D installd: Purging /data/data/com.google.android.googlequicksearchbox/cache/data/user/0/com.google.android.googlequicksearchbox/files/googleapp_sentinel_events.db.lck size=4096 mod=1781097710 from UID=10137 used=86016 quota=62281155 ratio=13
06-10 22:22:01.581   449   464 D installd: Purging /data/data/com.google.android.googlequicksearchbox/cache/data/user/0/com.google.android.googlequicksearchbox/files/default_sentinel_events.db.lck size=4096 mod=1781097710 from UID=10137 used=81920 quota=62281155 ratio=13
06-10 22:22:01.581   449   464 D installd: Purging /data/data/com.google.android.googlequicksearchbox/cache/data/user/0/com.google.android.googlequicksearchbox/files size=8192 mod=1781097710 from UID=10137 used=77824 quota=62281155 ratio=12
