06-10 22:22:13.607  1059  1059 I MagicTether: (REDACTED) [LaunchUtils] Instant Wifi for status account: name: %s | type: %s | isLaunched: %s
06-10 22:22:13.607  1059  1059 I MagicTether: (REDACTED) [TidepoolFeatureStatusManager] isInstantHotspotEnabled=%s
06-10 22:22:13.607  1059  1059 I MagicTether: (REDACTED) [TidepoolFeatureStatusManager] isInstantWifiEnabled=%s
06-10 22:22:13.607  1059  1059 I MagicTether: (REDACTED) [TetherService] startNearbyHostRole: start: %s isInstantHotspotEnabled: %s isInstantWifiEnabled: %s
06-10 22:22:13.607  1059  1059 I MagicTether: [HostTetherRole] Nearby host role already stopped [CONTEXT service_id=276 ]
06-10 22:22:13.607  1059  1059 I MagicTether: (REDACTED) [LaunchUtils] Instant Wifi for status account: name: %s | type: %s | isLaunched: %s
06-10 22:22:13.607  1059  1059 I MagicTether: (REDACTED) [TidepoolFeatureStatusManager] isInstantHotspotEnabled=%s
06-10 22:22:13.608  1059  1059 I MagicTether: (REDACTED) [TidepoolFeatureStatusManager] isInstantWifiEnabled=%s
06-10 22:22:13.608  1059  1059 I MagicTether: (REDACTED) [TetherService] startNearbyClientRole: start: %s isInstantHotspotEnabled: %s isInstantWifiEnabled: %s
06-10 22:22:13.608  1059  1059 I MagicTether: [TetherService] Stopping Nearby client role [CONTEXT service_id=276 ]
06-10 22:22:13.608  1059  1059 I MagicTether: [ClientTetherRole] Client role already stopped [CONTEXT service_id=276 ]
06-10 22:22:13.609  1059  1604 I NullBinder: NullBinder for android.net.action.RECOMMEND_NETWORKS triggering remote TransactionTooLargeException due to Service without Chimera impl, calling uid: 1000, calling pid: 0
06-10 22:22:13.609  1059  1604 W .gms.persistent: Large reply transaction of 1056768 bytes, interface descriptor , code 1
06-10 22:22:13.610   916  1060 D IpClient/wlan0: interfaceLinkStateChanged: ifindex 16 up
06-10 22:22:13.612  1059  1059 I MagicTether: (REDACTED) [NotificationPresenter] cancelNotification: %d
06-10 22:22:13.612  1059  1059 I MagicTether: [AutoDisconnectIntentOperation] Canceling task. [CONTEXT service_id=276 ]
06-10 22:22:13.614  1059  3877 I MagicTether: [AutoDisconnectIntentOperation] Canceling task. [CONTEXT service_id=276 ]
06-10 22:22:13.614  1059  3877 I MagicTether: (REDACTED) [NotificationPresenter] cancelNotification: %d
06-10 22:22:13.615  1059  3877 I MagicTether: [AutoDisconnectIntentOperation] Canceling task. [CONTEXT service_id=276 ]
06-10 22:22:13.615  1059  3877 I MagicTether: (REDACTED) [NotificationPresenter] cancelNotification: %d
06-10 22:22:13.849  3742  3760 D EGL_emulation: app_time_stats: avg=203.24ms min=198.81ms max=218.72ms count=5
06-10 22:22:14.851  3742  3747 I rksoc.goaicoach: Compiler allocated 4195KB to compile void com.worksoc.goaicoach.ui.GoCoachAppKt.GoCoachScreen(com.worksoc.goaicoach.shared.EngineAdapter, java.lang.String, java.lang.String, androidx.compose.runtime.Composer, int)
06-10 22:22:14.856  3742  3760 D EGL_emulation: app_time_stats: avg=201.54ms min=198.91ms max=207.32ms count=5
06-10 22:22:14.859  3742  3760 D EGL_emulation: app_time_stats: avg=5134.60ms min=5134.60ms max=5134.60ms count=1
06-10 22:22:15.867  3742  3760 D EGL_emulation: app_time_stats: avg=202.04ms min=192.50ms max=219.19ms count=5
06-10 22:22:16.607   567   739 I HalDevMgr: bestIfaceCreationProposal is null, requestIface=STA, existingIface=[name=wlan0 type=STA]
06-10 22:22:17.035  3742  3760 D EGL_emulation: app_time_stats: avg=233.66ms min=199.06ms max=369.69ms count=5
06-10 22:22:17.533   567   745 D InetDiagMessage: Destroyed 0 sockets, proto=IPPROTO_TCP, family=AF_INET, states=14
06-10 22:22:17.533   567   745 D InetDiagMessage: Destroyed 0 sockets, proto=IPPROTO_TCP, family=AF_INET6, states=14
06-10 22:22:17.533   567   745 D InetDiagMessage: Destroyed live tcp sockets for uids={10122} in 1ms
06-10 22:22:17.534   567   745 D InetDiagMessage: Destroyed 0 sockets, proto=IPPROTO_TCP, family=AF_INET, states=14
06-10 22:22:17.534   567   745 D InetDiagMessage: Destroyed 0 sockets, proto=IPPROTO_TCP, family=AF_INET6, states=14
06-10 22:22:17.534   567   745 D InetDiagMessage: Destroyed live tcp sockets for uids={20122} in 0ms
06-10 22:22:17.616   567   691 D ActivityManager: freezing 3723 com.google.android.configupdater
06-10 22:22:17.617   567   745 D InetDiagMessage: Destroyed 0 sockets, proto=IPPROTO_TCP, family=AF_INET, states=14
06-10 22:22:17.617   567   745 D InetDiagMessage: Destroyed 0 sockets, proto=IPPROTO_TCP, family=AF_INET6, states=14
06-10 22:22:17.617   567   745 D InetDiagMessage: Destroyed live tcp sockets for uids={10121} in 0ms
06-10 22:22:18.098  3742  3760 D EGL_emulation: app_time_stats: avg=176.99ms min=48.76ms max=211.99ms count=6
06-10 22:22:18.577  1446  1788 W SQLiteLog: (28) file unlinked while open: /data/data/com.google.android.gms/cache/autofill_infinite_data_cache/infinite_data_cache
06-10 22:22:18.908   567   624 D OomAdjuster: Not killing cached processes
06-10 22:22:19.299  3742  3760 D EGL_emulation: app_time_stats: avg=200.02ms min=199.15ms max=201.62ms count=6
06-10 22:22:19.454  3428  4032 W TracingHelper: Mismatched RequestContext found for module CORE. Module id from RequestContext is MODULEID_UNKNOWN [CONTEXT service_id=259 ratelimit_count=1410065408 ]
06-10 22:22:19.470  1059  3800 W PhBaseOp: Phenotype API error. Event: # hxdx@f0b15c76, EventCode: COMMIT_CONFIG [CONTEXT service_id=51 ]
06-10 22:22:19.470  1059  3800 W PhBaseOp: eqdf: 29544: Stale snapshot for com.google.android.gms.gmslogger#com.google.android.gms(new configuration available)
06-10 22:22:19.470  1059  3800 W PhBaseOp: 	at eqfd.d(:com.google.android.gms@260235035@26.02.35 (260400-862924022):441)
06-10 22:22:19.470  1059  3800 W PhBaseOp: 	at eqfd.b(:com.google.android.gms@260235035@26.02.35 (260400-862924022):44)
06-10 22:22:19.470  1059  3800 W PhBaseOp: 	at eqfc.i(:com.google.android.gms@260235035@26.02.35 (260400-862924022):3)
06-10 22:22:19.470  1059  3800 W PhBaseOp: 	at eqey.h(:com.google.android.gms@260235035@26.02.35 (260400-862924022):31)
06-10 22:22:19.470  1059  3800 W PhBaseOp: 	at eqey.f(:com.google.android.gms@260235035@26.02.35 (260400-862924022):13)
06-10 22:22:19.470  1059  3800 W PhBaseOp: 	at cqhc.fB(:com.google.android.gms@260235035@26.02.35 (260400-862924022):1)
06-10 22:22:19.470  1059  3800 W PhBaseOp: 	at cqhg.run(:com.google.android.gms@260235035@26.02.35 (260400-862924022):118)
06-10 22:22:19.470  1059  3800 W PhBaseOp: 	at gnkz.run(:com.google.android.gms@260235035@26.02.35 (260400-862924022):19)
06-10 22:22:19.470  1059  3800 W PhBaseOp: 	at beqw.c(:com.google.android.gms@260235035@26.02.35 (260400-862924022):50)
06-10 22:22:19.470  1059  3800 W PhBaseOp: 	at beqw.run(:com.google.android.gms@260235035@26.02.35 (260400-862924022):73)
06-10 22:22:19.470  1059  3800 W PhBaseOp: 	at java.util.concurrent.ThreadPoolExecutor.runWorker(ThreadPoolExecutor.java:1154)
06-10 22:22:19.470  1059  3800 W PhBaseOp: 	at java.util.concurrent.ThreadPoolExecutor$Worker.run(ThreadPoolExecutor.java:652)
06-10 22:22:19.470  1059  3800 W PhBaseOp: 	at bewn.run(:com.google.android.gms@260235035@26.02.35 (260400-862924022):8)
06-10 22:22:19.470  1059  3800 W PhBaseOp: 	at java.lang.Thread.run(Thread.java:1564)
06-10 22:22:19.470  1059  3800 W AsyncOperation: operation=CommitToConfigurationOperationCall, opStatusCode=29544 [CONTEXT service_id=51 ]
06-10 22:22:19.470  1059  3800 W AsyncOperation: OperationException[Status{statusCode=Stale snapshot for com.google.android.gms.gmslogger#com.google.android.gms(new configuration available), resolution=null}]
06-10 22:22:19.470  1059  3800 W AsyncOperation: 	at eqey.h(:com.google.android.gms@260235035@26.02.35 (260400-862924022):61)
06-10 22:22:19.470  1059  3800 W AsyncOperation: 	at eqey.f(:com.google.android.gms@260235035@26.02.35 (260400-862924022):13)
06-10 22:22:19.470  1059  3800 W AsyncOperation: 	at cqhc.fB(:com.google.android.gms@260235035@26.02.35 (260400-862924022):1)
06-10 22:22:19.470  1059  3800 W AsyncOperation: 	at cqhg.run(:com.google.android.gms@260235035@26.02.35 (260400-862924022):118)
06-10 22:22:19.470  1059  3800 W AsyncOperation: 	at gnkz.run(:com.google.android.gms@260235035@26.02.35 (260400-862924022):19)
06-10 22:22:19.470  1059  3800 W AsyncOperation: 	at beqw.c(:com.google.android.gms@260235035@26.02.35 (260400-862924022):50)
06-10 22:22:19.470  1059  3800 W AsyncOperation: 	at beqw.run(:com.google.android.gms@260235035@26.02.35 (260400-862924022):73)
06-10 22:22:19.470  1059  3800 W AsyncOperation: 	at java.util.concurrent.ThreadPoolExecutor.runWorker(ThreadPoolExecutor.java:1154)
06-10 22:22:19.470  1059  3800 W AsyncOperation: 	at java.util.concurrent.ThreadPoolExecutor$Worker.run(ThreadPoolExecutor.java:652)
06-10 22:22:19.470  1059  3800 W AsyncOperation: 	at bewn.run(:com.google.android.gms@260235035@26.02.35 (260400-862924022):8)
06-10 22:22:19.470  1059  3800 W AsyncOperation: 	at java.lang.Thread.run(Thread.java:1564)
06-10 22:22:19.558  3742  3760 D EGL_emulation: app_time_stats: avg=4699.34ms min=4699.34ms max=4699.34ms count=1
06-10 22:22:19.615   567   739 I HalDevMgr: bestIfaceCreationProposal is null, requestIface=STA, existingIface=[name=wlan0 type=STA]
06-10 22:22:19.622   916  1060 D IpClient/wlan0: interfaceLinkStateChanged: ifindex 16 up
06-10 22:22:19.625   916  1060 D IpClient/wlan0: interfaceLinkStateChanged: ifindex 16 up
06-10 22:22:19.650   838  1012 D EGL_emulation: app_time_stats: avg=1089.34ms min=4.68ms max=17168.52ms count=16
06-10 22:22:20.301  3742  3760 D EGL_emulation: app_time_stats: avg=167.10ms min=56.00ms max=202.04ms count=6
06-10 22:22:20.738  1446  1450 W gle.android.gms: Cleared Reference was only reachable from finalizer (only reported once)
06-10 22:22:20.810  1446  1452 W gle.android.gms: ApkAssets: Deleting an ApkAssets object '<empty> and /system_ext/priv-app/GoogleServicesFramework/GoogleServicesFramework.apk' with 1 weak references
06-10 22:22:21.316  3742  3760 D EGL_emulation: app_time_stats: avg=202.85ms min=198.31ms max=216.15ms count=5
06-10 22:22:21.721   567   691 D ActivityManager: freezing 1236 com.google.android.permissioncontroller
06-10 22:22:21.722   567   745 D InetDiagMessage: Destroyed 0 sockets, proto=IPPROTO_TCP, family=AF_INET, states=14
06-10 22:22:21.722   567   745 D InetDiagMessage: Destroyed 0 sockets, proto=IPPROTO_TCP, family=AF_INET6, states=14
06-10 22:22:21.722   567   745 D InetDiagMessage: Destroyed live tcp sockets for uids={10178} in 1ms
06-10 22:22:22.385  1538  1566 I IPCThreadState: oneway function results for code 2 on binder at 0xb4000079f3a17130 will be dropped but finished with status UNKNOWN_TRANSACTION
06-10 22:22:22.515  3742  3760 D EGL_emulation: app_time_stats: avg=199.93ms min=199.30ms max=200.87ms count=6
06-10 22:22:22.532   567   691 D ActivityManager: freezing 1881 com.google.android.as.oss
06-10 22:22:22.533   567   745 D InetDiagMessage: Destroyed 0 sockets, proto=IPPROTO_TCP, family=AF_INET, states=14
06-10 22:22:22.533   567   745 D InetDiagMessage: Destroyed 0 sockets, proto=IPPROTO_TCP, family=AF_INET6, states=14
06-10 22:22:22.533   567   745 D InetDiagMessage: Destroyed live tcp sockets for uids={10122} in 0ms
06-10 22:22:22.622   567   739 I HalDevMgr: bestIfaceCreationProposal is null, requestIface=STA, existingIface=[name=wlan0 type=STA]
06-10 22:22:22.625  1059  1604 I NullBinder: NullBinder for android.net.action.RECOMMEND_NETWORKS triggering remote TransactionTooLargeException due to Service without Chimera impl, calling uid: 1000, calling pid: 0
06-10 22:22:22.625  1059  1604 W .gms.persistent: Large reply transaction of 1056768 bytes, interface descriptor , code 1
06-10 22:22:22.626   567   745 W IPCThreadState: Sending oneway calls to frozen process.
06-10 22:22:22.626   567   745 W IPCThreadState: Sending oneway calls to frozen process.
06-10 22:22:22.629  1059  1059 I MagicTether: (REDACTED) [ActiveNetworkTracker] setActiveNetwork: %s
06-10 22:22:22.629  1059  1059 I MagicTether: (REDACTED) [TetherService] onActiveNetworkChanged: network=%s isLost=%s
06-10 22:22:22.630  1059  1234 I MagicTether: [WifiConnectionHandler] Ignoring getWifiConfigurationByNetworkId when checking connected state [CONTEXT service_id=276 ]
06-10 22:22:22.630  1590  2126 I BugleRcsEngine: Connected state: [1], networkType: [WIFI] [CONTEXT thread_id=59 ]
06-10 22:22:22.630  1059  1234 I MagicTether: [WifiConnectionHandler] No networkId set, can't be connected. [CONTEXT service_id=276 ]
06-10 22:22:22.630  1059  1234 I MagicTether: (REDACTED) [TetherService] TRANSPORT_CELLULAR [%s], TRANSPORT_ETHERNET [%s], TRANSPORT_WIFI [%s]
06-10 22:22:22.630  1059  1234 I MagicTether: (REDACTED) [TetherService] setRoles hasActiveNetworkConnection=%s canActiveNetworkBeTethered=%s isConnectedToInstantTether=%s isWifiEnabled=%s isHosting=%s
06-10 22:22:22.630  1590  2517 I BugleRcsEngine: handleMessage processing message:[NOTIFY_UPTIME_IGNORE_STATE_CHANGED] with [non-null]:RcsEngineImpl reference [CONTEXT log_prefix="RcsEngineImpl[DUAL_REG]:[40be24d5-8cc0]>Handler" thread_id=68 ]
06-10 22:22:22.631  1059  1059 I MagicTether: (REDACTED) [LaunchUtils] Instant Wifi for status account: name: %s | type: %s | isLaunched: %s
06-10 22:22:22.632  1059  1059 I MagicTether: (REDACTED) [TidepoolFeatureStatusManager] isInstantHotspotEnabled=%s
06-10 22:22:22.632  1059  1059 I MagicTether: (REDACTED) [TidepoolFeatureStatusManager] isInstantWifiEnabled=%s
06-10 22:22:22.632  1059  1059 I MagicTether: (REDACTED) [TetherService] startNearbyHostRole: start: %s isInstantHotspotEnabled: %s isInstantWifiEnabled: %s
06-10 22:22:22.632  1059  1059 I MagicTether: [HostTetherRole] Nearby host role already stopped [CONTEXT service_id=276 ]
06-10 22:22:22.632  1059  1059 I MagicTether: (REDACTED) [LaunchUtils] Instant Wifi for status account: name: %s | type: %s | isLaunched: %s
06-10 22:22:22.632  1059  1059 I MagicTether: (REDACTED) [TidepoolFeatureStatusManager] isInstantHotspotEnabled=%s
06-10 22:22:22.632  1059  1059 I MagicTether: (REDACTED) [TidepoolFeatureStatusManager] isInstantWifiEnabled=%s
06-10 22:22:22.632  1059  1059 I MagicTether: (REDACTED) [TetherService] startNearbyClientRole: start: %s isInstantHotspotEnabled: %s isInstantWifiEnabled: %s
06-10 22:22:22.632  1059  1059 I MagicTether: [TetherService] Stopping Nearby client role [CONTEXT service_id=276 ]
06-10 22:22:22.632  1059  1059 I MagicTether: [ClientTetherRole] Client role already stopped [CONTEXT service_id=276 ]
06-10 22:22:22.640  1059  1059 I MagicTether: (REDACTED) [NotificationPresenter] cancelNotification: %d
06-10 22:22:22.641  1059  1059 I MagicTether: [AutoDisconnectIntentOperation] Canceling task. [CONTEXT service_id=276 ]
06-10 22:22:22.646  1059  4039 I MagicTether: [AutoDisconnectIntentOperation] Canceling task. [CONTEXT service_id=276 ]
06-10 22:22:22.646  1059  4039 I MagicTether: (REDACTED) [NotificationPresenter] cancelNotification: %d
06-10 22:22:22.647  1059  4039 I MagicTether: [AutoDisconnectIntentOperation] Canceling task. [CONTEXT service_id=276 ]
06-10 22:22:22.647  1059  4039 I MagicTether: (REDACTED) [NotificationPresenter] cancelNotification: %d
06-10 22:22:23.550  3742  3760 D EGL_emulation: app_time_stats: avg=206.84ms min=199.32ms max=217.50ms count=5
06-10 22:22:23.940  3742  3760 D EGL_emulation: app_time_stats: avg=4382.11ms min=4382.11ms max=4382.11ms count=1
06-10 22:22:24.093   567   902 D WifiNl80211Manager: Scan result ready event
06-10 22:22:24.093   567   902 D WifiNative: Scan result ready event
06-10 22:22:24.099  1059  2462 I WifiScanner: onFullResults
06-10 22:22:24.102   567   739 I HalDevMgr: bestIfaceCreationProposal is null, requestIface=STA, existingIface=[name=wlan0 type=STA]
06-10 22:22:24.565  3742  3760 D EGL_emulation: app_time_stats: avg=169.30ms min=11.79ms max=216.49ms count=6
06-10 22:22:25.625   567   739 I HalDevMgr: bestIfaceCreationProposal is null, requestIface=STA, existingIface=[name=wlan0 type=STA]
06-10 22:22:25.627   567   745 W IPCThreadState: Sending oneway calls to frozen process.
06-10 22:22:25.627   567   745 W IPCThreadState: Sending oneway calls to frozen process.
06-10 22:22:25.629  1590  2126 I BugleRcsEngine: Connected state: [1], networkType: [WIFI] [CONTEXT thread_id=59 ]
06-10 22:22:25.629  1059  1059 I MagicTether: (REDACTED) [ActiveNetworkTracker] setActiveNetwork: %s
06-10 22:22:25.629  1059  1059 I MagicTether: (REDACTED) [TetherService] onActiveNetworkChanged: network=%s isLost=%s
06-10 22:22:25.629  1059  3943 I MagicTether: [WifiConnectionHandler] Ignoring getWifiConfigurationByNetworkId when checking connected state [CONTEXT service_id=276 ]
06-10 22:22:25.629  1590  2517 I BugleRcsEngine: handleMessage processing message:[NOTIFY_UPTIME_IGNORE_STATE_CHANGED] with [non-null]:RcsEngineImpl reference [CONTEXT log_prefix="RcsEngineImpl[DUAL_REG]:[40be24d5-8cc0]>Handler" thread_id=68 ]
06-10 22:22:25.629  1059  3943 I MagicTether: [WifiConnectionHandler] No networkId set, can't be connected. [CONTEXT service_id=276 ]
06-10 22:22:25.629  1059  3943 I MagicTether: (REDACTED) [TetherService] TRANSPORT_CELLULAR [%s], TRANSPORT_ETHERNET [%s], TRANSPORT_WIFI [%s]
06-10 22:22:25.629  1059  3943 I MagicTether: (REDACTED) [TetherService] setRoles hasActiveNetworkConnection=%s canActiveNetworkBeTethered=%s isConnectedToInstantTether=%s isWifiEnabled=%s isHosting=%s
06-10 22:22:25.631   916  1060 D IpClient/wlan0: interfaceLinkStateChanged: ifindex 16 up
06-10 22:22:25.631  1059  1059 I MagicTether: (REDACTED) [LaunchUtils] Instant Wifi for status account: name: %s | type: %s | isLaunched: %s
06-10 22:22:25.631  1059  1059 I MagicTether: (REDACTED) [TidepoolFeatureStatusManager] isInstantHotspotEnabled=%s
06-10 22:22:25.631  1059  1059 I MagicTether: (REDACTED) [TidepoolFeatureStatusManager] isInstantWifiEnabled=%s
06-10 22:22:25.631  1059  1059 I MagicTether: (REDACTED) [TetherService] startNearbyHostRole: start: %s isInstantHotspotEnabled: %s isInstantWifiEnabled: %s
06-10 22:22:25.632  1059  1059 I MagicTether: [HostTetherRole] Nearby host role already stopped [CONTEXT service_id=276 ]
06-10 22:22:25.633   567   662 D OomAdjuster: Not killing cached processes
06-10 22:22:25.633  1059  1059 I MagicTether: (REDACTED) [NotificationPresenter] cancelNotification: %d
06-10 22:22:25.634  1059  1059 I MagicTether: [AutoDisconnectIntentOperation] Canceling task. [CONTEXT service_id=276 ]
06-10 22:22:25.635  1059  4039 I MagicTether: [AutoDisconnectIntentOperation] Canceling task. [CONTEXT service_id=276 ]
06-10 22:22:25.635  1059  1059 I MagicTether: (REDACTED) [LaunchUtils] Instant Wifi for status account: name: %s | type: %s | isLaunched: %s
06-10 22:22:25.636  1059  1059 I MagicTether: (REDACTED) [TidepoolFeatureStatusManager] isInstantHotspotEnabled=%s
06-10 22:22:25.636  1059  1059 I MagicTether: (REDACTED) [TidepoolFeatureStatusManager] isInstantWifiEnabled=%s
06-10 22:22:25.636  1059  1059 I MagicTether: (REDACTED) [TetherService] startNearbyClientRole: start: %s isInstantHotspotEnabled: %s isInstantWifiEnabled: %s
06-10 22:22:25.636  1059  1059 I MagicTether: [TetherService] Stopping Nearby client role [CONTEXT service_id=276 ]
06-10 22:22:25.636  1059  1059 I MagicTether: [ClientTetherRole] Client role already stopped [CONTEXT service_id=276 ]
06-10 22:22:25.636  1059  4039 I MagicTether: (REDACTED) [NotificationPresenter] cancelNotification: %d
06-10 22:22:25.637  1059  4039 I MagicTether: [AutoDisconnectIntentOperation] Canceling task. [CONTEXT service_id=276 ]
06-10 22:22:25.638  1059  4039 I MagicTether: (REDACTED) [NotificationPresenter] cancelNotification: %d
06-10 22:22:25.638  1059  1604 I NullBinder: NullBinder for android.net.action.RECOMMEND_NETWORKS triggering remote TransactionTooLargeException due to Service without Chimera impl, calling uid: 1000, calling pid: 0
06-10 22:22:25.639   916  1060 D IpClient/wlan0: interfaceLinkStateChanged: ifindex 16 up
06-10 22:22:25.639  1059  1604 W .gms.persistent: Large reply transaction of 1056768 bytes, interface descriptor , code 1
06-10 22:22:25.765  3742  3760 D EGL_emulation: app_time_stats: avg=199.98ms min=199.28ms max=200.76ms count=6
06-10 22:22:26.783  3742  3760 D EGL_emulation: app_time_stats: avg=203.44ms min=199.52ms max=215.02ms count=5
06-10 22:22:27.981  3742  3760 D EGL_emulation: app_time_stats: avg=199.78ms min=199.33ms max=200.83ms count=6
06-10 22:22:28.633   567   739 I HalDevMgr: bestIfaceCreationProposal is null, requestIface=STA, existingIface=[name=wlan0 type=STA]
06-10 22:22:28.633   567   745 W IPCThreadState: Sending oneway calls to frozen process.
06-10 22:22:28.633   567   745 W IPCThreadState: Sending oneway calls to frozen process.
06-10 22:22:28.635  1059  1059 I MagicTether: (REDACTED) [ActiveNetworkTracker] setActiveNetwork: %s
06-10 22:22:28.635  1059  1059 I MagicTether: (REDACTED) [TetherService] onActiveNetworkChanged: network=%s isLost=%s
06-10 22:22:28.636  1059  3943 I MagicTether: [WifiConnectionHandler] Ignoring getWifiConfigurationByNetworkId when checking connected state [CONTEXT service_id=276 ]
06-10 22:22:28.636  1059  3943 I MagicTether: [WifiConnectionHandler] No networkId set, can't be connected. [CONTEXT service_id=276 ]
06-10 22:22:28.636  1059  3943 I MagicTether: (REDACTED) [TetherService] TRANSPORT_CELLULAR [%s], TRANSPORT_ETHERNET [%s], TRANSPORT_WIFI [%s]
06-10 22:22:28.636  1059  3943 I MagicTether: (REDACTED) [TetherService] setRoles hasActiveNetworkConnection=%s canActiveNetworkBeTethered=%s isConnectedToInstantTether=%s isWifiEnabled=%s isHosting=%s
06-10 22:22:28.636  1590  2126 I BugleRcsEngine: Connected state: [1], networkType: [WIFI] [CONTEXT thread_id=59 ]
06-10 22:22:28.636  1590  2517 I BugleRcsEngine: handleMessage processing message:[NOTIFY_UPTIME_IGNORE_STATE_CHANGED] with [non-null]:RcsEngineImpl reference [CONTEXT log_prefix="RcsEngineImpl[DUAL_REG]:[40be24d5-8cc0]>Handler" thread_id=68 ]
06-10 22:22:28.637  1059  1059 I MagicTether: (REDACTED) [LaunchUtils] Instant Wifi for status account: name: %s | type: %s | isLaunched: %s
06-10 22:22:28.637  1059  1059 I MagicTether: (REDACTED) [TidepoolFeatureStatusManager] isInstantHotspotEnabled=%s
06-10 22:22:28.637  1059  1059 I MagicTether: (REDACTED) [TidepoolFeatureStatusManager] isInstantWifiEnabled=%s
06-10 22:22:28.637  1059  1059 I MagicTether: (REDACTED) [TetherService] startNearbyHostRole: start: %s isInstantHotspotEnabled: %s isInstantWifiEnabled: %s
06-10 22:22:28.637  1059  1059 I MagicTether: [HostTetherRole] Nearby host role already stopped [CONTEXT service_id=276 ]
06-10 22:22:28.638  1059  1059 I MagicTether: (REDACTED) [LaunchUtils] Instant Wifi for status account: name: %s | type: %s | isLaunched: %s
06-10 22:22:28.638  1059  1059 I MagicTether: (REDACTED) [TidepoolFeatureStatusManager] isInstantHotspotEnabled=%s
06-10 22:22:28.638  1059  1059 I MagicTether: (REDACTED) [TidepoolFeatureStatusManager] isInstantWifiEnabled=%s
06-10 22:22:28.638  1059  1059 I MagicTether: (REDACTED) [TetherService] startNearbyClientRole: start: %s isInstantHotspotEnabled: %s isInstantWifiEnabled: %s
06-10 22:22:28.638  1059  1059 I MagicTether: [TetherService] Stopping Nearby client role [CONTEXT service_id=276 ]
06-10 22:22:28.638  1059  1059 I MagicTether: [ClientTetherRole] Client role already stopped [CONTEXT service_id=276 ]
06-10 22:22:28.639  1059  2462 I NullBinder: NullBinder for android.net.action.RECOMMEND_NETWORKS triggering remote TransactionTooLargeException due to Service without Chimera impl, calling uid: 1000, calling pid: 0
06-10 22:22:28.639  1059  2462 W .gms.persistent: Large reply transaction of 1056768 bytes, interface descriptor , code 1
06-10 22:22:28.640  1059  1059 I MagicTether: (REDACTED) [NotificationPresenter] cancelNotification: %d
06-10 22:22:28.641  1059  1059 I MagicTether: [AutoDisconnectIntentOperation] Canceling task. [CONTEXT service_id=276 ]
06-10 22:22:28.643  1059  4039 I MagicTether: [AutoDisconnectIntentOperation] Canceling task. [CONTEXT service_id=276 ]
06-10 22:22:28.643  1059  4039 I MagicTether: (REDACTED) [NotificationPresenter] cancelNotification: %d
06-10 22:22:28.644  1059  4039 I MagicTether: [AutoDisconnectIntentOperation] Canceling task. [CONTEXT service_id=276 ]
06-10 22:22:28.644  1059  4039 I MagicTether: (REDACTED) [NotificationPresenter] cancelNotification: %d
06-10 22:22:28.982  3742  3760 D EGL_emulation: app_time_stats: avg=200.02ms min=199.15ms max=200.95ms count=5
06-10 22:22:29.023  3742  3760 D EGL_emulation: app_time_stats: avg=5082.83ms min=5082.83ms max=5082.83ms count=1
06-10 22:22:29.998  3742  3760 D EGL_emulation: app_time_stats: avg=169.39ms min=37.68ms max=216.30ms count=6
06-10 22:22:30.393  1446  2102 W SQLiteLog: (28) file unlinked while open: /data/data/com.google.android.gms/cache/android:/com.google.android.gms/managed/common/shared/cgal.mdi.sync.moonlander.autofill-domain-predictions-prod-spanner/infinite_data_cache
06-10 22:22:30.394  1446  2102 W SQLiteLog: (28) file unlinked while open: /data/data/com.google.android.gms/cache/android:/com.google.android.gms/managed/common/shared/cgal.mdi.sync.moonlander.autofill-domain-predictions-prod-spanner/infinite_data_cache
06-10 22:22:30.850   567  2085 D OomAdjuster: Not killing cached processes
06-10 22:22:31.015  3742  3760 D EGL_emulation: app_time_stats: avg=203.44ms min=198.03ms max=217.51ms count=5
06-10 22:22:31.642   567   739 I HalDevMgr: bestIfaceCreationProposal is null, requestIface=STA, existingIface=[name=wlan0 type=STA]
06-10 22:22:32.086  3742  3760 D EGL_emulation: app_time_stats: avg=214.14ms min=176.61ms max=237.17ms count=5
06-10 22:22:32.432   567   691 D ActivityManager: freezing 1635 com.google.android.googlequicksearchbox:search
06-10 22:22:33.281  3742  3760 D EGL_emulation: app_time_stats: avg=199.14ms min=197.09ms max=201.93ms count=6
06-10 22:22:33.757  3742  3760 D EGL_emulation: app_time_stats: avg=4734.30ms min=4734.30ms max=4734.30ms count=1
06-10 22:22:34.299  3742  3760 D EGL_emulation: app_time_stats: avg=169.64ms min=54.33ms max=217.59ms count=6
06-10 22:22:34.648   567   739 I HalDevMgr: bestIfaceCreationProposal is null, requestIface=STA, existingIface=[name=wlan0 type=STA]
06-10 22:22:35.499  3742  3760 D EGL_emulation: app_time_stats: avg=200.04ms min=198.78ms max=200.97ms count=6
06-10 22:22:36.049   567  2085 D OomAdjuster: Not killing cached processes
06-10 22:22:36.050  1446  1446 D BoundBrokerSvc: onUnbind: Intent { act=com.google.android.gms.common.BIND_SHARED_PREFS pkg=com.google.android.gms }
06-10 22:22:36.516  3742  3760 D EGL_emulation: app_time_stats: avg=203.23ms min=198.61ms max=218.45ms count=5
06-10 22:22:37.517  3742  3760 D EGL_emulation: app_time_stats: avg=200.29ms min=199.35ms max=201.36ms count=5
06-10 22:22:37.657   567   739 I HalDevMgr: bestIfaceCreationProposal is null, requestIface=STA, existingIface=[name=wlan0 type=STA]
06-10 22:22:37.751  1059  1059 D BoundBrokerSvc: onBind: Intent { act=com.google.android.gms.auth.aang.impl.deviceaccount.DeviceAccountTaskService.ACTION_TASK_READY dat=chimera-action:/... cmp=com.google.android.gms/.chimera.PersistentInternalBoundBrokerService }
06-10 22:22:37.751  1059  1059 D BoundBrokerSvc: Loading bound service for intent: Intent { act=com.google.android.gms.auth.aang.impl.deviceaccount.DeviceAccountTaskService.ACTION_TASK_READY dat=chimera-action:/... cmp=com.google.android.gms/.chimera.PersistentInternalBoundBrokerService }
06-10 22:22:37.761  1059  4046 I NetworkScheduler.Stats: (REDACTED) Task %s/%s started execution. cause:%s exec_start_elapsed_seconds: %s
06-10 22:22:37.782  1059  1059 D BoundBrokerSvc: onUnbind: Intent { act=com.google.android.gms.auth.aang.impl.deviceaccount.DeviceAccountTaskService.ACTION_TASK_READY dat=chimera-action:/... cmp=com.google.android.gms/.chimera.PersistentInternalBoundBrokerService }
06-10 22:22:37.782  1059  3941 I NetworkScheduler.Stats: (REDACTED) Task %s/%s finished executing. cause:%s result: %s elapsed_millis: %s uptime_millis: %s exec_start_elapsed_seconds: %s
06-10 22:22:37.809  1059  4046 I NetworkScheduler.Stats: (REDACTED) Task %s/%s started execution. cause:%s exec_start_elapsed_seconds: %s
06-10 22:22:37.826  1510  1510 D WM-DelayedWorkTracker: Scheduling work 9d68a618-809b-49bd-a2f1-293e1699681c
06-10 22:22:37.827  1510  1510 D WM-GreedyScheduler: Starting work for 9d68a618-809b-49bd-a2f1-293e1699681c
06-10 22:22:37.830  1510  1797 D WM-Processor: Processor: processing WorkGenerationalId(workSpecId=9d68a618-809b-49bd-a2f1-293e1699681c, generation=0)
06-10 22:22:37.833  1059  4046 I TapAndPay: deviceSupportsHce has detected emulator [CONTEXT service_id=79 ]
06-10 22:22:37.833  1510  1510 D WM-WorkerWrapper: Starting work for com.android.providers.media.MediaServiceV2
06-10 22:22:37.834  1059  4046 I TapAndPay: Sending QUICK_ACCESS_WALLET_STATE_CHANGED broadcast to wallet app. [CONTEXT service_id=79 ]
06-10 22:22:37.834  1510  4062 I MediaServiceV2: Work initiated for action [ android.intent.action.MEDIA_MOUNTED ]
06-10 22:22:37.835  1510  4062 I MediaProvider: Volume MediaVolume name: [external_primary] id: [emulated;0] user: [UserHandle{0}] path: [/storage/emulated/0] externallyManaged: [false] mPublicVolume: [false] already attached
06-10 22:22:37.835  1510  4062 I MediaServiceV2: Work ended for action [ android.intent.action.MEDIA_MOUNTED ]
06-10 22:22:37.836  1510  1797 I WM-WorkerWrapper: Worker result SUCCESS for Work [ id=9d68a618-809b-49bd-a2f1-293e1699681c, tags={ com.android.providers.media.MediaServiceV2 } ]
06-10 22:22:37.837  1510  1510 D WM-Processor: Processor 9d68a618-809b-49bd-a2f1-293e1699681c executed; reschedule = false
06-10 22:22:37.840  1059  4046 I NetworkScheduler.Stats: (REDACTED) Task %s/%s finished executing. cause:%s result: %s elapsed_millis: %s uptime_millis: %s exec_start_elapsed_seconds: %s
06-10 22:22:37.840  1510  1797 D WM-GreedyScheduler: Cancelling work ID 9d68a618-809b-49bd-a2f1-293e1699681c
06-10 22:22:37.841  1510  1797 D WM-GreedyScheduler: Ignoring {WorkSpec: 5c6bc7e1-22e9-49ab-9b89-df2411ef41f5}. Requires device idle.
06-10 22:22:37.841  1510  1797 D WM-GreedyScheduler: Ignoring {WorkSpec: ae14b989-c053-4328-bf23-257e6f8154b1}. Requires device idle.
06-10 22:22:37.842  1510  1797 D WM-GreedyScheduler: Ignoring {WorkSpec: 0f201edf-20d8-4494-884a-b94adb21b508}. Requires device idle.
06-10 22:22:37.842  1510  1797 D WM-GreedyScheduler: Ignoring {WorkSpec: 2a39ac40-1480-4266-b406-326d556d5dff}. Requires device idle.
06-10 22:22:37.858   567   682 D ActivityManager: sync unfroze 3285 com.google.android.apps.photos for 6
06-10 22:22:38.057  3742  3760 D EGL_emulation: app_time_stats: avg=4299.11ms min=4299.11ms max=4299.11ms count=1
06-10 22:22:38.565  3742  3760 D EGL_emulation: app_time_stats: avg=174.61ms min=61.69ms max=250.83ms count=6
06-10 22:22:39.733  3742  3760 D EGL_emulation: app_time_stats: avg=194.56ms min=168.08ms max=200.88ms count=6
06-10 22:22:40.663   567   739 I HalDevMgr: bestIfaceCreationProposal is null, requestIface=STA, existingIface=[name=wlan0 type=STA]
06-10 22:22:40.749  3742  3760 D EGL_emulation: app_time_stats: avg=203.25ms min=198.45ms max=218.85ms count=5
06-10 22:22:41.949  3742  3760 D EGL_emulation: app_time_stats: avg=199.91ms min=199.17ms max=200.37ms count=6
06-10 22:22:42.902   567   745 D InetDiagMessage: Destroyed 0 sockets, proto=IPPROTO_TCP, family=AF_INET, states=14
06-10 22:22:42.902   567   745 D InetDiagMessage: Destroyed 0 sockets, proto=IPPROTO_TCP, family=AF_INET6, states=14
06-10 22:22:42.902   567   745 D InetDiagMessage: Destroyed live tcp sockets for uids={10157} in 3ms
06-10 22:22:42.902   567   745 D InetDiagMessage: Destroyed 0 sockets, proto=IPPROTO_TCP, family=AF_INET, states=14
06-10 22:22:42.902   567   745 D InetDiagMessage: Destroyed 0 sockets, proto=IPPROTO_TCP, family=AF_INET6, states=14
06-10 22:22:42.902   567   745 D InetDiagMessage: Destroyed live tcp sockets for uids={20157} in 0ms
06-10 22:22:42.966  3742  3760 D EGL_emulation: app_time_stats: avg=203.40ms min=172.38ms max=244.60ms count=5
06-10 22:22:43.308  3742  3760 D EGL_emulation: app_time_stats: avg=5251.15ms min=5251.15ms max=5251.15ms count=1
06-10 22:22:43.662  1059  1059 D BoundBrokerSvc: onUnbind: Intent { act=com.google.android.gms.scheduler.ACTION_PROXY_SCHEDULE dat=chimera-action:/... cmp=com.google.android.gms/.chimera.PersistentDirectBootAwareApiService }
06-10 22:22:43.666   567   739 I HalDevMgr: bestIfaceCreationProposal is null, requestIface=STA, existingIface=[name=wlan0 type=STA]
06-10 22:22:44.166  3742  3760 D EGL_emulation: app_time_stats: avg=171.50ms min=61.13ms max=200.78ms count=7
06-10 22:22:44.652  1059  1059 D BoundBrokerSvc: onUnbind: Intent { act=com.google.android.gms.libs.gmscorelogger.service.START dat=chimera-action:/... cmp=com.google.android.gms/.chimera.PersistentDirectBootAwareApiService }
06-10 22:22:44.731   567  2084 D OomAdjuster: Not killing cached processes
06-10 22:22:45.364  3742  3760 D EGL_emulation: app_time_stats: avg=199.69ms min=198.68ms max=200.45ms count=6
06-10 22:22:46.414  3742  3760 D EGL_emulation: app_time_stats: avg=209.98ms min=197.28ms max=226.62ms count=5
06-10 22:22:46.790   567   739 I HalDevMgr: bestIfaceCreationProposal is null, requestIface=STA, existingIface=[name=wlan0 type=STA]
06-10 22:22:47.437  3742  3760 D EGL_emulation: app_time_stats: avg=204.26ms min=47.91ms max=335.05ms count=5
06-10 22:22:47.780   183  4061 I keystore2: system/security/keystore2/watchdog/src/lib.rs:319 - Watchdog thread idle -> terminating. Have a great day.
06-10 22:22:47.940   567   691 D ActivityManager: freezing 3285 com.google.android.apps.photos
06-10 22:22:47.944   567   745 D InetDiagMessage: Destroyed 0 sockets, proto=IPPROTO_TCP, family=AF_INET, states=14
06-10 22:22:47.944   567   745 D InetDiagMessage: Destroyed 0 sockets, proto=IPPROTO_TCP, family=AF_INET6, states=14
06-10 22:22:47.944   567   745 D InetDiagMessage: Destroyed live tcp sockets for uids={10157} in 1ms
06-10 22:22:48.362  3742  3760 D EGL_emulation: app_time_stats: avg=5053.63ms min=5053.63ms max=5053.63ms count=1
06-10 22:22:48.633  3742  3760 D EGL_emulation: app_time_stats: avg=170.84ms min=75.53ms max=219.40ms count=7
06-10 22:22:49.633  3742  3760 D EGL_emulation: app_time_stats: avg=200.09ms min=199.21ms max=201.06ms count=5
06-10 22:22:49.822   567   739 I HalDevMgr: bestIfaceCreationProposal is null, requestIface=STA, existingIface=[name=wlan0 type=STA]
06-10 22:22:50.849  3742  3760 D EGL_emulation: app_time_stats: avg=202.55ms min=198.72ms max=216.94ms count=6
06-10 22:22:51.849  3742  3760 D EGL_emulation: app_time_stats: avg=199.99ms min=163.92ms max=237.43ms count=5
06-10 22:22:52.829   567   739 I HalDevMgr: bestIfaceCreationProposal is null, requestIface=STA, existingIface=[name=wlan0 type=STA]
06-10 22:22:52.866  3742  3760 D EGL_emulation: app_time_stats: avg=203.42ms min=196.41ms max=220.82ms count=5
06-10 22:22:53.339  3742  3760 D EGL_emulation: app_time_stats: avg=4977.07ms min=4977.07ms max=4977.07ms count=1
06-10 22:22:54.065  3742  3760 D EGL_emulation: app_time_stats: avg=171.23ms min=71.62ms max=200.14ms count=7
06-10 22:22:55.083  3742  3760 D EGL_emulation: app_time_stats: avg=203.53ms min=197.12ms max=218.13ms count=5
06-10 22:22:55.836   567   739 I HalDevMgr: bestIfaceCreationProposal is null, requestIface=STA, existingIface=[name=wlan0 type=STA]
06-10 22:22:56.099  3742  3760 D EGL_emulation: app_time_stats: avg=203.26ms min=198.74ms max=217.33ms count=5
06-10 22:22:57.298  3742  3760 D EGL_emulation: app_time_stats: avg=199.88ms min=198.43ms max=200.63ms count=6
06-10 22:22:58.315  3742  3760 D EGL_emulation: app_time_stats: avg=203.30ms min=199.27ms max=216.66ms count=5
06-10 22:22:58.601  3742  3742 W WindowOnBackDispatcher: sendCancelIfRunning: isInProgress=false callback=android.view.ViewRootImpl$$ExternalSyntheticLambda11@6c7deb8
06-10 22:22:58.606   567   902 D CoreBackPreview: Window{8fb9a8a u0 com.worksoc.goaicoach/com.worksoc.goaicoach.MainActivity}: Setting back callback null
06-10 22:22:58.620   567  2084 W InputManager-JNI: Input channel object '8fb9a8a com.worksoc.goaicoach/com.worksoc.goaicoach.MainActivity (client)' was disposed without first being removed with the input manager!
06-10 22:22:58.632   567   618 V WindowManager: Unknown focus tokens, dropping reportFocusChanged
06-10 22:22:58.635  3742  3742 W WindowOnBackDispatcher: OnBackInvokedCallback is not enabled for the application.
06-10 22:22:58.635  3742  3742 W WindowOnBackDispatcher: Set 'android:enableOnBackInvokedCallback="true"' in the application manifest.
06-10 22:22:58.672   567  2084 D CoreBackPreview: Window{8636583 u0 com.worksoc.goaicoach/com.worksoc.goaicoach.MainActivity}: Setting back callback OnBackInvokedCallbackInfo{mCallback=android.window.IOnBackInvokedCallback$Stub$Proxy@67201fb, mPriority=0, mIsAnimationCallback=false}
06-10 22:22:58.764   567   710 I ImeTracker: com.worksoc.goaicoach:c6508962: onRequestHide at ORIGIN_SERVER reason HIDE_UNSPECIFIED_WINDOW fromUser false
06-10 22:22:58.769   567   710 I ImeTracker: com.worksoc.goaicoach:c6508962: onCancelled at PHASE_SERVER_SHOULD_HIDE
06-10 22:22:58.776  1127  1647 D EGL_emulation: app_time_stats: avg=11658.04ms min=14.18ms max=81512.16ms count=7
06-10 22:22:58.794  1404  1404 I GoogleInputMethodService: GoogleInputMethodService.onFinishInput():2099 
06-10 22:22:58.820  1404  1404 I Module  : DeviceLockedStatusModuleProvider$Module.updateDeviceLockedStatus():103 repeatCheckTimes = 0, locked = false
06-10 22:22:58.826  1404  1404 I GoogleInputMethodService: GoogleInputMethodService.onStartInput():1371 onStartInput(EditorInfo{EditorInfo{packageName=com.worksoc.goaicoach, inputType=0, inputTypeString=NULL, enableLearning=false, autoCorrection=false, autoComplete=false, imeOptions=0, privateImeOptions=null, actionName=UNSPECIFIED, actionLabel=null, initialSelStart=-1, initialSelEnd=-1, initialCapsMode=0, label=null, fieldId=0, fieldName=null, extras=null, hintText=null, hintLocales=[]}}, false)
06-10 22:22:58.838  1404  1404 I Module  : DeviceLockedStatusModuleProvider$Module.updateDeviceLockedStatus():103 repeatCheckTimes = 1, locked = false
06-10 22:22:58.842   567   739 I HalDevMgr: bestIfaceCreationProposal is null, requestIface=STA, existingIface=[name=wlan0 type=STA]
06-10 22:22:58.847   567  2084 W PackageConfigPersister: App-specific configuration not found for packageName: com.worksoc.goaicoach and userId: 0
06-10 22:23:00.069  1533  1732 I AiAiEcho: Predicting[0]:  [CONTEXT sampling_count=5 ]
06-10 22:23:00.070  1533  1732 I AiAiEcho: EchoTargets: 
06-10 22:23:00.070  1533  1732 I AiAiEcho: Filtered by AiAi flag check: 
06-10 22:23:00.070  1533  1732 I AiAiEcho: [CONTEXT ratelimit_period="10 SECONDS" ]
06-10 22:23:00.070  1533  1732 I AiAiEcho: Ranked targets strategy: SORT, count: 0, ranking metadata:  [CONTEXT ratelimit_period="10 SECONDS" ]
06-10 22:23:00.072   838  1012 D EGL_emulation: app_time_stats: avg=40422.18ms min=40422.18ms max=40422.18ms count=1
06-10 22:23:00.076  1533  1732 I AiAiEcho: #remoteViewsTwiddler: feature disabled.
06-10 22:23:00.076  1533  1732 I AiAiEcho: Predicting[0]:  [CONTEXT sampling_count=5 ]
06-10 22:23:00.076  1533  1732 I AiAiEcho: EchoTargets: 
06-10 22:23:00.076  1533  1732 I AiAiEcho: Filtered by AiAi flag check: 
06-10 22:23:00.076  1533  1732 I AiAiEcho: [CONTEXT ratelimit_period="10 SECONDS" ]
06-10 22:23:00.077  1533  1732 I AiAiEcho: Ranked targets strategy: SORT, count: 0, ranking metadata:  [CONTEXT ratelimit_period="10 SECONDS" ]
06-10 22:23:00.077  1533  1732 I AiAiEcho: #remoteViewsTwiddler: feature disabled.
06-10 22:23:00.084  1533  1732 I AiAiEcho: #postPredictionTargets: Sending updates to UISurface lockscreen with targets# 0 (types=[])
06-10 22:23:00.084  1533  1732 I AiAiEcho: #postPredictionTargets: Sending updates to UISurface home with targets# 0 (types=[])
06-10 22:23:00.088   838   838 W PageIndicator: Total number of pages invalid: 0. Assuming 1 page.
06-10 22:23:00.090  1127  1127 D SsBaseTemplateCard: No text view can be set up
06-10 22:23:00.090  1127  1127 D SsBaseTemplateCard: Passed-in item info is null
06-10 22:23:00.090  1127  1127 D SsBaseTemplateCard: Passed-in item info is null
06-10 22:23:00.090  1127  1127 D SsBaseTemplateCard: Passed-in item info is null
06-10 22:23:00.090  1127  1127 I SsBaseTemplateCard: Secondary card pane is null
06-10 22:23:01.856   567   739 I HalDevMgr: bestIfaceCreationProposal is null, requestIface=STA, existingIface=[name=wlan0 type=STA]
06-10 22:23:01.908   449   464 D installd: Device /data has 264339456 free; requested 622811544; needed 358472088
06-10 22:23:01.909   449   464 W installd: Failed to find storage mount for /data/media
06-10 22:23:02.053   449   464 D installd: Active ratio 4764 isn't over quota, and defy not requested
06-10 22:23:02.053   449   464 E installd: Failed to free up 622811544 on /data; final free space 264339456: Success
06-10 22:23:02.058   567   754 W PackageManager: Not removing package com.google.android.trichromelibrary hosting lib com.google.android.trichromelibrary version 755913233 used by [VersionedPackage[com.android.chrome/755913233]] for user 0
06-10 22:23:02.061   449   464 D installd: Device /data has 264339456 free; requested 622811544; needed 358472088
06-10 22:23:02.062   449   464 W installd: Failed to find storage mount for /data/media
06-10 22:23:02.207   449   464 E installd: Failed to free up 622811544 on /data; final free space 264339456: Success
06-10 22:23:02.214  1510  1798 I ExternalStorageServiceImpl: Free cache requested for 358472088 bytes
06-10 22:23:02.221   567   754 W DeviceStorageMonitorService: java.io.IOException: Failed to free 622811544 on storage device at /data
06-10 22:23:02.221   567   754 W DeviceStorageMonitorService: 	at com.android.server.pm.FreeStorageHelper.freeStorage(FreeStorageHelper.java:182)
06-10 22:23:02.221   567   754 W DeviceStorageMonitorService: 	at com.android.server.pm.PackageManagerService.freeStorage(PackageManagerService.java:2922)
06-10 22:23:02.221   567   754 W DeviceStorageMonitorService: 	at com.android.server.pm.PackageManagerInternalBase.freeStorage(PackageManagerInternalBase.java:571)
06-10 22:23:02.221   567   754 W DeviceStorageMonitorService: 	at com.android.server.storage.DeviceStorageMonitorService.checkLow(DeviceStorageMonitorService.java:194)
06-10 22:23:02.221   567   754 W DeviceStorageMonitorService: 	at com.android.server.storage.DeviceStorageMonitorService.-$$Nest$mcheckLow(DeviceStorageMonitorService.java:0)
06-10 22:23:02.221   567   754 W DeviceStorageMonitorService: 	at com.android.server.storage.DeviceStorageMonitorService$1.handleMessage(DeviceStorageMonitorService.java:297)
06-10 22:23:02.221   567   754 W DeviceStorageMonitorService: 	at android.os.Handler.dispatchMessage(Handler.java:107)
06-10 22:23:02.221   567   754 W DeviceStorageMonitorService: 	at android.os.Looper.loopOnce(Looper.java:232)
06-10 22:23:02.221   567   754 W DeviceStorageMonitorService: 	at android.os.Looper.loop(Looper.java:317)
06-10 22:23:02.221   567   754 W DeviceStorageMonitorService: 	at android.os.HandlerThread.run(HandlerThread.java:85)
06-10 22:23:04.861   567   739 I HalDevMgr: bestIfaceCreationProposal is null, requestIface=STA, existingIface=[name=wlan0 type=STA]
06-10 22:23:07.870   567   739 I HalDevMgr: bestIfaceCreationProposal is null, requestIface=STA, existingIface=[name=wlan0 type=STA]
06-10 22:23:10.883   567   739 I HalDevMgr: bestIfaceCreationProposal is null, requestIface=STA, existingIface=[name=wlan0 type=STA]
06-10 22:23:12.525   567   625 D OomAdjuster: Not killing cached processes
06-10 22:23:12.597  1059  3943 I NetworkScheduler.Stats: (REDACTED) Task %s/%s started execution. cause:%s exec_start_elapsed_seconds: %s
06-10 22:23:12.599  1059  4104 I TapAndPay: deviceSupportsHce has detected emulator [CONTEXT service_id=79 ]
06-10 22:23:12.609  1059  4104 I TapAndPay: NfcAdapter is null while obtaining CardEmulation instance. [CONTEXT service_id=79 ]
06-10 22:23:12.621  1059  3943 I NetworkScheduler.Stats: (REDACTED) Task %s/%s finished executing. cause:%s result: %s elapsed_millis: %s uptime_millis: %s exec_start_elapsed_seconds: %s
06-10 22:23:13.898   567   739 I HalDevMgr: bestIfaceCreationProposal is null, requestIface=STA, existingIface=[name=wlan0 type=STA]
06-10 22:23:16.907   567   739 I HalDevMgr: bestIfaceCreationProposal is null, requestIface=STA, existingIface=[name=wlan0 type=STA]
06-10 22:23:19.579   567  1756 D OomAdjuster: Not killing cached processes
06-10 22:23:19.920   567   739 I HalDevMgr: bestIfaceCreationProposal is null, requestIface=STA, existingIface=[name=wlan0 type=STA]
06-10 22:23:19.936   567   745 W IPCThreadState: Sending oneway calls to frozen process.
06-10 22:23:19.936   567   745 W IPCThreadState: Sending oneway calls to frozen process.
06-10 22:23:19.936   567   745 W IPCThreadState: Sending oneway calls to frozen process.
06-10 22:23:19.968  1059  2461 I NullBinder: NullBinder for android.net.action.RECOMMEND_NETWORKS triggering remote TransactionTooLargeException due to Service without Chimera impl, calling uid: 1000, calling pid: 0
06-10 22:23:19.968  1059  2461 W .gms.persistent: Large reply transaction of 1056768 bytes, interface descriptor , code 1
06-10 22:23:19.973  1590  2517 I BugleRcsEngine: handleMessage processing message:[NOTIFY_UPTIME_IGNORE_STATE_CHANGED] with [non-null]:RcsEngineImpl reference [CONTEXT log_prefix="RcsEngineImpl[DUAL_REG]:[40be24d5-8cc0]>Handler" thread_id=68 ]
06-10 22:23:19.977  1590  2126 I BugleRcsEngine: Connected state: [1], networkType: [WIFI] [CONTEXT thread_id=59 ]
06-10 22:23:19.980   916  1060 D IpClient/wlan0: interfaceLinkStateChanged: ifindex 16 up
06-10 22:23:19.986   916  1060 D IpClient/wlan0: interfaceLinkStateChanged: ifindex 16 up
06-10 22:23:19.990  1059  1059 I MagicTether: (REDACTED) [ActiveNetworkTracker] setActiveNetwork: %s
06-10 22:23:19.991  1059  1059 I MagicTether: (REDACTED) [TetherService] onActiveNetworkChanged: network=%s isLost=%s
06-10 22:23:19.996  1059  4104 I MagicTether: [WifiConnectionHandler] Ignoring getWifiConfigurationByNetworkId when checking connected state [CONTEXT service_id=276 ]
06-10 22:23:20.004  1059  4104 I MagicTether: [WifiConnectionHandler] No networkId set, can't be connected. [CONTEXT service_id=276 ]
06-10 22:23:20.004  1059  4104 I MagicTether: (REDACTED) [TetherService] TRANSPORT_CELLULAR [%s], TRANSPORT_ETHERNET [%s], TRANSPORT_WIFI [%s]
06-10 22:23:20.005  1059  4104 I MagicTether: (REDACTED) [TetherService] setRoles hasActiveNetworkConnection=%s canActiveNetworkBeTethered=%s isConnectedToInstantTether=%s isWifiEnabled=%s isHosting=%s
06-10 22:23:20.030  1059  1059 I MagicTether: (REDACTED) [LaunchUtils] Instant Wifi for status account: name: %s | type: %s | isLaunched: %s
06-10 22:23:20.030  1059  1059 I MagicTether: (REDACTED) [TidepoolFeatureStatusManager] isInstantHotspotEnabled=%s
06-10 22:23:20.030  1059  1059 I MagicTether: (REDACTED) [TidepoolFeatureStatusManager] isInstantWifiEnabled=%s
06-10 22:23:20.030  1059  1059 I MagicTether: (REDACTED) [TetherService] startNearbyHostRole: start: %s isInstantHotspotEnabled: %s isInstantWifiEnabled: %s
06-10 22:23:20.030  1059  1059 I MagicTether: [HostTetherRole] Nearby host role already stopped [CONTEXT service_id=276 ]
06-10 22:23:20.031  1059  1059 I MagicTether: (REDACTED) [LaunchUtils] Instant Wifi for status account: name: %s | type: %s | isLaunched: %s
06-10 22:23:20.031  1059  1059 I MagicTether: (REDACTED) [TidepoolFeatureStatusManager] isInstantHotspotEnabled=%s
06-10 22:23:20.031  1059  1059 I MagicTether: (REDACTED) [TidepoolFeatureStatusManager] isInstantWifiEnabled=%s
06-10 22:23:20.031  1059  1059 I MagicTether: (REDACTED) [TetherService] startNearbyClientRole: start: %s isInstantHotspotEnabled: %s isInstantWifiEnabled: %s
06-10 22:23:20.031  1059  1059 I MagicTether: [TetherService] Stopping Nearby client role [CONTEXT service_id=276 ]
06-10 22:23:20.031  1059  1059 I MagicTether: [ClientTetherRole] Client role already stopped [CONTEXT service_id=276 ]
06-10 22:23:20.040  1059  1059 I MagicTether: (REDACTED) [NotificationPresenter] cancelNotification: %d
06-10 22:23:20.047  1059  1059 I MagicTether: [AutoDisconnectIntentOperation] Canceling task. [CONTEXT service_id=276 ]
06-10 22:23:20.059  1059  4106 I MagicTether: [AutoDisconnectIntentOperation] Canceling task. [CONTEXT service_id=276 ]
06-10 22:23:20.059  1059  4106 I MagicTether: (REDACTED) [NotificationPresenter] cancelNotification: %d
06-10 22:23:20.061  1059  4108 I MagicTether: [AutoDisconnectIntentOperation] Canceling task. [CONTEXT service_id=276 ]
06-10 22:23:20.061  1059  4108 I MagicTether: (REDACTED) [NotificationPresenter] cancelNotification: %d
06-10 22:23:20.577  1059  4046 I NetworkScheduler.Stats: (REDACTED) Task %s/%s started execution. cause:%s exec_start_elapsed_seconds: %s
06-10 22:23:20.588  1059  4104 I NetworkScheduler.Stats: (REDACTED) Task %s/%s finished executing. cause:%s result: %s elapsed_millis: %s uptime_millis: %s exec_start_elapsed_seconds: %s
06-10 22:23:21.052  1059  1059 D BoundBrokerSvc: onRebind: Intent { act=com.google.android.gms.libs.gmscorelogger.service.START dat=chimera-action:/... cmp=com.google.android.gms/.chimera.PersistentDirectBootAwareApiService }
06-10 22:23:21.523  3742  3742 W WindowOnBackDispatcher: sendCancelIfRunning: isInProgress=false callback=android.view.ViewRootImpl$$ExternalSyntheticLambda11@a291c99
06-10 22:23:21.524   567   902 D CoreBackPreview: Window{8636583 u0 com.worksoc.goaicoach/com.worksoc.goaicoach.MainActivity}: Setting back callback null
06-10 22:23:21.527  3742  3760 D HWUI    : endAllActiveAnimators on 0xb4000079c3a15260 (UnprojectedRipple) with handle 0xb4000079f3a27b40
06-10 22:23:21.528   567   902 W InputManager-JNI: Input channel object '8636583 com.worksoc.goaicoach/com.worksoc.goaicoach.MainActivity (client)' was disposed without first being removed with the input manager!
