06-10 22:22:01.582   449   464 D installd: Purging /data/user_de/0/com.android.emergency/cache/oat_primary/arm64/EmergencyInfo.art size=28672 mod=1781097686 from UID=10168 used=77824 quota=62281155 ratio=12
06-10 22:22:01.583   449   464 D installd: Purging /data/data/com.google.android.rkpdapp/cache/data/user/0/com.google.android.rkpdapp/no_backup size=8192 mod=1781097717 from UID=10176 used=77824 quota=62281155 ratio=12
06-10 22:22:01.583   449   464 D installd: Purging /data/data/com.google.android.rkpdapp/cache/data/user/0/com.google.android.rkpdapp size=8192 mod=1781097717 from UID=10176 used=69632 quota=62281155 ratio=11
06-10 22:22:01.585   449   464 D installd: Purging /data/user_de/0/com.google.android.packageinstaller/cache/oat_primary/arm64/GooglePackageInstaller.art size=24576 mod=1781097684 from UID=10095 used=73728 quota=62281155 ratio=11
06-10 22:22:01.587   449   464 D installd: Purging /data/data/com.android.traceur/cache/oat_primary/arm64/Traceur.art size=24576 mod=1781097686 from UID=10120 used=73728 quota=62281155 ratio=11
06-10 22:22:01.588   449   464 D installd: Purging /data/data/com.android.providers.calendar/cache/oat_primary/arm64/CalendarProvider.art size=20480 mod=1781097681 from UID=10086 used=69632 quota=62281155 ratio=11
06-10 22:22:01.588   449   464 D installd: Purging /data/data/com.android.vending/cache/logs size=8192 mod=1781097690 from UID=10133 used=73728 quota=62281155 ratio=11
06-10 22:22:01.589   449   464 D installd: Purging /data/data/com.google.android.googlequicksearchbox/cache/data/user/0/com.google.android.googlequicksearchbox size=8192 mod=1781097710 from UID=10137 used=69632 quota=62281155 ratio=11
06-10 22:22:01.589   449   464 D installd: Purging /data/user_de/0/com.android.shell/cache/oat_primary/arm64/Shell.art size=16384 mod=1781097682 from UID=2000 used=65536 quota=62281155 ratio=10
06-10 22:22:01.589   449   464 D installd: Purging /data/data/com.android.vending/cache/streamdatastore/streamdatastore.db-journal size=4096 mod=1781097717 from UID=10133 used=65536 quota=62281155 ratio=10
06-10 22:22:01.589   449   464 D installd: Purging /data/data/com.android.vending/cache/streamdatastore/streamdatastore.db size=155648 mod=1781097717 from UID=10133 used=61440 quota=62281155 ratio=9
06-10 22:22:01.590   449   464 D installd: Purging /data/data/com.android.externalstorage/cache/oat_primary/arm64/ExternalStorageProvider.art size=12288 mod=1781097685 from UID=10091 used=61440 quota=62281155 ratio=9
06-10 22:22:01.590   449   464 D installd: Purging /data/data/com.google.android.rkpdapp/cache/data/user/0 size=8192 mod=1781097717 from UID=10176 used=61440 quota=62281155 ratio=9
06-10 22:22:01.590   449   464 D installd: Purging /data/data/com.google.android.googlequicksearchbox/cache/data/user/0 size=8192 mod=1781097710 from UID=10137 used=61440 quota=62281155 ratio=9
06-10 22:22:01.590   449   464 D installd: Purging /data/data/com.google.android.googlequicksearchbox/cache/data/user size=8192 mod=1781097710 from UID=10137 used=53248 quota=62281155 ratio=8
06-10 22:22:01.590   449   464 D installd: Purging /data/data/com.google.android.apps.messaging/cache/oat_primary/arm64 size=8192 mod=1781097679 from UID=10134 used=53248 quota=62281155 ratio=8
06-10 22:22:01.591   449   464 D installd: Purging /data/data/com.google.android.rkpdapp/cache/data/user size=8192 mod=1781097717 from UID=10176 used=53248 quota=62281155 ratio=8
06-10 22:22:01.591   449   464 D installd: Purging /data/data/com.google.android.rkpdapp/cache/rkpd_database.lck size=4096 mod=1781097717 from UID=10176 used=45056 quota=62281155 ratio=7
06-10 22:22:01.591   449   464 D installd: Purging /data/data/com.google.android.marvin.talkback/cache/oat_primary/arm64 size=8192 mod=1781097686 from UID=10159 used=49152 quota=62281155 ratio=7
06-10 22:22:01.591   449   464 D installd: Purging /data/user_de/0/com.android.emergency/cache/oat_primary/arm64 size=8192 mod=1781097686 from UID=10168 used=49152 quota=62281155 ratio=7
06-10 22:22:01.591   449   464 D installd: Purging /data/user_de/0/com.google.android.packageinstaller/cache/oat_primary/arm64 size=8192 mod=1781097684 from UID=10095 used=49152 quota=62281155 ratio=7
06-10 22:22:01.591   449   464 D installd: Purging /data/data/com.google.android.apps.messaging/cache/oat_primary size=8192 mod=1781097679 from UID=10134 used=45056 quota=62281155 ratio=7
06-10 22:22:01.591   449   464 D installd: Purging /data/data/com.android.traceur/cache/oat_primary/arm64 size=8192 mod=1781097686 from UID=10120 used=49152 quota=62281155 ratio=7
06-10 22:22:01.591   449   464 D installd: Purging /data/data/com.android.externalstorage/cache/oat_primary/arm64 size=8192 mod=1781097685 from UID=10091 used=49152 quota=62281155 ratio=7
06-10 22:22:01.591   449   464 D installd: Purging /data/data/com.google.android.configupdater/cache/oat_primary/arm64 size=8192 mod=1781097682 from UID=10121 used=49152 quota=62281155 ratio=7
06-10 22:22:01.591   449   464 D installd: Purging /data/data/com.google.android.googlequicksearchbox/cache/data size=8192 mod=1781097710 from UID=10137 used=45056 quota=62281155 ratio=7
06-10 22:22:01.591   449   464 D installd: Purging /data/user_de/0/com.android.shell/cache/oat_primary/arm64 size=8192 mod=1781097682 from UID=2000 used=49152 quota=62281155 ratio=7
06-10 22:22:01.591   449   464 D installd: Purging /data/data/com.google.android.partnersetup/cache/oat_primary/arm64 size=8192 mod=1781097684 from UID=10130 used=49152 quota=62281155 ratio=7
06-10 22:22:01.591   449   464 D installd: Purging /data/data/com.google.android.apps.restore/cache/oat_primary/arm64 size=8192 mod=1781097682 from UID=10128 used=49152 quota=62281155 ratio=7
06-10 22:22:01.591   449   464 D installd: Purging /data/data/com.android.managedprovisioning/cache/oat_primary/arm64 size=8192 mod=1781097681 from UID=10098 used=49152 quota=62281155 ratio=7
06-10 22:22:01.591   449   464 D installd: Purging /data/data/com.google.android.settings.intelligence/cache/oat_primary/arm64 size=8192 mod=1781097684 from UID=10132 used=49152 quota=62281155 ratio=7
06-10 22:22:01.591   449   464 D installd: Purging /data/data/com.google.android.apps.photos/cache/oat_primary/arm64 size=8192 mod=1781097685 from UID=10157 used=49152 quota=62281155 ratio=7
06-10 22:22:01.591   449   464 D installd: Purging /data/data/com.google.android.deskclock/cache/oat_primary/arm64 size=8192 mod=1781097682 from UID=10152 used=49152 quota=62281155 ratio=7
06-10 22:22:01.591   449   464 D installd: Purging /data/data/com.android.providers.calendar/cache/oat_primary/arm64 size=8192 mod=1781097681 from UID=10086 used=49152 quota=62281155 ratio=7
06-10 22:22:01.591   449   464 D installd: Purging /data/data/com.android.providers.calendar/cache/oat_primary size=8192 mod=1781097681 from UID=10086 used=40960 quota=62281155 ratio=6
06-10 22:22:01.591   449   464 D installd: Purging /data/data/com.google.android.rkpdapp/cache/data size=8192 mod=1781097717 from UID=10176 used=40960 quota=62281155 ratio=6
06-10 22:22:01.591   449   464 D installd: Purging /data/data/com.google.android.marvin.talkback/cache/oat_primary size=8192 mod=1781097686 from UID=10159 used=40960 quota=62281155 ratio=6
06-10 22:22:01.591   449   464 D installd: Purging /data/user_de/0/com.android.emergency/cache/oat_primary size=8192 mod=1781097686 from UID=10168 used=40960 quota=62281155 ratio=6
06-10 22:22:01.591   449   464 D installd: Purging /data/data/com.google.android.deskclock/cache/oat_primary size=8192 mod=1781097682 from UID=10152 used=40960 quota=62281155 ratio=6
06-10 22:22:01.591   449   464 D installd: Purging /data/user_de/0/com.google.android.packageinstaller/cache/oat_primary size=8192 mod=1781097684 from UID=10095 used=40960 quota=62281155 ratio=6
06-10 22:22:01.591   449   464 D installd: Purging /data/data/com.android.traceur/cache/oat_primary size=8192 mod=1781097686 from UID=10120 used=40960 quota=62281155 ratio=6
06-10 22:22:01.591   449   464 D installd: Purging /data/data/com.android.externalstorage/cache/oat_primary size=8192 mod=1781097685 from UID=10091 used=40960 quota=62281155 ratio=6
06-10 22:22:01.591   449   464 D installd: Purging /data/user_de/0/com.android.shell/cache/oat_primary size=8192 mod=1781097682 from UID=2000 used=40960 quota=62281155 ratio=6
06-10 22:22:01.591   449   464 D installd: Purging /data/data/com.android.managedprovisioning/cache/oat_primary size=8192 mod=1781097681 from UID=10098 used=40960 quota=62281155 ratio=6
06-10 22:22:01.591   449   464 D installd: Purging /data/data/com.google.android.apps.photos/cache/oat_primary size=8192 mod=1781097685 from UID=10157 used=40960 quota=62281155 ratio=6
06-10 22:22:01.591   449   464 D installd: Purging /data/data/com.google.android.configupdater/cache/oat_primary size=8192 mod=1781097682 from UID=10121 used=40960 quota=62281155 ratio=6
06-10 22:22:01.591   449   464 D installd: Purging /data/data/com.google.android.partnersetup/cache/oat_primary size=8192 mod=1781097684 from UID=10130 used=40960 quota=62281155 ratio=6
06-10 22:22:01.591   449   464 D installd: Purging /data/data/com.google.android.apps.restore/cache/oat_primary size=8192 mod=1781097682 from UID=10128 used=40960 quota=62281155 ratio=6
06-10 22:22:01.591   449   464 D installd: Purging /data/data/com.google.android.settings.intelligence/cache/oat_primary size=8192 mod=1781097684 from UID=10132 used=40960 quota=62281155 ratio=6
06-10 22:22:01.652   567  2084 W BatteryExternalStatsWorker: error reading Bluetooth stats: 11
06-10 22:22:01.697   449   464 D installd: Purging /data/data/com.google.android.apps.messaging/cache/gnp_fcm_database.lck size=4096 mod=1781097690 from UID=10134 used=36864 quota=62281155 ratio=5
06-10 22:22:01.765   449   464 D installd: Purging /data/data/com.android.vending/cache/streamdatastore size=8192 mod=1781097717 from UID=10133 used=-94208 quota=62281155 ratio=-15
06-10 22:22:01.765   449   464 E installd: Failed to free up 622811544 on /data; final free space 263221248: Success
06-10 22:22:01.778  1510  1798 I ExternalStorageServiceImpl: Free cache requested for 359590296 bytes
06-10 22:22:01.790   567   754 W DeviceStorageMonitorService: java.io.IOException: Failed to free 622811544 on storage device at /data
06-10 22:22:01.790   567   754 W DeviceStorageMonitorService: 	at com.android.server.pm.FreeStorageHelper.freeStorage(FreeStorageHelper.java:182)
06-10 22:22:01.790   567   754 W DeviceStorageMonitorService: 	at com.android.server.pm.PackageManagerService.freeStorage(PackageManagerService.java:2922)
06-10 22:22:01.790   567   754 W DeviceStorageMonitorService: 	at com.android.server.pm.PackageManagerInternalBase.freeStorage(PackageManagerInternalBase.java:571)
06-10 22:22:01.790   567   754 W DeviceStorageMonitorService: 	at com.android.server.storage.DeviceStorageMonitorService.checkLow(DeviceStorageMonitorService.java:194)
06-10 22:22:01.790   567   754 W DeviceStorageMonitorService: 	at com.android.server.storage.DeviceStorageMonitorService.-$$Nest$mcheckLow(DeviceStorageMonitorService.java:0)
06-10 22:22:01.790   567   754 W DeviceStorageMonitorService: 	at com.android.server.storage.DeviceStorageMonitorService$1.handleMessage(DeviceStorageMonitorService.java:297)
06-10 22:22:01.790   567   754 W DeviceStorageMonitorService: 	at android.os.Handler.dispatchMessage(Handler.java:107)
06-10 22:22:01.790   567   754 W DeviceStorageMonitorService: 	at android.os.Looper.loopOnce(Looper.java:232)
06-10 22:22:01.790   567   754 W DeviceStorageMonitorService: 	at android.os.Looper.loop(Looper.java:317)
06-10 22:22:01.790   567   754 W DeviceStorageMonitorService: 	at android.os.HandlerThread.run(HandlerThread.java:85)
06-10 22:22:01.797   567   754 W PermissionService: getPermissionFlags: Unknown user -1
06-10 22:22:01.797   567   754 W PermissionService: getPermissionFlags: Unknown user -1
06-10 22:22:01.797   567   754 W BroadcastLoopers: Found previously unknown looper Thread[DeviceStorageMonitorService,5,main]
06-10 22:22:01.799   567   625 D ActivityManager: sync unfroze 3285 com.google.android.apps.photos for 3
06-10 22:22:01.966  3742  3760 D EGL_emulation: app_time_stats: avg=169.55ms min=81.85ms max=217.06ms count=6
06-10 22:22:02.020   567   567 D FlashNotifController: requestStartFlashNotification
06-10 22:22:02.020   567   567 I FlashNotifController: startFlashNotification: type=1, tag=android
06-10 22:22:02.020   567   567 D FlashNotifController: Flash notification is disabled
06-10 22:22:02.024   567   567 W NotificationHistory: Attempted to add notif for locked/gone/disabled user 0
06-10 22:22:02.032  1533  1957 W AiAiEcho: LyftNotificationParser Ridesharing ETA not enabled
06-10 22:22:02.033  1533  1957 I AiAiEcho: SmartspaceNotificationPredictor no parser can handle this notification or notification is invalid
06-10 22:22:02.079   567   745 D InetDiagMessage: Destroyed 0 sockets, proto=IPPROTO_TCP, family=AF_INET, states=14
06-10 22:22:02.084   567   745 D InetDiagMessage: Destroyed 0 sockets, proto=IPPROTO_TCP, family=AF_INET6, states=14
06-10 22:22:02.084   567   745 D InetDiagMessage: Destroyed live tcp sockets for uids={10176} in 5ms
06-10 22:22:02.084   567   745 D InetDiagMessage: Destroyed 0 sockets, proto=IPPROTO_TCP, family=AF_INET, states=14
06-10 22:22:02.084   567   691 D ActivityManager: freezing 3853 com.android.settings
06-10 22:22:02.084   567   745 D InetDiagMessage: Destroyed 0 sockets, proto=IPPROTO_TCP, family=AF_INET6, states=14
06-10 22:22:02.084   567   745 D InetDiagMessage: Destroyed live tcp sockets for uids={20176} in 0ms
06-10 22:22:02.098   457  1895 D NuPlayerDriver: NuPlayerDriver(0xb4000077101051d0) created, clientPid(838)
06-10 22:22:02.104   160   160 I hwservicemanager: getTransport: Cannot find entry android.hardware.media.omx@1.0::IOmx/default in either framework or device VINTF manifest.
06-10 22:22:02.104   457  1895 D MediaPlayerService: OMX service is not available
06-10 22:22:02.152   457  3988 D GenericSource: FileSource remote
06-10 22:22:02.196   567   902 I MediaFocusControl: requestAudioFocus() from uid/pid 10174/838 AA=USAGE_NOTIFICATION/CONTENT_TYPE_SONIFICATION clientId=android.media.AudioManager@209ff57 callingPack=com.android.systemui req=3 flags=0x0 sdk=35
06-10 22:22:02.198   567   902 I AS.FadeOutManager: unfadeOutUid() uid:10174
06-10 22:22:02.217   838  1012 D EGL_emulation: app_time_stats: avg=1279.91ms min=384.17ms max=2175.64ms count=2
06-10 22:22:02.700   457  3985 I GenericSource: start
06-10 22:22:02.712   457  3993 D CCodec  : allocate(c2.android.vorbis.decoder)
06-10 22:22:02.713   457  3993 I CCodec  : setting up 'default' as default (vendor) store
06-10 22:22:02.716   838   838 D MediaRouter: onRestoreRoute() : route=RouteInfo{ name=Phone, description=null, status=null, category=RouteCategory{ name=System types=ROUTE_TYPE_LIVE_AUDIO ROUTE_TYPE_LIVE_VIDEO  groupable=false }, supportedTypes=ROUTE_TYPE_LIVE_AUDIO ROUTE_TYPE_LIVE_VIDEO , presentationDisplay=null }
06-10 22:22:02.716   838   838 V MediaRouter: Selecting route: RouteInfo{ name=Phone, description=null, status=null, category=RouteCategory{ name=System types=ROUTE_TYPE_LIVE_AUDIO ROUTE_TYPE_LIVE_VIDEO  groupable=false }, supportedTypes=ROUTE_TYPE_LIVE_AUDIO ROUTE_TYPE_LIVE_VIDEO , presentationDisplay=null }
06-10 22:22:02.741   567   959 D BufferPoolAccessor2.0: bufferpool2 0xb400007a43a6eb98 : 0(0 size) total buffers - 0(0 size) used buffers - 1/7 (recycle/alloc) - 6/18 (fetch/transfer)
06-10 22:22:02.741   838  1216 D BufferPoolAccessor2.0: bufferpool2 0xb400007a43a00978 : 0(0 size) total buffers - 0(0 size) used buffers - 2/7 (recycle/alloc) - 7/36 (fetch/transfer)
06-10 22:22:02.741   838  1216 D BufferPoolAccessor2.0: Destruction - bufferpool2 0xb400007a43a00978 cached: 0/0M, 0/0% in use; allocs: 7, 29% recycled; transfers: 36, 81% unfetched
06-10 22:22:02.741   567   959 D BufferPoolAccessor2.0: Destruction - bufferpool2 0xb400007a43a6eb98 cached: 0/0M, 0/0% in use; allocs: 7, 14% recycled; transfers: 18, 67% unfetched
06-10 22:22:02.741   567  3998 D BufferPoolAccessor2.0: bufferpool2 0xb400007a43a5cf28 : 0(0 size) total buffers - 0(0 size) used buffers - 2/7 (recycle/alloc) - 5/24 (fetch/transfer)
06-10 22:22:02.741   567  3998 D BufferPoolAccessor2.0: Destruction - bufferpool2 0xb400007a43a5cf28 cached: 0/0M, 0/0% in use; allocs: 7, 29% recycled; transfers: 24, 79% unfetched
06-10 22:22:02.741   567   704 D BufferPoolAccessor2.0: bufferpool2 0xb400007a43a5df58 : 0(0 size) total buffers - 0(0 size) used buffers - 1/7 (recycle/alloc) - 6/34 (fetch/transfer)
06-10 22:22:02.741   567   705 D BufferPoolAccessor2.0: bufferpool2 0xb400007a43a70068 : 0(0 size) total buffers - 0(0 size) used buffers - 2/7 (recycle/alloc) - 5/24 (fetch/transfer)
06-10 22:22:02.741   567   705 D BufferPoolAccessor2.0: Destruction - bufferpool2 0xb400007a43a70068 cached: 0/0M, 0/0% in use; allocs: 7, 29% recycled; transfers: 24, 79% unfetched
06-10 22:22:02.741   567   704 D BufferPoolAccessor2.0: Destruction - bufferpool2 0xb400007a43a5df58 cached: 0/0M, 0/0% in use; allocs: 7, 14% recycled; transfers: 34, 82% unfetched
06-10 22:22:02.741   567   959 D BufferPoolAccessor2.0: bufferpool2 0xb400007a43a5f428 : 0(0 size) total buffers - 0(0 size) used buffers - 2/7 (recycle/alloc) - 8/26 (fetch/transfer)
06-10 22:22:02.741   838  1216 D BufferPoolAccessor2.0: bufferpool2 0xb400007a43a065f8 : 0(0 size) total buffers - 0(0 size) used buffers - 1/7 (recycle/alloc) - 6/38 (fetch/transfer)
06-10 22:22:02.741   567  3998 D BufferPoolAccessor2.0: bufferpool2 0xb400007a43a5ffb8 : 0(0 size) total buffers - 0(0 size) used buffers - 2/7 (recycle/alloc) - 8/34 (fetch/transfer)
06-10 22:22:02.741   567  3998 D BufferPoolAccessor2.0: Destruction - bufferpool2 0xb400007a43a5ffb8 cached: 0/0M, 0/0% in use; allocs: 7, 29% recycled; transfers: 34, 76% unfetched
06-10 22:22:02.741   838  1216 D BufferPoolAccessor2.0: Destruction - bufferpool2 0xb400007a43a065f8 cached: 0/0M, 0/0% in use; allocs: 7, 14% recycled; transfers: 38, 84% unfetched
06-10 22:22:02.741   567   959 D BufferPoolAccessor2.0: Destruction - bufferpool2 0xb400007a43a5f428 cached: 0/0M, 0/0% in use; allocs: 7, 29% recycled; transfers: 26, 69% unfetched
06-10 22:22:02.741   838  1216 D BufferPoolAccessor2.0: bufferpool2 0xb400007a43a01e48 : 0(0 size) total buffers - 0(0 size) used buffers - 2/7 (recycle/alloc) - 5/18 (fetch/transfer)
06-10 22:22:02.741   838  1216 D BufferPoolAccessor2.0: Destruction - bufferpool2 0xb400007a43a01e48 cached: 0/0M, 0/0% in use; allocs: 7, 29% recycled; transfers: 18, 72% unfetched
06-10 22:22:02.744   457  3993 I CCodec  : Created component [c2.android.vorbis.decoder]
06-10 22:22:02.745   457  3993 D CCodecConfig: read media type: audio/vorbis
06-10 22:22:02.746   457  3993 D ReflectedParamUpdater: extent() != 1 for single value type: algo.buffers.max-count.values
06-10 22:22:02.746   457  3993 D ReflectedParamUpdater: extent() != 1 for single value type: output.subscribed-indices.values
06-10 22:22:02.746   457  3993 D ReflectedParamUpdater: extent() != 1 for single value type: input.buffers.allocator-ids.values
06-10 22:22:02.747   457  3993 D ReflectedParamUpdater: extent() != 1 for single value type: output.buffers.allocator-ids.values
06-10 22:22:02.747   457  3993 D ReflectedParamUpdater: extent() != 1 for single value type: algo.buffers.allocator-ids.values
06-10 22:22:02.747   457  3993 D ReflectedParamUpdater: extent() != 1 for single value type: output.buffers.pool-ids.values
06-10 22:22:02.747   457  3993 D ReflectedParamUpdater: extent() != 1 for single value type: algo.buffers.pool-ids.values
06-10 22:22:02.749   457  3993 I CCodecConfig: query failed after returning 8 values (BAD_INDEX)
06-10 22:22:02.749   457  3993 D CCodecConfig: c2 config diff is Dict {
06-10 22:22:02.749   457  3993 D CCodecConfig:   c2::u32 coded.bitrate.value = 64000
06-10 22:22:02.749   457  3993 D CCodecConfig:   c2::u32 input.buffers.max-size.value = 32768
06-10 22:22:02.749   457  3993 D CCodecConfig:   c2::u32 input.delay.value = 0
06-10 22:22:02.749   457  3993 D CCodecConfig:   string input.media-type.value = "audio/vorbis"
06-10 22:22:02.749   457  3993 D CCodecConfig:   c2::u32 output.large-frame.max-size = 0
06-10 22:22:02.749   457  3993 D CCodecConfig:   c2::u32 output.large-frame.threshold-size = 0
06-10 22:22:02.749   457  3993 D CCodecConfig:   string output.media-type.value = "audio/raw"
06-10 22:22:02.749   457  3993 D CCodecConfig:   c2::u32 raw.channel-count.value = 1
06-10 22:22:02.749   457  3993 D CCodecConfig:   c2::u32 raw.sample-rate.value = 48000
06-10 22:22:02.749   457  3993 D CCodecConfig: }
06-10 22:22:02.750   457  3993 D CCodec  : [c2.android.vorbis.decoder] buffers are bound to CCodec for this session
06-10 22:22:02.750   457  3993 D CCodecConfig: no c2 equivalents for durationUs
06-10 22:22:02.750   457  3993 D CCodecConfig: no c2 equivalents for csd-1
06-10 22:22:02.750   457  3993 D CCodecConfig: no c2 equivalents for flags
06-10 22:22:02.750   457  3993 D CCodecConfig: c2 config diff is   c2::u32 coded.bitrate.value = 70000
06-10 22:22:02.751   457  3993 W Codec2Client: query -- param skipped: index = 1107298332.
06-10 22:22:02.751   457  3993 D CCodec  : encoding statistics level = 0
06-10 22:22:02.751   457  3993 D CCodec  : setup formats input: AMessage(what = 0x00000000) = {
06-10 22:22:02.751   457  3993 D CCodec  :   int32_t bitrate = 70000
06-10 22:22:02.751   457  3993 D CCodec  :   int32_t channel-count = 1
06-10 22:22:02.751   457  3993 D CCodec  :   int32_t max-input-size = 32768
06-10 22:22:02.751   457  3993 D CCodec  :   string mime = "audio/vorbis"
06-10 22:22:02.751   457  3993 D CCodec  :   int32_t sample-rate = 48000
06-10 22:22:02.751   457  3993 D CCodec  : }
06-10 22:22:02.751   457  3993 D CCodec  : setup formats output: AMessage(what = 0x00000000) = {
06-10 22:22:02.751   457  3993 D CCodec  :   int32_t buffer-batch-max-output-size = 0
06-10 22:22:02.751   457  3993 D CCodec  :   int32_t buffer-batch-threshold-output-size = 0
06-10 22:22:02.751   457  3993 D CCodec  :   int32_t channel-count = 1
06-10 22:22:02.751   457  3993 D CCodec  :   string mime = "audio/raw"
06-10 22:22:02.751   457  3993 D CCodec  :   int32_t sample-rate = 48000
06-10 22:22:02.751   457  3993 D CCodec  :   int32_t channel-mask = 1
06-10 22:22:02.751   457  3993 D CCodec  :   int32_t android._config-pcm-encoding = 2
06-10 22:22:02.751   457  3993 D CCodec  : }
06-10 22:22:02.751   457  3993 I CCodecConfig: query failed after returning 8 values (BAD_INDEX)
06-10 22:22:02.751   457  3993 I MediaCodec: MediaCodec will operate in async mode
06-10 22:22:02.751   457  3992 D MediaCodec: keep callback message for reclaim
06-10 22:22:02.752   457  3993 W Codec2Client: query -- param skipped: index = 1342179345.
06-10 22:22:02.752   457  3993 W Codec2Client: query -- param skipped: index = 2415921170.
06-10 22:22:02.752   457  3993 D C2Store : Using DMABUF Heaps
06-10 22:22:02.753   457  3993 D CCodecBufferChannel: [c2.android.vorbis.decoder#271] Created input block pool with allocatorID 16 => poolID 17 - OK (0)
06-10 22:22:02.755   457  3993 I CCodecBufferChannel: [c2.android.vorbis.decoder#271] Created output block pool with allocatorID 16 => poolID 36 - OK
06-10 22:22:02.755   457  3993 D CCodecBufferChannel: [c2.android.vorbis.decoder#271] Configured output block pool ids 36 => OK
06-10 22:22:02.757   462   876 E Codec2-ComponentInterface: We have a failed config
06-10 22:22:02.757   457  3993 I DMABUFHEAPS: Using DMA-BUF heap named: system
06-10 22:22:02.758   462  3997 D SimpleC2Component: Using output block pool with poolID 36 => got 36 - 0
06-10 22:22:02.770   406   491 D AudioFlinger: Client defaulted notificationFrames to 12512 for frameCount 25024
06-10 22:22:02.786   406   491 D audioserver: logFgsApiBegin: FGS Logger Transaction failed, -129
06-10 22:22:02.892   406   509 D AudioFlinger: mixer(0xb4000079975278e0) throttle end: throttle time(32)
06-10 22:22:02.954  1059  1059 D BoundBrokerSvc: onUnbind: Intent { act=com.google.android.gms.common.telemetry.service.START dat=chimera-action:/... cmp=com.google.android.gms/.chimera.PersistentApiService }
06-10 22:22:03.166  3742  3760 D EGL_emulation: app_time_stats: avg=199.94ms min=198.35ms max=202.20ms count=6
06-10 22:22:03.204   567   745 D InetDiagMessage: Destroyed 0 sockets, proto=IPPROTO_TCP, family=AF_INET, states=14
06-10 22:22:03.205   567   745 D InetDiagMessage: Destroyed 0 sockets, proto=IPPROTO_TCP, family=AF_INET6, states=14
06-10 22:22:03.205   567   745 D InetDiagMessage: Destroyed live tcp sockets for uids={10138} in 1ms
06-10 22:22:03.205   567   745 D InetDiagMessage: Destroyed 0 sockets, proto=IPPROTO_TCP, family=AF_INET, states=14
06-10 22:22:03.205   567   745 D InetDiagMessage: Destroyed 0 sockets, proto=IPPROTO_TCP, family=AF_INET6, states=14
06-10 22:22:03.205   567   745 D InetDiagMessage: Destroyed live tcp sockets for uids={20138} in 0ms
06-10 22:22:03.211   567   745 D InetDiagMessage: Destroyed 0 sockets, proto=IPPROTO_TCP, family=AF_INET, states=14
06-10 22:22:03.211   567   745 D InetDiagMessage: Destroyed 0 sockets, proto=IPPROTO_TCP, family=AF_INET6, states=14
06-10 22:22:03.211   567   745 D InetDiagMessage: Destroyed live tcp sockets for uids={10130} in 0ms
06-10 22:22:03.211   567   745 D InetDiagMessage: Destroyed 0 sockets, proto=IPPROTO_TCP, family=AF_INET, states=14
06-10 22:22:03.211   567   745 D InetDiagMessage: Destroyed 0 sockets, proto=IPPROTO_TCP, family=AF_INET6, states=14
06-10 22:22:03.211   567   745 D InetDiagMessage: Destroyed live tcp sockets for uids={20130} in 0ms
06-10 22:22:04.152   457  3991 D AudioTrack: stop(15): called with 82980 frames delivered
06-10 22:22:04.166  3742  3760 D EGL_emulation: app_time_stats: avg=200.12ms min=198.90ms max=201.25ms count=5
06-10 22:22:04.563   567   739 I HalDevMgr: bestIfaceCreationProposal is null, requestIface=STA, existingIface=[name=wlan0 type=STA]
06-10 22:22:04.566   567   745 W IPCThreadState: Sending oneway calls to frozen process.
06-10 22:22:04.566   567   745 W IPCThreadState: Sending oneway calls to frozen process.
06-10 22:22:04.572  1590  2517 I BugleRcsEngine: handleMessage processing message:[NOTIFY_UPTIME_IGNORE_STATE_CHANGED] with [non-null]:RcsEngineImpl reference [CONTEXT log_prefix="RcsEngineImpl[DUAL_REG]:[40be24d5-8cc0]>Handler" thread_id=68 ]
06-10 22:22:04.572  1590  2126 I BugleRcsEngine: Connected state: [1], networkType: [WIFI] [CONTEXT thread_id=59 ]
06-10 22:22:04.581  1059  1604 I NullBinder: NullBinder for android.net.action.RECOMMEND_NETWORKS triggering remote TransactionTooLargeException due to Service without Chimera impl, calling uid: 1000, calling pid: 0
06-10 22:22:04.581  1059  1604 W .gms.persistent: Large reply transaction of 1056768 bytes, interface descriptor , code 1
06-10 22:22:04.583  1059  1059 I MagicTether: (REDACTED) [ActiveNetworkTracker] setActiveNetwork: %s
06-10 22:22:04.583  1059  1059 I MagicTether: (REDACTED) [TetherService] onActiveNetworkChanged: network=%s isLost=%s
06-10 22:22:04.584  1059  3943 I MagicTether: [WifiConnectionHandler] Ignoring getWifiConfigurationByNetworkId when checking connected state [CONTEXT service_id=276 ]
06-10 22:22:04.584  1059  3943 I MagicTether: [WifiConnectionHandler] No networkId set, can't be connected. [CONTEXT service_id=276 ]
06-10 22:22:04.585  1059  3943 I MagicTether: (REDACTED) [TetherService] TRANSPORT_CELLULAR [%s], TRANSPORT_ETHERNET [%s], TRANSPORT_WIFI [%s]
06-10 22:22:04.585  1059  3943 I MagicTether: (REDACTED) [TetherService] setRoles hasActiveNetworkConnection=%s canActiveNetworkBeTethered=%s isConnectedToInstantTether=%s isWifiEnabled=%s isHosting=%s
06-10 22:22:04.587  3897  3915 D WM-NetworkStateTracker: Network capabilities changed: [ Transports: WIFI Capabilities: NOT_METERED&INTERNET&NOT_RESTRICTED&TRUSTED&NOT_VPN&VALIDATED&NOT_ROAMING&FOREGROUND&NOT_CONGESTED&NOT_SUSPENDED&NOT_VCN_MANAGED&NOT_BANDWIDTH_CONSTRAINED LinkUpBandwidth>=12000Kbps LinkDnBandwidth>=30000Kbps TransportInfo: <SSID: <unknown ssid>, BSSID: 02:00:00:00:00:00, MAC: 02:00:00:00:00:00, IP: /10.0.2.16, Security type: 0, Supplicant state: COMPLETED, Wi-Fi standard: legacy, RSSI: -50, Link speed: 1Mbps, Tx Link speed: 1Mbps, Max Supported Tx Link speed: 11Mbps, Rx Link speed: 2Mbps, Max Supported Rx Link speed: 11Mbps, Frequency: 2447MHz, Net ID: -1, Metered hint: false, score: 100, isUsable: true, CarrierMerged: false, SubscriptionId: -1, IsPrimary: -1, Trusted: true, Restricted: false, Ephemeral: false, OEM paid: false, OEM private: false, OSU AP: false, FQDN: <none>, Provider friendly name: <none>, Requesting package name: <none><none>MLO Information: , Is TID-To-Link negotiation supported by the AP: false, AP MLD Address: <none>, AP MLO Link Id: <none>, AP MLO Affiliated links: <none>, Vendor Data: <none>> SignalStrength: -50 UnderlyingNetworks: Null]
06-10 22:22:04.590  1059  1059 I MagicTether: (REDACTED) [LaunchUtils] Instant Wifi for status account: name: %s | type: %s | isLaunched: %s
06-10 22:22:04.590  1059  1059 I MagicTether: (REDACTED) [TidepoolFeatureStatusManager] isInstantHotspotEnabled=%s
06-10 22:22:04.590  1059  1059 I MagicTether: (REDACTED) [TidepoolFeatureStatusManager] isInstantWifiEnabled=%s
06-10 22:22:04.590  1059  1059 I MagicTether: (REDACTED) [TetherService] startNearbyHostRole: start: %s isInstantHotspotEnabled: %s isInstantWifiEnabled: %s
06-10 22:22:04.590  1059  1059 I MagicTether: [HostTetherRole] Nearby host role already stopped [CONTEXT service_id=276 ]
06-10 22:22:04.591  1059  1059 I MagicTether: (REDACTED) [LaunchUtils] Instant Wifi for status account: name: %s | type: %s | isLaunched: %s
06-10 22:22:04.591  1059  1059 I MagicTether: (REDACTED) [TidepoolFeatureStatusManager] isInstantHotspotEnabled=%s
06-10 22:22:04.591  1059  1059 I MagicTether: (REDACTED) [TidepoolFeatureStatusManager] isInstantWifiEnabled=%s
06-10 22:22:04.591  1059  1059 I MagicTether: (REDACTED) [TetherService] startNearbyClientRole: start: %s isInstantHotspotEnabled: %s isInstantWifiEnabled: %s
06-10 22:22:04.591  1059  1059 I MagicTether: [TetherService] Stopping Nearby client role [CONTEXT service_id=276 ]
06-10 22:22:04.591  1059  1059 I MagicTether: [ClientTetherRole] Client role already stopped [CONTEXT service_id=276 ]
06-10 22:22:04.594  1059  1059 I MagicTether: (REDACTED) [NotificationPresenter] cancelNotification: %d
06-10 22:22:04.595  1059  1059 I MagicTether: [AutoDisconnectIntentOperation] Canceling task. [CONTEXT service_id=276 ]
06-10 22:22:04.598  1059  3877 I MagicTether: [AutoDisconnectIntentOperation] Canceling task. [CONTEXT service_id=276 ]
06-10 22:22:04.598  1059  3877 I MagicTether: (REDACTED) [NotificationPresenter] cancelNotification: %d
06-10 22:22:04.598   567  1756 I MediaFocusControl: abandonAudioFocus() from uid/pid 10174/838 clientId=android.media.AudioManager@209ff57
06-10 22:22:04.599   838  3983 V MediaPlayer: resetDrmState:  mDrmInfo=null mDrmProvisioningThread=null mPrepareDrmInProgress=false mActiveDrmScheme=false
06-10 22:22:04.599   838  3983 V MediaPlayer: cleanDrmObj: mDrmObj=null mDrmSessionId=null
06-10 22:22:04.599   457   906 D NuPlayerDriver: reset(0xb4000077101051d0) at state 6
06-10 22:22:04.600  1059  3877 I MagicTether: [AutoDisconnectIntentOperation] Canceling task. [CONTEXT service_id=276 ]
06-10 22:22:04.600  1059  3877 I MagicTether: (REDACTED) [NotificationPresenter] cancelNotification: %d
06-10 22:22:04.601   457  3993 I hw-BpHwBinder: onLastStrongRef automatically unlinking death recipients
06-10 22:22:04.601   462   968 I hw-BpHwBinder: onLastStrongRef automatically unlinking death recipients
06-10 22:22:04.601   462   968 I hw-BpHwBinder: onLastStrongRef automatically unlinking death recipients
06-10 22:22:04.601   462   968 D BufferPoolAccessor2.0: Destruction - bufferpool2 0xb40000755e165818 cached: 0/0M, 0/0% in use; allocs: 0, 0% recycled; transfers: 0, 0% unfetched
06-10 22:22:04.603   457  3985 D NuPlayerDriver: notifyResetComplete(0xb4000077101051d0)
06-10 22:22:04.603   457   906 W AMessage: failed to post message as target looper for handler 0 is gone.
06-10 22:22:04.660   406   509 D audioserver: logFgsApiEnd: FGS Logger Transaction failed, -129
06-10 22:22:04.671   567  1673 I AppSearchIcing: icing-search-engine.cc:2405: Persisting data to disk with mode 3
06-10 22:22:04.672   406   509 D audioserver: logFgsApiEnd: FGS Logger Transaction failed, -129
06-10 22:22:04.694   567  1673 I AppSearchIcing: icing-search-engine.cc:2418: PersistToDisk completed.
06-10 22:22:04.797  3924  3954 V ClearcutMetricXmitter: Transmission is done.
06-10 22:22:04.797  3924  3954 V ClearcutMetricXmitter: Transmission is done.
06-10 22:22:05.184  3742  3760 D EGL_emulation: app_time_stats: avg=203.45ms min=187.89ms max=215.02ms count=5
06-10 22:22:05.393  3742  3760 D EGL_emulation: app_time_stats: avg=4356.87ms min=4356.87ms max=4356.87ms count=1
06-10 22:22:06.009  1538  2219 I dixx    : (REDACTED) Scheduling(%s) voice interaction service reliability check.
06-10 22:22:06.011  1538  2219 I dixx    : (REDACTED) Scheduling(%s) voice interaction service reliability check.
06-10 22:22:06.011  1538  2219 I dixx    : (REDACTED) Scheduling(%s) voice interaction service reliability check.
06-10 22:22:06.012  1538  2219 I dixx    : (REDACTED) Scheduling(%s) voice interaction service reliability check.
06-10 22:22:06.012  1538  2219 I dixx    : (REDACTED) Scheduling(%s) voice interaction service reliability check.
06-10 22:22:06.012  1538  2219 I dixx    : (REDACTED) Scheduling(%s) voice interaction service reliability check.
06-10 22:22:06.185  3742  3760 D EGL_emulation: app_time_stats: avg=200.35ms min=185.23ms max=214.73ms count=5
06-10 22:22:06.877   567   745 D InetDiagMessage: Destroyed 0 sockets, proto=IPPROTO_TCP, family=AF_INET, states=14
06-10 22:22:06.877   567   745 D InetDiagMessage: Destroyed 0 sockets, proto=IPPROTO_TCP, family=AF_INET6, states=14
06-10 22:22:06.877   567   745 D InetDiagMessage: Destroyed live tcp sockets for uids={10157} in 0ms
06-10 22:22:06.877   567   745 D InetDiagMessage: Destroyed 0 sockets, proto=IPPROTO_TCP, family=AF_INET, states=14
06-10 22:22:06.877   567   745 D InetDiagMessage: Destroyed 0 sockets, proto=IPPROTO_TCP, family=AF_INET6, states=14
06-10 22:22:06.877   567   745 D InetDiagMessage: Destroyed live tcp sockets for uids={20157} in 0ms
06-10 22:22:07.095   567   691 D ActivityManager: freezing 3897 com.google.android.rkpdapp
06-10 22:22:07.096   567   745 D InetDiagMessage: Destroyed 0 sockets, proto=IPPROTO_TCP, family=AF_INET, states=14
06-10 22:22:07.096   567   745 D InetDiagMessage: Destroyed 0 sockets, proto=IPPROTO_TCP, family=AF_INET6, states=14
06-10 22:22:07.096   567   745 D InetDiagMessage: Destroyed live tcp sockets for uids={10176} in 1ms
06-10 22:22:07.156  1835  2174 I Finsky  : [42] Stats for Executor: LightweightExecutor vzk@8c8f321[Running, pool size = 3, active threads = 0, queued tasks = 0, completed tasks = 353]
06-10 22:22:07.247  1835  2174 I Finsky  : [42] Stats for Executor: BlockingExecutor vzk@b8fcea3[Running, pool size = 3, active threads = 0, queued tasks = 0, completed tasks = 83]
06-10 22:22:07.386  3742  3760 D EGL_emulation: app_time_stats: avg=200.16ms min=194.87ms max=203.37ms count=6
06-10 22:22:07.388  1835  2174 I Finsky  : [42] Stats for Executor: bgExecutor vzk@607b6e2[Running, pool size = 4, active threads = 0, queued tasks = 0, completed tasks = 786]
06-10 22:22:07.522   567   682 D OomAdjuster: Not killing cached processes
06-10 22:22:07.522   567   682 D ActivityManager: sync unfroze 3723 com.google.android.configupdater for 6
06-10 22:22:07.528   372  4003 D android.hardware.audio@7.1-impl.ranchu: threadLoop: entering standby, frames: 227392
06-10 22:22:07.537  3723  3732 W d.configupdater: userfaultfd: MOVE ioctl seems unsupported: Connection timed out
06-10 22:22:07.545   567   662 W JobScheduler: Job didn't exist in JobStore: d7ab5cd #u0a121/1 com.google.android.configupdater/.MainJobService
06-10 22:22:07.590   567   739 I HalDevMgr: bestIfaceCreationProposal is null, requestIface=STA, existingIface=[name=wlan0 type=STA]
06-10 22:22:07.594   916  1060 D IpClient/wlan0: interfaceLinkStateChanged: ifindex 16 up
06-10 22:22:07.596   916  1060 D IpClient/wlan0: interfaceLinkStateChanged: ifindex 16 up
06-10 22:22:07.596   916  1060 D IpClient/wlan0: interfaceLinkStateChanged: ifindex 16 up
06-10 22:22:07.607  1538  1557 W hbox:interactor: Missing inline cache for int eysf.a(java.lang.Object)
06-10 22:22:07.624   183  3893 I keystore2: system/security/keystore2/watchdog/src/lib.rs:319 - Watchdog thread idle -> terminating. Have a great day.
06-10 22:22:07.744   567   913 D BufferPoolAccessor2.0: evictor expired: 6, evicted: 0
06-10 22:22:07.745   838  1215 D BufferPoolAccessor2.0: evictor expired: 3, evicted: 0
06-10 22:22:07.771  1510  1510 D WM-DelayedWorkTracker: Scheduling work 5306149d-3862-4e84-9ca4-c440f290a071
06-10 22:22:07.774  1510  1510 D WM-GreedyScheduler: Starting work for 5306149d-3862-4e84-9ca4-c440f290a071
06-10 22:22:07.784  1510  1790 D WM-Processor: Processor: processing WorkGenerationalId(workSpecId=5306149d-3862-4e84-9ca4-c440f290a071, generation=0)
06-10 22:22:07.791  1510  1510 D WM-WorkerWrapper: Starting work for com.android.providers.media.MediaServiceV2
06-10 22:22:07.791  1510  4014 I MediaServiceV2: Work initiated for action [ android.intent.action.MEDIA_MOUNTED ]
06-10 22:22:07.794  1510  4014 I MediaProvider: Volume MediaVolume name: [external_primary] id: [emulated;0] user: [UserHandle{0}] path: [/storage/emulated/0] externallyManaged: [false] mPublicVolume: [false] already attached
06-10 22:22:07.794  1510  4014 I MediaServiceV2: Work ended for action [ android.intent.action.MEDIA_MOUNTED ]
06-10 22:22:07.796  1510  1790 I WM-WorkerWrapper: Worker result SUCCESS for Work [ id=5306149d-3862-4e84-9ca4-c440f290a071, tags={ com.android.providers.media.MediaServiceV2 } ]
06-10 22:22:07.797  1510  1790 I WM-WorkerWrapper: Setting status to enqueued for 9d68a618-809b-49bd-a2f1-293e1699681c
06-10 22:22:07.797  1510  1510 D WM-Processor: Processor 5306149d-3862-4e84-9ca4-c440f290a071 executed; reschedule = false
06-10 22:22:07.799  1446  3923 I GmscoreIpa: Starting mediastore instant index [CONTEXT service_id=255 ]
06-10 22:22:07.803  1510  1797 D WM-GreedyScheduler: Cancelling work ID 5306149d-3862-4e84-9ca4-c440f290a071
06-10 22:22:07.805  1510  1797 D WM-SystemJobScheduler: Scheduling work ID 9d68a618-809b-49bd-a2f1-293e1699681cJob ID 190
06-10 22:22:07.808  1510  1797 D WM-GreedyScheduler: Ignoring {WorkSpec: 5c6bc7e1-22e9-49ab-9b89-df2411ef41f5}. Requires device idle.
06-10 22:22:07.808  1510  1797 D WM-GreedyScheduler: Ignoring {WorkSpec: ae14b989-c053-4328-bf23-257e6f8154b1}. Requires device idle.
06-10 22:22:07.808  1510  1797 D WM-GreedyScheduler: Ignoring {WorkSpec: 0f201edf-20d8-4494-884a-b94adb21b508}. Requires device idle.
06-10 22:22:07.808  1510  1797 D WM-GreedyScheduler: Ignoring {WorkSpec: 2a39ac40-1480-4266-b406-326d556d5dff}. Requires device idle.
06-10 22:22:08.203   567   691 D ActivityManager: freezing 3953 com.android.chrome
06-10 22:22:08.204   567   745 D InetDiagMessage: Destroyed 0 sockets, proto=IPPROTO_TCP, family=AF_INET, states=14
06-10 22:22:08.204   567   745 D InetDiagMessage: Destroyed 0 sockets, proto=IPPROTO_TCP, family=AF_INET6, states=14
06-10 22:22:08.204   567   745 D InetDiagMessage: Destroyed live tcp sockets for uids={10138} in 0ms
06-10 22:22:08.225   567   691 D ActivityManager: freezing 3924 com.google.android.partnersetup
06-10 22:22:08.226   567   745 D InetDiagMessage: Destroyed 0 sockets, proto=IPPROTO_TCP, family=AF_INET, states=14
06-10 22:22:08.226   567   745 D InetDiagMessage: Destroyed 0 sockets, proto=IPPROTO_TCP, family=AF_INET6, states=14
06-10 22:22:08.226   567   745 D InetDiagMessage: Destroyed live tcp sockets for uids={10130} in 1ms
06-10 22:22:08.419  3742  3760 D EGL_emulation: app_time_stats: avg=206.40ms min=194.51ms max=219.48ms count=5
06-10 22:22:09.108   567   691 D ActivityManager: freezing 1835 com.android.vending
06-10 22:22:09.109   567   691 D ActivityManager: freezing 2911 com.android.vending:background
06-10 22:22:09.140   567   745 D InetDiagMessage: Destroyed 0 sockets, proto=IPPROTO_TCP, family=AF_INET, states=14
06-10 22:22:09.140   567   745 D InetDiagMessage: Destroyed 0 sockets, proto=IPPROTO_TCP, family=AF_INET6, states=14
06-10 22:22:09.140   567   745 D InetDiagMessage: Destroyed live tcp sockets for uids={10133} in 0ms
06-10 22:22:09.616  3742  3760 D EGL_emulation: app_time_stats: avg=199.52ms min=197.55ms max=200.72ms count=6
06-10 22:22:09.724  3742  3760 D EGL_emulation: app_time_stats: avg=4331.32ms min=4331.32ms max=4331.32ms count=1
06-10 22:22:09.743   462   837 D BufferPoolAccessor2.0: bufferpool2 0xb40000755e163318 : 0(0 size) total buffers - 0(0 size) used buffers - 93/97 (recycle/alloc) - 4/96 (fetch/transfer)
06-10 22:22:09.743   462   837 D BufferPoolAccessor2.0: evictor expired: 2, evicted: 1
06-10 22:22:09.757   457  3996 D BufferPoolAccessor2.0: bufferpool2 0xb400007690111068 : 0(0 size) total buffers - 0(0 size) used buffers - 93/101 (recycle/alloc) - 8/198 (fetch/transfer)
06-10 22:22:09.757   457  3996 D BufferPoolAccessor2.0: evictor expired: 1, evicted: 1
06-10 22:22:10.595   567   739 I HalDevMgr: bestIfaceCreationProposal is null, requestIface=STA, existingIface=[name=wlan0 type=STA]
06-10 22:22:10.596   567   745 W IPCThreadState: Sending oneway calls to frozen process.
06-10 22:22:10.596   567   745 W IPCThreadState: Sending oneway calls to frozen process.
06-10 22:22:10.598  1059  1059 I MagicTether: (REDACTED) [ActiveNetworkTracker] setActiveNetwork: %s
06-10 22:22:10.599  1059  1059 I MagicTether: (REDACTED) [TetherService] onActiveNetworkChanged: network=%s isLost=%s
06-10 22:22:10.599  1059  1234 I MagicTether: [WifiConnectionHandler] Ignoring getWifiConfigurationByNetworkId when checking connected state [CONTEXT service_id=276 ]
06-10 22:22:10.599  1059  1234 I MagicTether: [WifiConnectionHandler] No networkId set, can't be connected. [CONTEXT service_id=276 ]
06-10 22:22:10.599  1059  1234 I MagicTether: (REDACTED) [TetherService] TRANSPORT_CELLULAR [%s], TRANSPORT_ETHERNET [%s], TRANSPORT_WIFI [%s]
06-10 22:22:10.599  1059  1234 I MagicTether: (REDACTED) [TetherService] setRoles hasActiveNetworkConnection=%s canActiveNetworkBeTethered=%s isConnectedToInstantTether=%s isWifiEnabled=%s isHosting=%s
06-10 22:22:10.600  1590  2126 I BugleRcsEngine: Connected state: [1], networkType: [WIFI] [CONTEXT thread_id=59 ]
06-10 22:22:10.600  1590  2517 I BugleRcsEngine: handleMessage processing message:[NOTIFY_UPTIME_IGNORE_STATE_CHANGED] with [non-null]:RcsEngineImpl reference [CONTEXT log_prefix="RcsEngineImpl[DUAL_REG]:[40be24d5-8cc0]>Handler" thread_id=68 ]
06-10 22:22:10.600  1059  1059 I MagicTether: (REDACTED) [LaunchUtils] Instant Wifi for status account: name: %s | type: %s | isLaunched: %s
06-10 22:22:10.600  1059  1059 I MagicTether: (REDACTED) [TidepoolFeatureStatusManager] isInstantHotspotEnabled=%s
06-10 22:22:10.600  1059  1059 I MagicTether: (REDACTED) [TidepoolFeatureStatusManager] isInstantWifiEnabled=%s
06-10 22:22:10.600  1059  1059 I MagicTether: (REDACTED) [TetherService] startNearbyHostRole: start: %s isInstantHotspotEnabled: %s isInstantWifiEnabled: %s
06-10 22:22:10.600  1059  1059 I MagicTether: [HostTetherRole] Nearby host role already stopped [CONTEXT service_id=276 ]
06-10 22:22:10.601  1059  1604 I NullBinder: NullBinder for android.net.action.RECOMMEND_NETWORKS triggering remote TransactionTooLargeException due to Service without Chimera impl, calling uid: 1000, calling pid: 0
06-10 22:22:10.601  1059  1604 W .gms.persistent: Large reply transaction of 1056768 bytes, interface descriptor , code 1
06-10 22:22:10.603  1059  1059 I MagicTether: (REDACTED) [NotificationPresenter] cancelNotification: %d
06-10 22:22:10.603  1059  1059 I MagicTether: [AutoDisconnectIntentOperation] Canceling task. [CONTEXT service_id=276 ]
06-10 22:22:10.604  1059  1059 I MagicTether: (REDACTED) [LaunchUtils] Instant Wifi for status account: name: %s | type: %s | isLaunched: %s
06-10 22:22:10.604  1059  1059 I MagicTether: (REDACTED) [TidepoolFeatureStatusManager] isInstantHotspotEnabled=%s
06-10 22:22:10.604  1059  1059 I MagicTether: (REDACTED) [TidepoolFeatureStatusManager] isInstantWifiEnabled=%s
06-10 22:22:10.604  1059  1059 I MagicTether: (REDACTED) [TetherService] startNearbyClientRole: start: %s isInstantHotspotEnabled: %s isInstantWifiEnabled: %s
06-10 22:22:10.604  1059  1059 I MagicTether: [TetherService] Stopping Nearby client role [CONTEXT service_id=276 ]
06-10 22:22:10.604  1059  1059 I MagicTether: [ClientTetherRole] Client role already stopped [CONTEXT service_id=276 ]
06-10 22:22:10.605  1059  3877 I MagicTether: [AutoDisconnectIntentOperation] Canceling task. [CONTEXT service_id=276 ]
06-10 22:22:10.605  1059  3877 I MagicTether: (REDACTED) [NotificationPresenter] cancelNotification: %d
06-10 22:22:10.606  1059  3877 I MagicTether: [AutoDisconnectIntentOperation] Canceling task. [CONTEXT service_id=276 ]
06-10 22:22:10.606  1059  3877 I MagicTether: (REDACTED) [NotificationPresenter] cancelNotification: %d
06-10 22:22:10.632  3742  3760 D EGL_emulation: app_time_stats: avg=169.43ms min=94.83ms max=215.98ms count=6
06-10 22:22:11.633  3742  3760 D EGL_emulation: app_time_stats: avg=200.13ms min=198.64ms max=200.94ms count=5
06-10 22:22:11.658  1059  1059 D BoundBrokerSvc: onUnbind: Intent { act=com.google.android.gms.presencemanager.service.START dat=chimera-action:/... cmp=com.google.android.gms/.chimera.PersistentApiService }
06-10 22:22:11.658  1059  1059 D BoundBrokerSvc: onUnbind: Intent { act=com.google.android.gms.presencemanager.service.INTERNAL_IDENTITY dat=chimera-action:/... cmp=com.google.android.gms/.chimera.PersistentApiService }
06-10 22:22:11.875   567   691 D ActivityManager: freezing 3285 com.google.android.apps.photos
06-10 22:22:11.877   567   745 D InetDiagMessage: Destroyed 0 sockets, proto=IPPROTO_TCP, family=AF_INET, states=14
06-10 22:22:11.877   567   745 D InetDiagMessage: Destroyed 0 sockets, proto=IPPROTO_TCP, family=AF_INET6, states=14
06-10 22:22:11.877   567   745 D InetDiagMessage: Destroyed live tcp sockets for uids={10157} in 1ms
06-10 22:22:12.506   567  2084 D CompatChangeReporter: Compat change id reported: 311208629; UID 10122; state: ENABLED
06-10 22:22:12.517  1533  1952 I IPCThreadState: oneway function results for code 2 on binder at 0xb4000079f3a29490 will be dropped but finished with status UNKNOWN_TRANSACTION
06-10 22:22:12.518  1881  1881 I AstreaGrpcService: AstreaGrpcService#onDestroy called.
06-10 22:22:12.530   567  2084 D OomAdjuster: Not killing cached processes
06-10 22:22:12.603   567   745 D InetDiagMessage: Destroyed 0 sockets, proto=IPPROTO_TCP, family=AF_INET, states=14
06-10 22:22:12.603   567   745 D InetDiagMessage: Destroyed 0 sockets, proto=IPPROTO_TCP, family=AF_INET6, states=14
06-10 22:22:12.603   567   745 D InetDiagMessage: Destroyed live tcp sockets for uids={10121} in 0ms
06-10 22:22:12.603   567   745 D InetDiagMessage: Destroyed 0 sockets, proto=IPPROTO_TCP, family=AF_INET, states=14
06-10 22:22:12.603   567   745 D InetDiagMessage: Destroyed 0 sockets, proto=IPPROTO_TCP, family=AF_INET6, states=14
06-10 22:22:12.603   567   745 D InetDiagMessage: Destroyed live tcp sockets for uids={20121} in 0ms
06-10 22:22:12.604  1059  1059 D BoundBrokerSvc: onUnbind: Intent { act=com.google.android.gms.auth.aang.events.services.START dat=chimera-action:/... cmp=com.google.android.gms/.chimera.PersistentApiService }
06-10 22:22:12.832  3742  3760 D EGL_emulation: app_time_stats: avg=199.83ms min=197.86ms max=202.06ms count=6
06-10 22:22:12.946  1446  1446 D BoundBrokerSvc: onUnbind: Intent { act=com.google.android.gms.chimera.container.moduleinstall.ModuleInstallService.START dat=chimera-action:/... cmp=com.google.android.gms/.chimera.GmsApiService }
06-10 22:22:12.947  1446  1446 D BoundBrokerSvc: onUnbind: Intent { act=com.google.android.gms.ocr.service.internal.START dat=chimera-action:/... cmp=com.google.android.gms/.chimera.GmsInternalApiService }
06-10 22:22:13.599   567   745 W IPCThreadState: Sending oneway calls to frozen process.
06-10 22:22:13.599   567   745 W IPCThreadState: Sending oneway calls to frozen process.
06-10 22:22:13.600   567   739 I HalDevMgr: bestIfaceCreationProposal is null, requestIface=STA, existingIface=[name=wlan0 type=STA]
06-10 22:22:13.603  1590  2126 I BugleRcsEngine: Connected state: [1], networkType: [WIFI] [CONTEXT thread_id=59 ]
06-10 22:22:13.604   916  1060 D IpClient/wlan0: interfaceLinkStateChanged: ifindex 16 up
06-10 22:22:13.604  1059  1059 I MagicTether: (REDACTED) [ActiveNetworkTracker] setActiveNetwork: %s
06-10 22:22:13.604  1059  1059 I MagicTether: (REDACTED) [TetherService] onActiveNetworkChanged: network=%s isLost=%s
06-10 22:22:13.605  1059  1234 I MagicTether: [WifiConnectionHandler] Ignoring getWifiConfigurationByNetworkId when checking connected state [CONTEXT service_id=276 ]
06-10 22:22:13.605  1059  1234 I MagicTether: [WifiConnectionHandler] No networkId set, can't be connected. [CONTEXT service_id=276 ]
06-10 22:22:13.605  1590  2517 I BugleRcsEngine: handleMessage processing message:[NOTIFY_UPTIME_IGNORE_STATE_CHANGED] with [non-null]:RcsEngineImpl reference [CONTEXT log_prefix="RcsEngineImpl[DUAL_REG]:[40be24d5-8cc0]>Handler" thread_id=68 ]
06-10 22:22:13.605  1059  1234 I MagicTether: (REDACTED) [TetherService] TRANSPORT_CELLULAR [%s], TRANSPORT_ETHERNET [%s], TRANSPORT_WIFI [%s]
06-10 22:22:13.605  1059  1234 I MagicTether: (REDACTED) [TetherService] setRoles hasActiveNetworkConnection=%s canActiveNetworkBeTethered=%s isConnectedToInstantTether=%s isWifiEnabled=%s isHosting=%s
